
[1m[30m[46m RUN [49m[39m[22m [36mv4.1.8 [39m[90m/app/applet[39m

[90mstdout[2m | src/games/circuit-climb/tests/circuitClimbMathAdapter.test.ts[2m > [22m[2mCircuit Climb Math Adapter[2m > [22m[2mScreenshot regression test: target 12, player 10
[22m[39m[GEN CONFIG TRACE] {
  mode: [32m'standard'[39m,
  operation: [90mundefined[39m,
  difficulty: [33m1[39m,
  totalSteps: [33m1[39m,
  answerChoices: [33m3[39m,
  table: [90mundefined[39m,
  skipSize: [90mundefined[39m,
  fullConfig: {
    learningMode: [32m'standard'[39m,
    totalSteps: [33m1[39m,
    targetNumber: [33m12[39m,
    targetFlex: [33m0[39m,
    rangeMin: [33m1[39m,
    rangeMax: [33m12[39m,
    answerChoices: [33m3[39m,
    difficultyLevel: [33m1[39m,
    phaseSequence: [ [36m[Object][39m ],
    opsEnabled: { [32m'+'[39m: [33mtrue[39m, [32m'-'[39m: [33mfalse[39m, [32m'×'[39m: [33mfalse[39m, [32m'÷'[39m: [33mfalse[39m },
    activeMode: [32m'normal'[39m,
    isMuted: [33mfalse[39m,
    timerOn: [33mfalse[39m,
    quickMindInterval: [33m10[39m,
    darkModeInterval: [33m10[39m,
    modifiersPerStep: [33m1[39m,
    enableVariables: [33mfalse[39m,
    stopwatchSkin: [32m'default'[39m,
    progressionMode: [32m'adaptive'[39m,
    presentationMode: [32m'normal'[39m,
    scriptId: [32m'circuit-climb'[39m
  }
}
[Telemetry][VT:0] GENERATOR_START { startNumber: [33m10[39m, mode: [32m'standard'[39m }
[Telemetry][VT:0] GENERATOR_STEP_CREATED { stepIndex: [33m0[39m, startNumber: [33m10[39m, answer: [33m12[39m }
[STEP TRACE] [
  {
    i: [33m0[39m,
    startNumber: [33m10[39m,
    value: [33m2[39m,
    operation: [32m'+'[39m,
    correctAnswer: [33m12[39m,
    distractors: [ [33m12[39m, [33m14[39m, [33m11[39m ],
    distractorCount: [33m2[39m,
    source: [32m'engine'[39m,
    fallbackUsed: [90mundefined[39m
  }
]

[90mstdout[2m | src/games/circuit-climb/tests/circuitClimbMathAdapter.test.ts[2m > [22m[2mCircuit Climb Math Adapter[2m > [22m[2mGenerates 500 valid problems
[22m[39m[GEN CONFIG TRACE] {
  mode: [32m'standard'[39m,
  operation: [90mundefined[39m,
  difficulty: [33m1[39m,
  totalSteps: [33m1[39m,
  answerChoices: [33m3[39m,
  table: [90mundefined[39m,
  skipSize: [90mundefined[39m,
  fullConfig: {
    learningMode: [32m'standard'[39m,
    totalSteps: [33m1[39m,
    targetNumber: [33m10[39m,
    targetFlex: [33m0[39m,
    rangeMin: [33m1[39m,
    rangeMax: [33m10[39m,
    answerChoices: [33m3[39m,
    difficultyLevel: [33m1[39m,
    phaseSequence: [ [36m[Object][39m ],
    opsEnabled: { [32m'+'[39m: [33mtrue[39m, [32m'-'[39m: [33mfalse[39m, [32m'×'[39m: [33mfalse[39m, [32m'÷'[39m: [33mfalse[39m },
    activeMode: [32m'normal'[39m,
    isMuted: [33mfalse[39m,
    timerOn: [33mfalse[39m,
    quickMindInterval: [33m10[39m,
    darkModeInterval: [33m10[39m,
    modifiersPerStep: [33m1[39m,
    enableVariables: [33mfalse[39m,
    stopwatchSkin: [32m'default'[39m,
    progressionMode: [32m'adaptive'[39m,
    presentationMode: [32m'normal'[39m,
    scriptId: [32m'circuit-climb'[39m
  }
}
[Telemetry][VT:0] GENERATOR_START { startNumber: [33m1[39m, mode: [32m'standard'[39m }
[Telemetry][VT:0] GENERATOR_STEP_CREATED { stepIndex: [33m0[39m, startNumber: [33m1[39m, answer: [33m5[39m }
[STEP TRACE] [
  {
    i: [33m0[39m,
    startNumber: [33m1[39m,
    value: [33m4[39m,
    operation: [32m'+'[39m,
    correctAnswer: [33m5[39m,
    distractors: [ [33m3[39m, [33m8[39m, [33m5[39m ],
    distractorCount: [33m2[39m,
    source: [32m'engine'[39m,
    fallbackUsed: [90mundefined[39m
  }
]
[GEN CONFIG TRACE] {
  mode: [32m'standard'[39m,
  operation: [90mundefined[39m,
  difficulty: [33m1[39m,
  totalSteps: [33m1[39m,
  answerChoices: [33m3[39m,
  table: [90mundefined[39m,
  skipSize: [90mundefined[39m,
  fullConfig: {
    learningMode: [32m'standard'[39m,
    totalSteps: [33m1[39m,
    targetNumber: [33m10[39m,
    targetFlex: [33m0[39m,
    rangeMin: [33m1[39m,
    rangeMax: [33m10[39m,
    answerChoices: [33m3[39m,
    difficultyLevel: [33m1[39m,
    phaseSequence: [ [36m[Object][39m ],
    opsEnabled: { [32m'+'[39m: [33mtrue[39m, [32m'-'[39m: [33mfalse[39m, [32m'×'[39m: [33mfalse[39m, [32m'÷'[39m: [33mfalse[39m },
    activeMode: [32m'normal'[39m,
    isMuted: [33mfalse[39m,
    timerOn: [33mfalse[39m,
    quickMindInterval: [33m10[39m,
    darkModeInterval: [33m10[39m,
    modifiersPerStep: [33m1[39m,
    enableVariables: [33mfalse[39m,
    stopwatchSkin: [32m'default'[39m,
    progressionMode: [32m'adaptive'[39m,
    presentationMode: [32m'normal'[39m,
    scriptId: [32m'circuit-climb'[39m
  }
}
[Telemetry][VT:0] GENERATOR_START { startNumber: [33m2[39m, mode: [32m'standard'[39m }
[Telemetry][VT:0] GENERATOR_STEP_CREATED { stepIndex: [33m0[39m, startNumber: [33m2[39m, answer: [33m3[39m }
[STEP TRACE] [
  {
    i: [33m0[39m,
    startNumber: [33m2[39m,
    value: [33m1[39m,
    operation: [32m'+'[39m,
    correctAnswer: [33m3[39m,
    distractors: [ [33m4[39m, [33m3[39m, [33m2[39m ],
    distractorCount: [33m2[39m,
    source: [32m'engine'[39m,
    fallbackUsed: [90mundefined[39m
  }
]
[GEN CONFIG TRACE] {
  mode: [32m'standard'[39m,
  operation: [90mundefined[39m,
  difficulty: [33m1[39m,
  totalSteps: [33m1[39m,
  answerChoices: [33m3[39m,
  table: [90mundefined[39m,
  skipSize: [90mundefined[39m,
  fullConfig: {
    learningMode: [32m'standard'[39m,
    totalSteps: [33m1[39m,
    targetNumber: [33m10[39m,
    targetFlex: [33m0[39m,
    rangeMin: [33m1[39m,
    rangeMax: [33m10[39m,
    answerChoices: [33m3[39m,
    difficultyLevel: [33m1[39m,
    phaseSequence: [ [36m[Object][39m ],
    opsEnabled: { [32m'+'[39m: [33mtrue[39m, [32m'-'[39m: [33mfalse[39m, [32m'×'[39m: [33mfalse[39m, [32m'÷'[39m: [33mfalse[39m },
    activeMode: [32m'normal'[39m,
    isMuted: [33mfalse[39m,
    timerOn: [33mfalse[39m,
    quickMindInterval: [33m10[39m,
    darkModeInterval: [33m10[39m,
    modifiersPerStep: [33m1[39m,
    enableVariables: [33mfalse[39m,
    stopwatchSkin: [32m'default'[39m,
    progressionMode: [32m'adaptive'[39m,
    presentationMode: [32m'normal'[39m,
    scriptId: [32m'circuit-climb'[39m
  }
}
[Telemetry][VT:0] GENERATOR_START { startNumber: [33m3[39m, mode: [32m'standard'[39m }
[Telemetry][VT:0] GENERATOR_STEP_CREATED { stepIndex: [33m0[39m, startNumber: [33m3[39m, answer: [33m7[39m }
[STEP TRACE] [
  {
    i: [33m0[39m,
    startNumber: [33m3[39m,
    value: [33m4[39m,
    operation: [32m'+'[39m,
    correctAnswer: [33m7[39m,
    distractors: [ [33m5[39m, [33m8[39m, [33m7[39m ],
    distractorCount: [33m2[39m,
    source: [32m'engine'[39m,
    fallbackUsed: [90mundefined[39m
  }
]
[GEN CONFIG TRACE] {
  mode: [32m'standard'[39m,
  operation: [90mundefined[39m,
  difficulty: [33m1[39m,
  totalSteps: [33m1[39m,
  answerChoices: [33m3[39m,
  table: [90mundefined[39m,
  skipSize: [90mundefined[39m,
  fullConfig: {
    learningMode: [32m'standard'[39m,
    totalSteps: [33m1[39m,
    targetNumber: [33m10[39m,
    targetFlex: [33m0[39m,
    rangeMin: [33m1[39m,
    rangeMax: [33m10[39m,
    answerChoices: [33m3[39m,
    difficultyLevel: [33m1[39m,
    phaseSequence: [ [36m[Object][39m ],
    opsEnabled: { [32m'+'[39m: [33mtrue[39m, [32m'-'[39m: [33mfalse[39m, [32m'×'[39m: [33mfalse[39m, [32m'÷'[39m: [33mfalse[39m },
    activeMode: [32m'normal'[39m,
    isMuted: [33mfalse[39m,
    timerOn: [33mfalse[39m,
    quickMindInterval: [33m10[39m,
    darkModeInterval: [33m10[39m,
    modifiersPerStep: [33m1[39m,
    enableVariables: [33mfalse[39m,
    stopwatchSkin: [32m'default'[39m,
    progressionMode: [32m'adaptive'[39m,
    presentationMode: [32m'normal'[39m,
    scriptId: [32m'circuit-climb'[39m
  }
}
[Telemetry][VT:0] GENERATOR_START { startNumber: [33m4[39m, mode: [32m'standard'[39m }
[Telemetry][VT:0] GENERATOR_STEP_CREATED { stepIndex: [33m0[39m, startNumber: [33m4[39m, answer: [33m6[39m }
[STEP TRACE] [
  {
    i: [33m0[39m,
    startNumber: [33m4[39m,
    value: [33m2[39m,
    operation: [32m'+'[39m,
    correctAnswer: [33m6[39m,
    distractors: [ [33m6[39m, [33m7[39m, [33m5[39m ],
    distractorCount: [33m2[39m,
    source: [32m'engine'[39m,
    fallbackUsed: [90mundefined[39m
  }
]
[GEN CONFIG TRACE] {
  mode: [32m'standard'[39m,
  operation: [90mundefined[39m,
  difficulty: [33m1[39m,
  totalSteps: [33m1[39m,
  answerChoices: [33m3[39m,
  table: [90mundefined[39m,
  skipSize: [90mundefined[39m,
  fullConfig: {
    learningMode: [32m'standard'[39m,
    totalSteps: [33m1[39m,
    targetNumber: [33m10[39m,
    targetFlex: [33m0[39m,
    rangeMin: [33m1[39m,
    rangeMax: [33m10[39m,
    answerChoices: [33m3[39m,
    difficultyLevel: [33m1[39m,
    phaseSequence: [ [36m[Object][39m ],
    opsEnabled: { [32m'+'[39m: [33mtrue[39m, [32m'-'[39m: [33mfalse[39m, [32m'×'[39m: [33mfalse[39m, [32m'÷'[39m: [33mfalse[39m },
    activeMode: [32m'normal'[39m,
    isMuted: [33mfalse[39m,
    timerOn: [33mfalse[39m,
    quickMindInterval: [33m10[39m,
    darkModeInterval: [33m10[39m,
    modifiersPerStep: [33m1[39m,
    enableVariables: [33mfalse[39m,
    stopwatchSkin: [32m'default'[39m,
    progressionMode: [32m'adaptive'[39m,
    presentationMode: [32m'normal'[39m,
    scriptId: [32m'circuit-climb'[39m
  }
}
[Telemetry][VT:0] GENERATOR_START { startNumber: [33m5[39m, mode: [32m'standard'[39m }
[Telemetry][VT:0] GENERATOR_STEP_CREATED { stepIndex: [33m0[39m, startNumber: [33m5[39m, answer: [33m8[39m }
[STEP TRACE] [
  {
    i: [33m0[39m,
    startNumber: [33m5[39m,
    value: [33m3[39m,
    operation: [32m'+'[39m,
    correctAnswer: [33m8[39m,
    distractors: [ [33m8[39m, [33m5[39m, [33m7[39m ],
    distractorCount: [33m2[39m,
    source: [32m'engine'[39m,
    fallbackUsed: [90mundefined[39m
  }
]
[GEN CONFIG TRACE] {
  mode: [32m'standard'[39m,
  operation: [90mundefined[39m,
  difficulty: [33m1[39m,
  totalSteps: [33m1[39m,
  answerChoices: [33m3[39m,
  table: [90mundefined[39m,
  skipSize: [90mundefined[39m,
  fullConfig: {
    learningMode: [32m'standard'[39m,
    totalSteps: [33m1[39m,
    targetNumber: [33m10[39m,
    targetFlex: [33m0[39m,
    rangeMin: [33m1[39m,
    rangeMax: [33m10[39m,
    answerChoices: [33m3[39m,
    difficultyLevel: [33m1[39m,
    phaseSequence: [ [36m[Object][39m ],
    opsEnabled: { [32m'+'[39m: [33mtrue[39m, [32m'-'[39m: [33mfalse[39m, [32m'×'[39m: [33mfalse[39m, [32m'÷'[39m: [33mfalse[39m },
    activeMode: [32m'normal'[39m,
    isMuted: [33mfalse[39m,
    timerOn: [33mfalse[39m,
    quickMindInterval: [33m10[39m,
    darkModeInterval: [33m10[39m,
    modifiersPerStep: [33m1[39m,
    enableVariables: [33mfalse[39m,
    stopwatchSkin: [32m'default'[39m,
    progressionMode: [32m'adaptive'[39m,
    presentationMode: [32m'normal'[39m,
    scriptId: [32m'circuit-climb'[39m
  }
}
[Telemetry][VT:0] GENERATOR_START { startNumber: [33m6[39m, mode: [32m'standard'[39m }
[Telemetry][VT:0] GENERATOR_STEP_CREATED { stepIndex: [33m0[39m, startNumber: [33m6[39m, answer: [33m10[39m }
[STEP TRACE] [
  {
    i: [33m0[39m,
    startNumber: [33m6[39m,
    value: [33m4[39m,
    operation: [32m'+'[39m,
    correctAnswer: [33m10[39m,
    distractors: [ [33m7[39m, [33m11[39m, [33m10[39m ],
    distractorCount: [33m2[39m,
    source: [32m'engine'[39m,
    fallbackUsed: [90mundefined[39m
  }
]
[GEN CONFIG TRACE] {
  mode: [32m'standard'[39m,
  operation: [90mundefined[39m,
  difficulty: [33m1[39m,
  totalSteps: [33m1[39m,
  answerChoices: [33m3[39m,
  table: [90mundefined[39m,
  skipSize: [90mundefined[39m,
  fullConfig: {
    learningMode: [32m'standard'[39m,
    totalSteps: [33m1[39m,
    targetNumber: [33m10[39m,
    targetFlex: [33m0[39m,
    rangeMin: [33m1[39m,
    rangeMax: [33m10[39m,
    answerChoices: [33m3[39m,
    difficultyLevel: [33m1[39m,
    phaseSequence: [ [36m[Object][39m ],
    opsEnabled: { [32m'+'[39m: [33mtrue[39m, [32m'-'[39m: [33mfalse[39m, [32m'×'[39m: [33mfalse[39m, [32m'÷'[39m: [33mfalse[39m },
    activeMode: [32m'normal'[39m,
    isMuted: [33mfalse[39m,
    timerOn: [33mfalse[39m,
    quickMindInterval: [33m10[39m,
    darkModeInterval: [33m10[39m,
    modifiersPerStep: [33m1[39m,
    enableVariables: [33mfalse[39m,
    stopwatchSkin: [32m'default'[39m,
    progressionMode: [32m'adaptive'[39m,
    presentationMode: [32m'normal'[39m,
    scriptId: [32m'circuit-climb'[39m
  }
}
[Telemetry][VT:0] GENERATOR_START { startNumber: [33m7[39m, mode: [32m'standard'[39m }
[Telemetry][VT:0] GENERATOR_STEP_CREATED { stepIndex: [33m0[39m, startNumber: [33m7[39m, answer: [33m8[39m }
[STEP TRACE] [
  {
    i: [33m0[39m,
    startNumber: [33m7[39m,
    value: [33m1[39m,
    operation: [32m'+'[39m,
    correctAnswer: [33m8[39m,
    distractors: [ [33m11[39m, [33m7[39m, [33m8[39m ],
    distractorCount: [33m2[39m,
    source: [32m'engine'[39m,
    fallbackUsed: [90mundefined[39m
  }
]
[GEN CONFIG TRACE] {
  mode: [32m'standard'[39m,
  operation: [90mundefined[39m,
  difficulty: [33m1[39m,
  totalSteps: [33m1[39m,
  answerChoices: [33m3[39m,
  table: [90mundefined[39m,
  skipSize: [90mundefined[39m,
  fullConfig: {
    learningMode: [32m'standard'[39m,
    totalSteps: [33m1[39m,
    targetNumber: [33m10[39m,
    targetFlex: [33m0[39m,
    rangeMin: [33m1[39m,
    rangeMax: [33m10[39m,
    answerChoices: [33m3[39m,
    difficultyLevel: [33m1[39m,
    phaseSequence: [ [36m[Object][39m ],
    opsEnabled: { [32m'+'[39m: [33mtrue[39m, [32m'-'[39m: [33mfalse[39m, [32m'×'[39m: [33mfalse[39m, [32m'÷'[39m: [33mfalse[39m },
    activeMode: [32m'normal'[39m,
    isMuted: [33mfalse[39m,
    timerOn: [33mfalse[39m,
    quickMindInterval: [33m10[39m,
    darkModeInterval: [33m10[39m,
    modifiersPerStep: [33m1[39m,
    enableVariables: [33mfalse[39m,
    stopwatchSkin: [32m'default'[39m,
    progressionMode: [32m'adaptive'[39m,
    presentationMode: [32m'normal'[39m,
    scriptId: [32m'circuit-climb'[39m
  }
}
[Telemetry][VT:0] GENERATOR_START { startNumber: [33m8[39m, mode: [32m'standard'[39m }
[Telemetry][VT:0] GENERATOR_STEP_CREATED { stepIndex: [33m0[39m, startNumber: [33m8[39m, answer: [33m9[39m }
[STEP TRACE] [
  {
    i: [33m0[39m,
    startNumber: [33m8[39m,
    value: [33m1[39m,
    operation: [32m'+'[39m,
    correctAnswer: [33m9[39m,
    distractors: [ [33m12[39m, [33m8[39m, [33m9[39m ],
    distractorCount: [33m2[39m,
    source: [32m'engine'[39m,
    fallbackUsed: [90mundefined[39m
  }
]
[GEN CONFIG TRACE] {
  mode: [32m'standard'[39m,
  operation: [90mundefined[39m,
  difficulty: [33m1[39m,
  totalSteps: [33m1[39m,
  answerChoices: [33m3[39m,
  table: [90mundefined[39m,
  skipSize: [90mundefined[39m,
  fullConfig: {
    learningMode: [32m'standard'[39m,
    totalSteps: [33m1[39m,
    targetNumber: [33m10[39m,
    targetFlex: [33m0[39m,
    rangeMin: [33m1[39m,
    rangeMax: [33m10[39m,
    answerChoices: [33m3[39m,
    difficultyLevel: [33m1[39m,
    phaseSequence: [ [36m[Object][39m ],
    opsEnabled: { [32m'+'[39m: [33mtrue[39m, [32m'-'[39m: [33mfalse[39m, [32m'×'[39m: [33mfalse[39m, [32m'÷'[39m: [33mfalse[39m },
    activeMode: [32m'normal'[39m,
    isMuted: [33mfalse[39m,
    timerOn: [33mfalse[39m,
    quickMindInterval: [33m10[39m,
    darkModeInterval: [33m10[39m,
    modifiersPerStep: [33m1[39m,
    enableVariables: [33mfalse[39m,
    stopwatchSkin: [32m'default'[39m,
    progressionMode: [32m'adaptive'[39m,
    presentationMode: [32m'normal'[39m,
    scriptId: [32m'circuit-climb'[39m
  }
}
[Telemetry][VT:0] GENERATOR_START { startNumber: [33m9[39m, mode: [32m'standard'[39m }
[Telemetry][VT:0] GENERATOR_STEP_CREATED { stepIndex: [33m0[39m, startNumber: [33m9[39m, answer: [33m10[39m }
[STEP TRACE] [
  {
    i: [33m0[39m,
    startNumber: [33m9[39m,
    value: [33m1[39m,
    operation: [32m'+'[39m,
    correctAnswer: [33m10[39m,
    distractors: [ [33m8[39m, [33m7[39m, [33m10[39m ],
    distractorCount: [33m2[39m,
    source: [32m'engine'[39m,
    fallbackUsed: [90mundefined[39m
  }
]
[GEN CONFIG TRACE] {
  mode: [32m'standard'[39m,
  operation: [90mundefined[39m,
  difficulty: [33m1[39m,
  totalSteps: [33m1[39m,
  answerChoices: [33m3[39m,
  table: [90mundefined[39m,
  skipSize: [90mundefined[39m,
  fullConfig: {
    learningMode: [32m'standard'[39m,
    totalSteps: [33m1[39m,
    targetNumber: [33m10[39m,
    targetFlex: [33m0[39m,
    rangeMin: [33m1[39m,
    rangeMax: [33m10[39m,
    answerChoices: [33m3[39m,
    difficultyLevel: [33m1[39m,
    phaseSequence: [ [36m[Object][39m ],
    opsEnabled: { [32m'+'[39m: [33mtrue[39m, [32m'-'[39m: [33mfalse[39m, [32m'×'[39m: [33mfalse[39m, [32m'÷'[39m: [33mfalse[39m },
    activeMode: [32m'normal'[39m,
    isMuted: [33mfalse[39m,
    timerOn: [33mfalse[39m,
    quickMindInterval: [33m10[39m,
    darkModeInterval: [33m10[39m,
    modifiersPerStep: [33m1[39m,
    enableVariables: [33mfalse[39m,
    stopwatchSkin: [32m'default'[39m,
    progressionMode: [32m'adaptive'[39m,
    presentationMode: [32m'normal'[39m,
    scriptId: [32m'circuit-climb'[39m
  }
}
[Telemetry][VT:0] GENERATOR_START { startNumber: [33m1[39m, mode: [32m'standard'[39m }
[Telemetry][VT:0] GENERATOR_STEP_CREATED { stepIndex: [33m0[39m, startNumber: [33m1[39m, answer: [33m3[39m }
[STEP TRACE] [
  {
    i: [33m0[39m,
    startNumber: [33m1[39m,
    value: [33m2[39m,
    operation: [32m'+'[39m,
    correctAnswer: [33m3[39m,
    distractors: [ [33m5[39m, [33m4[39m, [33m3[39m ],
    distractorCount: [33m2[39m,
    source: [32m'engine'[39m,
    fallbackUsed: [90mundefined[39m
  }
]
[GEN CONFIG TRACE] {
  mode: [32m'standard'[39m,
  operation: [90mundefined[39m,
  difficulty: [33m2[39m,
  totalSteps: [33m1[39m,
  answerChoices: [33m3[39m,
  table: [90mundefined[39m,
  skipSize: [90mundefined[39m,
  fullConfig: {
    learningMode: [32m'standard'[39m,
    totalSteps: [33m1[39m,
    targetNumber: [33m10[39m,
    targetFlex: [33m0[39m,
    rangeMin: [33m1[39m,
    rangeMax: [33m10[39m,
    answerChoices: [33m3[39m,
    difficultyLevel: [33m2[39m,
    phaseSequence: [ [36m[Object][39m ],
    opsEnabled: { [32m'+'[39m: [33mtrue[39m, [32m'-'[39m: [33mfalse[39m, [32m'×'[39m: [33mfalse[39m, [32m'÷'[39m: [33mfalse[39m },
    activeMode: [32m'normal'[39m,
    isMuted: [33mfalse[39m,
    timerOn: [33mfalse[39m,
    quickMindInterval: [33m10[39m,
    darkModeInterval: [33m10[39m,
    modifiersPerStep: [33m1[39m,
    enableVariables: [33mfalse[39m,
    stopwatchSkin: [32m'default'[39m,
    progressionMode: [32m'adaptive'[39m,
    presentationMode: [32m'normal'[39m,
    scriptId: [32m'circuit-climb'[39m
  }
}
[Telemetry][VT:0] GENERATOR_START { startNumber: [33m2[39m, mode: [32m'standard'[39m }
[Telemetry][VT:0] GENERATOR_STEP_CREATED { stepIndex: [33m0[39m, startNumber: [33m2[39m, answer: [33m5[39m }
[STEP TRACE] [
  {
    i: [33m0[39m,
    startNumber: [33m2[39m,
    value: [33m3[39m,
    operation: [32m'+'[39m,
    correctAnswer: [33m5[39m,
    distractors: [ [33m4[39m, [33m5[39m, [33m7[39m ],
    distractorCount: [33m2[39m,
    source: [32m'engine'[39m,
    fallbackUsed: [90mundefined[39m
  }
]
[GEN CONFIG TRACE] {
  mode: [32m'standard'[39m,
  operation: [90mundefined[39m,
  difficulty: [33m2[39m,
  totalSteps: [33m1[39m,
  answerChoices: [33m3[39m,
  table: [90mundefined[39m,
  skipSize: [90mundefined[39m,
  fullConfig: {
    learningMode: [32m'standard'[39m,
    totalSteps: [33m1[39m,
    targetNumber: [33m10[39m,
    targetFlex: [33m0[39m,
    rangeMin: [33m1[39m,
    rangeMax: [33m10[39m,
    answerChoices: [33m3[39m,
    difficultyLevel: [33m2[39m,
    phaseSequence: [ [36m[Object][39m ],
    opsEnabled: { [32m'+'[39m: [33mtrue[39m, [32m'-'[39m: [33mfalse[39m, [32m'×'[39m: [33mfalse[39m, [32m'÷'[39m: [33mfalse[39m },
    activeMode: [32m'normal'[39m,
    isMuted: [33mfalse[39m,
    timerOn: [33mfalse[39m,
    quickMindInterval: [33m10[39m,
    darkModeInterval: [33m10[39m,
    modifiersPerStep: [33m1[39m,
    enableVariables: [33mfalse[39m,
    stopwatchSkin: [32m'default'[39m,
    progressionMode: [32m'adaptive'[39m,
    presentationMode: [32m'normal'[39m,
    scriptId: [32m'circuit-climb'[39m
  }
}
[Telemetry][VT:0] GENERATOR_START { startNumber: [33m3[39m, mode: [32m'standard'[39m }
[Telemetry][VT:0] GENERATOR_STEP_CREATED { stepIndex: [33m0[39m, startNumber: [33m3[39m, answer: [33m4[39m }
[STEP TRACE] [
  {
    i: [33m0[39m,
    startNumber: [33m3[39m,
    value: [33m1[39m,
    operation: [32m'+'[39m,
    correctAnswer: [33m4[39m,
    distractors: [ [33m2[39m, [33m4[39m, [33m3[39m ],
    distractorCount: [33m2[39m,
    source: [32m'engine'[39m,
    fallbackUsed: [90mundefined[39m
  }
]
[GEN CONFIG TRACE] {
  mode: [32m'standard'[39m,
  operation: [90mundefined[39m,
  difficulty: [33m2[39m,
  totalSteps: [33m1[39m,
  answerChoices: [33m3[39m,
  table: [90mundefined[39m,
  skipSize: [90mundefined[39m,
  fullConfig: {
    learningMode: [32m'standard'[39m,
    totalSteps: [33m1[39m,
    targetNumber: [33m10[39m,
    targetFlex: [33m0[39m,
    rangeMin: [33m1[39m,
    rangeMax: [33m10[39m,
    answerChoices: [33m3[39m,
    difficultyLevel: [33m2[39m,
    phaseSequence: [ [36m[Object][39m ],
    opsEnabled: { [32m'+'[39m: [33mtrue[39m, [32m'-'[39m: [33mfalse[39m, [32m'×'[39m: [33mfalse[39m, [32m'÷'[39m: [33mfalse[39m },
    activeMode: [32m'normal'[39m,
    isMuted: [33mfalse[39m,
    timerOn: [33mfalse[39m,
    quickMindInterval: [33m10[39m,
    darkModeInterval: [33m10[39m,
    modifiersPerStep: [33m1[39m,
    enableVariables: [33mfalse[39m,
    stopwatchSkin: [32m'default'[39m,
    progressionMode: [32m'adaptive'[39m,
    presentationMode: [32m'normal'[39m,
    scriptId: [32m'circuit-climb'[39m
  }
}
[Telemetry][VT:0] GENERATOR_START { startNumber: [33m4[39m, mode: [32m'standard'[39m }
[Telemetry][VT:0] GENERATOR_STEP_CREATED { stepIndex: [33m0[39m, startNumber: [33m4[39m, answer: [33m7[39m }
[STEP TRACE] [
  {
    i: [33m0[39m,
    startNumber: [33m4[39m,
    value: [33m3[39m,
    operation: [32m'+'[39m,
    correctAnswer: [33m7[39m,
    distractors: [ [33m7[39m, [33m10[39m, [33m8[39m ],
    distractorCount: [33m2[39m,
    source: [32m'engine'[39m,
    fallbackUsed: [90mundefined[39m
  }
]
[GEN CONFIG TRACE] {
  mode: [32m'standard'[39m,
  operation: [90mundefined[39m,
  difficulty: [33m2[39m,
  totalSteps: [33m1[39m,
  answerChoices: [33m3[39m,
  table: [90mundefined[39m,
  skipSize: [90mundefined[39m,
  fullConfig: {
    learningMode: [32m'standard'[39m,
    totalSteps: [33m1[39m,
    targetNumber: [33m10[39m,
    targetFlex: [33m0[39m,
    rangeMin: [33m1[39m,
    rangeMax: [33m10[39m,
    answerChoices: [33m3[39m,
    difficultyLevel: [33m2[39m,
    phaseSequence: [ [36m[Object][39m ],
    opsEnabled: { [32m'+'[39m: [33mtrue[39m, [32m'-'[39m: [33mfalse[39m, [32m'×'[39m: [33mfalse[39m, [32m'÷'[39m: [33mfalse[39m },
    activeMode: [32m'normal'[39m,
    isMuted: [33mfalse[39m,
    timerOn: [33mfalse[39m,
    quickMindInterval: [33m10[39m,
    darkModeInterval: [33m10[39m,
    modifiersPerStep: [33m1[39m,
    enableVariables: [33mfalse[39m,
    stopwatchSkin: [32m'default'[39m,
    progressionMode: [32m'adaptive'[39m,
    presentationMode: [32m'normal'[39m,
    scriptId: [32m'circuit-climb'[39m
  }
}
[Telemetry][VT:0] GENERATOR_START { startNumber: [33m5[39m, mode: [32m'standard'[39m }
[Telemetry][VT:0] GENERATOR_STEP_CREATED { stepIndex: [33m0[39m, startNumber: [33m5[39m, answer: [33m8[39m }
[STEP TRACE] [
  {
    i: [33m0[39m,
    startNumber: [33m5[39m,
    value: [33m3[39m,
    operation: [32m'+'[39m,
    correctAnswer: [33m8[39m,
    distractors: [ [33m11[39m, [33m6[39m, [33m8[39m ],
    distractorCount: [33m2[39m,
    source: [32m'engine'[39m,
    fallbackUsed: [90mundefined[39m
  }
]
[GEN CONFIG TRACE] {
  mode: [32m'standard'[39m,
  operation: [90mundefined[39m,
  difficulty: [33m2[39m,
  totalSteps: [33m1[39m,
  answerChoices: [33m3[39m,
  table: [90mundefined[39m,
  skipSize: [90mundefined[39m,
  fullConfig: {
    learningMode: [32m'standard'[39m,
    totalSteps: [33m1[39m,
    targetNumber: [33m10[39m,
    targetFlex: [33m0[39m,
    rangeMin: [33m1[39m,
    rangeMax: [33m10[39m,
    answerChoices: [33m3[39m,
    difficultyLevel: [33m2[39m,
    phaseSequence: [ [36m[Object][39m ],
    opsEnabled: { [32m'+'[39m: [33mtrue[39m, [32m'-'[39m: [33mfalse[39m, [32m'×'[39m: [33mfalse[39m, [32m'÷'[39m: [33mfalse[39m },
    activeMode: [32m'normal'[39m,
    isMuted: [33mfalse[39m,
    timerOn: [33mfalse[39m,
    quickMindInterval: [33m10[39m,
    darkModeInterval: [33m10[39m,
    modifiersPerStep: [33m1[39m,
    enableVariables: [33mfalse[39m,
    stopwatchSkin: [32m'default'[39m,
    progressionMode: [32m'adaptive'[39m,
    presentationMode: [32m'normal'[39m,
    scriptId: [32m'circuit-climb'[39m
  }
}
[Telemetry][VT:0] GENERATOR_START { startNumber: [33m6[39m, mode: [32m'standard'[39m }
[Telemetry][VT:0] GENERATOR_STEP_CREATED { stepIndex: [33m0[39m, startNumber: [33m6[39m, answer: [33m8[39m }
[STEP TRACE] [
  {
    i: [33m0[39m,
    startNumber: [33m6[39m,
    value: [33m2[39m,
    operation: [32m'+'[39m,
    correctAnswer: [33m8[39m,
    distractors: [ [33m8[39m, [33m6[39m, [33m10[39m ],
    distractorCount: [33m2[39m,
    source: [32m'engine'[39m,
    fallbackUsed: [90mundefined[39m
  }
]
[GEN CONFIG TRACE] {
  mode: [32m'standard'[39m,
  operation: [90mundefined[39m,
  difficulty: [33m2[39m,
  totalSteps: [33m1[39m,
  answerChoices: [33m3[39m,
  table: [90mundefined[39m,
  skipSize: [90mundefined[39m,
  fullConfig: {
    learningMode: [32m'standard'[39m,
    totalSteps: [33m1[39m,
    targetNumber: [33m10[39m,
    targetFlex: [33m0[39m,
    rangeMin: [33m1[39m,
    rangeMax: [33m10[39m,
    answerChoices: [33m3[39m,
    difficultyLevel: [33m2[39m,
    phaseSequence: [ [36m[Object][39m ],
    opsEnabled: { [32m'+'[39m: [33mtrue[39m, [32m'-'[39m: [33mfalse[39m, [32m'×'[39m: [33mfalse[39m, [32m'÷'[39m: [33mfalse[39m },
    activeMode: [32m'normal'[39m,
    isMuted: [33mfalse[39m,
    timerOn: [33mfalse[39m,
    quickMindInterval: [33m10[39m,
    darkModeInterval: [33m10[39m,
    modifiersPerStep: [33m1[39m,
    enableVariables: [33mfalse[39m,
    stopwatchSkin: [32m'default'[39m,
    progressionMode: [32m'adaptive'[39m,
    presentationMode: [32m'normal'[39m,
    scriptId: [32m'circuit-climb'[39m
  }
}
[Telemetry][VT:0] GENERATOR_START { startNumber: [33m7[39m, mode: [32m'standard'[39m }
[Telemetry][VT:0] GENERATOR_STEP_CREATED { stepIndex: [33m0[39m, startNumber: [33m7[39m, answer: [33m10[39m }
[STEP TRACE] [
  {
    i: [33m0[39m,
    startNumber: [33m7[39m,
    value: [33m3[39m,
    operation: [32m'+'[39m,
    correctAnswer: [33m10[39m,
    distractors: [ [33m8[39m, [33m10[39m, [33m11[39m ],
    distractorCount: [33m2[39m,
    source: [32m'engine'[39m,
    fallbackUsed: [90mundefined[39m
  }
]
[GEN CONFIG TRACE] {
  mode: [32m'standard'[39m,
  operation: [90mundefined[39m,
  difficulty: [33m2[39m,
  totalSteps: [33m1[39m,
  answerChoices: [33m3[39m,
  table: [90mundefined[39m,
  skipSize: [90mundefined[39m,
  fullConfig: {
    learningMode: [32m'standard'[39m,
    totalSteps: [33m1[39m,
    targetNumber: [33m10[39m,
    targetFlex: [33m0[39m,
    rangeMin: [33m1[39m,
    rangeMax: [33m10[39m,
    answerChoices: [33m3[39m,
    difficultyLevel: [33m2[39m,
    phaseSequence: [ [36m[Object][39m ],
    opsEnabled: { [32m'+'[39m: [33mtrue[39m, [32m'-'[39m: [33mfalse[39m, [32m'×'[39m: [33mfalse[39m, [32m'÷'[39m: [33mfalse[39m },
    activeMode: [32m'normal'[39m,
    isMuted: [33mfalse[39m,
    timerOn: [33mfalse[39m,
    quickMindInterval: [33m10[39m,
    darkModeInterval: [33m10[39m,
    modifiersPerStep: [33m1[39m,
    enableVariables: [33mfalse[39m,
    stopwatchSkin: [32m'default'[39m,
    progressionMode: [32m'adaptive'[39m,
    presentationMode: [32m'normal'[39m,
    scriptId: [32m'circuit-climb'[39m
  }
}
[Telemetry][VT:0] GENERATOR_START { startNumber: [33m8[39m, mode: [32m'standard'[39m }
[Telemetry][VT:0] GENERATOR_STEP_CREATED { stepIndex: [33m0[39m, startNumber: [33m8[39m, answer: [33m9[39m }
[STEP TRACE] [
  {
    i: [33m0[39m,
    startNumber: [33m8[39m,
    value: [33m1[39m,
    operation: [32m'+'[39m,
    correctAnswer: [33m9[39m,
    distractors: [ [33m12[39m, [33m9[39m, [33m6[39m ],
    distractorCount: [33m2[39m,
    source: [32m'engine'[39m,
    fallbackUsed: [90mundefined[39m
  }
]
[GEN CONFIG TRACE] {
  mode: [32m'standard'[39m,
  operation: [90mundefined[39m,
  difficulty: [33m2[39m,
  totalSteps: [33m1[39m,
  answerChoices: [33m3[39m,
  table: [90mundefined[39m,
  skipSize: [90mundefined[39m,
  fullConfig: {
    learningMode: [32m'standard'[39m,
    totalSteps: [33m1[39m,
    targetNumber: [33m10[39m,
    targetFlex: [33m0[39m,
    rangeMin: [33m1[39m,
    rangeMax: [33m10[39m,
    answerChoices: [33m3[39m,
    difficultyLevel: [33m2[39m,
    phaseSequence: [ [36m[Object][39m ],
    opsEnabled: { [32m'+'[39m: [33mtrue[39m, [32m'-'[39m: [33mfalse[39m, [32m'×'[39m: [33mfalse[39m, [32m'÷'[39m: [33mfalse[39m },
    activeMode: [32m'normal'[39m,
    isMuted: [33mfalse[39m,
    timerOn: [33mfalse[39m,
    quickMindInterval: [33m10[39m,
    darkModeInterval: [33m10[39m,
    modifiersPerStep: [33m1[39m,
    enableVariables: [33mfalse[39m,
    stopwatchSkin: [32m'default'[39m,
    progressionMode: [32m'adaptive'[39m,
    presentationMode: [32m'normal'[39m,
    scriptId: [32m'circuit-climb'[39m
  }
}
[Telemetry][VT:0] GENERATOR_START { startNumber: [33m9[39m, mode: [32m'standard'[39m }
[Telemetry][VT:0] GENERATOR_STEP_CREATED { stepIndex: [33m0[39m, startNumber: [33m9[39m, answer: [33m10[39m }
[STEP TRACE] [
  {
    i: [33m0[39m,
    startNumber: [33m9[39m,
    value: [33m1[39m,
    operation: [32m'+'[39m,
    correctAnswer: [33m10[39m,
    distractors: [ [33m7[39m, [33m13[39m, [33m10[39m ],
    distractorCount: [33m2[39m,
    source: [32m'engine'[39m,
    fallbackUsed: [90mundefined[39m
  }
]
[GEN CONFIG TRACE] {
  mode: [32m'standard'[39m,
  operation: [90mundefined[39m,
  difficulty: [33m2[39m,
  totalSteps: [33m1[39m,
  answerChoices: [33m3[39m,
  table: [90mundefined[39m,
  skipSize: [90mundefined[39m,
  fullConfig: {
    learningMode: [32m'standard'[39m,
    totalSteps: [33m1[39m,
    targetNumber: [33m10[39m,
    targetFlex: [33m0[39m,
    rangeMin: [33m1[39m,
    rangeMax: [33m10[39m,
    answerChoices: [33m3[39m,
    difficultyLevel: [33m2[39m,
    phaseSequence: [ [36m[Object][39m ],
    opsEnabled: { [32m'+'[39m: [33mtrue[39m, [32m'-'[39m: [33mfalse[39m, [32m'×'[39m: [33mfalse[39m, [32m'÷'[39m: [33mfalse[39m },
    activeMode: [32m'normal'[39m,
    isMuted: [33mfalse[39m,
    timerOn: [33mfalse[39m,
    quickMindInterval: [33m10[39m,
    darkModeInterval: [33m10[39m,
    modifiersPerStep: [33m1[39m,
    enableVariables: [33mfalse[39m,
    stopwatchSkin: [32m'default'[39m,
    progressionMode: [32m'adaptive'[39m,
    presentationMode: [32m'normal'[39m,
    scriptId: [32m'circuit-climb'[39m
  }
}
[Telemetry][VT:0] GENERATOR_START { startNumber: [33m1[39m, mode: [32m'standard'[39m }
[Telemetry][VT:0] GENERATOR_STEP_CREATED { stepIndex: [33m0[39m, startNumber: [33m1[39m, answer: [33m5[39m }
[STEP TRACE] [
  {
    i: [33m0[39m,
    startNumber: [33m1[39m,
    value: [33m4[39m,
    operation: [32m'+'[39m,
    correctAnswer: [33m5[39m,
    distractors: [ [33m4[39m, [33m5[39m, [33m7[39m ],
    distractorCount: [33m2[39m,
    source: [32m'engine'[39m,
    fallbackUsed: [90mundefined[39m
  }
]
[GEN CONFIG TRACE] {
  mode: [32m'standard'[39m,
  operation: [90mundefined[39m,
  difficulty: [33m2[39m,
  totalSteps: [33m1[39m,
  answerChoices: [33m3[39m,
  table: [90mundefined[39m,
  skipSize: [90mundefined[39m,
  fullConfig: {
    learningMode: [32m'standard'[39m,
    totalSteps: [33m1[39m,
    targetNumber: [33m10[39m,
    targetFlex: [33m0[39m,
    rangeMin: [33m1[39m,
    rangeMax: [33m10[39m,
    answerChoices: [33m3[39m,
    difficultyLevel: [33m2[39m,
    phaseSequence: [ [36m[Object][39m ],
    opsEnabled: { [32m'+'[39m: [33mtrue[39m, [32m'-'[39m: [33mfalse[39m, [32m'×'[39m: [33mfalse[39m, [32m'÷'[39m: [33mfalse[39m },
    activeMode: [32m'normal'[39m,
    isMuted: [33mfalse[39m,
    timerOn: [33mfalse[39m,
    quickMindInterval: [33m10[39m,
    darkModeInterval: [33m10[39m,
    modifiersPerStep: [33m1[39m,
    enableVariables: [33mfalse[39m,
    stopwatchSkin: [32m'default'[39m,
    progressionMode: [32m'adaptive'[39m,
    presentationMode: [32m'normal'[39m,
    scriptId: [32m'circuit-climb'[39m
  }
}
[Telemetry][VT:0] GENERATOR_START { startNumber: [33m2[39m, mode: [32m'standard'[39m }
[Telemetry][VT:0] GENERATOR_STEP_CREATED { stepIndex: [33m0[39m, startNumber: [33m2[39m, answer: [33m8[39m }
[STEP TRACE] [
  {
    i: [33m0[39m,
    startNumber: [33m2[39m,
    value: [33m6[39m,
    operation: [32m'+'[39m,
    correctAnswer: [33m8[39m,
    distractors: [ [33m7[39m, [33m6[39m, [33m8[39m ],
    distractorCount: [33m2[39m,
    source: [32m'engine'[39m,
    fallbackUsed: [90mundefined[39m
  }
]
[GEN CONFIG TRACE] {
  mode: [32m'standard'[39m,
  operation: [90mundefined[39m,
  difficulty: [33m3[39m,
  totalSteps: [33m1[39m,
  answerChoices: [33m3[39m,
  table: [90mundefined[39m,
  skipSize: [90mundefined[39m,
  fullConfig: {
    learningMode: [32m'standard'[39m,
    totalSteps: [33m1[39m,
    targetNumber: [33m10[39m,
    targetFlex: [33m0[39m,
    rangeMin: [33m1[39m,
    rangeMax: [33m10[39m,
    answerChoices: [33m3[39m,
    difficultyLevel: [33m3[39m,
    phaseSequence: [ [36m[Object][39m ],
    opsEnabled: { [32m'+'[39m: [33mtrue[39m, [32m'-'[39m: [33mfalse[39m, [32m'×'[39m: [33mfalse[39m, [32m'÷'[39m: [33mfalse[39m },
    activeMode: [32m'normal'[39m,
    isMuted: [33mfalse[39m,
    timerOn: [33mfalse[39m,
    quickMindInterval: [33m10[39m,
    darkModeInterval: [33m10[39m,
    modifiersPerStep: [33m1[39m,
    enableVariables: [33mfalse[39m,
    stopwatchSkin: [32m'default'[39m,
    progressionMode: [32m'adaptive'[39m,
    presentationMode: [32m'normal'[39m,
    scriptId: [32m'circuit-climb'[39m
  }
}
[Telemetry][VT:0] GENERATOR_START { startNumber: [33m3[39m, mode: [32m'standard'[39m }
[Telemetry][VT:0] GENERATOR_STEP_CREATED { stepIndex: [33m0[39m, startNumber: [33m3[39m, answer: [33m5[39m }
[STEP TRACE] [
  {
    i: [33m0[39m,
    startNumber: [33m3[39m,
    value: [33m2[39m,
    operation: [32m'+'[39m,
    correctAnswer: [33m5[39m,
    distractors: [ [33m8[39m, [33m5[39m, [33m7[39m ],
    distractorCount: [33m2[39m,
    source: [32m'engine'[39m,
    fallbackUsed: [90mundefined[39m
  }
]
[GEN CONFIG TRACE] {
  mode: [32m'standard'[39m,
  operation: [90mundefined[39m,
  difficulty: [33m3[39m,
  totalSteps: [33m1[39m,
  answerChoices: [33m3[39m,
  table: [90mundefined[39m,
  skipSize: [90mundefined[39m,
  fullConfig: {
    learningMode: [32m'standard'[39m,
    totalSteps: [33m1[39m,
    targetNumber: [33m10[39m,
    targetFlex: [33m0[39m,
    rangeMin: [33m1[39m,
    rangeMax: [33m10[39m,
    answerChoices: [33m3[39m,
    difficultyLevel: [33m3[39m,
    phaseSequence: [ [36m[Object][39m ],
    opsEnabled: { [32m'+'[39m: [33mtrue[39m, [32m'-'[39m: [33mfalse[39m, [32m'×'[39m: [33mfalse[39m, [32m'÷'[39m: [33mfalse[39m },
    activeMode: [32m'normal'[39m,
    isMuted: [33mfalse[39m,
    timerOn: [33mfalse[39m,
    quickMindInterval: [33m10[39m,
    darkModeInterval: [33m10[39m,
    modifiersPerStep: [33m1[39m,
    enableVariables: [33mfalse[39m,
    stopwatchSkin: [32m'default'[39m,
    progressionMode: [32m'adaptive'[39m,
    presentationMode: [32m'normal'[39m,
    scriptId: [32m'circuit-climb'[39m
  }
}
[Telemetry][VT:0] GENERATOR_START { startNumber: [33m4[39m, mode: [32m'standard'[39m }
[Telemetry][VT:0] GENERATOR_STEP_CREATED { stepIndex: [33m0[39m, startNumber: [33m4[39m, answer: [33m8[39m }
[STEP TRACE] [
  {
    i: [33m0[39m,
    startNumber: [33m4[39m,
    value: [33m4[39m,
    operation: [32m'+'[39m,
    correctAnswer: [33m8[39m,
    distractors: [ [33m7[39m, [33m5[39m, [33m8[39m ],
    distractorCount: [33m3[39m,
    source: [32m'engine'[39m,
    fallbackUsed: [90mundefined[39m
  }
]
[GEN CONFIG TRACE] {
  mode: [32m'standard'[39m,
  operation: [90mundefined[39m,
  difficulty: [33m3[39m,
  totalSteps: [33m1[39m,
  answerChoices: [33m3[39m,
  table: [90mundefined[39m,
  skipSize: [90mundefined[39m,
  fullConfig: {
    learningMode: [32m'standard'[39m,
    totalSteps: [33m1[39m,
    targetNumber: [33m10[39m,
    targetFlex: [33m0[39m,
    rangeMin: [33m1[39m,
    rangeMax: [33m10[39m,
    answerChoices: [33m3[39m,
    difficultyLevel: [33m3[39m,
    phaseSequence: [ [36m[Object][39m ],
    opsEnabled: { [32m'+'[39m: [33mtrue[39m, [32m'-'[39m: [33mfalse[39m, [32m'×'[39m: [33mfalse[39m, [32m'÷'[39m: [33mfalse[39m },
    activeMode: [32m'normal'[39m,
    isMuted: [33mfalse[39m,
    timerOn: [33mfalse[39m,
    quickMindInterval: [33m10[39m,
    darkModeInterval: [33m10[39m,
    modifiersPerStep: [33m1[39m,
    enableVariables: [33mfalse[39m,
    stopwatchSkin: [32m'default'[39m,
    progressionMode: [32m'adaptive'[39m,
    presentationMode: [32m'normal'[39m,
    scriptId: [32m'circuit-climb'[39m
  }
}
[Telemetry][VT:0] GENERATOR_START { startNumber: [33m5[39m, mode: [32m'standard'[39m }
[Telemetry][VT:0] GENERATOR_STEP_CREATED { stepIndex: [33m0[39m, startNumber: [33m5[39m, answer: [33m7[39m }
[STEP TRACE] [
  {
    i: [33m0[39m,
    startNumber: [33m5[39m,
    value: [33m2[39m,
    operation: [32m'+'[39m,
    correctAnswer: [33m7[39m,
    distractors: [ [33m6[39m, [33m9[39m, [33m7[39m ],
    distractorCount: [33m2[39m,
    source: [32m'engine'[39m,
    fallbackUsed: [90mundefined[39m
  }
]
[GEN CONFIG TRACE] {
  mode: [32m'standard'[39m,
  operation: [90mundefined[39m,
  difficulty: [33m3[39m,
  totalSteps: [33m1[39m,
  answerChoices: [33m3[39m,
  table: [90mundefined[39m,
  skipSize: [90mundefined[39m,
  fullConfig: {
    learningMode: [32m'standard'[39m,
    totalSteps: [33m1[39m,
    targetNumber: [33m10[39m,
    targetFlex: [33m0[39m,
    rangeMin: [33m1[39m,
    rangeMax: [33m10[39m,
    answerChoices: [33m3[39m,
    difficultyLevel: [33m3[39m,
    phaseSequence: [ [36m[Object][39m ],
    opsEnabled: { [32m'+'[39m: [33mtrue[39m, [32m'-'[39m: [33mfalse[39m, [32m'×'[39m: [33mfalse[39m, [32m'÷'[39m: [33mfalse[39m },
    activeMode: [32m'normal'[39m,
    isMuted: [33mfalse[39m,
    timerOn: [33mfalse[39m,
    quickMindInterval: [33m10[39m,
    darkModeInterval: [33m10[39m,
    modifiersPerStep: [33m1[39m,
    enableVariables: [33mfalse[39m,
    stopwatchSkin: [32m'default'[39m,
    progressionMode: [32m'adaptive'[39m,
    presentationMode: [32m'normal'[39m,
    scriptId: [32m'circuit-climb'[39m
  }
}
[Telemetry][VT:0] GENERATOR_START { startNumber: [33m6[39m, mode: [32m'standard'[39m }
[Telemetry][VT:0] GENERATOR_STEP_CREATED { stepIndex: [33m0[39m, startNumber: [33m6[39m, answer: [33m9[39m }
[STEP TRACE] [
  {
    i: [33m0[39m,
    startNumber: [33m6[39m,
    value: [33m3[39m,
    operation: [32m'+'[39m,
    correctAnswer: [33m9[39m,
    distractors: [ [33m9[39m, [33m12[39m, [33m11[39m ],
    distractorCount: [33m3[39m,
    source: [32m'engine'[39m,
    fallbackUsed: [90mundefined[39m
  }
]
[GEN CONFIG TRACE] {
  mode: [32m'standard'[39m,
  operation: [90mundefined[39m,
  difficulty: [33m3[39m,
  totalSteps: [33m1[39m,
  answerChoices: [33m3[39m,
  table: [90mundefined[39m,
  skipSize: [90mundefined[39m,
  fullConfig: {
    learningMode: [32m'standard'[39m,
    totalSteps: [33m1[39m,
    targetNumber: [33m10[39m,
    targetFlex: [33m0[39m,
    rangeMin: [33m1[39m,
    rangeMax: [33m10[39m,
    answerChoices: [33m3[39m,
    difficultyLevel: [33m3[39m,
    phaseSequence: [ [36m[Object][39m ],
    opsEnabled: { [32m'+'[39m: [33mtrue[39m, [32m'-'[39m: [33mfalse[39m, [32m'×'[39m: [33mfalse[39m, [32m'÷'[39m: [33mfalse[39m },
    activeMode: [32m'normal'[39m,
    isMuted: [33mfalse[39m,
    timerOn: [33mfalse[39m,
    quickMindInterval: [33m10[39m,
    darkModeInterval: [33m10[39m,
    modifiersPerStep: [33m1[39m,
    enableVariables: [33mfalse[39m,
    stopwatchSkin: [32m'default'[39m,
    progressionMode: [32m'adaptive'[39m,
    presentationMode: [32m'normal'[39m,
    scriptId: [32m'circuit-climb'[39m
  }
}
[Telemetry][VT:0] GENERATOR_START { startNumber: [33m7[39m, mode: [32m'standard'[39m }
[Telemetry][VT:0] GENERATOR_STEP_CREATED { stepIndex: [33m0[39m, startNumber: [33m7[39m, answer: [33m9[39m }
[STEP TRACE] [
  {
    i: [33m0[39m,
    startNumber: [33m7[39m,
    value: [33m2[39m,
    operation: [32m'+'[39m,
    correctAnswer: [33m9[39m,
    distractors: [ [33m9[39m, [33m8[39m, [33m11[39m ],
    distractorCount: [33m3[39m,
    source: [32m'engine'[39m,
    fallbackUsed: [90mundefined[39m
  }
]
[GEN CONFIG TRACE] {
  mode: [32m'standard'[39m,
  operation: [90mundefined[39m,
  difficulty: [33m3[39m,
  totalSteps: [33m1[39m,
  answerChoices: [33m3[39m,
  table: [90mundefined[39m,
  skipSize: [90mundefined[39m,
  fullConfig: {
    learningMode: [32m'standard'[39m,
    totalSteps: [33m1[39m,
    targetNumber: [33m10[39m,
    targetFlex: [33m0[39m,
    rangeMin: [33m1[39m,
    rangeMax: [33m10[39m,
    answerChoices: [33m3[39m,
    difficultyLevel: [33m3[39m,
    phaseSequence: [ [36m[Object][39m ],
    opsEnabled: { [32m'+'[39m: [33mtrue[39m, [32m'-'[39m: [33mfalse[39m, [32m'×'[39m: [33mfalse[39m, [32m'÷'[39m: [33mfalse[39m },
    activeMode: [32m'normal'[39m,
    isMuted: [33mfalse[39m,
    timerOn: [33mfalse[39m,
    quickMindInterval: [33m10[39m,
    darkModeInterval: [33m10[39m,
    modifiersPerStep: [33m1[39m,
    enableVariables: [33mfalse[39m,
    stopwatchSkin: [32m'default'[39m,
    progressionMode: [32m'adaptive'[39m,
    presentationMode: [32m'normal'[39m,
    scriptId: [32m'circuit-climb'[39m
  }
}
[Telemetry][VT:0] GENERATOR_START { startNumber: [33m8[39m, mode: [32m'standard'[39m }
[Telemetry][VT:0] GENERATOR_STEP_CREATED { stepIndex: [33m0[39m, startNumber: [33m8[39m, answer: [33m9[39m }
[STEP TRACE] [
  {
    i: [33m0[39m,
    startNumber: [33m8[39m,
    value: [33m1[39m,
    operation: [32m'+'[39m,
    correctAnswer: [33m9[39m,
    distractors: [ [33m9[39m, [33m12[39m, [33m6[39m ],
    distractorCount: [33m2[39m,
    source: [32m'engine'[39m,
    fallbackUsed: [90mundefined[39m
  }
]
[GEN CONFIG TRACE] {
  mode: [32m'standard'[39m,
  operation: [90mundefined[39m,
  difficulty: [33m3[39m,
  totalSteps: [33m1[39m,
  answerChoices: [33m3[39m,
  table: [90mundefined[39m,
  skipSize: [90mundefined[39m,
  fullConfig: {
    learningMode: [32m'standard'[39m,
    totalSteps: [33m1[39m,
    targetNumber: [33m10[39m,
    targetFlex: [33m0[39m,
    rangeMin: [33m1[39m,
    rangeMax: [33m10[39m,
    answerChoices: [33m3[39m,
    difficultyLevel: [33m3[39m,
    phaseSequence: [ [36m[Object][39m ],
    opsEnabled: { [32m'+'[39m: [33mtrue[39m, [32m'-'[39m: [33mfalse[39m, [32m'×'[39m: [33mfalse[39m, [32m'÷'[39m: [33mfalse[39m },
    activeMode: [32m'normal'[39m,
    isMuted: [33mfalse[39m,
    timerOn: [33mfalse[39m,
    quickMindInterval: [33m10[39m,
    darkModeInterval: [33m10[39m,
    modifiersPerStep: [33m1[39m,
    enableVariables: [33mfalse[39m,
    stopwatchSkin: [32m'default'[39m,
    progressionMode: [32m'adaptive'[39m,
    presentationMode: [32m'normal'[39m,
    scriptId: [32m'circuit-climb'[39m
  }
}
[Telemetry][VT:0] GENERATOR_START { startNumber: [33m9[39m, mode: [32m'standard'[39m }
[Telemetry][VT:0] GENERATOR_STEP_CREATED { stepIndex: [33m0[39m, startNumber: [33m9[39m, answer: [33m10[39m }
[STEP TRACE] [
  {
    i: [33m0[39m,
    startNumber: [33m9[39m,
    value: [33m1[39m,
    operation: [32m'+'[39m,
    correctAnswer: [33m10[39m,
    distractors: [ [33m9[39m, [33m10[39m, [33m13[39m ],
    distractorCount: [33m3[39m,
    source: [32m'engine'[39m,
    fallbackUsed: [90mundefined[39m
  }
]
[GEN CONFIG TRACE] {
  mode: [32m'standard'[39m,
  operation: [90mundefined[39m,
  difficulty: [33m3[39m,
  totalSteps: [33m1[39m,
  answerChoices: [33m3[39m,
  table: [90mundefined[39m,
  skipSize: [90mundefined[39m,
  fullConfig: {
    learningMode: [32m'standard'[39m,
    totalSteps: [33m1[39m,
    targetNumber: [33m10[39m,
    targetFlex: [33m0[39m,
    rangeMin: [33m1[39m,
    rangeMax: [33m10[39m,
    answerChoices: [33m3[39m,
    difficultyLevel: [33m3[39m,
    phaseSequence: [ [36m[Object][39m ],
    opsEnabled: { [32m'+'[39m: [33mtrue[39m, [32m'-'[39m: [33mfalse[39m, [32m'×'[39m: [33mfalse[39m, [32m'÷'[39m: [33mfalse[39m },
    activeMode: [32m'normal'[39m,
    isMuted: [33mfalse[39m,
    timerOn: [33mfalse[39m,
    quickMindInterval: [33m10[39m,
    darkModeInterval: [33m10[39m,
    modifiersPerStep: [33m1[39m,
    enableVariables: [33mfalse[39m,
    stopwatchSkin: [32m'default'[39m,
    progressionMode: [32m'adaptive'[39m,
    presentationMode: [32m'normal'[39m,
    scriptId: [32m'circuit-climb'[39m
  }
}
[Telemetry][VT:0] GENERATOR_START { startNumber: [33m1[39m, mode: [32m'standard'[39m }
[Telemetry][VT:0] GENERATOR_STEP_CREATED { stepIndex: [33m0[39m, startNumber: [33m1[39m, answer: [33m4[39m }
[STEP TRACE] [
  {
    i: [33m0[39m,
    startNumber: [33m1[39m,
    value: [33m3[39m,
    operation: [32m'+'[39m,
    correctAnswer: [33m4[39m,
    distractors: [ [33m4[39m, [33m6[39m, [33m1[39m ],
    distractorCount: [33m2[39m,
    source: [32m'engine'[39m,
    fallbackUsed: [90mundefined[39m
  }
]
[GEN CONFIG TRACE] {
  mode: [32m'standard'[39m,
  operation: [90mundefined[39m,
  difficulty: [33m3[39m,
  totalSteps: [33m1[39m,
  answerChoices: [33m3[39m,
  table: [90mundefined[39m,
  skipSize: [90mundefined[39m,
  fullConfig: {
    learningMode: [32m'standard'[39m,
    totalSteps: [33m1[39m,
    targetNumber: [33m10[39m,
    targetFlex: [33m0[39m,
    rangeMin: [33m1[39m,
    rangeMax: [33m10[39m,
    answerChoices: [33m3[39m,
    difficultyLevel: [33m3[39m,
    phaseSequence: [ [36m[Object][39m ],
    opsEnabled: { [32m'+'[39m: [33mtrue[39m, [32m'-'[39m: [33mfalse[39m, [32m'×'[39m: [33mfalse[39m, [32m'÷'[39m: [33mfalse[39m },
    activeMode: [32m'normal'[39m,
    isMuted: [33mfalse[39m,
    timerOn: [33mfalse[39m,
    quickMindInterval: [33m10[39m,
    darkModeInterval: [33m10[39m,
    modifiersPerStep: [33m1[39m,
    enableVariables: [33mfalse[39m,
    stopwatchSkin: [32m'default'[39m,
    progressionMode: [32m'adaptive'[39m,
    presentationMode: [32m'normal'[39m,
    scriptId: [32m'circuit-climb'[39m
  }
}
[Telemetry][VT:0] GENERATOR_START { startNumber: [33m2[39m, mode: [32m'standard'[39m }
[Telemetry][VT:0] GENERATOR_STEP_CREATED { stepIndex: [33m0[39m, startNumber: [33m2[39m, answer: [33m3[39m }
[STEP TRACE] [
  {
    i: [33m0[39m,
    startNumber: [33m2[39m,
    value: [33m1[39m,
    operation: [32m'+'[39m,
    correctAnswer: [33m3[39m,
    distractors: [ [33m1[39m, [33m3[39m, [33m2[39m ],
    distractorCount: [33m2[39m,
    source: [32m'engine'[39m,
    fallbackUsed: [90mundefined[39m
  }
]
[GEN CONFIG TRACE] {
  mode: [32m'standard'[39m,
  operation: [90mundefined[39m,
  difficulty: [33m3[39m,
  totalSteps: [33m1[39m,
  answerChoices: [33m3[39m,
  table: [90mundefined[39m,
  skipSize: [90mundefined[39m,
  fullConfig: {
    learningMode: [32m'standard'[39m,
    totalSteps: [33m1[39m,
    targetNumber: [33m10[39m,
    targetFlex: [33m0[39m,
    rangeMin: [33m1[39m,
    rangeMax: [33m10[39m,
    answerChoices: [33m3[39m,
    difficultyLevel: [33m3[39m,
    phaseSequence: [ [36m[Object][39m ],
    opsEnabled: { [32m'+'[39m: [33mtrue[39m, [32m'-'[39m: [33mfalse[39m, [32m'×'[39m: [33mfalse[39m, [32m'÷'[39m: [33mfalse[39m },
    activeMode: [32m'normal'[39m,
    isMuted: [33mfalse[39m,
    timerOn: [33mfalse[39m,
    quickMindInterval: [33m10[39m,
    darkModeInterval: [33m10[39m,
    modifiersPerStep: [33m1[39m,
    enableVariables: [33mfalse[39m,
    stopwatchSkin: [32m'default'[39m,
    progressionMode: [32m'adaptive'[39m,
    presentationMode: [32m'normal'[39m,
    scriptId: [32m'circuit-climb'[39m
  }
}
[Telemetry][VT:0] GENERATOR_START { startNumber: [33m3[39m, mode: [32m'standard'[39m }
[Telemetry][VT:0] GENERATOR_STEP_CREATED { stepIndex: [33m0[39m, startNumber: [33m3[39m, answer: [33m6[39m }
[STEP TRACE] [
  {
    i: [33m0[39m,
    startNumber: [33m3[39m,
    value: [33m3[39m,
    operation: [32m'+'[39m,
    correctAnswer: [33m6[39m,
    distractors: [ [33m7[39m, [33m9[39m, [33m6[39m ],
    distractorCount: [33m2[39m,
    source: [32m'engine'[39m,
    fallbackUsed: [90mundefined[39m
  }
]
[GEN CONFIG TRACE] {
  mode: [32m'standard'[39m,
  operation: [90mundefined[39m,
  difficulty: [33m4[39m,
  totalSteps: [33m1[39m,
  answerChoices: [33m3[39m,
  table: [90mundefined[39m,
  skipSize: [90mundefined[39m,
  fullConfig: {
    learningMode: [32m'standard'[39m,
    totalSteps: [33m1[39m,
    targetNumber: [33m10[39m,
    targetFlex: [33m0[39m,
    rangeMin: [33m1[39m,
    rangeMax: [33m10[39m,
    answerChoices: [33m3[39m,
    difficultyLevel: [33m4[39m,
    phaseSequence: [ [36m[Object][39m ],
    opsEnabled: { [32m'+'[39m: [33mtrue[39m, [32m'-'[39m: [33mfalse[39m, [32m'×'[39m: [33mfalse[39m, [32m'÷'[39m: [33mfalse[39m },
    activeMode: [32m'normal'[39m,
    isMuted: [33mfalse[39m,
    timerOn: [33mfalse[39m,
    quickMindInterval: [33m10[39m,
    darkModeInterval: [33m10[39m,
    modifiersPerStep: [33m1[39m,
    enableVariables: [33mfalse[39m,
    stopwatchSkin: [32m'default'[39m,
    progressionMode: [32m'adaptive'[39m,
    presentationMode: [32m'normal'[39m,
    scriptId: [32m'circuit-climb'[39m
  }
}
[Telemetry][VT:0] GENERATOR_START { startNumber: [33m4[39m, mode: [32m'standard'[39m }
[Telemetry][VT:0] GENERATOR_STEP_CREATED { stepIndex: [33m0[39m, startNumber: [33m4[39m, answer: [33m9[39m }
[STEP TRACE] [
  {
    i: [33m0[39m,
    startNumber: [33m4[39m,
    value: [33m5[39m,
    operation: [32m'+'[39m,
    correctAnswer: [33m9[39m,
    distractors: [ [33m6[39m, [33m11[39m, [33m9[39m ],
    distractorCount: [33m3[39m,
    source: [32m'engine'[39m,
    fallbackUsed: [90mundefined[39m
  }
]
[GEN CONFIG TRACE] {
  mode: [32m'standard'[39m,
  operation: [90mundefined[39m,
  difficulty: [33m4[39m,
  totalSteps: [33m1[39m,
  answerChoices: [33m3[39m,
  table: [90mundefined[39m,
  skipSize: [90mundefined[39m,
  fullConfig: {
    learningMode: [32m'standard'[39m,
    totalSteps: [33m1[39m,
    targetNumber: [33m10[39m,
    targetFlex: [33m0[39m,
    rangeMin: [33m1[39m,
    rangeMax: [33m10[39m,
    answerChoices: [33m3[39m,
    difficultyLevel: [33m4[39m,
    phaseSequence: [ [36m[Object][39m ],
    opsEnabled: { [32m'+'[39m: [33mtrue[39m, [32m'-'[39m: [33mfalse[39m, [32m'×'[39m: [33mfalse[39m, [32m'÷'[39m: [33mfalse[39m },
    activeMode: [32m'normal'[39m,
    isMuted: [33mfalse[39m,
    timerOn: [33mfalse[39m,
    quickMindInterval: [33m10[39m,
    darkModeInterval: [33m10[39m,
    modifiersPerStep: [33m1[39m,
    enableVariables: [33mfalse[39m,
    stopwatchSkin: [32m'default'[39m,
    progressionMode: [32m'adaptive'[39m,
    presentationMode: [32m'normal'[39m,
    scriptId: [32m'circuit-climb'[39m
  }
}
[Telemetry][VT:0] GENERATOR_START { startNumber: [33m5[39m, mode: [32m'standard'[39m }
[Telemetry][VT:0] GENERATOR_STEP_CREATED { stepIndex: [33m0[39m, startNumber: [33m5[39m, answer: [33m8[39m }
[STEP TRACE] [
  {
    i: [33m0[39m,
    startNumber: [33m5[39m,
    value: [33m3[39m,
    operation: [32m'+'[39m,
    correctAnswer: [33m8[39m,
    distractors: [ [33m8[39m, [33m11[39m, [33m10[39m ],
    distractorCount: [33m3[39m,
    source: [32m'engine'[39m,
    fallbackUsed: [90mundefined[39m
  }
]
[GEN CONFIG TRACE] {
  mode: [32m'standard'[39m,
  operation: [90mundefined[39m,
  difficulty: [33m4[39m,
  totalSteps: [33m1[39m,
  answerChoices: [33m3[39m,
  table: [90mundefined[39m,
  skipSize: [90mundefined[39m,
  fullConfig: {
    learningMode: [32m'standard'[39m,
    totalSteps: [33m1[39m,
    targetNumber: [33m10[39m,
    targetFlex: [33m0[39m,
    rangeMin: [33m1[39m,
    rangeMax: [33m10[39m,
    answerChoices: [33m3[39m,
    difficultyLevel: [33m4[39m,
    phaseSequence: [ [36m[Object][39m ],
    opsEnabled: { [32m'+'[39m: [33mtrue[39m, [32m'-'[39m: [33mfalse[39m, [32m'×'[39m: [33mfalse[39m, [32m'÷'[39m: [33mfalse[39m },
    activeMode: [32m'normal'[39m,
    isMuted: [33mfalse[39m,
    timerOn: [33mfalse[39m,
    quickMindInterval: [33m10[39m,
    darkModeInterval: [33m10[39m,
    modifiersPerStep: [33m1[39m,
    enableVariables: [33mfalse[39m,
    stopwatchSkin: [32m'default'[39m,
    progressionMode: [32m'adaptive'[39m,
    presentationMode: [32m'normal'[39m,
    scriptId: [32m'circuit-climb'[39m
  }
}
[Telemetry][VT:0] GENERATOR_START { startNumber: [33m6[39m, mode: [32m'standard'[39m }
[Telemetry][VT:0] GENERATOR_STEP_CREATED { stepIndex: [33m0[39m, startNumber: [33m6[39m, answer: [33m7[39m }
[STEP TRACE] [
  {
    i: [33m0[39m,
    startNumber: [33m6[39m,
    value: [33m1[39m,
    operation: [32m'+'[39m,
    correctAnswer: [33m7[39m,
    distractors: [ [33m6[39m, [33m7[39m, [33m9[39m ],
    distractorCount: [33m3[39m,
    source: [32m'engine'[39m,
    fallbackUsed: [90mundefined[39m
  }
]
[GEN CONFIG TRACE] {
  mode: [32m'standard'[39m,
  operation: [90mundefined[39m,
  difficulty: [33m4[39m,
  totalSteps: [33m1[39m,
  answerChoices: [33m3[39m,
  table: [90mundefined[39m,
  skipSize: [90mundefined[39m,
  fullConfig: {
    learningMode: [32m'standard'[39m,
    totalSteps: [33m1[39m,
    targetNumber: [33m10[39m,
    targetFlex: [33m0[39m,
    rangeMin: [33m1[39m,
    rangeMax: [33m10[39m,
    answerChoices: [33m3[39m,
    difficultyLevel: [33m4[39m,
    phaseSequence: [ [36m[Object][39m ],
    opsEnabled: { [32m'+'[39m: [33mtrue[39m, [32m'-'[39m: [33mfalse[39m, [32m'×'[39m: [33mfalse[39m, [32m'÷'[39m: [33mfalse[39m },
    activeMode: [32m'normal'[39m,
    isMuted: [33mfalse[39m,
    timerOn: [33mfalse[39m,
    quickMindInterval: [33m10[39m,
    darkModeInterval: [33m10[39m,
    modifiersPerStep: [33m1[39m,
    enableVariables: [33mfalse[39m,
    stopwatchSkin: [32m'default'[39m,
    progressionMode: [32m'adaptive'[39m,
    presentationMode: [32m'normal'[39m,
    scriptId: [32m'circuit-climb'[39m
  }
}
[Telemetry][VT:0] GENERATOR_START { startNumber: [33m7[39m, mode: [32m'standard'[39m }
[Telemetry][VT:0] GENERATOR_STEP_CREATED { stepIndex: [33m0[39m, startNumber: [33m7[39m, answer: [33m8[39m }
[STEP TRACE] [
  {
    i: [33m0[39m,
    startNumber: [33m7[39m,
    value: [33m1[39m,
    operation: [32m'+'[39m,
    correctAnswer: [33m8[39m,
    distractors: [ [33m5[39m, [33m8[39m, [33m10[39m ],
    distractorCount: [33m3[39m,
    source: [32m'engine'[39m,
    fallbackUsed: [90mundefined[39m
  }
]
[GEN CONFIG TRACE] {
  mode: [32m'standard'[39m,
  operation: [90mundefined[39m,
  difficulty: [33m4[39m,
  totalSteps: [33m1[39m,
  answerChoices: [33m3[39m,
  table: [90mundefined[39m,
  skipSize: [90mundefined[39m,
  fullConfig: {
    learningMode: [32m'standard'[39m,
    totalSteps: [33m1[39m,
    targetNumber: [33m10[39m,
    targetFlex: [33m0[39m,
    rangeMin: [33m1[39m,
    rangeMax: [33m10[39m,
    answerChoices: [33m3[39m,
    difficultyLevel: [33m4[39m,
    phaseSequence: [ [36m[Object][39m ],
    opsEnabled: { [32m'+'[39m: [33mtrue[39m, [32m'-'[39m: [33mfalse[39m, [32m'×'[39m: [33mfalse[39m, [32m'÷'[39m: [33mfalse[39m },
    activeMode: [32m'normal'[39m,
    isMuted: [33mfalse[39m,
    timerOn: [33mfalse[39m,
    quickMindInterval: [33m10[39m,
    darkModeInterval: [33m10[39m,
    modifiersPerStep: [33m1[39m,
    enableVariables: [33mfalse[39m,
    stopwatchSkin: [32m'default'[39m,
    progressionMode: [32m'adaptive'[39m,
    presentationMode: [32m'normal'[39m,
    scriptId: [32m'circuit-climb'[39m
  }
}
[Telemetry][VT:0] GENERATOR_START { startNumber: [33m8[39m, mode: [32m'standard'[39m }
[Telemetry][VT:0] GENERATOR_STEP_CREATED { stepIndex: [33m0[39m, startNumber: [33m8[39m, answer: [33m10[39m }
[STEP TRACE] [
  {
    i: [33m0[39m,
    startNumber: [33m8[39m,
    value: [33m2[39m,
    operation: [32m'+'[39m,
    correctAnswer: [33m10[39m,
    distractors: [ [33m11[39m, [33m10[39m, [33m7[39m ],
    distractorCount: [33m3[39m,
    source: [32m'engine'[39m,
    fallbackUsed: [90mundefined[39m
  }
]
[GEN CONFIG TRACE] {
  mode: [32m'standard'[39m,
  operation: [90mundefined[39m,
  difficulty: [33m4[39m,
  totalSteps: [33m1[39m,
  answerChoices: [33m3[39m,
  table: [90mundefined[39m,
  skipSize: [90mundefined[39m,
  fullConfig: {
    learningMode: [32m'standard'[39m,
    totalSteps: [33m1[39m,
    targetNumber: [33m10[39m,
    targetFlex: [33m0[39m,
    rangeMin: [33m1[39m,
    rangeMax: [33m10[39m,
    answerChoices: [33m3[39m,
    difficultyLevel: [33m4[39m,
    phaseSequence: [ [36m[Object][39m ],
    opsEnabled: { [32m'+'[39m: [33mtrue[39m, [32m'-'[39m: [33mfalse[39m, [32m'×'[39m: [33mfalse[39m, [32m'÷'[39m: [33mfalse[39m },
    activeMode: [32m'normal'[39m,
    isMuted: [33mfalse[39m,
    timerOn: [33mfalse[39m,
    quickMindInterval: [33m10[39m,
    darkModeInterval: [33m10[39m,
    modifiersPerStep: [33m1[39m,
    enableVariables: [33mfalse[39m,
    stopwatchSkin: [32m'default'[39m,
    progressionMode: [32m'adaptive'[39m,
    presentationMode: [32m'normal'[39m,
    scriptId: [32m'circuit-climb'[39m
  }
}
[Telemetry][VT:0] GENERATOR_START { startNumber: [33m9[39m, mode: [32m'standard'[39m }
[Telemetry][VT:0] GENERATOR_STEP_CREATED { stepIndex: [33m0[39m, startNumber: [33m9[39m, answer: [33m10[39m }
[STEP TRACE] [
  {
    i: [33m0[39m,
    startNumber: [33m9[39m,
    value: [33m1[39m,
    operation: [32m'+'[39m,
    correctAnswer: [33m10[39m,
    distractors: [ [33m9[39m, [33m10[39m, [33m13[39m ],
    distractorCount: [33m3[39m,
    source: [32m'engine'[39m,
    fallbackUsed: [90mundefined[39m
  }
]
[GEN CONFIG TRACE] {
  mode: [32m'standard'[39m,
  operation: [90mundefined[39m,
  difficulty: [33m4[39m,
  totalSteps: [33m1[39m,
  answerChoices: [33m3[39m,
  table: [90mundefined[39m,
  skipSize: [90mundefined[39m,
  fullConfig: {
    learningMode: [32m'standard'[39m,
    totalSteps: [33m1[39m,
    targetNumber: [33m10[39m,
    targetFlex: [33m0[39m,
    rangeMin: [33m1[39m,
    rangeMax: [33m10[39m,
    answerChoices: [33m3[39m,
    difficultyLevel: [33m4[39m,
    phaseSequence: [ [36m[Object][39m ],
    opsEnabled: { [32m'+'[39m: [33mtrue[39m, [32m'-'[39m: [33mfalse[39m, [32m'×'[39m: [33mfalse[39m, [32m'÷'[39m: [33mfalse[39m },
    activeMode: [32m'normal'[39m,
    isMuted: [33mfalse[39m,
    timerOn: [33mfalse[39m,
    quickMindInterval: [33m10[39m,
    darkModeInterval: [33m10[39m,
    modifiersPerStep: [33m1[39m,
    enableVariables: [33mfalse[39m,
    stopwatchSkin: [32m'default'[39m,
    progressionMode: [32m'adaptive'[39m,
    presentationMode: [32m'normal'[39m,
    scriptId: [32m'circuit-climb'[39m
  }
}
[Telemetry][VT:0] GENERATOR_START { startNumber: [33m1[39m, mode: [32m'standard'[39m }
[Telemetry][VT:0] GENERATOR_STEP_CREATED { stepIndex: [33m0[39m, startNumber: [33m1[39m, answer: [33m4[39m }
[STEP TRACE] [
  {
    i: [33m0[39m,
    startNumber: [33m1[39m,
    value: [33m3[39m,
    operation: [32m'+'[39m,
    correctAnswer: [33m4[39m,
    distractors: [ [33m1[39m, [33m4[39m, [33m5[39m ],
    distractorCount: [33m3[39m,
    source: [32m'engine'[39m,
    fallbackUsed: [90mundefined[39m
  }
]
[GEN CONFIG TRACE] {
  mode: [32m'standard'[39m,
  operation: [90mundefined[39m,
  difficulty: [33m4[39m,
  totalSteps: [33m1[39m,
  answerChoices: [33m3[39m,
  table: [90mundefined[39m,
  skipSize: [90mundefined[39m,
  fullConfig: {
    learningMode: [32m'standard'[39m,
    totalSteps: [33m1[39m,
    targetNumber: [33m10[39m,
    targetFlex: [33m0[39m,
    rangeMin: [33m1[39m,
    rangeMax: [33m10[39m,
    answerChoices: [33m3[39m,
    difficultyLevel: [33m4[39m,
    phaseSequence: [ [36m[Object][39m ],
    opsEnabled: { [32m'+'[39m: [33mtrue[39m, [32m'-'[39m: [33mfalse[39m, [32m'×'[39m: [33mfalse[39m, [32m'÷'[39m: [33mfalse[39m },
    activeMode: [32m'normal'[39m,
    isMuted: [33mfalse[39m,
    timerOn: [33mfalse[39m,
    quickMindInterval: [33m10[39m,
    darkModeInterval: [33m10[39m,
    modifiersPerStep: [33m1[39m,
    enableVariables: [33mfalse[39m,
    stopwatchSkin: [32m'default'[39m,
    progressionMode: [32m'adaptive'[39m,
    presentationMode: [32m'normal'[39m,
    scriptId: [32m'circuit-climb'[39m
  }
}
[Telemetry][VT:0] GENERATOR_START { startNumber: [33m2[39m, mode: [32m'standard'[39m }
[Telemetry][VT:0] GENERATOR_STEP_CREATED { stepIndex: [33m0[39m, startNumber: [33m2[39m, answer: [33m3[39m }
[STEP TRACE] [
  {
    i: [33m0[39m,
    startNumber: [33m2[39m,
    value: [33m1[39m,
    operation: [32m'+'[39m,
    correctAnswer: [33m3[39m,
    distractors: [ [33m1[39m, [33m5[39m, [33m3[39m ],
    distractorCount: [33m3[39m,
    source: [32m'engine'[39m,
    fallbackUsed: [90mundefined[39m
  }
]
[GEN CONFIG TRACE] {
  mode: [32m'standard'[39m,
  operation: [90mundefined[39m,
  difficulty: [33m4[39m,
  totalSteps: [33m1[39m,
  answerChoices: [33m3[39m,
  table: [90mundefined[39m,
  skipSize: [90mundefined[39m,
  fullConfig: {
    learningMode: [32m'standard'[39m,
    totalSteps: [33m1[39m,
    targetNumber: [33m10[39m,
    targetFlex: [33m0[39m,
    rangeMin: [33m1[39m,
    rangeMax: [33m10[39m,
    answerChoices: [33m3[39m,
    difficultyLevel: [33m4[39m,
    phaseSequence: [ [36m[Object][39m ],
    opsEnabled: { [32m'+'[39m: [33mtrue[39m, [32m'-'[39m: [33mfalse[39m, [32m'×'[39m: [33mfalse[39m, [32m'÷'[39m: [33mfalse[39m },
    activeMode: [32m'normal'[39m,
    isMuted: [33mfalse[39m,
    timerOn: [33mfalse[39m,
    quickMindInterval: [33m10[39m,
    darkModeInterval: [33m10[39m,
    modifiersPerStep: [33m1[39m,
    enableVariables: [33mfalse[39m,
    stopwatchSkin: [32m'default'[39m,
    progressionMode: [32m'adaptive'[39m,
    presentationMode: [32m'normal'[39m,
    scriptId: [32m'circuit-climb'[39m
  }
}
[Telemetry][VT:0] GENERATOR_START { startNumber: [33m3[39m, mode: [32m'standard'[39m }
[Telemetry][VT:0] GENERATOR_STEP_CREATED { stepIndex: [33m0[39m, startNumber: [33m3[39m, answer: [33m7[39m }
[STEP TRACE] [
  {
    i: [33m0[39m,
    startNumber: [33m3[39m,
    value: [33m4[39m,
    operation: [32m'+'[39m,
    correctAnswer: [33m7[39m,
    distractors: [ [33m4[39m, [33m7[39m, [33m8[39m ],
    distractorCount: [33m3[39m,
    source: [32m'engine'[39m,
    fallbackUsed: [90mundefined[39m
  }
]
[GEN CONFIG TRACE] {
  mode: [32m'standard'[39m,
  operation: [90mundefined[39m,
  difficulty: [33m4[39m,
  totalSteps: [33m1[39m,
  answerChoices: [33m3[39m,
  table: [90mundefined[39m,
  skipSize: [90mundefined[39m,
  fullConfig: {
    learningMode: [32m'standard'[39m,
    totalSteps: [33m1[39m,
    targetNumber: [33m10[39m,
    targetFlex: [33m0[39m,
    rangeMin: [33m1[39m,
    rangeMax: [33m10[39m,
    answerChoices: [33m3[39m,
    difficultyLevel: [33m4[39m,
    phaseSequence: [ [36m[Object][39m ],
    opsEnabled: { [32m'+'[39m: [33mtrue[39m, [32m'-'[39m: [33mfalse[39m, [32m'×'[39m: [33mfalse[39m, [32m'÷'[39m: [33mfalse[39m },
    activeMode: [32m'normal'[39m,
    isMuted: [33mfalse[39m,
    timerOn: [33mfalse[39m,
    quickMindInterval: [33m10[39m,
    darkModeInterval: [33m10[39m,
    modifiersPerStep: [33m1[39m,
    enableVariables: [33mfalse[39m,
    stopwatchSkin: [32m'default'[39m,
    progressionMode: [32m'adaptive'[39m,
    presentationMode: [32m'normal'[39m,
    scriptId: [32m'circuit-climb'[39m
  }
}
[Telemetry][VT:0] GENERATOR_START { startNumber: [33m4[39m, mode: [32m'standard'[39m }
[Telemetry][VT:0] GENERATOR_STEP_CREATED { stepIndex: [33m0[39m, startNumber: [33m4[39m, answer: [33m6[39m }
[STEP TRACE] [
  {
    i: [33m0[39m,
    startNumber: [33m4[39m,
    value: [33m2[39m,
    operation: [32m'+'[39m,
    correctAnswer: [33m6[39m,
    distractors: [ [33m3[39m, [33m6[39m, [33m4[39m ],
    distractorCount: [33m3[39m,
    source: [32m'engine'[39m,
    fallbackUsed: [90mundefined[39m
  }
]
[GEN CONFIG TRACE] {
  mode: [32m'standard'[39m,
  operation: [90mundefined[39m,
  difficulty: [33m5[39m,
  totalSteps: [33m1[39m,
  answerChoices: [33m3[39m,
  table: [90mundefined[39m,
  skipSize: [90mundefined[39m,
  fullConfig: {
    learningMode: [32m'standard'[39m,
    totalSteps: [33m1[39m,
    targetNumber: [33m10[39m,
    targetFlex: [33m0[39m,
    rangeMin: [33m1[39m,
    rangeMax: [33m10[39m,
    answerChoices: [33m3[39m,
    difficultyLevel: [33m5[39m,
    phaseSequence: [ [36m[Object][39m ],
    opsEnabled: { [32m'+'[39m: [33mtrue[39m, [32m'-'[39m: [33mfalse[39m, [32m'×'[39m: [33mfalse[39m, [32m'÷'[39m: [33mfalse[39m },
    activeMode: [32m'normal'[39m,
    isMuted: [33mfalse[39m,
    timerOn: [33mfalse[39m,
    quickMindInterval: [33m10[39m,
    darkModeInterval: [33m10[39m,
    modifiersPerStep: [33m1[39m,
    enableVariables: [33mfalse[39m,
    stopwatchSkin: [32m'default'[39m,
    progressionMode: [32m'adaptive'[39m,
    presentationMode: [32m'normal'[39m,
    scriptId: [32m'circuit-climb'[39m
  }
}
[Telemetry][VT:0] GENERATOR_START { startNumber: [33m5[39m, mode: [32m'standard'[39m }
[Telemetry][VT:0] GENERATOR_STEP_CREATED { stepIndex: [33m0[39m, startNumber: [33m5[39m, answer: [33m9[39m }
[STEP TRACE] [
  {
    i: [33m0[39m,
    startNumber: [33m5[39m,
    value: [33m4[39m,
    operation: [32m'+'[39m,
    correctAnswer: [33m9[39m,
    distractors: [ [33m9[39m, [33m11[39m, [33m10[39m ],
    distractorCount: [33m3[39m,
    source: [32m'engine'[39m,
    fallbackUsed: [90mundefined[39m
  }
]
[GEN CONFIG TRACE] {
  mode: [32m'standard'[39m,
  operation: [90mundefined[39m,
  difficulty: [33m5[39m,
  totalSteps: [33m1[39m,
  answerChoices: [33m3[39m,
  table: [90mundefined[39m,
  skipSize: [90mundefined[39m,
  fullConfig: {
    learningMode: [32m'standard'[39m,
    totalSteps: [33m1[39m,
    targetNumber: [33m10[39m,
    targetFlex: [33m0[39m,
    rangeMin: [33m1[39m,
    rangeMax: [33m10[39m,
    answerChoices: [33m3[39m,
    difficultyLevel: [33m5[39m,
    phaseSequence: [ [36m[Object][39m ],
    opsEnabled: { [32m'+'[39m: [33mtrue[39m, [32m'-'[39m: [33mfalse[39m, [32m'×'[39m: [33mfalse[39m, [32m'÷'[39m: [33mfalse[39m },
    activeMode: [32m'normal'[39m,
    isMuted: [33mfalse[39m,
    timerOn: [33mfalse[39m,
    quickMindInterval: [33m10[39m,
    darkModeInterval: [33m10[39m,
    modifiersPerStep: [33m1[39m,
    enableVariables: [33mfalse[39m,
    stopwatchSkin: [32m'default'[39m,
    progressionMode: [32m'adaptive'[39m,
    presentationMode: [32m'normal'[39m,
    scriptId: [32m'circuit-climb'[39m
  }
}
[Telemetry][VT:0] GENERATOR_START { startNumber: [33m6[39m, mode: [32m'standard'[39m }
[Telemetry][VT:0] GENERATOR_STEP_CREATED { stepIndex: [33m0[39m, startNumber: [33m6[39m, answer: [33m8[39m }
[STEP TRACE] [
  {
    i: [33m0[39m,
    startNumber: [33m6[39m,
    value: [33m2[39m,
    operation: [32m'+'[39m,
    correctAnswer: [33m8[39m,
    distractors: [ [33m5[39m, [33m7[39m, [33m8[39m ],
    distractorCount: [33m3[39m,
    source: [32m'engine'[39m,
    fallbackUsed: [90mundefined[39m
  }
]
[GEN CONFIG TRACE] {
  mode: [32m'standard'[39m,
  operation: [90mundefined[39m,
  difficulty: [33m5[39m,
  totalSteps: [33m1[39m,
  answerChoices: [33m3[39m,
  table: [90mundefined[39m,
  skipSize: [90mundefined[39m,
  fullConfig: {
    learningMode: [32m'standard'[39m,
    totalSteps: [33m1[39m,
    targetNumber: [33m10[39m,
    targetFlex: [33m0[39m,
    rangeMin: [33m1[39m,
    rangeMax: [33m10[39m,
    answerChoices: [33m3[39m,
    difficultyLevel: [33m5[39m,
    phaseSequence: [ [36m[Object][39m ],
    opsEnabled: { [32m'+'[39m: [33mtrue[39m, [32m'-'[39m: [33mfalse[39m, [32m'×'[39m: [33mfalse[39m, [32m'÷'[39m: [33mfalse[39m },
    activeMode: [32m'normal'[39m,
    isMuted: [33mfalse[39m,
    timerOn: [33mfalse[39m,
    quickMindInterval: [33m10[39m,
    darkModeInterval: [33m10[39m,
    modifiersPerStep: [33m1[39m,
    enableVariables: [33mfalse[39m,
    stopwatchSkin: [32m'default'[39m,
    progressionMode: [32m'adaptive'[39m,
    presentationMode: [32m'normal'[39m,
    scriptId: [32m'circuit-climb'[39m
  }
}
[Telemetry][VT:0] GENERATOR_START { startNumber: [33m7[39m, mode: [32m'standard'[39m }
[Telemetry][VT:0] GENERATOR_STEP_CREATED { stepIndex: [33m0[39m, startNumber: [33m7[39m, answer: [33m9[39m }
[STEP TRACE] [
  {
    i: [33m0[39m,
    startNumber: [33m7[39m,
    value: [33m2[39m,
    operation: [32m'+'[39m,
    correctAnswer: [33m9[39m,
    distractors: [ [33m9[39m, [33m11[39m, [33m6[39m ],
    distractorCount: [33m3[39m,
    source: [32m'engine'[39m,
    fallbackUsed: [90mundefined[39m
  }
]
[GEN CONFIG TRACE] {
  mode: [32m'standard'[39m,
  operation: [90mundefined[39m,
  difficulty: [33m5[39m,
  totalSteps: [33m1[39m,
  answerChoices: [33m3[39m,
  table: [90mundefined[39m,
  skipSize: [90mundefined[39m,
  fullConfig: {
    learningMode: [32m'standard'[39m,
    totalSteps: [33m1[39m,
    targetNumber: [33m10[39m,
    targetFlex: [33m0[39m,
    rangeMin: [33m1[39m,
    rangeMax: [33m10[39m,
    answerChoices: [33m3[39m,
    difficultyLevel: [33m5[39m,
    phaseSequence: [ [36m[Object][39m ],
    opsEnabled: { [32m'+'[39m: [33mtrue[39m, [32m'-'[39m: [33mfalse[39m, [32m'×'[39m: [33mfalse[39m, [32m'÷'[39m: [33mfalse[39m },
    activeMode: [32m'normal'[39m,
    isMuted: [33mfalse[39m,
    timerOn: [33mfalse[39m,
    quickMindInterval: [33m10[39m,
    darkModeInterval: [33m10[39m,
    modifiersPerStep: [33m1[39m,
    enableVariables: [33mfalse[39m,
    stopwatchSkin: [32m'default'[39m,
    progressionMode: [32m'adaptive'[39m,
    presentationMode: [32m'normal'[39m,
    scriptId: [32m'circuit-climb'[39m
  }
}
[Telemetry][VT:0] GENERATOR_START { startNumber: [33m8[39m, mode: [32m'standard'[39m }
[Telemetry][VT:0] GENERATOR_STEP_CREATED { stepIndex: [33m0[39m, startNumber: [33m8[39m, answer: [33m9[39m }
[STEP TRACE] [
  {
    i: [33m0[39m,
    startNumber: [33m8[39m,
    value: [33m1[39m,
    operation: [32m'+'[39m,
    correctAnswer: [33m9[39m,
    distractors: [ [33m12[39m, [33m11[39m, [33m9[39m ],
    distractorCount: [33m3[39m,
    source: [32m'engine'[39m,
    fallbackUsed: [90mundefined[39m
  }
]
[GEN CONFIG TRACE] {
  mode: [32m'standard'[39m,
  operation: [90mundefined[39m,
  difficulty: [33m5[39m,
  totalSteps: [33m1[39m,
  answerChoices: [33m3[39m,
  table: [90mundefined[39m,
  skipSize: [90mundefined[39m,
  fullConfig: {
    learningMode: [32m'standard'[39m,
    totalSteps: [33m1[39m,
    targetNumber: [33m10[39m,
    targetFlex: [33m0[39m,
    rangeMin: [33m1[39m,
    rangeMax: [33m10[39m,
    answerChoices: [33m3[39m,
    difficultyLevel: [33m5[39m,
    phaseSequence: [ [36m[Object][39m ],
    opsEnabled: { [32m'+'[39m: [33mtrue[39m, [32m'-'[39m: [33mfalse[39m, [32m'×'[39m: [33mfalse[39m, [32m'÷'[39m: [33mfalse[39m },
    activeMode: [32m'normal'[39m,
    isMuted: [33mfalse[39m,
    timerOn: [33mfalse[39m,
    quickMindInterval: [33m10[39m,
    darkModeInterval: [33m10[39m,
    modifiersPerStep: [33m1[39m,
    enableVariables: [33mfalse[39m,
    stopwatchSkin: [32m'default'[39m,
    progressionMode: [32m'adaptive'[39m,
    presentationMode: [32m'normal'[39m,
    scriptId: [32m'circuit-climb'[39m
  }
}
[Telemetry][VT:0] GENERATOR_START { startNumber: [33m9[39m, mode: [32m'standard'[39m }
[Telemetry][VT:0] GENERATOR_STEP_CREATED { stepIndex: [33m0[39m, startNumber: [33m9[39m, answer: [33m10[39m }
[STEP TRACE] [
  {
    i: [33m0[39m,
    startNumber: [33m9[39m,
    value: [33m1[39m,
    operation: [32m'+'[39m,
    correctAnswer: [33m10[39m,
    distractors: [ [33m13[39m, [33m10[39m, [33m9[39m ],
    distractorCount: [33m3[39m,
    source: [32m'engine'[39m,
    fallbackUsed: [90mundefined[39m
  }
]
[GEN CONFIG TRACE] {
  mode: [32m'standard'[39m,
  operation: [90mundefined[39m,
  difficulty: [33m5[39m,
  totalSteps: [33m1[39m,
  answerChoices: [33m3[39m,
  table: [90mundefined[39m,
  skipSize: [90mundefined[39m,
  fullConfig: {
    learningMode: [32m'standard'[39m,
    totalSteps: [33m1[39m,
    targetNumber: [33m10[39m,
    targetFlex: [33m0[39m,
    rangeMin: [33m1[39m,
    rangeMax: [33m10[39m,
    answerChoices: [33m3[39m,
    difficultyLevel: [33m5[39m,
    phaseSequence: [ [36m[Object][39m ],
    opsEnabled: { [32m'+'[39m: [33mtrue[39m, [32m'-'[39m: [33mfalse[39m, [32m'×'[39m: [33mfalse[39m, [32m'÷'[39m: [33mfalse[39m },
    activeMode: [32m'normal'[39m,
    isMuted: [33mfalse[39m,
    timerOn: [33mfalse[39m,
    quickMindInterval: [33m10[39m,
    darkModeInterval: [33m10[39m,
    modifiersPerStep: [33m1[39m,
    enableVariables: [33mfalse[39m,
    stopwatchSkin: [32m'default'[39m,
    progressionMode: [32m'adaptive'[39m,
    presentationMode: [32m'normal'[39m,
    scriptId: [32m'circuit-climb'[39m
  }
}
[Telemetry][VT:0] GENERATOR_START { startNumber: [33m1[39m, mode: [32m'standard'[39m }
[Telemetry][VT:0] GENERATOR_STEP_CREATED { stepIndex: [33m0[39m, startNumber: [33m1[39m, answer: [33m2[39m }
[STEP TRACE] [
  {
    i: [33m0[39m,
    startNumber: [33m1[39m,
    value: [33m1[39m,
    operation: [32m'+'[39m,
    correctAnswer: [33m2[39m,
    distractors: [ [33m4[39m, [33m2[39m, [33m1[39m ],
    distractorCount: [33m3[39m,
    source: [32m'engine'[39m,
    fallbackUsed: [90mundefined[39m
  }
]
[GEN CONFIG TRACE] {
  mode: [32m'standard'[39m,
  operation: [90mundefined[39m,
  difficulty: [33m5[39m,
  totalSteps: [33m1[39m,
  answerChoices: [33m3[39m,
  table: [90mundefined[39m,
  skipSize: [90mundefined[39m,
  fullConfig: {
    learningMode: [32m'standard'[39m,
    totalSteps: [33m1[39m,
    targetNumber: [33m10[39m,
    targetFlex: [33m0[39m,
    rangeMin: [33m1[39m,
    rangeMax: [33m10[39m,
    answerChoices: [33m3[39m,
    difficultyLevel: [33m5[39m,
    phaseSequence: [ [36m[Object][39m ],
    opsEnabled: { [32m'+'[39m: [33mtrue[39m, [32m'-'[39m: [33mfalse[39m, [32m'×'[39m: [33mfalse[39m, [32m'÷'[39m: [33mfalse[39m },
    activeMode: [32m'normal'[39m,
    isMuted: [33mfalse[39m,
    timerOn: [33mfalse[39m,
    quickMindInterval: [33m10[39m,
    darkModeInterval: [33m10[39m,
    modifiersPerStep: [33m1[39m,
    enableVariables: [33mfalse[39m,
    stopwatchSkin: [32m'default'[39m,
    progressionMode: [32m'adaptive'[39m,
    presentationMode: [32m'normal'[39m,
    scriptId: [32m'circuit-climb'[39m
  }
}
[Telemetry][VT:0] GENERATOR_START { startNumber: [33m2[39m, mode: [32m'standard'[39m }
[Telemetry][VT:0] GENERATOR_STEP_CREATED { stepIndex: [33m0[39m, startNumber: [33m2[39m, answer: [33m6[39m }
[STEP TRACE] [
  {
    i: [33m0[39m,
    startNumber: [33m2[39m,
    value: [33m4[39m,
    operation: [32m'+'[39m,
    correctAnswer: [33m6[39m,
    distractors: [ [33m4[39m, [33m9[39m, [33m6[39m ],
    distractorCount: [33m3[39m,
    source: [32m'engine'[39m,
    fallbackUsed: [90mundefined[39m
  }
]
[GEN CONFIG TRACE] {
  mode: [32m'standard'[39m,
  operation: [90mundefined[39m,
  difficulty: [33m5[39m,
  totalSteps: [33m1[39m,
  answerChoices: [33m3[39m,
  table: [90mundefined[39m,
  skipSize: [90mundefined[39m,
  fullConfig: {
    learningMode: [32m'standard'[39m,
    totalSteps: [33m1[39m,
    targetNumber: [33m10[39m,
    targetFlex: [33m0[39m,
    rangeMin: [33m1[39m,
    rangeMax: [33m10[39m,
    answerChoices: [33m3[39m,
    difficultyLevel: [33m5[39m,
    phaseSequence: [ [36m[Object][39m ],
    opsEnabled: { [32m'+'[39m: [33mtrue[39m, [32m'-'[39m: [33mfalse[39m, [32m'×'[39m: [33mfalse[39m, [32m'÷'[39m: [33mfalse[39m },
    activeMode: [32m'normal'[39m,
    isMuted: [33mfalse[39m,
    timerOn: [33mfalse[39m,
    quickMindInterval: [33m10[39m,
    darkModeInterval: [33m10[39m,
    modifiersPerStep: [33m1[39m,
    enableVariables: [33mfalse[39m,
    stopwatchSkin: [32m'default'[39m,
    progressionMode: [32m'adaptive'[39m,
    presentationMode: [32m'normal'[39m,
    scriptId: [32m'circuit-climb'[39m
  }
}
[Telemetry][VT:0] GENERATOR_START { startNumber: [33m3[39m, mode: [32m'standard'[39m }
[Telemetry][VT:0] GENERATOR_STEP_CREATED { stepIndex: [33m0[39m, startNumber: [33m3[39m, answer: [33m9[39m }
[STEP TRACE] [
  {
    i: [33m0[39m,
    startNumber: [33m3[39m,
    value: [33m6[39m,
    operation: [32m'+'[39m,
    correctAnswer: [33m9[39m,
    distractors: [ [33m12[39m, [33m9[39m, [33m10[39m ],
    distractorCount: [33m3[39m,
    source: [32m'engine'[39m,
    fallbackUsed: [90mundefined[39m
  }
]
[GEN CONFIG TRACE] {
  mode: [32m'standard'[39m,
  operation: [90mundefined[39m,
  difficulty: [33m5[39m,
  totalSteps: [33m1[39m,
  answerChoices: [33m3[39m,
  table: [90mundefined[39m,
  skipSize: [90mundefined[39m,
  fullConfig: {
    learningMode: [32m'standard'[39m,
    totalSteps: [33m1[39m,
    targetNumber: [33m10[39m,
    targetFlex: [33m0[39m,
    rangeMin: [33m1[39m,
    rangeMax: [33m10[39m,
    answerChoices: [33m3[39m,
    difficultyLevel: [33m5[39m,
    phaseSequence: [ [36m[Object][39m ],
    opsEnabled: { [32m'+'[39m: [33mtrue[39m, [32m'-'[39m: [33mfalse[39m, [32m'×'[39m: [33mfalse[39m, [32m'÷'[39m: [33mfalse[39m },
    activeMode: [32m'normal'[39m,
    isMuted: [33mfalse[39m,
    timerOn: [33mfalse[39m,
    quickMindInterval: [33m10[39m,
    darkModeInterval: [33m10[39m,
    modifiersPerStep: [33m1[39m,
    enableVariables: [33mfalse[39m,
    stopwatchSkin: [32m'default'[39m,
    progressionMode: [32m'adaptive'[39m,
    presentationMode: [32m'normal'[39m,
    scriptId: [32m'circuit-climb'[39m
  }
}
[Telemetry][VT:0] GENERATOR_START { startNumber: [33m4[39m, mode: [32m'standard'[39m }
[Telemetry][VT:0] GENERATOR_STEP_CREATED { stepIndex: [33m0[39m, startNumber: [33m4[39m, answer: [33m7[39m }
[STEP TRACE] [
  {
    i: [33m0[39m,
    startNumber: [33m4[39m,
    value: [33m3[39m,
    operation: [32m'+'[39m,
    correctAnswer: [33m7[39m,
    distractors: [ [33m4[39m, [33m6[39m, [33m7[39m ],
    distractorCount: [33m3[39m,
    source: [32m'engine'[39m,
    fallbackUsed: [90mundefined[39m
  }
]
[GEN CONFIG TRACE] {
  mode: [32m'standard'[39m,
  operation: [90mundefined[39m,
  difficulty: [33m5[39m,
  totalSteps: [33m1[39m,
  answerChoices: [33m3[39m,
  table: [90mundefined[39m,
  skipSize: [90mundefined[39m,
  fullConfig: {
    learningMode: [32m'standard'[39m,
    totalSteps: [33m1[39m,
    targetNumber: [33m10[39m,
    targetFlex: [33m0[39m,
    rangeMin: [33m1[39m,
    rangeMax: [33m10[39m,
    answerChoices: [33m3[39m,
    difficultyLevel: [33m5[39m,
    phaseSequence: [ [36m[Object][39m ],
    opsEnabled: { [32m'+'[39m: [33mtrue[39m, [32m'-'[39m: [33mfalse[39m, [32m'×'[39m: [33mfalse[39m, [32m'÷'[39m: [33mfalse[39m },
    activeMode: [32m'normal'[39m,
    isMuted: [33mfalse[39m,
    timerOn: [33mfalse[39m,
    quickMindInterval: [33m10[39m,
    darkModeInterval: [33m10[39m,
    modifiersPerStep: [33m1[39m,
    enableVariables: [33mfalse[39m,
    stopwatchSkin: [32m'default'[39m,
    progressionMode: [32m'adaptive'[39m,
    presentationMode: [32m'normal'[39m,
    scriptId: [32m'circuit-climb'[39m
  }
}
[Telemetry][VT:0] GENERATOR_START { startNumber: [33m5[39m, mode: [32m'standard'[39m }
[Telemetry][VT:0] GENERATOR_STEP_CREATED { stepIndex: [33m0[39m, startNumber: [33m5[39m, answer: [33m7[39m }
[STEP TRACE] [
  {
    i: [33m0[39m,
    startNumber: [33m5[39m,
    value: [33m2[39m,
    operation: [32m'+'[39m,
    correctAnswer: [33m7[39m,
    distractors: [ [33m4[39m, [33m8[39m, [33m7[39m ],
    distractorCount: [33m3[39m,
    source: [32m'engine'[39m,
    fallbackUsed: [90mundefined[39m
  }
]
[GEN CONFIG TRACE] {
  mode: [32m'standard'[39m,
  operation: [90mundefined[39m,
  difficulty: [33m5[39m,
  totalSteps: [33m1[39m,
  answerChoices: [33m3[39m,
  table: [90mundefined[39m,
  skipSize: [90mundefined[39m,
  fullConfig: {
    learningMode: [32m'standard'[39m,
    totalSteps: [33m1[39m,
    targetNumber: [33m12[39m,
    targetFlex: [33m0[39m,
    rangeMin: [33m1[39m,
    rangeMax: [33m12[39m,
    answerChoices: [33m3[39m,
    difficultyLevel: [33m5[39m,
    phaseSequence: [ [36m[Object][39m ],
    opsEnabled: { [32m'+'[39m: [33mtrue[39m, [32m'-'[39m: [33mfalse[39m, [32m'×'[39m: [33mfalse[39m, [32m'÷'[39m: [33mfalse[39m },
    activeMode: [32m'normal'[39m,
    isMuted: [33mfalse[39m,
    timerOn: [33mfalse[39m,
    quickMindInterval: [33m10[39m,
    darkModeInterval: [33m10[39m,
    modifiersPerStep: [33m1[39m,
    enableVariables: [33mfalse[39m,
    stopwatchSkin: [32m'default'[39m,
    progressionMode: [32m'adaptive'[39m,
    presentationMode: [32m'normal'[39m,
    scriptId: [32m'circuit-climb'[39m
  }
}
[Telemetry][VT:0] GENERATOR_START { startNumber: [33m7[39m, mode: [32m'standard'[39m }
[Telemetry][VT:0] GENERATOR_STEP_CREATED { stepIndex: [33m0[39m, startNumber: [33m7[39m, answer: [33m11[39m }
[STEP TRACE] [
  {
    i: [33m0[39m,
    startNumber: [33m7[39m,
    value: [33m4[39m,
    operation: [32m'+'[39m,
    correctAnswer: [33m11[39m,
    distractors: [ [33m8[39m, [33m11[39m, [33m13[39m ],
    distractorCount: [33m3[39m,
    source: [32m'engine'[39m,
    fallbackUsed: [90mundefined[39m
  }
]
[GEN CONFIG TRACE] {
  mode: [32m'standard'[39m,
  operation: [90mundefined[39m,
  difficulty: [33m5[39m,
  totalSteps: [33m1[39m,
  answerChoices: [33m3[39m,
  table: [90mundefined[39m,
  skipSize: [90mundefined[39m,
  fullConfig: {
    learningMode: [32m'standard'[39m,
    totalSteps: [33m1[39m,
    targetNumber: [33m12[39m,
    targetFlex: [33m0[39m,
    rangeMin: [33m1[39m,
    rangeMax: [33m12[39m,
    answerChoices: [33m3[39m,
    difficultyLevel: [33m5[39m,
    phaseSequence: [ [36m[Object][39m ],
    opsEnabled: { [32m'+'[39m: [33mtrue[39m, [32m'-'[39m: [33mfalse[39m, [32m'×'[39m: [33mfalse[39m, [32m'÷'[39m: [33mfalse[39m },
    activeMode: [32m'normal'[39m,
    isMuted: [33mfalse[39m,
    timerOn: [33mfalse[39m,
    quickMindInterval: [33m10[39m,
    darkModeInterval: [33m10[39m,
    modifiersPerStep: [33m1[39m,
    enableVariables: [33mfalse[39m,
    stopwatchSkin: [32m'default'[39m,
    progressionMode: [32m'adaptive'[39m,
    presentationMode: [32m'normal'[39m,
    scriptId: [32m'circuit-climb'[39m
  }
}
[Telemetry][VT:0] GENERATOR_START { startNumber: [33m8[39m, mode: [32m'standard'[39m }
[Telemetry][VT:0] GENERATOR_STEP_CREATED { stepIndex: [33m0[39m, startNumber: [33m8[39m, answer: [33m10[39m }
[STEP TRACE] [
  {
    i: [33m0[39m,
    startNumber: [33m8[39m,
    value: [33m2[39m,
    operation: [32m'+'[39m,
    correctAnswer: [33m10[39m,
    distractors: [ [33m11[39m, [33m10[39m, [33m9[39m ],
    distractorCount: [33m3[39m,
    source: [32m'engine'[39m,
    fallbackUsed: [90mundefined[39m
  }
]
[GEN CONFIG TRACE] {
  mode: [32m'standard'[39m,
  operation: [90mundefined[39m,
  difficulty: [33m5[39m,
  totalSteps: [33m1[39m,
  answerChoices: [33m3[39m,
  table: [90mundefined[39m,
  skipSize: [90mundefined[39m,
  fullConfig: {
    learningMode: [32m'standard'[39m,
    totalSteps: [33m1[39m,
    targetNumber: [33m12[39m,
    targetFlex: [33m0[39m,
    rangeMin: [33m1[39m,
    rangeMax: [33m12[39m,
    answerChoices: [33m3[39m,
    difficultyLevel: [33m5[39m,
    phaseSequence: [ [36m[Object][39m ],
    opsEnabled: { [32m'+'[39m: [33mtrue[39m, [32m'-'[39m: [33mfalse[39m, [32m'×'[39m: [33mfalse[39m, [32m'÷'[39m: [33mfalse[39m },
    activeMode: [32m'normal'[39m,
    isMuted: [33mfalse[39m,
    timerOn: [33mfalse[39m,
    quickMindInterval: [33m10[39m,
    darkModeInterval: [33m10[39m,
    modifiersPerStep: [33m1[39m,
    enableVariables: [33mfalse[39m,
    stopwatchSkin: [32m'default'[39m,
    progressionMode: [32m'adaptive'[39m,
    presentationMode: [32m'normal'[39m,
    scriptId: [32m'circuit-climb'[39m
  }
}
[Telemetry][VT:0] GENERATOR_START { startNumber: [33m9[39m, mode: [32m'standard'[39m }
[Telemetry][VT:0] GENERATOR_STEP_CREATED { stepIndex: [33m0[39m, startNumber: [33m9[39m, answer: [33m12[39m }
[STEP TRACE] [
  {
    i: [33m0[39m,
    startNumber: [33m9[39m,
    value: [33m3[39m,
    operation: [32m'+'[39m,
    correctAnswer: [33m12[39m,
    distractors: [ [33m12[39m, [33m9[39m, [33m13[39m ],
    distractorCount: [33m3[39m,
    source: [32m'engine'[39m,
    fallbackUsed: [90mundefined[39m
  }
]
[GEN CONFIG TRACE] {
  mode: [32m'standard'[39m,
  operation: [90mundefined[39m,
  difficulty: [33m5[39m,
  totalSteps: [33m1[39m,
  answerChoices: [33m3[39m,
  table: [90mundefined[39m,
  skipSize: [90mundefined[39m,
  fullConfig: {
    learningMode: [32m'standard'[39m,
    totalSteps: [33m1[39m,
    targetNumber: [33m12[39m,
    targetFlex: [33m0[39m,
    rangeMin: [33m1[39m,
    rangeMax: [33m12[39m,
    answerChoices: [33m3[39m,
    difficultyLevel: [33m5[39m,
    phaseSequence: [ [36m[Object][39m ],
    opsEnabled: { [32m'+'[39m: [33mtrue[39m, [32m'-'[39m: [33mfalse[39m, [32m'×'[39m: [33mfalse[39m, [32m'÷'[39m: [33mfalse[39m },
    activeMode: [32m'normal'[39m,
    isMuted: [33mfalse[39m,
    timerOn: [33mfalse[39m,
    quickMindInterval: [33m10[39m,
    darkModeInterval: [33m10[39m,
    modifiersPerStep: [33m1[39m,
    enableVariables: [33mfalse[39m,
    stopwatchSkin: [32m'default'[39m,
    progressionMode: [32m'adaptive'[39m,
    presentationMode: [32m'normal'[39m,
    scriptId: [32m'circuit-climb'[39m
  }
}
[Telemetry][VT:0] GENERATOR_START { startNumber: [33m10[39m, mode: [32m'standard'[39m }
[Telemetry][VT:0] GENERATOR_STEP_CREATED { stepIndex: [33m0[39m, startNumber: [33m10[39m, answer: [33m12[39m }
[STEP TRACE] [
  {
    i: [33m0[39m,
    startNumber: [33m10[39m,
    value: [33m2[39m,
    operation: [32m'+'[39m,
    correctAnswer: [33m12[39m,
    distractors: [ [33m9[39m, [33m12[39m, [33m11[39m ],
    distractorCount: [33m3[39m,
    source: [32m'engine'[39m,
    fallbackUsed: [90mundefined[39m
  }
]
[GEN CONFIG TRACE] {
  mode: [32m'standard'[39m,
  operation: [90mundefined[39m,
  difficulty: [33m5[39m,
  totalSteps: [33m1[39m,
  answerChoices: [33m3[39m,
  table: [90mundefined[39m,
  skipSize: [90mundefined[39m,
  fullConfig: {
    learningMode: [32m'standard'[39m,
    totalSteps: [33m1[39m,
    targetNumber: [33m12[39m,
    targetFlex: [33m0[39m,
    rangeMin: [33m1[39m,
    rangeMax: [33m12[39m,
    answerChoices: [33m3[39m,
    difficultyLevel: [33m5[39m,
    phaseSequence: [ [36m[Object][39m ],
    opsEnabled: { [32m'+'[39m: [33mtrue[39m, [32m'-'[39m: [33mfalse[39m, [32m'×'[39m: [33mfalse[39m, [32m'÷'[39m: [33mfalse[39m },
    activeMode: [32m'normal'[39m,
    isMuted: [33mfalse[39m,
    timerOn: [33mfalse[39m,
    quickMindInterval: [33m10[39m,
    darkModeInterval: [33m10[39m,
    modifiersPerStep: [33m1[39m,
    enableVariables: [33mfalse[39m,
    stopwatchSkin: [32m'default'[39m,
    progressionMode: [32m'adaptive'[39m,
    presentationMode: [32m'normal'[39m,
    scriptId: [32m'circuit-climb'[39m
  }
}
[Telemetry][VT:0] GENERATOR_START { startNumber: [33m11[39m, mode: [32m'standard'[39m }
[Telemetry][VT:0] GENERATOR_STEP_CREATED { stepIndex: [33m0[39m, startNumber: [33m11[39m, answer: [33m12[39m }
[STEP TRACE] [
  {
    i: [33m0[39m,
    startNumber: [33m11[39m,
    value: [33m1[39m,
    operation: [32m'+'[39m,
    correctAnswer: [33m12[39m,
    distractors: [ [33m11[39m, [33m12[39m, [33m14[39m ],
    distractorCount: [33m3[39m,
    source: [32m'engine'[39m,
    fallbackUsed: [90mundefined[39m
  }
]
[GEN CONFIG TRACE] {
  mode: [32m'standard'[39m,
  operation: [90mundefined[39m,
  difficulty: [33m5[39m,
  totalSteps: [33m1[39m,
  answerChoices: [33m3[39m,
  table: [90mundefined[39m,
  skipSize: [90mundefined[39m,
  fullConfig: {
    learningMode: [32m'standard'[39m,
    totalSteps: [33m1[39m,
    targetNumber: [33m12[39m,
    targetFlex: [33m0[39m,
    rangeMin: [33m1[39m,
    rangeMax: [33m12[39m,
    answerChoices: [33m3[39m,
    difficultyLevel: [33m5[39m,
    phaseSequence: [ [36m[Object][39m ],
    opsEnabled: { [32m'+'[39m: [33mtrue[39m, [32m'-'[39m: [33mfalse[39m, [32m'×'[39m: [33mfalse[39m, [32m'÷'[39m: [33mfalse[39m },
    activeMode: [32m'normal'[39m,
    isMuted: [33mfalse[39m,
    timerOn: [33mfalse[39m,
    quickMindInterval: [33m10[39m,
    darkModeInterval: [33m10[39m,
    modifiersPerStep: [33m1[39m,
    enableVariables: [33mfalse[39m,
    stopwatchSkin: [32m'default'[39m,
    progressionMode: [32m'adaptive'[39m,
    presentationMode: [32m'normal'[39m,
    scriptId: [32m'circuit-climb'[39m
  }
}
[Telemetry][VT:0] GENERATOR_START { startNumber: [33m1[39m, mode: [32m'standard'[39m }
[Telemetry][VT:0] GENERATOR_STEP_CREATED { stepIndex: [33m0[39m, startNumber: [33m1[39m, answer: [33m3[39m }
[STEP TRACE] [
  {
    i: [33m0[39m,
    startNumber: [33m1[39m,
    value: [33m2[39m,
    operation: [32m'+'[39m,
    correctAnswer: [33m3[39m,
    distractors: [ [33m3[39m, [33m5[39m, [33m2[39m ],
    distractorCount: [33m3[39m,
    source: [32m'engine'[39m,
    fallbackUsed: [90mundefined[39m
  }
]
[GEN CONFIG TRACE] {
  mode: [32m'standard'[39m,
  operation: [90mundefined[39m,
  difficulty: [33m5[39m,
  totalSteps: [33m1[39m,
  answerChoices: [33m3[39m,
  table: [90mundefined[39m,
  skipSize: [90mundefined[39m,
  fullConfig: {
    learningMode: [32m'standard'[39m,
    totalSteps: [33m1[39m,
    targetNumber: [33m12[39m,
    targetFlex: [33m0[39m,
    rangeMin: [33m1[39m,
    rangeMax: [33m12[39m,
    answerChoices: [33m3[39m,
    difficultyLevel: [33m5[39m,
    phaseSequence: [ [36m[Object][39m ],
    opsEnabled: { [32m'+'[39m: [33mtrue[39m, [32m'-'[39m: [33mfalse[39m, [32m'×'[39m: [33mfalse[39m, [32m'÷'[39m: [33mfalse[39m },
    activeMode: [32m'normal'[39m,
    isMuted: [33mfalse[39m,
    timerOn: [33mfalse[39m,
    quickMindInterval: [33m10[39m,
    darkModeInterval: [33m10[39m,
    modifiersPerStep: [33m1[39m,
    enableVariables: [33mfalse[39m,
    stopwatchSkin: [32m'default'[39m,
    progressionMode: [32m'adaptive'[39m,
    presentationMode: [32m'normal'[39m,
    scriptId: [32m'circuit-climb'[39m
  }
}
[Telemetry][VT:0] GENERATOR_START { startNumber: [33m2[39m, mode: [32m'standard'[39m }
[Telemetry][VT:0] GENERATOR_STEP_CREATED { stepIndex: [33m0[39m, startNumber: [33m2[39m, answer: [33m9[39m }
[STEP TRACE] [
  {
    i: [33m0[39m,
    startNumber: [33m2[39m,
    value: [33m7[39m,
    operation: [32m'+'[39m,
    correctAnswer: [33m9[39m,
    distractors: [ [33m9[39m, [33m11[39m, [33m10[39m ],
    distractorCount: [33m3[39m,
    source: [32m'engine'[39m,
    fallbackUsed: [90mundefined[39m
  }
]
[GEN CONFIG TRACE] {
  mode: [32m'standard'[39m,
  operation: [90mundefined[39m,
  difficulty: [33m5[39m,
  totalSteps: [33m1[39m,
  answerChoices: [33m3[39m,
  table: [90mundefined[39m,
  skipSize: [90mundefined[39m,
  fullConfig: {
    learningMode: [32m'standard'[39m,
    totalSteps: [33m1[39m,
    targetNumber: [33m12[39m,
    targetFlex: [33m0[39m,
    rangeMin: [33m1[39m,
    rangeMax: [33m12[39m,
    answerChoices: [33m3[39m,
    difficultyLevel: [33m5[39m,
    phaseSequence: [ [36m[Object][39m ],
    opsEnabled: { [32m'+'[39m: [33mtrue[39m, [32m'-'[39m: [33mfalse[39m, [32m'×'[39m: [33mfalse[39m, [32m'÷'[39m: [33mfalse[39m },
    activeMode: [32m'normal'[39m,
    isMuted: [33mfalse[39m,
    timerOn: [33mfalse[39m,
    quickMindInterval: [33m10[39m,
    darkModeInterval: [33m10[39m,
    modifiersPerStep: [33m1[39m,
    enableVariables: [33mfalse[39m,
    stopwatchSkin: [32m'default'[39m,
    progressionMode: [32m'adaptive'[39m,
    presentationMode: [32m'normal'[39m,
    scriptId: [32m'circuit-climb'[39m
  }
}
[Telemetry][VT:0] GENERATOR_START { startNumber: [33m3[39m, mode: [32m'standard'[39m }
[Telemetry][VT:0] GENERATOR_STEP_CREATED { stepIndex: [33m0[39m, startNumber: [33m3[39m, answer: [33m6[39m }
[STEP TRACE] [
  {
    i: [33m0[39m,
    startNumber: [33m3[39m,
    value: [33m3[39m,
    operation: [32m'+'[39m,
    correctAnswer: [33m6[39m,
    distractors: [ [33m6[39m, [33m7[39m, [33m5[39m ],
    distractorCount: [33m3[39m,
    source: [32m'engine'[39m,
    fallbackUsed: [90mundefined[39m
  }
]
[GEN CONFIG TRACE] {
  mode: [32m'standard'[39m,
  operation: [90mundefined[39m,
  difficulty: [33m5[39m,
  totalSteps: [33m1[39m,
  answerChoices: [33m3[39m,
  table: [90mundefined[39m,
  skipSize: [90mundefined[39m,
  fullConfig: {
    learningMode: [32m'standard'[39m,
    totalSteps: [33m1[39m,
    targetNumber: [33m12[39m,
    targetFlex: [33m0[39m,
    rangeMin: [33m1[39m,
    rangeMax: [33m12[39m,
    answerChoices: [33m3[39m,
    difficultyLevel: [33m5[39m,
    phaseSequence: [ [36m[Object][39m ],
    opsEnabled: { [32m'+'[39m: [33mtrue[39m, [32m'-'[39m: [33mfalse[39m, [32m'×'[39m: [33mfalse[39m, [32m'÷'[39m: [33mfalse[39m },
    activeMode: [32m'normal'[39m,
    isMuted: [33mfalse[39m,
    timerOn: [33mfalse[39m,
    quickMindInterval: [33m10[39m,
    darkModeInterval: [33m10[39m,
    modifiersPerStep: [33m1[39m,
    enableVariables: [33mfalse[39m,
    stopwatchSkin: [32m'default'[39m,
    progressionMode: [32m'adaptive'[39m,
    presentationMode: [32m'normal'[39m,
    scriptId: [32m'circuit-climb'[39m
  }
}
[Telemetry][VT:0] GENERATOR_START { startNumber: [33m4[39m, mode: [32m'standard'[39m }
[Telemetry][VT:0] GENERATOR_STEP_CREATED { stepIndex: [33m0[39m, startNumber: [33m4[39m, answer: [33m11[39m }
[STEP TRACE] [
  {
    i: [33m0[39m,
    startNumber: [33m4[39m,
    value: [33m7[39m,
    operation: [32m'+'[39m,
    correctAnswer: [33m11[39m,
    distractors: [ [33m9[39m, [33m10[39m, [33m11[39m ],
    distractorCount: [33m3[39m,
    source: [32m'engine'[39m,
    fallbackUsed: [90mundefined[39m
  }
]
[GEN CONFIG TRACE] {
  mode: [32m'standard'[39m,
  operation: [90mundefined[39m,
  difficulty: [33m5[39m,
  totalSteps: [33m1[39m,
  answerChoices: [33m3[39m,
  table: [90mundefined[39m,
  skipSize: [90mundefined[39m,
  fullConfig: {
    learningMode: [32m'standard'[39m,
    totalSteps: [33m1[39m,
    targetNumber: [33m12[39m,
    targetFlex: [33m0[39m,
    rangeMin: [33m1[39m,
    rangeMax: [33m12[39m,
    answerChoices: [33m3[39m,
    difficultyLevel: [33m5[39m,
    phaseSequence: [ [36m[Object][39m ],
    opsEnabled: { [32m'+'[39m: [33mtrue[39m, [32m'-'[39m: [33mfalse[39m, [32m'×'[39m: [33mfalse[39m, [32m'÷'[39m: [33mfalse[39m },
    activeMode: [32m'normal'[39m,
    isMuted: [33mfalse[39m,
    timerOn: [33mfalse[39m,
    quickMindInterval: [33m10[39m,
    darkModeInterval: [33m10[39m,
    modifiersPerStep: [33m1[39m,
    enableVariables: [33mfalse[39m,
    stopwatchSkin: [32m'default'[39m,
    progressionMode: [32m'adaptive'[39m,
    presentationMode: [32m'normal'[39m,
    scriptId: [32m'circuit-climb'[39m
  }
}
[Telemetry][VT:0] GENERATOR_START { startNumber: [33m5[39m, mode: [32m'standard'[39m }
[Telemetry][VT:0] GENERATOR_STEP_CREATED { stepIndex: [33m0[39m, startNumber: [33m5[39m, answer: [33m8[39m }
[STEP TRACE] [
  {
    i: [33m0[39m,
    startNumber: [33m5[39m,
    value: [33m3[39m,
    operation: [32m'+'[39m,
    correctAnswer: [33m8[39m,
    distractors: [ [33m8[39m, [33m11[39m, [33m9[39m ],
    distractorCount: [33m3[39m,
    source: [32m'engine'[39m,
    fallbackUsed: [90mundefined[39m
  }
]
[GEN CONFIG TRACE] {
  mode: [32m'standard'[39m,
  operation: [90mundefined[39m,
  difficulty: [33m5[39m,
  totalSteps: [33m1[39m,
  answerChoices: [33m3[39m,
  table: [90mundefined[39m,
  skipSize: [90mundefined[39m,
  fullConfig: {
    learningMode: [32m'standard'[39m,
    totalSteps: [33m1[39m,
    targetNumber: [33m12[39m,
    targetFlex: [33m0[39m,
    rangeMin: [33m1[39m,
    rangeMax: [33m12[39m,
    answerChoices: [33m3[39m,
    difficultyLevel: [33m5[39m,
    phaseSequence: [ [36m[Object][39m ],
    opsEnabled: { [32m'+'[39m: [33mtrue[39m, [32m'-'[39m: [33mfalse[39m, [32m'×'[39m: [33mfalse[39m, [32m'÷'[39m: [33mfalse[39m },
    activeMode: [32m'normal'[39m,
    isMuted: [33mfalse[39m,
    timerOn: [33mfalse[39m,
    quickMindInterval: [33m10[39m,
    darkModeInterval: [33m10[39m,
    modifiersPerStep: [33m1[39m,
    enableVariables: [33mfalse[39m,
    stopwatchSkin: [32m'default'[39m,
    progressionMode: [32m'adaptive'[39m,
    presentationMode: [32m'normal'[39m,
    scriptId: [32m'circuit-climb'[39m
  }
}
[Telemetry][VT:0] GENERATOR_START { startNumber: [33m6[39m, mode: [32m'standard'[39m }
[Telemetry][VT:0] GENERATOR_STEP_CREATED { stepIndex: [33m0[39m, startNumber: [33m6[39m, answer: [33m8[39m }
[STEP TRACE] [
  {
    i: [33m0[39m,
    startNumber: [33m6[39m,
    value: [33m2[39m,
    operation: [32m'+'[39m,
    correctAnswer: [33m8[39m,
    distractors: [ [33m8[39m, [33m7[39m, [33m9[39m ],
    distractorCount: [33m3[39m,
    source: [32m'engine'[39m,
    fallbackUsed: [90mundefined[39m
  }
]
[GEN CONFIG TRACE] {
  mode: [32m'standard'[39m,
  operation: [90mundefined[39m,
  difficulty: [33m5[39m,
  totalSteps: [33m1[39m,
  answerChoices: [33m3[39m,
  table: [90mundefined[39m,
  skipSize: [90mundefined[39m,
  fullConfig: {
    learningMode: [32m'standard'[39m,
    totalSteps: [33m1[39m,
    targetNumber: [33m12[39m,
    targetFlex: [33m0[39m,
    rangeMin: [33m1[39m,
    rangeMax: [33m12[39m,
    answerChoices: [33m3[39m,
    difficultyLevel: [33m5[39m,
    phaseSequence: [ [36m[Object][39m ],
    opsEnabled: { [32m'+'[39m: [33mtrue[39m, [32m'-'[39m: [33mfalse[39m, [32m'×'[39m: [33mfalse[39m, [32m'÷'[39m: [33mfalse[39m },
    activeMode: [32m'normal'[39m,
    isMuted: [33mfalse[39m,
    timerOn: [33mfalse[39m,
    quickMindInterval: [33m10[39m,
    darkModeInterval: [33m10[39m,
    modifiersPerStep: [33m1[39m,
    enableVariables: [33mfalse[39m,
    stopwatchSkin: [32m'default'[39m,
    progressionMode: [32m'adaptive'[39m,
    presentationMode: [32m'normal'[39m,
    scriptId: [32m'circuit-climb'[39m
  }
}
[Telemetry][VT:0] GENERATOR_START { startNumber: [33m7[39m, mode: [32m'standard'[39m }
[Telemetry][VT:0] GENERATOR_STEP_CREATED { stepIndex: [33m0[39m, startNumber: [33m7[39m, answer: [33m10[39m }
[STEP TRACE] [
  {
    i: [33m0[39m,
    startNumber: [33m7[39m,
    value: [33m3[39m,
    operation: [32m'+'[39m,
    correctAnswer: [33m10[39m,
    distractors: [ [33m13[39m, [33m8[39m, [33m10[39m ],
    distractorCount: [33m3[39m,
    source: [32m'engine'[39m,
    fallbackUsed: [90mundefined[39m
  }
]
[GEN CONFIG TRACE] {
  mode: [32m'standard'[39m,
  operation: [90mundefined[39m,
  difficulty: [33m5[39m,
  totalSteps: [33m1[39m,
  answerChoices: [33m3[39m,
  table: [90mundefined[39m,
  skipSize: [90mundefined[39m,
  fullConfig: {
    learningMode: [32m'standard'[39m,
    totalSteps: [33m1[39m,
    targetNumber: [33m12[39m,
    targetFlex: [33m0[39m,
    rangeMin: [33m1[39m,
    rangeMax: [33m12[39m,
    answerChoices: [33m3[39m,
    difficultyLevel: [33m5[39m,
    phaseSequence: [ [36m[Object][39m ],
    opsEnabled: { [32m'+'[39m: [33mtrue[39m, [32m'-'[39m: [33mfalse[39m, [32m'×'[39m: [33mfalse[39m, [32m'÷'[39m: [33mfalse[39m },
    activeMode: [32m'normal'[39m,
    isMuted: [33mfalse[39m,
    timerOn: [33mfalse[39m,
    quickMindInterval: [33m10[39m,
    darkModeInterval: [33m10[39m,
    modifiersPerStep: [33m1[39m,
    enableVariables: [33mfalse[39m,
    stopwatchSkin: [32m'default'[39m,
    progressionMode: [32m'adaptive'[39m,
    presentationMode: [32m'normal'[39m,
    scriptId: [32m'circuit-climb'[39m
  }
}
[Telemetry][VT:0] GENERATOR_START { startNumber: [33m8[39m, mode: [32m'standard'[39m }
[Telemetry][VT:0] GENERATOR_STEP_CREATED { stepIndex: [33m0[39m, startNumber: [33m8[39m, answer: [33m9[39m }
[STEP TRACE] [
  {
    i: [33m0[39m,
    startNumber: [33m8[39m,
    value: [33m1[39m,
    operation: [32m'+'[39m,
    correctAnswer: [33m9[39m,
    distractors: [ [33m9[39m, [33m6[39m, [33m10[39m ],
    distractorCount: [33m3[39m,
    source: [32m'engine'[39m,
    fallbackUsed: [90mundefined[39m
  }
]
[GEN CONFIG TRACE] {
  mode: [32m'standard'[39m,
  operation: [90mundefined[39m,
  difficulty: [33m5[39m,
  totalSteps: [33m1[39m,
  answerChoices: [33m3[39m,
  table: [90mundefined[39m,
  skipSize: [90mundefined[39m,
  fullConfig: {
    learningMode: [32m'standard'[39m,
    totalSteps: [33m1[39m,
    targetNumber: [33m12[39m,
    targetFlex: [33m0[39m,
    rangeMin: [33m1[39m,
    rangeMax: [33m12[39m,
    answerChoices: [33m3[39m,
    difficultyLevel: [33m5[39m,
    phaseSequence: [ [36m[Object][39m ],
    opsEnabled: { [32m'+'[39m: [33mtrue[39m, [32m'-'[39m: [33mfalse[39m, [32m'×'[39m: [33mfalse[39m, [32m'÷'[39m: [33mfalse[39m },
    activeMode: [32m'normal'[39m,
    isMuted: [33mfalse[39m,
    timerOn: [33mfalse[39m,
    quickMindInterval: [33m10[39m,
    darkModeInterval: [33m10[39m,
    modifiersPerStep: [33m1[39m,
    enableVariables: [33mfalse[39m,
    stopwatchSkin: [32m'default'[39m,
    progressionMode: [32m'adaptive'[39m,
    presentationMode: [32m'normal'[39m,
    scriptId: [32m'circuit-climb'[39m
  }
}
[Telemetry][VT:0] GENERATOR_START { startNumber: [33m9[39m, mode: [32m'standard'[39m }
[Telemetry][VT:0] GENERATOR_STEP_CREATED { stepIndex: [33m0[39m, startNumber: [33m9[39m, answer: [33m12[39m }
[STEP TRACE] [
  {
    i: [33m0[39m,
    startNumber: [33m9[39m,
    value: [33m3[39m,
    operation: [32m'+'[39m,
    correctAnswer: [33m12[39m,
    distractors: [ [33m14[39m, [33m12[39m, [33m9[39m ],
    distractorCount: [33m3[39m,
    source: [32m'engine'[39m,
    fallbackUsed: [90mundefined[39m
  }
]
[GEN CONFIG TRACE] {
  mode: [32m'standard'[39m,
  operation: [90mundefined[39m,
  difficulty: [33m5[39m,
  totalSteps: [33m1[39m,
  answerChoices: [33m3[39m,
  table: [90mundefined[39m,
  skipSize: [90mundefined[39m,
  fullConfig: {
    learningMode: [32m'standard'[39m,
    totalSteps: [33m1[39m,
    targetNumber: [33m12[39m,
    targetFlex: [33m0[39m,
    rangeMin: [33m1[39m,
    rangeMax: [33m12[39m,
    answerChoices: [33m3[39m,
    difficultyLevel: [33m5[39m,
    phaseSequence: [ [36m[Object][39m ],
    opsEnabled: { [32m'+'[39m: [33mtrue[39m, [32m'-'[39m: [33mfalse[39m, [32m'×'[39m: [33mfalse[39m, [32m'÷'[39m: [33mfalse[39m },
    activeMode: [32m'normal'[39m,
    isMuted: [33mfalse[39m,
    timerOn: [33mfalse[39m,
    quickMindInterval: [33m10[39m,
    darkModeInterval: [33m10[39m,
    modifiersPerStep: [33m1[39m,
    enableVariables: [33mfalse[39m,
    stopwatchSkin: [32m'default'[39m,
    progressionMode: [32m'adaptive'[39m,
    presentationMode: [32m'normal'[39m,
    scriptId: [32m'circuit-climb'[39m
  }
}
[Telemetry][VT:0] GENERATOR_START { startNumber: [33m10[39m, mode: [32m'standard'[39m }
[Telemetry][VT:0] GENERATOR_STEP_CREATED { stepIndex: [33m0[39m, startNumber: [33m10[39m, answer: [33m12[39m }
[STEP TRACE] [
  {
    i: [33m0[39m,
    startNumber: [33m10[39m,
    value: [33m2[39m,
    operation: [32m'+'[39m,
    correctAnswer: [33m12[39m,
    distractors: [ [33m12[39m, [33m10[39m, [33m11[39m ],
    distractorCount: [33m3[39m,
    source: [32m'engine'[39m,
    fallbackUsed: [90mundefined[39m
  }
]
[GEN CONFIG TRACE] {
  mode: [32m'standard'[39m,
  operation: [90mundefined[39m,
  difficulty: [33m5[39m,
  totalSteps: [33m1[39m,
  answerChoices: [33m3[39m,
  table: [90mundefined[39m,
  skipSize: [90mundefined[39m,
  fullConfig: {
    learningMode: [32m'standard'[39m,
    totalSteps: [33m1[39m,
    targetNumber: [33m12[39m,
    targetFlex: [33m0[39m,
    rangeMin: [33m1[39m,
    rangeMax: [33m12[39m,
    answerChoices: [33m3[39m,
    difficultyLevel: [33m5[39m,
    phaseSequence: [ [36m[Object][39m ],
    opsEnabled: { [32m'+'[39m: [33mtrue[39m, [32m'-'[39m: [33mfalse[39m, [32m'×'[39m: [33mfalse[39m, [32m'÷'[39m: [33mfalse[39m },
    activeMode: [32m'normal'[39m,
    isMuted: [33mfalse[39m,
    timerOn: [33mfalse[39m,
    quickMindInterval: [33m10[39m,
    darkModeInterval: [33m10[39m,
    modifiersPerStep: [33m1[39m,
    enableVariables: [33mfalse[39m,
    stopwatchSkin: [32m'default'[39m,
    progressionMode: [32m'adaptive'[39m,
    presentationMode: [32m'normal'[39m,
    scriptId: [32m'circuit-climb'[39m
  }
}
[Telemetry][VT:0] GENERATOR_START { startNumber: [33m11[39m, mode: [32m'standard'[39m }
[Telemetry][VT:0] GENERATOR_STEP_CREATED { stepIndex: [33m0[39m, startNumber: [33m11[39m, answer: [33m12[39m }
[STEP TRACE] [
  {
    i: [33m0[39m,
    startNumber: [33m11[39m,
    value: [33m1[39m,
    operation: [32m'+'[39m,
    correctAnswer: [33m12[39m,
    distractors: [ [33m12[39m, [33m15[39m, [33m13[39m ],
    distractorCount: [33m3[39m,
    source: [32m'engine'[39m,
    fallbackUsed: [90mundefined[39m
  }
]
[GEN CONFIG TRACE] {
  mode: [32m'standard'[39m,
  operation: [90mundefined[39m,
  difficulty: [33m5[39m,
  totalSteps: [33m1[39m,
  answerChoices: [33m3[39m,
  table: [90mundefined[39m,
  skipSize: [90mundefined[39m,
  fullConfig: {
    learningMode: [32m'standard'[39m,
    totalSteps: [33m1[39m,
    targetNumber: [33m12[39m,
    targetFlex: [33m0[39m,
    rangeMin: [33m1[39m,
    rangeMax: [33m12[39m,
    answerChoices: [33m3[39m,
    difficultyLevel: [33m5[39m,
    phaseSequence: [ [36m[Object][39m ],
    opsEnabled: { [32m'+'[39m: [33mtrue[39m, [32m'-'[39m: [33mfalse[39m, [32m'×'[39m: [33mfalse[39m, [32m'÷'[39m: [33mfalse[39m },
    activeMode: [32m'normal'[39m,
    isMuted: [33mfalse[39m,
    timerOn: [33mfalse[39m,
    quickMindInterval: [33m10[39m,
    darkModeInterval: [33m10[39m,
    modifiersPerStep: [33m1[39m,
    enableVariables: [33mfalse[39m,
    stopwatchSkin: [32m'default'[39m,
    progressionMode: [32m'adaptive'[39m,
    presentationMode: [32m'normal'[39m,
    scriptId: [32m'circuit-climb'[39m
  }
}
[Telemetry][VT:0] GENERATOR_START { startNumber: [33m1[39m, mode: [32m'standard'[39m }
[Telemetry][VT:0] GENERATOR_STEP_CREATED { stepIndex: [33m0[39m, startNumber: [33m1[39m, answer: [33m3[39m }
[STEP TRACE] [
  {
    i: [33m0[39m,
    startNumber: [33m1[39m,
    value: [33m2[39m,
    operation: [32m'+'[39m,
    correctAnswer: [33m3[39m,
    distractors: [ [33m1[39m, [33m3[39m, [33m2[39m ],
    distractorCount: [33m3[39m,
    source: [32m'engine'[39m,
    fallbackUsed: [90mundefined[39m
  }
]
[GEN CONFIG TRACE] {
  mode: [32m'standard'[39m,
  operation: [90mundefined[39m,
  difficulty: [33m5[39m,
  totalSteps: [33m1[39m,
  answerChoices: [33m3[39m,
  table: [90mundefined[39m,
  skipSize: [90mundefined[39m,
  fullConfig: {
    learningMode: [32m'standard'[39m,
    totalSteps: [33m1[39m,
    targetNumber: [33m12[39m,
    targetFlex: [33m0[39m,
    rangeMin: [33m1[39m,
    rangeMax: [33m12[39m,
    answerChoices: [33m3[39m,
    difficultyLevel: [33m5[39m,
    phaseSequence: [ [36m[Object][39m ],
    opsEnabled: { [32m'+'[39m: [33mtrue[39m, [32m'-'[39m: [33mfalse[39m, [32m'×'[39m: [33mfalse[39m, [32m'÷'[39m: [33mfalse[39m },
    activeMode: [32m'normal'[39m,
    isMuted: [33mfalse[39m,
    timerOn: [33mfalse[39m,
    quickMindInterval: [33m10[39m,
    darkModeInterval: [33m10[39m,
    modifiersPerStep: [33m1[39m,
    enableVariables: [33mfalse[39m,
    stopwatchSkin: [32m'default'[39m,
    progressionMode: [32m'adaptive'[39m,
    presentationMode: [32m'normal'[39m,
    scriptId: [32m'circuit-climb'[39m
  }
}
[Telemetry][VT:0] GENERATOR_START { startNumber: [33m2[39m, mode: [32m'standard'[39m }
[Telemetry][VT:0] GENERATOR_STEP_CREATED { stepIndex: [33m0[39m, startNumber: [33m2[39m, answer: [33m5[39m }
[STEP TRACE] [
  {
    i: [33m0[39m,
    startNumber: [33m2[39m,
    value: [33m3[39m,
    operation: [32m'+'[39m,
    correctAnswer: [33m5[39m,
    distractors: [ [33m8[39m, [33m2[39m, [33m5[39m ],
    distractorCount: [33m3[39m,
    source: [32m'engine'[39m,
    fallbackUsed: [90mundefined[39m
  }
]
[GEN CONFIG TRACE] {
  mode: [32m'standard'[39m,
  operation: [90mundefined[39m,
  difficulty: [33m5[39m,
  totalSteps: [33m1[39m,
  answerChoices: [33m3[39m,
  table: [90mundefined[39m,
  skipSize: [90mundefined[39m,
  fullConfig: {
    learningMode: [32m'standard'[39m,
    totalSteps: [33m1[39m,
    targetNumber: [33m12[39m,
    targetFlex: [33m0[39m,
    rangeMin: [33m1[39m,
    rangeMax: [33m12[39m,
    answerChoices: [33m3[39m,
    difficultyLevel: [33m5[39m,
    phaseSequence: [ [36m[Object][39m ],
    opsEnabled: { [32m'+'[39m: [33mtrue[39m, [32m'-'[39m: [33mfalse[39m, [32m'×'[39m: [33mfalse[39m, [32m'÷'[39m: [33mfalse[39m },
    activeMode: [32m'normal'[39m,
    isMuted: [33mfalse[39m,
    timerOn: [33mfalse[39m,
    quickMindInterval: [33m10[39m,
    darkModeInterval: [33m10[39m,
    modifiersPerStep: [33m1[39m,
    enableVariables: [33mfalse[39m,
    stopwatchSkin: [32m'default'[39m,
    progressionMode: [32m'adaptive'[39m,
    presentationMode: [32m'normal'[39m,
    scriptId: [32m'circuit-climb'[39m
  }
}
[Telemetry][VT:0] GENERATOR_START { startNumber: [33m3[39m, mode: [32m'standard'[39m }
[Telemetry][VT:0] GENERATOR_STEP_CREATED { stepIndex: [33m0[39m, startNumber: [33m3[39m, answer: [33m6[39m }
[STEP TRACE] [
  {
    i: [33m0[39m,
    startNumber: [33m3[39m,
    value: [33m3[39m,
    operation: [32m'+'[39m,
    correctAnswer: [33m6[39m,
    distractors: [ [33m4[39m, [33m6[39m, [33m9[39m ],
    distractorCount: [33m3[39m,
    source: [32m'engine'[39m,
    fallbackUsed: [90mundefined[39m
  }
]
[GEN CONFIG TRACE] {
  mode: [32m'standard'[39m,
  operation: [90mundefined[39m,
  difficulty: [33m5[39m,
  totalSteps: [33m1[39m,
  answerChoices: [33m3[39m,
  table: [90mundefined[39m,
  skipSize: [90mundefined[39m,
  fullConfig: {
    learningMode: [32m'standard'[39m,
    totalSteps: [33m1[39m,
    targetNumber: [33m12[39m,
    targetFlex: [33m0[39m,
    rangeMin: [33m1[39m,
    rangeMax: [33m12[39m,
    answerChoices: [33m3[39m,
    difficultyLevel: [33m5[39m,
    phaseSequence: [ [36m[Object][39m ],
    opsEnabled: { [32m'+'[39m: [33mtrue[39m, [32m'-'[39m: [33mfalse[39m, [32m'×'[39m: [33mfalse[39m, [32m'÷'[39m: [33mfalse[39m },
    activeMode: [32m'normal'[39m,
    isMuted: [33mfalse[39m,
    timerOn: [33mfalse[39m,
    quickMindInterval: [33m10[39m,
    darkModeInterval: [33m10[39m,
    modifiersPerStep: [33m1[39m,
    enableVariables: [33mfalse[39m,
    stopwatchSkin: [32m'default'[39m,
    progressionMode: [32m'adaptive'[39m,
    presentationMode: [32m'normal'[39m,
    scriptId: [32m'circuit-climb'[39m
  }
}
[Telemetry][VT:0] GENERATOR_START { startNumber: [33m4[39m, mode: [32m'standard'[39m }
[Telemetry][VT:0] GENERATOR_STEP_CREATED { stepIndex: [33m0[39m, startNumber: [33m4[39m, answer: [33m7[39m }
[STEP TRACE] [
  {
    i: [33m0[39m,
    startNumber: [33m4[39m,
    value: [33m3[39m,
    operation: [32m'+'[39m,
    correctAnswer: [33m7[39m,
    distractors: [ [33m7[39m, [33m5[39m, [33m8[39m ],
    distractorCount: [33m3[39m,
    source: [32m'engine'[39m,
    fallbackUsed: [90mundefined[39m
  }
]
[GEN CONFIG TRACE] {
  mode: [32m'standard'[39m,
  operation: [90mundefined[39m,
  difficulty: [33m5[39m,
  totalSteps: [33m1[39m,
  answerChoices: [33m3[39m,
  table: [90mundefined[39m,
  skipSize: [90mundefined[39m,
  fullConfig: {
    learningMode: [32m'standard'[39m,
    totalSteps: [33m1[39m,
    targetNumber: [33m12[39m,
    targetFlex: [33m0[39m,
    rangeMin: [33m1[39m,
    rangeMax: [33m12[39m,
    answerChoices: [33m3[39m,
    difficultyLevel: [33m5[39m,
    phaseSequence: [ [36m[Object][39m ],
    opsEnabled: { [32m'+'[39m: [33mtrue[39m, [32m'-'[39m: [33mfalse[39m, [32m'×'[39m: [33mfalse[39m, [32m'÷'[39m: [33mfalse[39m },
    activeMode: [32m'normal'[39m,
    isMuted: [33mfalse[39m,
    timerOn: [33mfalse[39m,
    quickMindInterval: [33m10[39m,
    darkModeInterval: [33m10[39m,
    modifiersPerStep: [33m1[39m,
    enableVariables: [33mfalse[39m,
    stopwatchSkin: [32m'default'[39m,
    progressionMode: [32m'adaptive'[39m,
    presentationMode: [32m'normal'[39m,
    scriptId: [32m'circuit-climb'[39m
  }
}
[Telemetry][VT:0] GENERATOR_START { startNumber: [33m5[39m, mode: [32m'standard'[39m }
[Telemetry][VT:0] GENERATOR_STEP_CREATED { stepIndex: [33m0[39m, startNumber: [33m5[39m, answer: [33m10[39m }
[STEP TRACE] [
  {
    i: [33m0[39m,
    startNumber: [33m5[39m,
    value: [33m5[39m,
    operation: [32m'+'[39m,
    correctAnswer: [33m10[39m,
    distractors: [ [33m9[39m, [33m13[39m, [33m10[39m ],
    distractorCount: [33m3[39m,
    source: [32m'engine'[39m,
    fallbackUsed: [90mundefined[39m
  }
]
[GEN CONFIG TRACE] {
  mode: [32m'standard'[39m,
  operation: [90mundefined[39m,
  difficulty: [33m5[39m,
  totalSteps: [33m1[39m,
  answerChoices: [33m3[39m,
  table: [90mundefined[39m,
  skipSize: [90mundefined[39m,
  fullConfig: {
    learningMode: [32m'standard'[39m,
    totalSteps: [33m1[39m,
    targetNumber: [33m12[39m,
    targetFlex: [33m0[39m,
    rangeMin: [33m1[39m,
    rangeMax: [33m12[39m,
    answerChoices: [33m3[39m,
    difficultyLevel: [33m5[39m,
    phaseSequence: [ [36m[Object][39m ],
    opsEnabled: { [32m'+'[39m: [33mtrue[39m, [32m'-'[39m: [33mfalse[39m, [32m'×'[39m: [33mfalse[39m, [32m'÷'[39m: [33mfalse[39m },
    activeMode: [32m'normal'[39m,
    isMuted: [33mfalse[39m,
    timerOn: [33mfalse[39m,
    quickMindInterval: [33m10[39m,
    darkModeInterval: [33m10[39m,
    modifiersPerStep: [33m1[39m,
    enableVariables: [33mfalse[39m,
    stopwatchSkin: [32m'default'[39m,
    progressionMode: [32m'adaptive'[39m,
    presentationMode: [32m'normal'[39m,
    scriptId: [32m'circuit-climb'[39m
  }
}
[Telemetry][VT:0] GENERATOR_START { startNumber: [33m6[39m, mode: [32m'standard'[39m }
[Telemetry][VT:0] GENERATOR_STEP_CREATED { stepIndex: [33m0[39m, startNumber: [33m6[39m, answer: [33m7[39m }
[STEP TRACE] [
  {
    i: [33m0[39m,
    startNumber: [33m6[39m,
    value: [33m1[39m,
    operation: [32m'+'[39m,
    correctAnswer: [33m7[39m,
    distractors: [ [33m4[39m, [33m7[39m, [33m6[39m ],
    distractorCount: [33m3[39m,
    source: [32m'engine'[39m,
    fallbackUsed: [90mundefined[39m
  }
]
[GEN CONFIG TRACE] {
  mode: [32m'standard'[39m,
  operation: [90mundefined[39m,
  difficulty: [33m5[39m,
  totalSteps: [33m1[39m,
  answerChoices: [33m3[39m,
  table: [90mundefined[39m,
  skipSize: [90mundefined[39m,
  fullConfig: {
    learningMode: [32m'standard'[39m,
    totalSteps: [33m1[39m,
    targetNumber: [33m12[39m,
    targetFlex: [33m0[39m,
    rangeMin: [33m1[39m,
    rangeMax: [33m12[39m,
    answerChoices: [33m3[39m,
    difficultyLevel: [33m5[39m,
    phaseSequence: [ [36m[Object][39m ],
    opsEnabled: { [32m'+'[39m: [33mtrue[39m, [32m'-'[39m: [33mfalse[39m, [32m'×'[39m: [33mfalse[39m, [32m'÷'[39m: [33mfalse[39m },
    activeMode: [32m'normal'[39m,
    isMuted: [33mfalse[39m,
    timerOn: [33mfalse[39m,
    quickMindInterval: [33m10[39m,
    darkModeInterval: [33m10[39m,
    modifiersPerStep: [33m1[39m,
    enableVariables: [33mfalse[39m,
    stopwatchSkin: [32m'default'[39m,
    progressionMode: [32m'adaptive'[39m,
    presentationMode: [32m'normal'[39m,
    scriptId: [32m'circuit-climb'[39m
  }
}
[Telemetry][VT:0] GENERATOR_START { startNumber: [33m7[39m, mode: [32m'standard'[39m }
[Telemetry][VT:0] GENERATOR_STEP_CREATED { stepIndex: [33m0[39m, startNumber: [33m7[39m, answer: [33m9[39m }
[STEP TRACE] [
  {
    i: [33m0[39m,
    startNumber: [33m7[39m,
    value: [33m2[39m,
    operation: [32m'+'[39m,
    correctAnswer: [33m9[39m,
    distractors: [ [33m9[39m, [33m11[39m, [33m6[39m ],
    distractorCount: [33m3[39m,
    source: [32m'engine'[39m,
    fallbackUsed: [90mundefined[39m
  }
]
[GEN CONFIG TRACE] {
  mode: [32m'standard'[39m,
  operation: [90mundefined[39m,
  difficulty: [33m5[39m,
  totalSteps: [33m1[39m,
  answerChoices: [33m3[39m,
  table: [90mundefined[39m,
  skipSize: [90mundefined[39m,
  fullConfig: {
    learningMode: [32m'standard'[39m,
    totalSteps: [33m1[39m,
    targetNumber: [33m12[39m,
    targetFlex: [33m0[39m,
    rangeMin: [33m1[39m,
    rangeMax: [33m12[39m,
    answerChoices: [33m3[39m,
    difficultyLevel: [33m5[39m,
    phaseSequence: [ [36m[Object][39m ],
    opsEnabled: { [32m'+'[39m: [33mtrue[39m, [32m'-'[39m: [33mfalse[39m, [32m'×'[39m: [33mfalse[39m, [32m'÷'[39m: [33mfalse[39m },
    activeMode: [32m'normal'[39m,
    isMuted: [33mfalse[39m,
    timerOn: [33mfalse[39m,
    quickMindInterval: [33m10[39m,
    darkModeInterval: [33m10[39m,
    modifiersPerStep: [33m1[39m,
    enableVariables: [33mfalse[39m,
    stopwatchSkin: [32m'default'[39m,
    progressionMode: [32m'adaptive'[39m,
    presentationMode: [32m'normal'[39m,
    scriptId: [32m'circuit-climb'[39m
  }
}
[Telemetry][VT:0] GENERATOR_START { startNumber: [33m8[39m, mode: [32m'standard'[39m }
[Telemetry][VT:0] GENERATOR_STEP_CREATED { stepIndex: [33m0[39m, startNumber: [33m8[39m, answer: [33m11[39m }
[STEP TRACE] [
  {
    i: [33m0[39m,
    startNumber: [33m8[39m,
    value: [33m3[39m,
    operation: [32m'+'[39m,
    correctAnswer: [33m11[39m,
    distractors: [ [33m9[39m, [33m12[39m, [33m11[39m ],
    distractorCount: [33m3[39m,
    source: [32m'engine'[39m,
    fallbackUsed: [90mundefined[39m
  }
]
[GEN CONFIG TRACE] {
  mode: [32m'standard'[39m,
  operation: [90mundefined[39m,
  difficulty: [33m5[39m,
  totalSteps: [33m1[39m,
  answerChoices: [33m3[39m,
  table: [90mundefined[39m,
  skipSize: [90mundefined[39m,
  fullConfig: {
    learningMode: [32m'standard'[39m,
    totalSteps: [33m1[39m,
    targetNumber: [33m12[39m,
    targetFlex: [33m0[39m,
    rangeMin: [33m1[39m,
    rangeMax: [33m12[39m,
    answerChoices: [33m3[39m,
    difficultyLevel: [33m5[39m,
    phaseSequence: [ [36m[Object][39m ],
    opsEnabled: { [32m'+'[39m: [33mtrue[39m, [32m'-'[39m: [33mfalse[39m, [32m'×'[39m: [33mfalse[39m, [32m'÷'[39m: [33mfalse[39m },
    activeMode: [32m'normal'[39m,
    isMuted: [33mfalse[39m,
    timerOn: [33mfalse[39m,
    quickMindInterval: [33m10[39m,
    darkModeInterval: [33m10[39m,
    modifiersPerStep: [33m1[39m,
    enableVariables: [33mfalse[39m,
    stopwatchSkin: [32m'default'[39m,
    progressionMode: [32m'adaptive'[39m,
    presentationMode: [32m'normal'[39m,
    scriptId: [32m'circuit-climb'[39m
  }
}
[Telemetry][VT:0] GENERATOR_START { startNumber: [33m9[39m, mode: [32m'standard'[39m }
[Telemetry][VT:0] GENERATOR_STEP_CREATED { stepIndex: [33m0[39m, startNumber: [33m9[39m, answer: [33m12[39m }
[STEP TRACE] [
  {
    i: [33m0[39m,
    startNumber: [33m9[39m,
    value: [33m3[39m,
    operation: [32m'+'[39m,
    correctAnswer: [33m12[39m,
    distractors: [ [33m14[39m, [33m9[39m, [33m12[39m ],
    distractorCount: [33m3[39m,
    source: [32m'engine'[39m,
    fallbackUsed: [90mundefined[39m
  }
]
[GEN CONFIG TRACE] {
  mode: [32m'standard'[39m,
  operation: [90mundefined[39m,
  difficulty: [33m5[39m,
  totalSteps: [33m1[39m,
  answerChoices: [33m3[39m,
  table: [90mundefined[39m,
  skipSize: [90mundefined[39m,
  fullConfig: {
    learningMode: [32m'standard'[39m,
    totalSteps: [33m1[39m,
    targetNumber: [33m12[39m,
    targetFlex: [33m0[39m,
    rangeMin: [33m1[39m,
    rangeMax: [33m12[39m,
    answerChoices: [33m3[39m,
    difficultyLevel: [33m5[39m,
    phaseSequence: [ [36m[Object][39m ],
    opsEnabled: { [32m'+'[39m: [33mtrue[39m, [32m'-'[39m: [33mfalse[39m, [32m'×'[39m: [33mfalse[39m, [32m'÷'[39m: [33mfalse[39m },
    activeMode: [32m'normal'[39m,
    isMuted: [33mfalse[39m,
    timerOn: [33mfalse[39m,
    quickMindInterval: [33m10[39m,
    darkModeInterval: [33m10[39m,
    modifiersPerStep: [33m1[39m,
    enableVariables: [33mfalse[39m,
    stopwatchSkin: [32m'default'[39m,
    progressionMode: [32m'adaptive'[39m,
    presentationMode: [32m'normal'[39m,
    scriptId: [32m'circuit-climb'[39m
  }
}
[Telemetry][VT:0] GENERATOR_START { startNumber: [33m10[39m, mode: [32m'standard'[39m }
[Telemetry][VT:0] GENERATOR_STEP_CREATED { stepIndex: [33m0[39m, startNumber: [33m10[39m, answer: [33m11[39m }
[STEP TRACE] [
  {
    i: [33m0[39m,
    startNumber: [33m10[39m,
    value: [33m1[39m,
    operation: [32m'+'[39m,
    correctAnswer: [33m11[39m,
    distractors: [ [33m10[39m, [33m11[39m, [33m8[39m ],
    distractorCount: [33m3[39m,
    source: [32m'engine'[39m,
    fallbackUsed: [90mundefined[39m
  }
]
[GEN CONFIG TRACE] {
  mode: [32m'standard'[39m,
  operation: [90mundefined[39m,
  difficulty: [33m5[39m,
  totalSteps: [33m1[39m,
  answerChoices: [33m3[39m,
  table: [90mundefined[39m,
  skipSize: [90mundefined[39m,
  fullConfig: {
    learningMode: [32m'standard'[39m,
    totalSteps: [33m1[39m,
    targetNumber: [33m12[39m,
    targetFlex: [33m0[39m,
    rangeMin: [33m1[39m,
    rangeMax: [33m12[39m,
    answerChoices: [33m3[39m,
    difficultyLevel: [33m5[39m,
    phaseSequence: [ [36m[Object][39m ],
    opsEnabled: { [32m'+'[39m: [33mtrue[39m, [32m'-'[39m: [33mfalse[39m, [32m'×'[39m: [33mfalse[39m, [32m'÷'[39m: [33mfalse[39m },
    activeMode: [32m'normal'[39m,
    isMuted: [33mfalse[39m,
    timerOn: [33mfalse[39m,
    quickMindInterval: [33m10[39m,
    darkModeInterval: [33m10[39m,
    modifiersPerStep: [33m1[39m,
    enableVariables: [33mfalse[39m,
    stopwatchSkin: [32m'default'[39m,
    progressionMode: [32m'adaptive'[39m,
    presentationMode: [32m'normal'[39m,
    scriptId: [32m'circuit-climb'[39m
  }
}
[Telemetry][VT:0] GENERATOR_START { startNumber: [33m11[39m, mode: [32m'standard'[39m }
[Telemetry][VT:0] GENERATOR_STEP_CREATED { stepIndex: [33m0[39m, startNumber: [33m11[39m, answer: [33m12[39m }
[STEP TRACE] [
  {
    i: [33m0[39m,
    startNumber: [33m11[39m,
    value: [33m1[39m,
    operation: [32m'+'[39m,
    correctAnswer: [33m12[39m,
    distractors: [ [33m10[39m, [33m14[39m, [33m12[39m ],
    distractorCount: [33m3[39m,
    source: [32m'engine'[39m,
    fallbackUsed: [90mundefined[39m
  }
]
[GEN CONFIG TRACE] {
  mode: [32m'standard'[39m,
  operation: [90mundefined[39m,
  difficulty: [33m5[39m,
  totalSteps: [33m1[39m,
  answerChoices: [33m3[39m,
  table: [90mundefined[39m,
  skipSize: [90mundefined[39m,
  fullConfig: {
    learningMode: [32m'standard'[39m,
    totalSteps: [33m1[39m,
    targetNumber: [33m12[39m,
    targetFlex: [33m0[39m,
    rangeMin: [33m1[39m,
    rangeMax: [33m12[39m,
    answerChoices: [33m3[39m,
    difficultyLevel: [33m5[39m,
    phaseSequence: [ [36m[Object][39m ],
    opsEnabled: { [32m'+'[39m: [33mtrue[39m, [32m'-'[39m: [33mfalse[39m, [32m'×'[39m: [33mfalse[39m, [32m'÷'[39m: [33mfalse[39m },
    activeMode: [32m'normal'[39m,
    isMuted: [33mfalse[39m,
    timerOn: [33mfalse[39m,
    quickMindInterval: [33m10[39m,
    darkModeInterval: [33m10[39m,
    modifiersPerStep: [33m1[39m,
    enableVariables: [33mfalse[39m,
    stopwatchSkin: [32m'default'[39m,
    progressionMode: [32m'adaptive'[39m,
    presentationMode: [32m'normal'[39m,
    scriptId: [32m'circuit-climb'[39m
  }
}
[Telemetry][VT:0] GENERATOR_START { startNumber: [33m1[39m, mode: [32m'standard'[39m }
[Telemetry][VT:0] GENERATOR_STEP_CREATED { stepIndex: [33m0[39m, startNumber: [33m1[39m, answer: [33m12[39m }
[STEP TRACE] [
  {
    i: [33m0[39m,
    startNumber: [33m1[39m,
    value: [33m11[39m,
    operation: [32m'+'[39m,
    correctAnswer: [33m12[39m,
    distractors: [ [33m14[39m, [33m12[39m, [33m11[39m ],
    distractorCount: [33m3[39m,
    source: [32m'engine'[39m,
    fallbackUsed: [90mundefined[39m
  }
]
[GEN CONFIG TRACE] {
  mode: [32m'standard'[39m,
  operation: [90mundefined[39m,
  difficulty: [33m5[39m,
  totalSteps: [33m1[39m,
  answerChoices: [33m3[39m,
  table: [90mundefined[39m,
  skipSize: [90mundefined[39m,
  fullConfig: {
    learningMode: [32m'standard'[39m,
    totalSteps: [33m1[39m,
    targetNumber: [33m12[39m,
    targetFlex: [33m0[39m,
    rangeMin: [33m1[39m,
    rangeMax: [33m12[39m,
    answerChoices: [33m3[39m,
    difficultyLevel: [33m5[39m,
    phaseSequence: [ [36m[Object][39m ],
    opsEnabled: { [32m'+'[39m: [33mtrue[39m, [32m'-'[39m: [33mfalse[39m, [32m'×'[39m: [33mfalse[39m, [32m'÷'[39m: [33mfalse[39m },
    activeMode: [32m'normal'[39m,
    isMuted: [33mfalse[39m,
    timerOn: [33mfalse[39m,
    quickMindInterval: [33m10[39m,
    darkModeInterval: [33m10[39m,
    modifiersPerStep: [33m1[39m,
    enableVariables: [33mfalse[39m,
    stopwatchSkin: [32m'default'[39m,
    progressionMode: [32m'adaptive'[39m,
    presentationMode: [32m'normal'[39m,
    scriptId: [32m'circuit-climb'[39m
  }
}
[Telemetry][VT:0] GENERATOR_START { startNumber: [33m2[39m, mode: [32m'standard'[39m }
[Telemetry][VT:0] GENERATOR_STEP_CREATED { stepIndex: [33m0[39m, startNumber: [33m2[39m, answer: [33m7[39m }
[STEP TRACE] [
  {
    i: [33m0[39m,
    startNumber: [33m2[39m,
    value: [33m5[39m,
    operation: [32m'+'[39m,
    correctAnswer: [33m7[39m,
    distractors: [ [33m8[39m, [33m7[39m, [33m6[39m ],
    distractorCount: [33m3[39m,
    source: [32m'engine'[39m,
    fallbackUsed: [90mundefined[39m
  }
]
[GEN CONFIG TRACE] {
  mode: [32m'standard'[39m,
  operation: [90mundefined[39m,
  difficulty: [33m5[39m,
  totalSteps: [33m1[39m,
  answerChoices: [33m3[39m,
  table: [90mundefined[39m,
  skipSize: [90mundefined[39m,
  fullConfig: {
    learningMode: [32m'standard'[39m,
    totalSteps: [33m1[39m,
    targetNumber: [33m12[39m,
    targetFlex: [33m0[39m,
    rangeMin: [33m1[39m,
    rangeMax: [33m12[39m,
    answerChoices: [33m3[39m,
    difficultyLevel: [33m5[39m,
    phaseSequence: [ [36m[Object][39m ],
    opsEnabled: { [32m'+'[39m: [33mtrue[39m, [32m'-'[39m: [33mfalse[39m, [32m'×'[39m: [33mfalse[39m, [32m'÷'[39m: [33mfalse[39m },
    activeMode: [32m'normal'[39m,
    isMuted: [33mfalse[39m,
    timerOn: [33mfalse[39m,
    quickMindInterval: [33m10[39m,
    darkModeInterval: [33m10[39m,
    modifiersPerStep: [33m1[39m,
    enableVariables: [33mfalse[39m,
    stopwatchSkin: [32m'default'[39m,
    progressionMode: [32m'adaptive'[39m,
    presentationMode: [32m'normal'[39m,
    scriptId: [32m'circuit-climb'[39m
  }
}
[Telemetry][VT:0] GENERATOR_START { startNumber: [33m3[39m, mode: [32m'standard'[39m }
[Telemetry][VT:0] GENERATOR_STEP_CREATED { stepIndex: [33m0[39m, startNumber: [33m3[39m, answer: [33m11[39m }
[STEP TRACE] [
  {
    i: [33m0[39m,
    startNumber: [33m3[39m,
    value: [33m8[39m,
    operation: [32m'+'[39m,
    correctAnswer: [33m11[39m,
    distractors: [ [33m10[39m, [33m11[39m, [33m14[39m ],
    distractorCount: [33m3[39m,
    source: [32m'engine'[39m,
    fallbackUsed: [90mundefined[39m
  }
]
[GEN CONFIG TRACE] {
  mode: [32m'standard'[39m,
  operation: [90mundefined[39m,
  difficulty: [33m5[39m,
  totalSteps: [33m1[39m,
  answerChoices: [33m3[39m,
  table: [90mundefined[39m,
  skipSize: [90mundefined[39m,
  fullConfig: {
    learningMode: [32m'standard'[39m,
    totalSteps: [33m1[39m,
    targetNumber: [33m12[39m,
    targetFlex: [33m0[39m,
    rangeMin: [33m1[39m,
    rangeMax: [33m12[39m,
    answerChoices: [33m3[39m,
    difficultyLevel: [33m5[39m,
    phaseSequence: [ [36m[Object][39m ],
    opsEnabled: { [32m'+'[39m: [33mtrue[39m, [32m'-'[39m: [33mfalse[39m, [32m'×'[39m: [33mfalse[39m, [32m'÷'[39m: [33mfalse[39m },
    activeMode: [32m'normal'[39m,
    isMuted: [33mfalse[39m,
    timerOn: [33mfalse[39m,
    quickMindInterval: [33m10[39m,
    darkModeInterval: [33m10[39m,
    modifiersPerStep: [33m1[39m,
    enableVariables: [33mfalse[39m,
    stopwatchSkin: [32m'default'[39m,
    progressionMode: [32m'adaptive'[39m,
    presentationMode: [32m'normal'[39m,
    scriptId: [32m'circuit-climb'[39m
  }
}
[Telemetry][VT:0] GENERATOR_START { startNumber: [33m4[39m, mode: [32m'standard'[39m }
[Telemetry][VT:0] GENERATOR_STEP_CREATED { stepIndex: [33m0[39m, startNumber: [33m4[39m, answer: [33m7[39m }
[STEP TRACE] [
  {
    i: [33m0[39m,
    startNumber: [33m4[39m,
    value: [33m3[39m,
    operation: [32m'+'[39m,
    correctAnswer: [33m7[39m,
    distractors: [ [33m4[39m, [33m7[39m, [33m10[39m ],
    distractorCount: [33m3[39m,
    source: [32m'engine'[39m,
    fallbackUsed: [90mundefined[39m
  }
]
[GEN CONFIG TRACE] {
  mode: [32m'standard'[39m,
  operation: [90mundefined[39m,
  difficulty: [33m5[39m,
  totalSteps: [33m1[39m,
  answerChoices: [33m3[39m,
  table: [90mundefined[39m,
  skipSize: [90mundefined[39m,
  fullConfig: {
    learningMode: [32m'standard'[39m,
    totalSteps: [33m1[39m,
    targetNumber: [33m12[39m,
    targetFlex: [33m0[39m,
    rangeMin: [33m1[39m,
    rangeMax: [33m12[39m,
    answerChoices: [33m3[39m,
    difficultyLevel: [33m5[39m,
    phaseSequence: [ [36m[Object][39m ],
    opsEnabled: { [32m'+'[39m: [33mtrue[39m, [32m'-'[39m: [33mfalse[39m, [32m'×'[39m: [33mfalse[39m, [32m'÷'[39m: [33mfalse[39m },
    activeMode: [32m'normal'[39m,
    isMuted: [33mfalse[39m,
    timerOn: [33mfalse[39m,
    quickMindInterval: [33m10[39m,
    darkModeInterval: [33m10[39m,
    modifiersPerStep: [33m1[39m,
    enableVariables: [33mfalse[39m,
    stopwatchSkin: [32m'default'[39m,
    progressionMode: [32m'adaptive'[39m,
    presentationMode: [32m'normal'[39m,
    scriptId: [32m'circuit-climb'[39m
  }
}
[Telemetry][VT:0] GENERATOR_START { startNumber: [33m5[39m, mode: [32m'standard'[39m }
[Telemetry][VT:0] GENERATOR_STEP_CREATED { stepIndex: [33m0[39m, startNumber: [33m5[39m, answer: [33m8[39m }
[STEP TRACE] [
  {
    i: [33m0[39m,
    startNumber: [33m5[39m,
    value: [33m3[39m,
    operation: [32m'+'[39m,
    correctAnswer: [33m8[39m,
    distractors: [ [33m7[39m, [33m5[39m, [33m8[39m ],
    distractorCount: [33m3[39m,
    source: [32m'engine'[39m,
    fallbackUsed: [90mundefined[39m
  }
]
[GEN CONFIG TRACE] {
  mode: [32m'standard'[39m,
  operation: [90mundefined[39m,
  difficulty: [33m5[39m,
  totalSteps: [33m1[39m,
  answerChoices: [33m3[39m,
  table: [90mundefined[39m,
  skipSize: [90mundefined[39m,
  fullConfig: {
    learningMode: [32m'standard'[39m,
    totalSteps: [33m1[39m,
    targetNumber: [33m12[39m,
    targetFlex: [33m0[39m,
    rangeMin: [33m1[39m,
    rangeMax: [33m12[39m,
    answerChoices: [33m3[39m,
    difficultyLevel: [33m5[39m,
    phaseSequence: [ [36m[Object][39m ],
    opsEnabled: { [32m'+'[39m: [33mtrue[39m, [32m'-'[39m: [33mfalse[39m, [32m'×'[39m: [33mfalse[39m, [32m'÷'[39m: [33mfalse[39m },
    activeMode: [32m'normal'[39m,
    isMuted: [33mfalse[39m,
    timerOn: [33mfalse[39m,
    quickMindInterval: [33m10[39m,
    darkModeInterval: [33m10[39m,
    modifiersPerStep: [33m1[39m,
    enableVariables: [33mfalse[39m,
    stopwatchSkin: [32m'default'[39m,
    progressionMode: [32m'adaptive'[39m,
    presentationMode: [32m'normal'[39m,
    scriptId: [32m'circuit-climb'[39m
  }
}
[Telemetry][VT:0] GENERATOR_START { startNumber: [33m6[39m, mode: [32m'standard'[39m }
[Telemetry][VT:0] GENERATOR_STEP_CREATED { stepIndex: [33m0[39m, startNumber: [33m6[39m, answer: [33m10[39m }
[STEP TRACE] [
  {
    i: [33m0[39m,
    startNumber: [33m6[39m,
    value: [33m4[39m,
    operation: [32m'+'[39m,
    correctAnswer: [33m10[39m,
    distractors: [ [33m11[39m, [33m10[39m, [33m7[39m ],
    distractorCount: [33m3[39m,
    source: [32m'engine'[39m,
    fallbackUsed: [90mundefined[39m
  }
]
[GEN CONFIG TRACE] {
  mode: [32m'standard'[39m,
  operation: [90mundefined[39m,
  difficulty: [33m5[39m,
  totalSteps: [33m1[39m,
  answerChoices: [33m3[39m,
  table: [90mundefined[39m,
  skipSize: [90mundefined[39m,
  fullConfig: {
    learningMode: [32m'standard'[39m,
    totalSteps: [33m1[39m,
    targetNumber: [33m12[39m,
    targetFlex: [33m0[39m,
    rangeMin: [33m1[39m,
    rangeMax: [33m12[39m,
    answerChoices: [33m3[39m,
    difficultyLevel: [33m5[39m,
    phaseSequence: [ [36m[Object][39m ],
    opsEnabled: { [32m'+'[39m: [33mtrue[39m, [32m'-'[39m: [33mfalse[39m, [32m'×'[39m: [33mfalse[39m, [32m'÷'[39m: [33mfalse[39m },
    activeMode: [32m'normal'[39m,
    isMuted: [33mfalse[39m,
    timerOn: [33mfalse[39m,
    quickMindInterval: [33m10[39m,
    darkModeInterval: [33m10[39m,
    modifiersPerStep: [33m1[39m,
    enableVariables: [33mfalse[39m,
    stopwatchSkin: [32m'default'[39m,
    progressionMode: [32m'adaptive'[39m,
    presentationMode: [32m'normal'[39m,
    scriptId: [32m'circuit-climb'[39m
  }
}
[Telemetry][VT:0] GENERATOR_START { startNumber: [33m7[39m, mode: [32m'standard'[39m }
[Telemetry][VT:0] GENERATOR_STEP_CREATED { stepIndex: [33m0[39m, startNumber: [33m7[39m, answer: [33m11[39m }
[STEP TRACE] [
  {
    i: [33m0[39m,
    startNumber: [33m7[39m,
    value: [33m4[39m,
    operation: [32m'+'[39m,
    correctAnswer: [33m11[39m,
    distractors: [ [33m11[39m, [33m14[39m, [33m12[39m ],
    distractorCount: [33m3[39m,
    source: [32m'engine'[39m,
    fallbackUsed: [90mundefined[39m
  }
]
[GEN CONFIG TRACE] {
  mode: [32m'standard'[39m,
  operation: [90mundefined[39m,
  difficulty: [33m5[39m,
  totalSteps: [33m1[39m,
  answerChoices: [33m3[39m,
  table: [90mundefined[39m,
  skipSize: [90mundefined[39m,
  fullConfig: {
    learningMode: [32m'standard'[39m,
    totalSteps: [33m1[39m,
    targetNumber: [33m12[39m,
    targetFlex: [33m0[39m,
    rangeMin: [33m1[39m,
    rangeMax: [33m12[39m,
    answerChoices: [33m3[39m,
    difficultyLevel: [33m5[39m,
    phaseSequence: [ [36m[Object][39m ],
    opsEnabled: { [32m'+'[39m: [33mtrue[39m, [32m'-'[39m: [33mfalse[39m, [32m'×'[39m: [33mfalse[39m, [32m'÷'[39m: [33mfalse[39m },
    activeMode: [32m'normal'[39m,
    isMuted: [33mfalse[39m,
    timerOn: [33mfalse[39m,
    quickMindInterval: [33m10[39m,
    darkModeInterval: [33m10[39m,
    modifiersPerStep: [33m1[39m,
    enableVariables: [33mfalse[39m,
    stopwatchSkin: [32m'default'[39m,
    progressionMode: [32m'adaptive'[39m,
    presentationMode: [32m'normal'[39m,
    scriptId: [32m'circuit-climb'[39m
  }
}
[Telemetry][VT:0] GENERATOR_START { startNumber: [33m8[39m, mode: [32m'standard'[39m }
[Telemetry][VT:0] GENERATOR_STEP_CREATED { stepIndex: [33m0[39m, startNumber: [33m8[39m, answer: [33m12[39m }
[STEP TRACE] [
  {
    i: [33m0[39m,
    startNumber: [33m8[39m,
    value: [33m4[39m,
    operation: [32m'+'[39m,
    correctAnswer: [33m12[39m,
    distractors: [ [33m12[39m, [33m13[39m, [33m15[39m ],
    distractorCount: [33m3[39m,
    source: [32m'engine'[39m,
    fallbackUsed: [90mundefined[39m
  }
]
[GEN CONFIG TRACE] {
  mode: [32m'standard'[39m,
  operation: [90mundefined[39m,
  difficulty: [33m5[39m,
  totalSteps: [33m1[39m,
  answerChoices: [33m3[39m,
  table: [90mundefined[39m,
  skipSize: [90mundefined[39m,
  fullConfig: {
    learningMode: [32m'standard'[39m,
    totalSteps: [33m1[39m,
    targetNumber: [33m12[39m,
    targetFlex: [33m0[39m,
    rangeMin: [33m1[39m,
    rangeMax: [33m12[39m,
    answerChoices: [33m3[39m,
    difficultyLevel: [33m5[39m,
    phaseSequence: [ [36m[Object][39m ],
    opsEnabled: { [32m'+'[39m: [33mtrue[39m, [32m'-'[39m: [33mfalse[39m, [32m'×'[39m: [33mfalse[39m, [32m'÷'[39m: [33mfalse[39m },
    activeMode: [32m'normal'[39m,
    isMuted: [33mfalse[39m,
    timerOn: [33mfalse[39m,
    quickMindInterval: [33m10[39m,
    darkModeInterval: [33m10[39m,
    modifiersPerStep: [33m1[39m,
    enableVariables: [33mfalse[39m,
    stopwatchSkin: [32m'default'[39m,
    progressionMode: [32m'adaptive'[39m,
    presentationMode: [32m'normal'[39m,
    scriptId: [32m'circuit-climb'[39m
  }
}
[Telemetry][VT:0] GENERATOR_START { startNumber: [33m9[39m, mode: [32m'standard'[39m }
[Telemetry][VT:0] GENERATOR_STEP_CREATED { stepIndex: [33m0[39m, startNumber: [33m9[39m, answer: [33m12[39m }
[STEP TRACE] [
  {
    i: [33m0[39m,
    startNumber: [33m9[39m,
    value: [33m3[39m,
    operation: [32m'+'[39m,
    correctAnswer: [33m12[39m,
    distractors: [ [33m14[39m, [33m12[39m, [33m11[39m ],
    distractorCount: [33m3[39m,
    source: [32m'engine'[39m,
    fallbackUsed: [90mundefined[39m
  }
]
[GEN CONFIG TRACE] {
  mode: [32m'standard'[39m,
  operation: [90mundefined[39m,
  difficulty: [33m5[39m,
  totalSteps: [33m1[39m,
  answerChoices: [33m3[39m,
  table: [90mundefined[39m,
  skipSize: [90mundefined[39m,
  fullConfig: {
    learningMode: [32m'standard'[39m,
    totalSteps: [33m1[39m,
    targetNumber: [33m12[39m,
    targetFlex: [33m0[39m,
    rangeMin: [33m1[39m,
    rangeMax: [33m12[39m,
    answerChoices: [33m3[39m,
    difficultyLevel: [33m5[39m,
    phaseSequence: [ [36m[Object][39m ],
    opsEnabled: { [32m'+'[39m: [33mtrue[39m, [32m'-'[39m: [33mfalse[39m, [32m'×'[39m: [33mfalse[39m, [32m'÷'[39m: [33mfalse[39m },
    activeMode: [32m'normal'[39m,
    isMuted: [33mfalse[39m,
    timerOn: [33mfalse[39m,
    quickMindInterval: [33m10[39m,
    darkModeInterval: [33m10[39m,
    modifiersPerStep: [33m1[39m,
    enableVariables: [33mfalse[39m,
    stopwatchSkin: [32m'default'[39m,
    progressionMode: [32m'adaptive'[39m,
    presentationMode: [32m'normal'[39m,
    scriptId: [32m'circuit-climb'[39m
  }
}
[Telemetry][VT:0] GENERATOR_START { startNumber: [33m10[39m, mode: [32m'standard'[39m }
[Telemetry][VT:0] GENERATOR_STEP_CREATED { stepIndex: [33m0[39m, startNumber: [33m10[39m, answer: [33m11[39m }
[STEP TRACE] [
  {
    i: [33m0[39m,
    startNumber: [33m10[39m,
    value: [33m1[39m,
    operation: [32m'+'[39m,
    correctAnswer: [33m11[39m,
    distractors: [ [33m11[39m, [33m12[39m, [33m8[39m ],
    distractorCount: [33m3[39m,
    source: [32m'engine'[39m,
    fallbackUsed: [90mundefined[39m
  }
]
[GEN CONFIG TRACE] {
  mode: [32m'standard'[39m,
  operation: [90mundefined[39m,
  difficulty: [33m5[39m,
  totalSteps: [33m1[39m,
  answerChoices: [33m3[39m,
  table: [90mundefined[39m,
  skipSize: [90mundefined[39m,
  fullConfig: {
    learningMode: [32m'standard'[39m,
    totalSteps: [33m1[39m,
    targetNumber: [33m12[39m,
    targetFlex: [33m0[39m,
    rangeMin: [33m1[39m,
    rangeMax: [33m12[39m,
    answerChoices: [33m3[39m,
    difficultyLevel: [33m5[39m,
    phaseSequence: [ [36m[Object][39m ],
    opsEnabled: { [32m'+'[39m: [33mtrue[39m, [32m'-'[39m: [33mfalse[39m, [32m'×'[39m: [33mfalse[39m, [32m'÷'[39m: [33mfalse[39m },
    activeMode: [32m'normal'[39m,
    isMuted: [33mfalse[39m,
    timerOn: [33mfalse[39m,
    quickMindInterval: [33m10[39m,
    darkModeInterval: [33m10[39m,
    modifiersPerStep: [33m1[39m,
    enableVariables: [33mfalse[39m,
    stopwatchSkin: [32m'default'[39m,
    progressionMode: [32m'adaptive'[39m,
    presentationMode: [32m'normal'[39m,
    scriptId: [32m'circuit-climb'[39m
  }
}
[Telemetry][VT:0] GENERATOR_START { startNumber: [33m11[39m, mode: [32m'standard'[39m }
[Telemetry][VT:0] GENERATOR_STEP_CREATED { stepIndex: [33m0[39m, startNumber: [33m11[39m, answer: [33m12[39m }
[STEP TRACE] [
  {
    i: [33m0[39m,
    startNumber: [33m11[39m,
    value: [33m1[39m,
    operation: [32m'+'[39m,
    correctAnswer: [33m12[39m,
    distractors: [ [33m10[39m, [33m9[39m, [33m12[39m ],
    distractorCount: [33m3[39m,
    source: [32m'engine'[39m,
    fallbackUsed: [90mundefined[39m
  }
]
[GEN CONFIG TRACE] {
  mode: [32m'standard'[39m,
  operation: [90mundefined[39m,
  difficulty: [33m5[39m,
  totalSteps: [33m1[39m,
  answerChoices: [33m3[39m,
  table: [90mundefined[39m,
  skipSize: [90mundefined[39m,
  fullConfig: {
    learningMode: [32m'standard'[39m,
    totalSteps: [33m1[39m,
    targetNumber: [33m12[39m,
    targetFlex: [33m0[39m,
    rangeMin: [33m1[39m,
    rangeMax: [33m12[39m,
    answerChoices: [33m3[39m,
    difficultyLevel: [33m5[39m,
    phaseSequence: [ [36m[Object][39m ],
    opsEnabled: { [32m'+'[39m: [33mtrue[39m, [32m'-'[39m: [33mfalse[39m, [32m'×'[39m: [33mfalse[39m, [32m'÷'[39m: [33mfalse[39m },
    activeMode: [32m'normal'[39m,
    isMuted: [33mfalse[39m,
    timerOn: [33mfalse[39m,
    quickMindInterval: [33m10[39m,
    darkModeInterval: [33m10[39m,
    modifiersPerStep: [33m1[39m,
    enableVariables: [33mfalse[39m,
    stopwatchSkin: [32m'default'[39m,
    progressionMode: [32m'adaptive'[39m,
    presentationMode: [32m'normal'[39m,
    scriptId: [32m'circuit-climb'[39m
  }
}
[Telemetry][VT:0] GENERATOR_START { startNumber: [33m1[39m, mode: [32m'standard'[39m }
[Telemetry][VT:0] GENERATOR_STEP_CREATED { stepIndex: [33m0[39m, startNumber: [33m1[39m, answer: [33m2[39m }
[STEP TRACE] [
  {
    i: [33m0[39m,
    startNumber: [33m1[39m,
    value: [33m1[39m,
    operation: [32m'+'[39m,
    correctAnswer: [33m2[39m,
    distractors: [ [33m2[39m, [33m5[39m, [33m4[39m ],
    distractorCount: [33m3[39m,
    source: [32m'engine'[39m,
    fallbackUsed: [90mundefined[39m
  }
]
[GEN CONFIG TRACE] {
  mode: [32m'standard'[39m,
  operation: [90mundefined[39m,
  difficulty: [33m5[39m,
  totalSteps: [33m1[39m,
  answerChoices: [33m3[39m,
  table: [90mundefined[39m,
  skipSize: [90mundefined[39m,
  fullConfig: {
    learningMode: [32m'standard'[39m,
    totalSteps: [33m1[39m,
    targetNumber: [33m12[39m,
    targetFlex: [33m0[39m,
    rangeMin: [33m1[39m,
    rangeMax: [33m12[39m,
    answerChoices: [33m3[39m,
    difficultyLevel: [33m5[39m,
    phaseSequence: [ [36m[Object][39m ],
    opsEnabled: { [32m'+'[39m: [33mtrue[39m, [32m'-'[39m: [33mfalse[39m, [32m'×'[39m: [33mfalse[39m, [32m'÷'[39m: [33mfalse[39m },
    activeMode: [32m'normal'[39m,
    isMuted: [33mfalse[39m,
    timerOn: [33mfalse[39m,
    quickMindInterval: [33m10[39m,
    darkModeInterval: [33m10[39m,
    modifiersPerStep: [33m1[39m,
    enableVariables: [33mfalse[39m,
    stopwatchSkin: [32m'default'[39m,
    progressionMode: [32m'adaptive'[39m,
    presentationMode: [32m'normal'[39m,
    scriptId: [32m'circuit-climb'[39m
  }
}
[Telemetry][VT:0] GENERATOR_START { startNumber: [33m2[39m, mode: [32m'standard'[39m }
[Telemetry][VT:0] GENERATOR_STEP_CREATED { stepIndex: [33m0[39m, startNumber: [33m2[39m, answer: [33m7[39m }
[STEP TRACE] [
  {
    i: [33m0[39m,
    startNumber: [33m2[39m,
    value: [33m5[39m,
    operation: [32m'+'[39m,
    correctAnswer: [33m7[39m,
    distractors: [ [33m8[39m, [33m7[39m, [33m5[39m ],
    distractorCount: [33m3[39m,
    source: [32m'engine'[39m,
    fallbackUsed: [90mundefined[39m
  }
]
[GEN CONFIG TRACE] {
  mode: [32m'standard'[39m,
  operation: [90mundefined[39m,
  difficulty: [33m5[39m,
  totalSteps: [33m1[39m,
  answerChoices: [33m3[39m,
  table: [90mundefined[39m,
  skipSize: [90mundefined[39m,
  fullConfig: {
    learningMode: [32m'standard'[39m,
    totalSteps: [33m1[39m,
    targetNumber: [33m12[39m,
    targetFlex: [33m0[39m,
    rangeMin: [33m1[39m,
    rangeMax: [33m12[39m,
    answerChoices: [33m3[39m,
    difficultyLevel: [33m5[39m,
    phaseSequence: [ [36m[Object][39m ],
    opsEnabled: { [32m'+'[39m: [33mtrue[39m, [32m'-'[39m: [33mfalse[39m, [32m'×'[39m: [33mfalse[39m, [32m'÷'[39m: [33mfalse[39m },
    activeMode: [32m'normal'[39m,
    isMuted: [33mfalse[39m,
    timerOn: [33mfalse[39m,
    quickMindInterval: [33m10[39m,
    darkModeInterval: [33m10[39m,
    modifiersPerStep: [33m1[39m,
    enableVariables: [33mfalse[39m,
    stopwatchSkin: [32m'default'[39m,
    progressionMode: [32m'adaptive'[39m,
    presentationMode: [32m'normal'[39m,
    scriptId: [32m'circuit-climb'[39m
  }
}
[Telemetry][VT:0] GENERATOR_START { startNumber: [33m3[39m, mode: [32m'standard'[39m }
[Telemetry][VT:0] GENERATOR_STEP_CREATED { stepIndex: [33m0[39m, startNumber: [33m3[39m, answer: [33m8[39m }
[STEP TRACE] [
  {
    i: [33m0[39m,
    startNumber: [33m3[39m,
    value: [33m5[39m,
    operation: [32m'+'[39m,
    correctAnswer: [33m8[39m,
    distractors: [ [33m11[39m, [33m8[39m, [33m7[39m ],
    distractorCount: [33m3[39m,
    source: [32m'engine'[39m,
    fallbackUsed: [90mundefined[39m
  }
]
[GEN CONFIG TRACE] {
  mode: [32m'standard'[39m,
  operation: [90mundefined[39m,
  difficulty: [33m5[39m,
  totalSteps: [33m1[39m,
  answerChoices: [33m3[39m,
  table: [90mundefined[39m,
  skipSize: [90mundefined[39m,
  fullConfig: {
    learningMode: [32m'standard'[39m,
    totalSteps: [33m1[39m,
    targetNumber: [33m12[39m,
    targetFlex: [33m0[39m,
    rangeMin: [33m1[39m,
    rangeMax: [33m12[39m,
    answerChoices: [33m3[39m,
    difficultyLevel: [33m5[39m,
    phaseSequence: [ [36m[Object][39m ],
    opsEnabled: { [32m'+'[39m: [33mtrue[39m, [32m'-'[39m: [33mfalse[39m, [32m'×'[39m: [33mfalse[39m, [32m'÷'[39m: [33mfalse[39m },
    activeMode: [32m'normal'[39m,
    isMuted: [33mfalse[39m,
    timerOn: [33mfalse[39m,
    quickMindInterval: [33m10[39m,
    darkModeInterval: [33m10[39m,
    modifiersPerStep: [33m1[39m,
    enableVariables: [33mfalse[39m,
    stopwatchSkin: [32m'default'[39m,
    progressionMode: [32m'adaptive'[39m,
    presentationMode: [32m'normal'[39m,
    scriptId: [32m'circuit-climb'[39m
  }
}
[Telemetry][VT:0] GENERATOR_START { startNumber: [33m4[39m, mode: [32m'standard'[39m }
[Telemetry][VT:0] GENERATOR_STEP_CREATED { stepIndex: [33m0[39m, startNumber: [33m4[39m, answer: [33m5[39m }
[STEP TRACE] [
  {
    i: [33m0[39m,
    startNumber: [33m4[39m,
    value: [33m1[39m,
    operation: [32m'+'[39m,
    correctAnswer: [33m5[39m,
    distractors: [ [33m4[39m, [33m5[39m, [33m8[39m ],
    distractorCount: [33m3[39m,
    source: [32m'engine'[39m,
    fallbackUsed: [90mundefined[39m
  }
]
[GEN CONFIG TRACE] {
  mode: [32m'standard'[39m,
  operation: [90mundefined[39m,
  difficulty: [33m5[39m,
  totalSteps: [33m1[39m,
  answerChoices: [33m3[39m,
  table: [90mundefined[39m,
  skipSize: [90mundefined[39m,
  fullConfig: {
    learningMode: [32m'standard'[39m,
    totalSteps: [33m1[39m,
    targetNumber: [33m12[39m,
    targetFlex: [33m0[39m,
    rangeMin: [33m1[39m,
    rangeMax: [33m12[39m,
    answerChoices: [33m3[39m,
    difficultyLevel: [33m5[39m,
    phaseSequence: [ [36m[Object][39m ],
    opsEnabled: { [32m'+'[39m: [33mtrue[39m, [32m'-'[39m: [33mfalse[39m, [32m'×'[39m: [33mfalse[39m, [32m'÷'[39m: [33mfalse[39m },
    activeMode: [32m'normal'[39m,
    isMuted: [33mfalse[39m,
    timerOn: [33mfalse[39m,
    quickMindInterval: [33m10[39m,
    darkModeInterval: [33m10[39m,
    modifiersPerStep: [33m1[39m,
    enableVariables: [33mfalse[39m,
    stopwatchSkin: [32m'default'[39m,
    progressionMode: [32m'adaptive'[39m,
    presentationMode: [32m'normal'[39m,
    scriptId: [32m'circuit-climb'[39m
  }
}
[Telemetry][VT:0] GENERATOR_START { startNumber: [33m5[39m, mode: [32m'standard'[39m }
[Telemetry][VT:0] GENERATOR_STEP_CREATED { stepIndex: [33m0[39m, startNumber: [33m5[39m, answer: [33m10[39m }
[STEP TRACE] [
  {
    i: [33m0[39m,
    startNumber: [33m5[39m,
    value: [33m5[39m,
    operation: [32m'+'[39m,
    correctAnswer: [33m10[39m,
    distractors: [ [33m7[39m, [33m9[39m, [33m10[39m ],
    distractorCount: [33m3[39m,
    source: [32m'engine'[39m,
    fallbackUsed: [90mundefined[39m
  }
]
[GEN CONFIG TRACE] {
  mode: [32m'standard'[39m,
  operation: [90mundefined[39m,
  difficulty: [33m5[39m,
  totalSteps: [33m1[39m,
  answerChoices: [33m3[39m,
  table: [90mundefined[39m,
  skipSize: [90mundefined[39m,
  fullConfig: {
    learningMode: [32m'standard'[39m,
    totalSteps: [33m1[39m,
    targetNumber: [33m12[39m,
    targetFlex: [33m0[39m,
    rangeMin: [33m1[39m,
    rangeMax: [33m12[39m,
    answerChoices: [33m3[39m,
    difficultyLevel: [33m5[39m,
    phaseSequence: [ [36m[Object][39m ],
    opsEnabled: { [32m'+'[39m: [33mtrue[39m, [32m'-'[39m: [33mfalse[39m, [32m'×'[39m: [33mfalse[39m, [32m'÷'[39m: [33mfalse[39m },
    activeMode: [32m'normal'[39m,
    isMuted: [33mfalse[39m,
    timerOn: [33mfalse[39m,
    quickMindInterval: [33m10[39m,
    darkModeInterval: [33m10[39m,
    modifiersPerStep: [33m1[39m,
    enableVariables: [33mfalse[39m,
    stopwatchSkin: [32m'default'[39m,
    progressionMode: [32m'adaptive'[39m,
    presentationMode: [32m'normal'[39m,
    scriptId: [32m'circuit-climb'[39m
  }
}
[Telemetry][VT:0] GENERATOR_START { startNumber: [33m6[39m, mode: [32m'standard'[39m }
[Telemetry][VT:0] GENERATOR_STEP_CREATED { stepIndex: [33m0[39m, startNumber: [33m6[39m, answer: [33m11[39m }
[STEP TRACE] [
  {
    i: [33m0[39m,
    startNumber: [33m6[39m,
    value: [33m5[39m,
    operation: [32m'+'[39m,
    correctAnswer: [33m11[39m,
    distractors: [ [33m8[39m, [33m14[39m, [33m11[39m ],
    distractorCount: [33m3[39m,
    source: [32m'engine'[39m,
    fallbackUsed: [90mundefined[39m
  }
]
[GEN CONFIG TRACE] {
  mode: [32m'standard'[39m,
  operation: [90mundefined[39m,
  difficulty: [33m5[39m,
  totalSteps: [33m1[39m,
  answerChoices: [33m3[39m,
  table: [90mundefined[39m,
  skipSize: [90mundefined[39m,
  fullConfig: {
    learningMode: [32m'standard'[39m,
    totalSteps: [33m1[39m,
    targetNumber: [33m12[39m,
    targetFlex: [33m0[39m,
    rangeMin: [33m1[39m,
    rangeMax: [33m12[39m,
    answerChoices: [33m3[39m,
    difficultyLevel: [33m5[39m,
    phaseSequence: [ [36m[Object][39m ],
    opsEnabled: { [32m'+'[39m: [33mtrue[39m, [32m'-'[39m: [33mfalse[39m, [32m'×'[39m: [33mfalse[39m, [32m'÷'[39m: [33mfalse[39m },
    activeMode: [32m'normal'[39m,
    isMuted: [33mfalse[39m,
    timerOn: [33mfalse[39m,
    quickMindInterval: [33m10[39m,
    darkModeInterval: [33m10[39m,
    modifiersPerStep: [33m1[39m,
    enableVariables: [33mfalse[39m,
    stopwatchSkin: [32m'default'[39m,
    progressionMode: [32m'adaptive'[39m,
    presentationMode: [32m'normal'[39m,
    scriptId: [32m'circuit-climb'[39m
  }
}
[Telemetry][VT:0] GENERATOR_START { startNumber: [33m7[39m, mode: [32m'standard'[39m }
[Telemetry][VT:0] GENERATOR_STEP_CREATED { stepIndex: [33m0[39m, startNumber: [33m7[39m, answer: [33m9[39m }
[STEP TRACE] [
  {
    i: [33m0[39m,
    startNumber: [33m7[39m,
    value: [33m2[39m,
    operation: [32m'+'[39m,
    correctAnswer: [33m9[39m,
    distractors: [ [33m7[39m, [33m11[39m, [33m9[39m ],
    distractorCount: [33m3[39m,
    source: [32m'engine'[39m,
    fallbackUsed: [90mundefined[39m
  }
]
[GEN CONFIG TRACE] {
  mode: [32m'standard'[39m,
  operation: [90mundefined[39m,
  difficulty: [33m5[39m,
  totalSteps: [33m1[39m,
  answerChoices: [33m3[39m,
  table: [90mundefined[39m,
  skipSize: [90mundefined[39m,
  fullConfig: {
    learningMode: [32m'standard'[39m,
    totalSteps: [33m1[39m,
    targetNumber: [33m12[39m,
    targetFlex: [33m0[39m,
    rangeMin: [33m1[39m,
    rangeMax: [33m12[39m,
    answerChoices: [33m3[39m,
    difficultyLevel: [33m5[39m,
    phaseSequence: [ [36m[Object][39m ],
    opsEnabled: { [32m'+'[39m: [33mtrue[39m, [32m'-'[39m: [33mfalse[39m, [32m'×'[39m: [33mfalse[39m, [32m'÷'[39m: [33mfalse[39m },
    activeMode: [32m'normal'[39m,
    isMuted: [33mfalse[39m,
    timerOn: [33mfalse[39m,
    quickMindInterval: [33m10[39m,
    darkModeInterval: [33m10[39m,
    modifiersPerStep: [33m1[39m,
    enableVariables: [33mfalse[39m,
    stopwatchSkin: [32m'default'[39m,
    progressionMode: [32m'adaptive'[39m,
    presentationMode: [32m'normal'[39m,
    scriptId: [32m'circuit-climb'[39m
  }
}
[Telemetry][VT:0] GENERATOR_START { startNumber: [33m8[39m, mode: [32m'standard'[39m }
[Telemetry][VT:0] GENERATOR_STEP_CREATED { stepIndex: [33m0[39m, startNumber: [33m8[39m, answer: [33m10[39m }
[STEP TRACE] [
  {
    i: [33m0[39m,
    startNumber: [33m8[39m,
    value: [33m2[39m,
    operation: [32m'+'[39m,
    correctAnswer: [33m10[39m,
    distractors: [ [33m8[39m, [33m10[39m, [33m7[39m ],
    distractorCount: [33m3[39m,
    source: [32m'engine'[39m,
    fallbackUsed: [90mundefined[39m
  }
]
[GEN CONFIG TRACE] {
  mode: [32m'standard'[39m,
  operation: [90mundefined[39m,
  difficulty: [33m5[39m,
  totalSteps: [33m1[39m,
  answerChoices: [33m3[39m,
  table: [90mundefined[39m,
  skipSize: [90mundefined[39m,
  fullConfig: {
    learningMode: [32m'standard'[39m,
    totalSteps: [33m1[39m,
    targetNumber: [33m12[39m,
    targetFlex: [33m0[39m,
    rangeMin: [33m1[39m,
    rangeMax: [33m12[39m,
    answerChoices: [33m3[39m,
    difficultyLevel: [33m5[39m,
    phaseSequence: [ [36m[Object][39m ],
    opsEnabled: { [32m'+'[39m: [33mtrue[39m, [32m'-'[39m: [33mfalse[39m, [32m'×'[39m: [33mfalse[39m, [32m'÷'[39m: [33mfalse[39m },
    activeMode: [32m'normal'[39m,
    isMuted: [33mfalse[39m,
    timerOn: [33mfalse[39m,
    quickMindInterval: [33m10[39m,
    darkModeInterval: [33m10[39m,
    modifiersPerStep: [33m1[39m,
    enableVariables: [33mfalse[39m,
    stopwatchSkin: [32m'default'[39m,
    progressionMode: [32m'adaptive'[39m,
    presentationMode: [32m'normal'[39m,
    scriptId: [32m'circuit-climb'[39m
  }
}
[Telemetry][VT:0] GENERATOR_START { startNumber: [33m9[39m, mode: [32m'standard'[39m }
[Telemetry][VT:0] GENERATOR_STEP_CREATED { stepIndex: [33m0[39m, startNumber: [33m9[39m, answer: [33m11[39m }
[STEP TRACE] [
  {
    i: [33m0[39m,
    startNumber: [33m9[39m,
    value: [33m2[39m,
    operation: [32m'+'[39m,
    correctAnswer: [33m11[39m,
    distractors: [ [33m9[39m, [33m14[39m, [33m11[39m ],
    distractorCount: [33m3[39m,
    source: [32m'engine'[39m,
    fallbackUsed: [90mundefined[39m
  }
]
[GEN CONFIG TRACE] {
  mode: [32m'standard'[39m,
  operation: [90mundefined[39m,
  difficulty: [33m5[39m,
  totalSteps: [33m1[39m,
  answerChoices: [33m3[39m,
  table: [90mundefined[39m,
  skipSize: [90mundefined[39m,
  fullConfig: {
    learningMode: [32m'standard'[39m,
    totalSteps: [33m1[39m,
    targetNumber: [33m12[39m,
    targetFlex: [33m0[39m,
    rangeMin: [33m1[39m,
    rangeMax: [33m12[39m,
    answerChoices: [33m3[39m,
    difficultyLevel: [33m5[39m,
    phaseSequence: [ [36m[Object][39m ],
    opsEnabled: { [32m'+'[39m: [33mtrue[39m, [32m'-'[39m: [33mfalse[39m, [32m'×'[39m: [33mfalse[39m, [32m'÷'[39m: [33mfalse[39m },
    activeMode: [32m'normal'[39m,
    isMuted: [33mfalse[39m,
    timerOn: [33mfalse[39m,
    quickMindInterval: [33m10[39m,
    darkModeInterval: [33m10[39m,
    modifiersPerStep: [33m1[39m,
    enableVariables: [33mfalse[39m,
    stopwatchSkin: [32m'default'[39m,
    progressionMode: [32m'adaptive'[39m,
    presentationMode: [32m'normal'[39m,
    scriptId: [32m'circuit-climb'[39m
  }
}
[Telemetry][VT:0] GENERATOR_START { startNumber: [33m10[39m, mode: [32m'standard'[39m }
[Telemetry][VT:0] GENERATOR_STEP_CREATED { stepIndex: [33m0[39m, startNumber: [33m10[39m, answer: [33m11[39m }
[STEP TRACE] [
  {
    i: [33m0[39m,
    startNumber: [33m10[39m,
    value: [33m1[39m,
    operation: [32m'+'[39m,
    correctAnswer: [33m11[39m,
    distractors: [ [33m11[39m, [33m9[39m, [33m8[39m ],
    distractorCount: [33m3[39m,
    source: [32m'engine'[39m,
    fallbackUsed: [90mundefined[39m
  }
]
[GEN CONFIG TRACE] {
  mode: [32m'standard'[39m,
  operation: [90mundefined[39m,
  difficulty: [33m5[39m,
  totalSteps: [33m1[39m,
  answerChoices: [33m3[39m,
  table: [90mundefined[39m,
  skipSize: [90mundefined[39m,
  fullConfig: {
    learningMode: [32m'standard'[39m,
    totalSteps: [33m1[39m,
    targetNumber: [33m12[39m,
    targetFlex: [33m0[39m,
    rangeMin: [33m1[39m,
    rangeMax: [33m12[39m,
    answerChoices: [33m3[39m,
    difficultyLevel: [33m5[39m,
    phaseSequence: [ [36m[Object][39m ],
    opsEnabled: { [32m'+'[39m: [33mtrue[39m, [32m'-'[39m: [33mfalse[39m, [32m'×'[39m: [33mfalse[39m, [32m'÷'[39m: [33mfalse[39m },
    activeMode: [32m'normal'[39m,
    isMuted: [33mfalse[39m,
    timerOn: [33mfalse[39m,
    quickMindInterval: [33m10[39m,
    darkModeInterval: [33m10[39m,
    modifiersPerStep: [33m1[39m,
    enableVariables: [33mfalse[39m,
    stopwatchSkin: [32m'default'[39m,
    progressionMode: [32m'adaptive'[39m,
    presentationMode: [32m'normal'[39m,
    scriptId: [32m'circuit-climb'[39m
  }
}
[Telemetry][VT:0] GENERATOR_START { startNumber: [33m11[39m, mode: [32m'standard'[39m }
[Telemetry][VT:0] GENERATOR_STEP_CREATED { stepIndex: [33m0[39m, startNumber: [33m11[39m, answer: [33m12[39m }
[STEP TRACE] [
  {
    i: [33m0[39m,
    startNumber: [33m11[39m,
    value: [33m1[39m,
    operation: [32m'+'[39m,
    correctAnswer: [33m12[39m,
    distractors: [ [33m9[39m, [33m12[39m, [33m10[39m ],
    distractorCount: [33m3[39m,
    source: [32m'engine'[39m,
    fallbackUsed: [90mundefined[39m
  }
]
[GEN CONFIG TRACE] {
  mode: [32m'standard'[39m,
  operation: [90mundefined[39m,
  difficulty: [33m5[39m,
  totalSteps: [33m1[39m,
  answerChoices: [33m3[39m,
  table: [90mundefined[39m,
  skipSize: [90mundefined[39m,
  fullConfig: {
    learningMode: [32m'standard'[39m,
    totalSteps: [33m1[39m,
    targetNumber: [33m12[39m,
    targetFlex: [33m0[39m,
    rangeMin: [33m1[39m,
    rangeMax: [33m12[39m,
    answerChoices: [33m3[39m,
    difficultyLevel: [33m5[39m,
    phaseSequence: [ [36m[Object][39m ],
    opsEnabled: { [32m'+'[39m: [33mtrue[39m, [32m'-'[39m: [33mfalse[39m, [32m'×'[39m: [33mfalse[39m, [32m'÷'[39m: [33mfalse[39m },
    activeMode: [32m'normal'[39m,
    isMuted: [33mfalse[39m,
    timerOn: [33mfalse[39m,
    quickMindInterval: [33m10[39m,
    darkModeInterval: [33m10[39m,
    modifiersPerStep: [33m1[39m,
    enableVariables: [33mfalse[39m,
    stopwatchSkin: [32m'default'[39m,
    progressionMode: [32m'adaptive'[39m,
    presentationMode: [32m'normal'[39m,
    scriptId: [32m'circuit-climb'[39m
  }
}
[Telemetry][VT:0] GENERATOR_START { startNumber: [33m1[39m, mode: [32m'standard'[39m }
[Telemetry][VT:0] GENERATOR_STEP_CREATED { stepIndex: [33m0[39m, startNumber: [33m1[39m, answer: [33m11[39m }
[STEP TRACE] [
  {
    i: [33m0[39m,
    startNumber: [33m1[39m,
    value: [33m10[39m,
    operation: [32m'+'[39m,
    correctAnswer: [33m11[39m,
    distractors: [ [33m9[39m, [33m10[39m, [33m11[39m ],
    distractorCount: [33m3[39m,
    source: [32m'engine'[39m,
    fallbackUsed: [90mundefined[39m
  }
]
[GEN CONFIG TRACE] {
  mode: [32m'standard'[39m,
  operation: [90mundefined[39m,
  difficulty: [33m5[39m,
  totalSteps: [33m1[39m,
  answerChoices: [33m3[39m,
  table: [90mundefined[39m,
  skipSize: [90mundefined[39m,
  fullConfig: {
    learningMode: [32m'standard'[39m,
    totalSteps: [33m1[39m,
    targetNumber: [33m14[39m,
    targetFlex: [33m0[39m,
    rangeMin: [33m1[39m,
    rangeMax: [33m14[39m,
    answerChoices: [33m3[39m,
    difficultyLevel: [33m5[39m,
    phaseSequence: [ [36m[Object][39m ],
    opsEnabled: { [32m'+'[39m: [33mtrue[39m, [32m'-'[39m: [33mfalse[39m, [32m'×'[39m: [33mfalse[39m, [32m'÷'[39m: [33mfalse[39m },
    activeMode: [32m'normal'[39m,
    isMuted: [33mfalse[39m,
    timerOn: [33mfalse[39m,
    quickMindInterval: [33m10[39m,
    darkModeInterval: [33m10[39m,
    modifiersPerStep: [33m1[39m,
    enableVariables: [33mfalse[39m,
    stopwatchSkin: [32m'default'[39m,
    progressionMode: [32m'adaptive'[39m,
    presentationMode: [32m'normal'[39m,
    scriptId: [32m'circuit-climb'[39m
  }
}
[Telemetry][VT:0] GENERATOR_START { startNumber: [33m10[39m, mode: [32m'standard'[39m }
[Telemetry][VT:0] GENERATOR_STEP_CREATED { stepIndex: [33m0[39m, startNumber: [33m10[39m, answer: [33m12[39m }
[STEP TRACE] [
  {
    i: [33m0[39m,
    startNumber: [33m10[39m,
    value: [33m2[39m,
    operation: [32m'+'[39m,
    correctAnswer: [33m12[39m,
    distractors: [ [33m9[39m, [33m15[39m, [33m12[39m ],
    distractorCount: [33m3[39m,
    source: [32m'engine'[39m,
    fallbackUsed: [90mundefined[39m
  }
]
[GEN CONFIG TRACE] {
  mode: [32m'standard'[39m,
  operation: [90mundefined[39m,
  difficulty: [33m5[39m,
  totalSteps: [33m1[39m,
  answerChoices: [33m3[39m,
  table: [90mundefined[39m,
  skipSize: [90mundefined[39m,
  fullConfig: {
    learningMode: [32m'standard'[39m,
    totalSteps: [33m1[39m,
    targetNumber: [33m14[39m,
    targetFlex: [33m0[39m,
    rangeMin: [33m1[39m,
    rangeMax: [33m14[39m,
    answerChoices: [33m3[39m,
    difficultyLevel: [33m5[39m,
    phaseSequence: [ [36m[Object][39m ],
    opsEnabled: { [32m'+'[39m: [33mtrue[39m, [32m'-'[39m: [33mfalse[39m, [32m'×'[39m: [33mfalse[39m, [32m'÷'[39m: [33mfalse[39m },
    activeMode: [32m'normal'[39m,
    isMuted: [33mfalse[39m,
    timerOn: [33mfalse[39m,
    quickMindInterval: [33m10[39m,
    darkModeInterval: [33m10[39m,
    modifiersPerStep: [33m1[39m,
    enableVariables: [33mfalse[39m,
    stopwatchSkin: [32m'default'[39m,
    progressionMode: [32m'adaptive'[39m,
    presentationMode: [32m'normal'[39m,
    scriptId: [32m'circuit-climb'[39m
  }
}
[Telemetry][VT:0] GENERATOR_START { startNumber: [33m11[39m, mode: [32m'standard'[39m }
[Telemetry][VT:0] GENERATOR_STEP_CREATED { stepIndex: [33m0[39m, startNumber: [33m11[39m, answer: [33m13[39m }
[STEP TRACE] [
  {
    i: [33m0[39m,
    startNumber: [33m11[39m,
    value: [33m2[39m,
    operation: [32m'+'[39m,
    correctAnswer: [33m13[39m,
    distractors: [ [33m16[39m, [33m10[39m, [33m13[39m ],
    distractorCount: [33m3[39m,
    source: [32m'engine'[39m,
    fallbackUsed: [90mundefined[39m
  }
]
[GEN CONFIG TRACE] {
  mode: [32m'standard'[39m,
  operation: [90mundefined[39m,
  difficulty: [33m5[39m,
  totalSteps: [33m1[39m,
  answerChoices: [33m3[39m,
  table: [90mundefined[39m,
  skipSize: [90mundefined[39m,
  fullConfig: {
    learningMode: [32m'standard'[39m,
    totalSteps: [33m1[39m,
    targetNumber: [33m14[39m,
    targetFlex: [33m0[39m,
    rangeMin: [33m1[39m,
    rangeMax: [33m14[39m,
    answerChoices: [33m3[39m,
    difficultyLevel: [33m5[39m,
    phaseSequence: [ [36m[Object][39m ],
    opsEnabled: { [32m'+'[39m: [33mtrue[39m, [32m'-'[39m: [33mfalse[39m, [32m'×'[39m: [33mfalse[39m, [32m'÷'[39m: [33mfalse[39m },
    activeMode: [32m'normal'[39m,
    isMuted: [33mfalse[39m,
    timerOn: [33mfalse[39m,
    quickMindInterval: [33m10[39m,
    darkModeInterval: [33m10[39m,
    modifiersPerStep: [33m1[39m,
    enableVariables: [33mfalse[39m,
    stopwatchSkin: [32m'default'[39m,
    progressionMode: [32m'adaptive'[39m,
    presentationMode: [32m'normal'[39m,
    scriptId: [32m'circuit-climb'[39m
  }
}
[Telemetry][VT:0] GENERATOR_START { startNumber: [33m12[39m, mode: [32m'standard'[39m }
[Telemetry][VT:0] GENERATOR_STEP_CREATED { stepIndex: [33m0[39m, startNumber: [33m12[39m, answer: [33m14[39m }
[STEP TRACE] [
  {
    i: [33m0[39m,
    startNumber: [33m12[39m,
    value: [33m2[39m,
    operation: [32m'+'[39m,
    correctAnswer: [33m14[39m,
    distractors: [ [33m13[39m, [33m15[39m, [33m14[39m ],
    distractorCount: [33m3[39m,
    source: [32m'engine'[39m,
    fallbackUsed: [90mundefined[39m
  }
]
[GEN CONFIG TRACE] {
  mode: [32m'standard'[39m,
  operation: [90mundefined[39m,
  difficulty: [33m5[39m,
  totalSteps: [33m1[39m,
  answerChoices: [33m3[39m,
  table: [90mundefined[39m,
  skipSize: [90mundefined[39m,
  fullConfig: {
    learningMode: [32m'standard'[39m,
    totalSteps: [33m1[39m,
    targetNumber: [33m14[39m,
    targetFlex: [33m0[39m,
    rangeMin: [33m1[39m,
    rangeMax: [33m14[39m,
    answerChoices: [33m3[39m,
    difficultyLevel: [33m5[39m,
    phaseSequence: [ [36m[Object][39m ],
    opsEnabled: { [32m'+'[39m: [33mtrue[39m, [32m'-'[39m: [33mfalse[39m, [32m'×'[39m: [33mfalse[39m, [32m'÷'[39m: [33mfalse[39m },
    activeMode: [32m'normal'[39m,
    isMuted: [33mfalse[39m,
    timerOn: [33mfalse[39m,
    quickMindInterval: [33m10[39m,
    darkModeInterval: [33m10[39m,
    modifiersPerStep: [33m1[39m,
    enableVariables: [33mfalse[39m,
    stopwatchSkin: [32m'default'[39m,
    progressionMode: [32m'adaptive'[39m,
    presentationMode: [32m'normal'[39m,
    scriptId: [32m'circuit-climb'[39m
  }
}
[Telemetry][VT:0] GENERATOR_START { startNumber: [33m13[39m, mode: [32m'standard'[39m }
[Telemetry][VT:0] GENERATOR_STEP_CREATED { stepIndex: [33m0[39m, startNumber: [33m13[39m, answer: [33m14[39m }
[STEP TRACE] [
  {
    i: [33m0[39m,
    startNumber: [33m13[39m,
    value: [33m1[39m,
    operation: [32m'+'[39m,
    correctAnswer: [33m14[39m,
    distractors: [ [33m13[39m, [33m14[39m, [33m11[39m ],
    distractorCount: [33m3[39m,
    source: [32m'engine'[39m,
    fallbackUsed: [90mundefined[39m
  }
]
[GEN CONFIG TRACE] {
  mode: [32m'standard'[39m,
  operation: [90mundefined[39m,
  difficulty: [33m5[39m,
  totalSteps: [33m1[39m,
  answerChoices: [33m3[39m,
  table: [90mundefined[39m,
  skipSize: [90mundefined[39m,
  fullConfig: {
    learningMode: [32m'standard'[39m,
    totalSteps: [33m1[39m,
    targetNumber: [33m14[39m,
    targetFlex: [33m0[39m,
    rangeMin: [33m1[39m,
    rangeMax: [33m14[39m,
    answerChoices: [33m3[39m,
    difficultyLevel: [33m5[39m,
    phaseSequence: [ [36m[Object][39m ],
    opsEnabled: { [32m'+'[39m: [33mtrue[39m, [32m'-'[39m: [33mfalse[39m, [32m'×'[39m: [33mfalse[39m, [32m'÷'[39m: [33mfalse[39m },
    activeMode: [32m'normal'[39m,
    isMuted: [33mfalse[39m,
    timerOn: [33mfalse[39m,
    quickMindInterval: [33m10[39m,
    darkModeInterval: [33m10[39m,
    modifiersPerStep: [33m1[39m,
    enableVariables: [33mfalse[39m,
    stopwatchSkin: [32m'default'[39m,
    progressionMode: [32m'adaptive'[39m,
    presentationMode: [32m'normal'[39m,
    scriptId: [32m'circuit-climb'[39m
  }
}
[Telemetry][VT:0] GENERATOR_START { startNumber: [33m1[39m, mode: [32m'standard'[39m }
[Telemetry][VT:0] GENERATOR_STEP_CREATED { stepIndex: [33m0[39m, startNumber: [33m1[39m, answer: [33m2[39m }
[STEP TRACE] [
  {
    i: [33m0[39m,
    startNumber: [33m1[39m,
    value: [33m1[39m,
    operation: [32m'+'[39m,
    correctAnswer: [33m2[39m,
    distractors: [ [33m1[39m, [33m2[39m, [33m4[39m ],
    distractorCount: [33m3[39m,
    source: [32m'engine'[39m,
    fallbackUsed: [90mundefined[39m
  }
]
[GEN CONFIG TRACE] {
  mode: [32m'standard'[39m,
  operation: [90mundefined[39m,
  difficulty: [33m5[39m,
  totalSteps: [33m1[39m,
  answerChoices: [33m3[39m,
  table: [90mundefined[39m,
  skipSize: [90mundefined[39m,
  fullConfig: {
    learningMode: [32m'standard'[39m,
    totalSteps: [33m1[39m,
    targetNumber: [33m14[39m,
    targetFlex: [33m0[39m,
    rangeMin: [33m1[39m,
    rangeMax: [33m14[39m,
    answerChoices: [33m3[39m,
    difficultyLevel: [33m5[39m,
    phaseSequence: [ [36m[Object][39m ],
    opsEnabled: { [32m'+'[39m: [33mtrue[39m, [32m'-'[39m: [33mfalse[39m, [32m'×'[39m: [33mfalse[39m, [32m'÷'[39m: [33mfalse[39m },
    activeMode: [32m'normal'[39m,
    isMuted: [33mfalse[39m,
    timerOn: [33mfalse[39m,
    quickMindInterval: [33m10[39m,
    darkModeInterval: [33m10[39m,
    modifiersPerStep: [33m1[39m,
    enableVariables: [33mfalse[39m,
    stopwatchSkin: [32m'default'[39m,
    progressionMode: [32m'adaptive'[39m,
    presentationMode: [32m'normal'[39m,
    scriptId: [32m'circuit-climb'[39m
  }
}
[Telemetry][VT:0] GENERATOR_START { startNumber: [33m2[39m, mode: [32m'standard'[39m }
[Telemetry][VT:0] GENERATOR_STEP_CREATED { stepIndex: [33m0[39m, startNumber: [33m2[39m, answer: [33m6[39m }
[STEP TRACE] [
  {
    i: [33m0[39m,
    startNumber: [33m2[39m,
    value: [33m4[39m,
    operation: [32m'+'[39m,
    correctAnswer: [33m6[39m,
    distractors: [ [33m6[39m, [33m3[39m, [33m7[39m ],
    distractorCount: [33m3[39m,
    source: [32m'engine'[39m,
    fallbackUsed: [90mundefined[39m
  }
]
[GEN CONFIG TRACE] {
  mode: [32m'standard'[39m,
  operation: [90mundefined[39m,
  difficulty: [33m5[39m,
  totalSteps: [33m1[39m,
  answerChoices: [33m3[39m,
  table: [90mundefined[39m,
  skipSize: [90mundefined[39m,
  fullConfig: {
    learningMode: [32m'standard'[39m,
    totalSteps: [33m1[39m,
    targetNumber: [33m14[39m,
    targetFlex: [33m0[39m,
    rangeMin: [33m1[39m,
    rangeMax: [33m14[39m,
    answerChoices: [33m3[39m,
    difficultyLevel: [33m5[39m,
    phaseSequence: [ [36m[Object][39m ],
    opsEnabled: { [32m'+'[39m: [33mtrue[39m, [32m'-'[39m: [33mfalse[39m, [32m'×'[39m: [33mfalse[39m, [32m'÷'[39m: [33mfalse[39m },
    activeMode: [32m'normal'[39m,
    isMuted: [33mfalse[39m,
    timerOn: [33mfalse[39m,
    quickMindInterval: [33m10[39m,
    darkModeInterval: [33m10[39m,
    modifiersPerStep: [33m1[39m,
    enableVariables: [33mfalse[39m,
    stopwatchSkin: [32m'default'[39m,
    progressionMode: [32m'adaptive'[39m,
    presentationMode: [32m'normal'[39m,
    scriptId: [32m'circuit-climb'[39m
  }
}
[Telemetry][VT:0] GENERATOR_START { startNumber: [33m3[39m, mode: [32m'standard'[39m }
[Telemetry][VT:0] GENERATOR_STEP_CREATED { stepIndex: [33m0[39m, startNumber: [33m3[39m, answer: [33m5[39m }
[STEP TRACE] [
  {
    i: [33m0[39m,
    startNumber: [33m3[39m,
    value: [33m2[39m,
    operation: [32m'+'[39m,
    correctAnswer: [33m5[39m,
    distractors: [ [33m2[39m, [33m5[39m, [33m6[39m ],
    distractorCount: [33m3[39m,
    source: [32m'engine'[39m,
    fallbackUsed: [90mundefined[39m
  }
]
[GEN CONFIG TRACE] {
  mode: [32m'standard'[39m,
  operation: [90mundefined[39m,
  difficulty: [33m5[39m,
  totalSteps: [33m1[39m,
  answerChoices: [33m3[39m,
  table: [90mundefined[39m,
  skipSize: [90mundefined[39m,
  fullConfig: {
    learningMode: [32m'standard'[39m,
    totalSteps: [33m1[39m,
    targetNumber: [33m14[39m,
    targetFlex: [33m0[39m,
    rangeMin: [33m1[39m,
    rangeMax: [33m14[39m,
    answerChoices: [33m3[39m,
    difficultyLevel: [33m5[39m,
    phaseSequence: [ [36m[Object][39m ],
    opsEnabled: { [32m'+'[39m: [33mtrue[39m, [32m'-'[39m: [33mfalse[39m, [32m'×'[39m: [33mfalse[39m, [32m'÷'[39m: [33mfalse[39m },
    activeMode: [32m'normal'[39m,
    isMuted: [33mfalse[39m,
    timerOn: [33mfalse[39m,
    quickMindInterval: [33m10[39m,
    darkModeInterval: [33m10[39m,
    modifiersPerStep: [33m1[39m,
    enableVariables: [33mfalse[39m,
    stopwatchSkin: [32m'default'[39m,
    progressionMode: [32m'adaptive'[39m,
    presentationMode: [32m'normal'[39m,
    scriptId: [32m'circuit-climb'[39m
  }
}
[Telemetry][VT:0] GENERATOR_START { startNumber: [33m4[39m, mode: [32m'standard'[39m }
[Telemetry][VT:0] GENERATOR_STEP_CREATED { stepIndex: [33m0[39m, startNumber: [33m4[39m, answer: [33m5[39m }
[STEP TRACE] [
  {
    i: [33m0[39m,
    startNumber: [33m4[39m,
    value: [33m1[39m,
    operation: [32m'+'[39m,
    correctAnswer: [33m5[39m,
    distractors: [ [33m5[39m, [33m2[39m, [33m3[39m ],
    distractorCount: [33m3[39m,
    source: [32m'engine'[39m,
    fallbackUsed: [90mundefined[39m
  }
]
[GEN CONFIG TRACE] {
  mode: [32m'standard'[39m,
  operation: [90mundefined[39m,
  difficulty: [33m5[39m,
  totalSteps: [33m1[39m,
  answerChoices: [33m3[39m,
  table: [90mundefined[39m,
  skipSize: [90mundefined[39m,
  fullConfig: {
    learningMode: [32m'standard'[39m,
    totalSteps: [33m1[39m,
    targetNumber: [33m14[39m,
    targetFlex: [33m0[39m,
    rangeMin: [33m1[39m,
    rangeMax: [33m14[39m,
    answerChoices: [33m3[39m,
    difficultyLevel: [33m5[39m,
    phaseSequence: [ [36m[Object][39m ],
    opsEnabled: { [32m'+'[39m: [33mtrue[39m, [32m'-'[39m: [33mfalse[39m, [32m'×'[39m: [33mfalse[39m, [32m'÷'[39m: [33mfalse[39m },
    activeMode: [32m'normal'[39m,
    isMuted: [33mfalse[39m,
    timerOn: [33mfalse[39m,
    quickMindInterval: [33m10[39m,
    darkModeInterval: [33m10[39m,
    modifiersPerStep: [33m1[39m,
    enableVariables: [33mfalse[39m,
    stopwatchSkin: [32m'default'[39m,
    progressionMode: [32m'adaptive'[39m,
    presentationMode: [32m'normal'[39m,
    scriptId: [32m'circuit-climb'[39m
  }
}
[Telemetry][VT:0] GENERATOR_START { startNumber: [33m5[39m, mode: [32m'standard'[39m }
[Telemetry][VT:0] GENERATOR_STEP_CREATED { stepIndex: [33m0[39m, startNumber: [33m5[39m, answer: [33m11[39m }
[STEP TRACE] [
  {
    i: [33m0[39m,
    startNumber: [33m5[39m,
    value: [33m6[39m,
    operation: [32m'+'[39m,
    correctAnswer: [33m11[39m,
    distractors: [ [33m11[39m, [33m13[39m, [33m9[39m ],
    distractorCount: [33m3[39m,
    source: [32m'engine'[39m,
    fallbackUsed: [90mundefined[39m
  }
]
[GEN CONFIG TRACE] {
  mode: [32m'standard'[39m,
  operation: [90mundefined[39m,
  difficulty: [33m5[39m,
  totalSteps: [33m1[39m,
  answerChoices: [33m3[39m,
  table: [90mundefined[39m,
  skipSize: [90mundefined[39m,
  fullConfig: {
    learningMode: [32m'standard'[39m,
    totalSteps: [33m1[39m,
    targetNumber: [33m14[39m,
    targetFlex: [33m0[39m,
    rangeMin: [33m1[39m,
    rangeMax: [33m14[39m,
    answerChoices: [33m3[39m,
    difficultyLevel: [33m5[39m,
    phaseSequence: [ [36m[Object][39m ],
    opsEnabled: { [32m'+'[39m: [33mtrue[39m, [32m'-'[39m: [33mfalse[39m, [32m'×'[39m: [33mfalse[39m, [32m'÷'[39m: [33mfalse[39m },
    activeMode: [32m'normal'[39m,
    isMuted: [33mfalse[39m,
    timerOn: [33mfalse[39m,
    quickMindInterval: [33m10[39m,
    darkModeInterval: [33m10[39m,
    modifiersPerStep: [33m1[39m,
    enableVariables: [33mfalse[39m,
    stopwatchSkin: [32m'default'[39m,
    progressionMode: [32m'adaptive'[39m,
    presentationMode: [32m'normal'[39m,
    scriptId: [32m'circuit-climb'[39m
  }
}
[Telemetry][VT:0] GENERATOR_START { startNumber: [33m6[39m, mode: [32m'standard'[39m }
[Telemetry][VT:0] GENERATOR_STEP_CREATED { stepIndex: [33m0[39m, startNumber: [33m6[39m, answer: [33m14[39m }
[STEP TRACE] [
  {
    i: [33m0[39m,
    startNumber: [33m6[39m,
    value: [33m8[39m,
    operation: [32m'+'[39m,
    correctAnswer: [33m14[39m,
    distractors: [ [33m13[39m, [33m14[39m, [33m17[39m ],
    distractorCount: [33m3[39m,
    source: [32m'engine'[39m,
    fallbackUsed: [90mundefined[39m
  }
]
[GEN CONFIG TRACE] {
  mode: [32m'standard'[39m,
  operation: [90mundefined[39m,
  difficulty: [33m5[39m,
  totalSteps: [33m1[39m,
  answerChoices: [33m3[39m,
  table: [90mundefined[39m,
  skipSize: [90mundefined[39m,
  fullConfig: {
    learningMode: [32m'standard'[39m,
    totalSteps: [33m1[39m,
    targetNumber: [33m14[39m,
    targetFlex: [33m0[39m,
    rangeMin: [33m1[39m,
    rangeMax: [33m14[39m,
    answerChoices: [33m3[39m,
    difficultyLevel: [33m5[39m,
    phaseSequence: [ [36m[Object][39m ],
    opsEnabled: { [32m'+'[39m: [33mtrue[39m, [32m'-'[39m: [33mfalse[39m, [32m'×'[39m: [33mfalse[39m, [32m'÷'[39m: [33mfalse[39m },
    activeMode: [32m'normal'[39m,
    isMuted: [33mfalse[39m,
    timerOn: [33mfalse[39m,
    quickMindInterval: [33m10[39m,
    darkModeInterval: [33m10[39m,
    modifiersPerStep: [33m1[39m,
    enableVariables: [33mfalse[39m,
    stopwatchSkin: [32m'default'[39m,
    progressionMode: [32m'adaptive'[39m,
    presentationMode: [32m'normal'[39m,
    scriptId: [32m'circuit-climb'[39m
  }
}
[Telemetry][VT:0] GENERATOR_START { startNumber: [33m7[39m, mode: [32m'standard'[39m }
[Telemetry][VT:0] GENERATOR_STEP_CREATED { stepIndex: [33m0[39m, startNumber: [33m7[39m, answer: [33m11[39m }
[STEP TRACE] [
  {
    i: [33m0[39m,
    startNumber: [33m7[39m,
    value: [33m4[39m,
    operation: [32m'+'[39m,
    correctAnswer: [33m11[39m,
    distractors: [ [33m10[39m, [33m11[39m, [33m12[39m ],
    distractorCount: [33m3[39m,
    source: [32m'engine'[39m,
    fallbackUsed: [90mundefined[39m
  }
]
[GEN CONFIG TRACE] {
  mode: [32m'standard'[39m,
  operation: [90mundefined[39m,
  difficulty: [33m5[39m,
  totalSteps: [33m1[39m,
  answerChoices: [33m3[39m,
  table: [90mundefined[39m,
  skipSize: [90mundefined[39m,
  fullConfig: {
    learningMode: [32m'standard'[39m,
    totalSteps: [33m1[39m,
    targetNumber: [33m14[39m,
    targetFlex: [33m0[39m,
    rangeMin: [33m1[39m,
    rangeMax: [33m14[39m,
    answerChoices: [33m3[39m,
    difficultyLevel: [33m5[39m,
    phaseSequence: [ [36m[Object][39m ],
    opsEnabled: { [32m'+'[39m: [33mtrue[39m, [32m'-'[39m: [33mfalse[39m, [32m'×'[39m: [33mfalse[39m, [32m'÷'[39m: [33mfalse[39m },
    activeMode: [32m'normal'[39m,
    isMuted: [33mfalse[39m,
    timerOn: [33mfalse[39m,
    quickMindInterval: [33m10[39m,
    darkModeInterval: [33m10[39m,
    modifiersPerStep: [33m1[39m,
    enableVariables: [33mfalse[39m,
    stopwatchSkin: [32m'default'[39m,
    progressionMode: [32m'adaptive'[39m,
    presentationMode: [32m'normal'[39m,
    scriptId: [32m'circuit-climb'[39m
  }
}
[Telemetry][VT:0] GENERATOR_START { startNumber: [33m8[39m, mode: [32m'standard'[39m }
[Telemetry][VT:0] GENERATOR_STEP_CREATED { stepIndex: [33m0[39m, startNumber: [33m8[39m, answer: [33m11[39m }
[STEP TRACE] [
  {
    i: [33m0[39m,
    startNumber: [33m8[39m,
    value: [33m3[39m,
    operation: [32m'+'[39m,
    correctAnswer: [33m11[39m,
    distractors: [ [33m8[39m, [33m10[39m, [33m11[39m ],
    distractorCount: [33m3[39m,
    source: [32m'engine'[39m,
    fallbackUsed: [90mundefined[39m
  }
]
[GEN CONFIG TRACE] {
  mode: [32m'standard'[39m,
  operation: [90mundefined[39m,
  difficulty: [33m5[39m,
  totalSteps: [33m1[39m,
  answerChoices: [33m3[39m,
  table: [90mundefined[39m,
  skipSize: [90mundefined[39m,
  fullConfig: {
    learningMode: [32m'standard'[39m,
    totalSteps: [33m1[39m,
    targetNumber: [33m14[39m,
    targetFlex: [33m0[39m,
    rangeMin: [33m1[39m,
    rangeMax: [33m14[39m,
    answerChoices: [33m3[39m,
    difficultyLevel: [33m5[39m,
    phaseSequence: [ [36m[Object][39m ],
    opsEnabled: { [32m'+'[39m: [33mtrue[39m, [32m'-'[39m: [33mfalse[39m, [32m'×'[39m: [33mfalse[39m, [32m'÷'[39m: [33mfalse[39m },
    activeMode: [32m'normal'[39m,
    isMuted: [33mfalse[39m,
    timerOn: [33mfalse[39m,
    quickMindInterval: [33m10[39m,
    darkModeInterval: [33m10[39m,
    modifiersPerStep: [33m1[39m,
    enableVariables: [33mfalse[39m,
    stopwatchSkin: [32m'default'[39m,
    progressionMode: [32m'adaptive'[39m,
    presentationMode: [32m'normal'[39m,
    scriptId: [32m'circuit-climb'[39m
  }
}
[Telemetry][VT:0] GENERATOR_START { startNumber: [33m9[39m, mode: [32m'standard'[39m }
[Telemetry][VT:0] GENERATOR_STEP_CREATED { stepIndex: [33m0[39m, startNumber: [33m9[39m, answer: [33m10[39m }
[STEP TRACE] [
  {
    i: [33m0[39m,
    startNumber: [33m9[39m,
    value: [33m1[39m,
    operation: [32m'+'[39m,
    correctAnswer: [33m10[39m,
    distractors: [ [33m10[39m, [33m13[39m, [33m8[39m ],
    distractorCount: [33m3[39m,
    source: [32m'engine'[39m,
    fallbackUsed: [90mundefined[39m
  }
]
[GEN CONFIG TRACE] {
  mode: [32m'standard'[39m,
  operation: [90mundefined[39m,
  difficulty: [33m5[39m,
  totalSteps: [33m1[39m,
  answerChoices: [33m3[39m,
  table: [90mundefined[39m,
  skipSize: [90mundefined[39m,
  fullConfig: {
    learningMode: [32m'standard'[39m,
    totalSteps: [33m1[39m,
    targetNumber: [33m14[39m,
    targetFlex: [33m0[39m,
    rangeMin: [33m1[39m,
    rangeMax: [33m14[39m,
    answerChoices: [33m3[39m,
    difficultyLevel: [33m5[39m,
    phaseSequence: [ [36m[Object][39m ],
    opsEnabled: { [32m'+'[39m: [33mtrue[39m, [32m'-'[39m: [33mfalse[39m, [32m'×'[39m: [33mfalse[39m, [32m'÷'[39m: [33mfalse[39m },
    activeMode: [32m'normal'[39m,
    isMuted: [33mfalse[39m,
    timerOn: [33mfalse[39m,
    quickMindInterval: [33m10[39m,
    darkModeInterval: [33m10[39m,
    modifiersPerStep: [33m1[39m,
    enableVariables: [33mfalse[39m,
    stopwatchSkin: [32m'default'[39m,
    progressionMode: [32m'adaptive'[39m,
    presentationMode: [32m'normal'[39m,
    scriptId: [32m'circuit-climb'[39m
  }
}
[Telemetry][VT:0] GENERATOR_START { startNumber: [33m10[39m, mode: [32m'standard'[39m }
[Telemetry][VT:0] GENERATOR_STEP_CREATED { stepIndex: [33m0[39m, startNumber: [33m10[39m, answer: [33m11[39m }
[STEP TRACE] [
  {
    i: [33m0[39m,
    startNumber: [33m10[39m,
    value: [33m1[39m,
    operation: [32m'+'[39m,
    correctAnswer: [33m11[39m,
    distractors: [ [33m10[39m, [33m11[39m, [33m14[39m ],
    distractorCount: [33m3[39m,
    source: [32m'engine'[39m,
    fallbackUsed: [90mundefined[39m
  }
]
[GEN CONFIG TRACE] {
  mode: [32m'standard'[39m,
  operation: [90mundefined[39m,
  difficulty: [33m5[39m,
  totalSteps: [33m1[39m,
  answerChoices: [33m3[39m,
  table: [90mundefined[39m,
  skipSize: [90mundefined[39m,
  fullConfig: {
    learningMode: [32m'standard'[39m,
    totalSteps: [33m1[39m,
    targetNumber: [33m14[39m,
    targetFlex: [33m0[39m,
    rangeMin: [33m1[39m,
    rangeMax: [33m14[39m,
    answerChoices: [33m3[39m,
    difficultyLevel: [33m5[39m,
    phaseSequence: [ [36m[Object][39m ],
    opsEnabled: { [32m'+'[39m: [33mtrue[39m, [32m'-'[39m: [33mfalse[39m, [32m'×'[39m: [33mfalse[39m, [32m'÷'[39m: [33mfalse[39m },
    activeMode: [32m'normal'[39m,
    isMuted: [33mfalse[39m,
    timerOn: [33mfalse[39m,
    quickMindInterval: [33m10[39m,
    darkModeInterval: [33m10[39m,
    modifiersPerStep: [33m1[39m,
    enableVariables: [33mfalse[39m,
    stopwatchSkin: [32m'default'[39m,
    progressionMode: [32m'adaptive'[39m,
    presentationMode: [32m'normal'[39m,
    scriptId: [32m'circuit-climb'[39m
  }
}
[Telemetry][VT:0] GENERATOR_START { startNumber: [33m11[39m, mode: [32m'standard'[39m }
[Telemetry][VT:0] GENERATOR_STEP_CREATED { stepIndex: [33m0[39m, startNumber: [33m11[39m, answer: [33m12[39m }
[STEP TRACE] [
  {
    i: [33m0[39m,
    startNumber: [33m11[39m,
    value: [33m1[39m,
    operation: [32m'+'[39m,
    correctAnswer: [33m12[39m,
    distractors: [ [33m12[39m, [33m15[39m, [33m11[39m ],
    distractorCount: [33m3[39m,
    source: [32m'engine'[39m,
    fallbackUsed: [90mundefined[39m
  }
]
[GEN CONFIG TRACE] {
  mode: [32m'standard'[39m,
  operation: [90mundefined[39m,
  difficulty: [33m5[39m,
  totalSteps: [33m1[39m,
  answerChoices: [33m3[39m,
  table: [90mundefined[39m,
  skipSize: [90mundefined[39m,
  fullConfig: {
    learningMode: [32m'standard'[39m,
    totalSteps: [33m1[39m,
    targetNumber: [33m14[39m,
    targetFlex: [33m0[39m,
    rangeMin: [33m1[39m,
    rangeMax: [33m14[39m,
    answerChoices: [33m3[39m,
    difficultyLevel: [33m5[39m,
    phaseSequence: [ [36m[Object][39m ],
    opsEnabled: { [32m'+'[39m: [33mtrue[39m, [32m'-'[39m: [33mfalse[39m, [32m'×'[39m: [33mfalse[39m, [32m'÷'[39m: [33mfalse[39m },
    activeMode: [32m'normal'[39m,
    isMuted: [33mfalse[39m,
    timerOn: [33mfalse[39m,
    quickMindInterval: [33m10[39m,
    darkModeInterval: [33m10[39m,
    modifiersPerStep: [33m1[39m,
    enableVariables: [33mfalse[39m,
    stopwatchSkin: [32m'default'[39m,
    progressionMode: [32m'adaptive'[39m,
    presentationMode: [32m'normal'[39m,
    scriptId: [32m'circuit-climb'[39m
  }
}
[Telemetry][VT:0] GENERATOR_START { startNumber: [33m12[39m, mode: [32m'standard'[39m }
[Telemetry][VT:0] GENERATOR_STEP_CREATED { stepIndex: [33m0[39m, startNumber: [33m12[39m, answer: [33m14[39m }
[STEP TRACE] [
  {
    i: [33m0[39m,
    startNumber: [33m12[39m,
    value: [33m2[39m,
    operation: [32m'+'[39m,
    correctAnswer: [33m14[39m,
    distractors: [ [33m14[39m, [33m15[39m, [33m16[39m ],
    distractorCount: [33m3[39m,
    source: [32m'engine'[39m,
    fallbackUsed: [90mundefined[39m
  }
]
[GEN CONFIG TRACE] {
  mode: [32m'standard'[39m,
  operation: [90mundefined[39m,
  difficulty: [33m5[39m,
  totalSteps: [33m1[39m,
  answerChoices: [33m3[39m,
  table: [90mundefined[39m,
  skipSize: [90mundefined[39m,
  fullConfig: {
    learningMode: [32m'standard'[39m,
    totalSteps: [33m1[39m,
    targetNumber: [33m14[39m,
    targetFlex: [33m0[39m,
    rangeMin: [33m1[39m,
    rangeMax: [33m14[39m,
    answerChoices: [33m3[39m,
    difficultyLevel: [33m5[39m,
    phaseSequence: [ [36m[Object][39m ],
    opsEnabled: { [32m'+'[39m: [33mtrue[39m, [32m'-'[39m: [33mfalse[39m, [32m'×'[39m: [33mfalse[39m, [32m'÷'[39m: [33mfalse[39m },
    activeMode: [32m'normal'[39m,
    isMuted: [33mfalse[39m,
    timerOn: [33mfalse[39m,
    quickMindInterval: [33m10[39m,
    darkModeInterval: [33m10[39m,
    modifiersPerStep: [33m1[39m,
    enableVariables: [33mfalse[39m,
    stopwatchSkin: [32m'default'[39m,
    progressionMode: [32m'adaptive'[39m,
    presentationMode: [32m'normal'[39m,
    scriptId: [32m'circuit-climb'[39m
  }
}
[Telemetry][VT:0] GENERATOR_START { startNumber: [33m13[39m, mode: [32m'standard'[39m }
[Telemetry][VT:0] GENERATOR_STEP_CREATED { stepIndex: [33m0[39m, startNumber: [33m13[39m, answer: [33m14[39m }
[STEP TRACE] [
  {
    i: [33m0[39m,
    startNumber: [33m13[39m,
    value: [33m1[39m,
    operation: [32m'+'[39m,
    correctAnswer: [33m14[39m,
    distractors: [ [33m16[39m, [33m14[39m, [33m12[39m ],
    distractorCount: [33m3[39m,
    source: [32m'engine'[39m,
    fallbackUsed: [90mundefined[39m
  }
]
[GEN CONFIG TRACE] {
  mode: [32m'standard'[39m,
  operation: [90mundefined[39m,
  difficulty: [33m5[39m,
  totalSteps: [33m1[39m,
  answerChoices: [33m3[39m,
  table: [90mundefined[39m,
  skipSize: [90mundefined[39m,
  fullConfig: {
    learningMode: [32m'standard'[39m,
    totalSteps: [33m1[39m,
    targetNumber: [33m14[39m,
    targetFlex: [33m0[39m,
    rangeMin: [33m1[39m,
    rangeMax: [33m14[39m,
    answerChoices: [33m3[39m,
    difficultyLevel: [33m5[39m,
    phaseSequence: [ [36m[Object][39m ],
    opsEnabled: { [32m'+'[39m: [33mtrue[39m, [32m'-'[39m: [33mfalse[39m, [32m'×'[39m: [33mfalse[39m, [32m'÷'[39m: [33mfalse[39m },
    activeMode: [32m'normal'[39m,
    isMuted: [33mfalse[39m,
    timerOn: [33mfalse[39m,
    quickMindInterval: [33m10[39m,
    darkModeInterval: [33m10[39m,
    modifiersPerStep: [33m1[39m,
    enableVariables: [33mfalse[39m,
    stopwatchSkin: [32m'default'[39m,
    progressionMode: [32m'adaptive'[39m,
    presentationMode: [32m'normal'[39m,
    scriptId: [32m'circuit-climb'[39m
  }
}
[Telemetry][VT:0] GENERATOR_START { startNumber: [33m1[39m, mode: [32m'standard'[39m }
[Telemetry][VT:0] GENERATOR_STEP_CREATED { stepIndex: [33m0[39m, startNumber: [33m1[39m, answer: [33m6[39m }
[STEP TRACE] [
  {
    i: [33m0[39m,
    startNumber: [33m1[39m,
    value: [33m5[39m,
    operation: [32m'+'[39m,
    correctAnswer: [33m6[39m,
    distractors: [ [33m7[39m, [33m6[39m, [33m9[39m ],
    distractorCount: [33m3[39m,
    source: [32m'engine'[39m,
    fallbackUsed: [90mundefined[39m
  }
]
[GEN CONFIG TRACE] {
  mode: [32m'standard'[39m,
  operation: [90mundefined[39m,
  difficulty: [33m5[39m,
  totalSteps: [33m1[39m,
  answerChoices: [33m3[39m,
  table: [90mundefined[39m,
  skipSize: [90mundefined[39m,
  fullConfig: {
    learningMode: [32m'standard'[39m,
    totalSteps: [33m1[39m,
    targetNumber: [33m14[39m,
    targetFlex: [33m0[39m,
    rangeMin: [33m1[39m,
    rangeMax: [33m14[39m,
    answerChoices: [33m3[39m,
    difficultyLevel: [33m5[39m,
    phaseSequence: [ [36m[Object][39m ],
    opsEnabled: { [32m'+'[39m: [33mtrue[39m, [32m'-'[39m: [33mfalse[39m, [32m'×'[39m: [33mfalse[39m, [32m'÷'[39m: [33mfalse[39m },
    activeMode: [32m'normal'[39m,
    isMuted: [33mfalse[39m,
    timerOn: [33mfalse[39m,
    quickMindInterval: [33m10[39m,
    darkModeInterval: [33m10[39m,
    modifiersPerStep: [33m1[39m,
    enableVariables: [33mfalse[39m,
    stopwatchSkin: [32m'default'[39m,
    progressionMode: [32m'adaptive'[39m,
    presentationMode: [32m'normal'[39m,
    scriptId: [32m'circuit-climb'[39m
  }
}
[Telemetry][VT:0] GENERATOR_START { startNumber: [33m2[39m, mode: [32m'standard'[39m }
[Telemetry][VT:0] GENERATOR_STEP_CREATED { stepIndex: [33m0[39m, startNumber: [33m2[39m, answer: [33m4[39m }
[STEP TRACE] [
  {
    i: [33m0[39m,
    startNumber: [33m2[39m,
    value: [33m2[39m,
    operation: [32m'+'[39m,
    correctAnswer: [33m4[39m,
    distractors: [ [33m4[39m, [33m7[39m, [33m5[39m ],
    distractorCount: [33m3[39m,
    source: [32m'engine'[39m,
    fallbackUsed: [90mundefined[39m
  }
]
[GEN CONFIG TRACE] {
  mode: [32m'standard'[39m,
  operation: [90mundefined[39m,
  difficulty: [33m5[39m,
  totalSteps: [33m1[39m,
  answerChoices: [33m3[39m,
  table: [90mundefined[39m,
  skipSize: [90mundefined[39m,
  fullConfig: {
    learningMode: [32m'standard'[39m,
    totalSteps: [33m1[39m,
    targetNumber: [33m14[39m,
    targetFlex: [33m0[39m,
    rangeMin: [33m1[39m,
    rangeMax: [33m14[39m,
    answerChoices: [33m3[39m,
    difficultyLevel: [33m5[39m,
    phaseSequence: [ [36m[Object][39m ],
    opsEnabled: { [32m'+'[39m: [33mtrue[39m, [32m'-'[39m: [33mfalse[39m, [32m'×'[39m: [33mfalse[39m, [32m'÷'[39m: [33mfalse[39m },
    activeMode: [32m'normal'[39m,
    isMuted: [33mfalse[39m,
    timerOn: [33mfalse[39m,
    quickMindInterval: [33m10[39m,
    darkModeInterval: [33m10[39m,
    modifiersPerStep: [33m1[39m,
    enableVariables: [33mfalse[39m,
    stopwatchSkin: [32m'default'[39m,
    progressionMode: [32m'adaptive'[39m,
    presentationMode: [32m'normal'[39m,
    scriptId: [32m'circuit-climb'[39m
  }
}
[Telemetry][VT:0] GENERATOR_START { startNumber: [33m3[39m, mode: [32m'standard'[39m }
[Telemetry][VT:0] GENERATOR_STEP_CREATED { stepIndex: [33m0[39m, startNumber: [33m3[39m, answer: [33m8[39m }
[STEP TRACE] [
  {
    i: [33m0[39m,
    startNumber: [33m3[39m,
    value: [33m5[39m,
    operation: [32m'+'[39m,
    correctAnswer: [33m8[39m,
    distractors: [ [33m8[39m, [33m9[39m, [33m7[39m ],
    distractorCount: [33m3[39m,
    source: [32m'engine'[39m,
    fallbackUsed: [90mundefined[39m
  }
]
[GEN CONFIG TRACE] {
  mode: [32m'standard'[39m,
  operation: [90mundefined[39m,
  difficulty: [33m5[39m,
  totalSteps: [33m1[39m,
  answerChoices: [33m3[39m,
  table: [90mundefined[39m,
  skipSize: [90mundefined[39m,
  fullConfig: {
    learningMode: [32m'standard'[39m,
    totalSteps: [33m1[39m,
    targetNumber: [33m14[39m,
    targetFlex: [33m0[39m,
    rangeMin: [33m1[39m,
    rangeMax: [33m14[39m,
    answerChoices: [33m3[39m,
    difficultyLevel: [33m5[39m,
    phaseSequence: [ [36m[Object][39m ],
    opsEnabled: { [32m'+'[39m: [33mtrue[39m, [32m'-'[39m: [33mfalse[39m, [32m'×'[39m: [33mfalse[39m, [32m'÷'[39m: [33mfalse[39m },
    activeMode: [32m'normal'[39m,
    isMuted: [33mfalse[39m,
    timerOn: [33mfalse[39m,
    quickMindInterval: [33m10[39m,
    darkModeInterval: [33m10[39m,
    modifiersPerStep: [33m1[39m,
    enableVariables: [33mfalse[39m,
    stopwatchSkin: [32m'default'[39m,
    progressionMode: [32m'adaptive'[39m,
    presentationMode: [32m'normal'[39m,
    scriptId: [32m'circuit-climb'[39m
  }
}
[Telemetry][VT:0] GENERATOR_START { startNumber: [33m4[39m, mode: [32m'standard'[39m }
[Telemetry][VT:0] GENERATOR_STEP_CREATED { stepIndex: [33m0[39m, startNumber: [33m4[39m, answer: [33m7[39m }
[STEP TRACE] [
  {
    i: [33m0[39m,
    startNumber: [33m4[39m,
    value: [33m3[39m,
    operation: [32m'+'[39m,
    correctAnswer: [33m7[39m,
    distractors: [ [33m4[39m, [33m7[39m, [33m9[39m ],
    distractorCount: [33m3[39m,
    source: [32m'engine'[39m,
    fallbackUsed: [90mundefined[39m
  }
]
[GEN CONFIG TRACE] {
  mode: [32m'standard'[39m,
  operation: [90mundefined[39m,
  difficulty: [33m5[39m,
  totalSteps: [33m1[39m,
  answerChoices: [33m3[39m,
  table: [90mundefined[39m,
  skipSize: [90mundefined[39m,
  fullConfig: {
    learningMode: [32m'standard'[39m,
    totalSteps: [33m1[39m,
    targetNumber: [33m14[39m,
    targetFlex: [33m0[39m,
    rangeMin: [33m1[39m,
    rangeMax: [33m14[39m,
    answerChoices: [33m3[39m,
    difficultyLevel: [33m5[39m,
    phaseSequence: [ [36m[Object][39m ],
    opsEnabled: { [32m'+'[39m: [33mtrue[39m, [32m'-'[39m: [33mfalse[39m, [32m'×'[39m: [33mfalse[39m, [32m'÷'[39m: [33mfalse[39m },
    activeMode: [32m'normal'[39m,
    isMuted: [33mfalse[39m,
    timerOn: [33mfalse[39m,
    quickMindInterval: [33m10[39m,
    darkModeInterval: [33m10[39m,
    modifiersPerStep: [33m1[39m,
    enableVariables: [33mfalse[39m,
    stopwatchSkin: [32m'default'[39m,
    progressionMode: [32m'adaptive'[39m,
    presentationMode: [32m'normal'[39m,
    scriptId: [32m'circuit-climb'[39m
  }
}
[Telemetry][VT:0] GENERATOR_START { startNumber: [33m5[39m, mode: [32m'standard'[39m }
[Telemetry][VT:0] GENERATOR_STEP_CREATED { stepIndex: [33m0[39m, startNumber: [33m5[39m, answer: [33m14[39m }
[STEP TRACE] [
  {
    i: [33m0[39m,
    startNumber: [33m5[39m,
    value: [33m9[39m,
    operation: [32m'+'[39m,
    correctAnswer: [33m14[39m,
    distractors: [ [33m14[39m, [33m12[39m, [33m11[39m ],
    distractorCount: [33m3[39m,
    source: [32m'engine'[39m,
    fallbackUsed: [90mundefined[39m
  }
]
[GEN CONFIG TRACE] {
  mode: [32m'standard'[39m,
  operation: [90mundefined[39m,
  difficulty: [33m5[39m,
  totalSteps: [33m1[39m,
  answerChoices: [33m3[39m,
  table: [90mundefined[39m,
  skipSize: [90mundefined[39m,
  fullConfig: {
    learningMode: [32m'standard'[39m,
    totalSteps: [33m1[39m,
    targetNumber: [33m14[39m,
    targetFlex: [33m0[39m,
    rangeMin: [33m1[39m,
    rangeMax: [33m14[39m,
    answerChoices: [33m3[39m,
    difficultyLevel: [33m5[39m,
    phaseSequence: [ [36m[Object][39m ],
    opsEnabled: { [32m'+'[39m: [33mtrue[39m, [32m'-'[39m: [33mfalse[39m, [32m'×'[39m: [33mfalse[39m, [32m'÷'[39m: [33mfalse[39m },
    activeMode: [32m'normal'[39m,
    isMuted: [33mfalse[39m,
    timerOn: [33mfalse[39m,
    quickMindInterval: [33m10[39m,
    darkModeInterval: [33m10[39m,
    modifiersPerStep: [33m1[39m,
    enableVariables: [33mfalse[39m,
    stopwatchSkin: [32m'default'[39m,
    progressionMode: [32m'adaptive'[39m,
    presentationMode: [32m'normal'[39m,
    scriptId: [32m'circuit-climb'[39m
  }
}
[Telemetry][VT:0] GENERATOR_START { startNumber: [33m6[39m, mode: [32m'standard'[39m }
[Telemetry][VT:0] GENERATOR_STEP_CREATED { stepIndex: [33m0[39m, startNumber: [33m6[39m, answer: [33m9[39m }
[STEP TRACE] [
  {
    i: [33m0[39m,
    startNumber: [33m6[39m,
    value: [33m3[39m,
    operation: [32m'+'[39m,
    correctAnswer: [33m9[39m,
    distractors: [ [33m12[39m, [33m7[39m, [33m9[39m ],
    distractorCount: [33m3[39m,
    source: [32m'engine'[39m,
    fallbackUsed: [90mundefined[39m
  }
]
[GEN CONFIG TRACE] {
  mode: [32m'standard'[39m,
  operation: [90mundefined[39m,
  difficulty: [33m5[39m,
  totalSteps: [33m1[39m,
  answerChoices: [33m3[39m,
  table: [90mundefined[39m,
  skipSize: [90mundefined[39m,
  fullConfig: {
    learningMode: [32m'standard'[39m,
    totalSteps: [33m1[39m,
    targetNumber: [33m14[39m,
    targetFlex: [33m0[39m,
    rangeMin: [33m1[39m,
    rangeMax: [33m14[39m,
    answerChoices: [33m3[39m,
    difficultyLevel: [33m5[39m,
    phaseSequence: [ [36m[Object][39m ],
    opsEnabled: { [32m'+'[39m: [33mtrue[39m, [32m'-'[39m: [33mfalse[39m, [32m'×'[39m: [33mfalse[39m, [32m'÷'[39m: [33mfalse[39m },
    activeMode: [32m'normal'[39m,
    isMuted: [33mfalse[39m,
    timerOn: [33mfalse[39m,
    quickMindInterval: [33m10[39m,
    darkModeInterval: [33m10[39m,
    modifiersPerStep: [33m1[39m,
    enableVariables: [33mfalse[39m,
    stopwatchSkin: [32m'default'[39m,
    progressionMode: [32m'adaptive'[39m,
    presentationMode: [32m'normal'[39m,
    scriptId: [32m'circuit-climb'[39m
  }
}
[Telemetry][VT:0] GENERATOR_START { startNumber: [33m7[39m, mode: [32m'standard'[39m }
[Telemetry][VT:0] GENERATOR_STEP_CREATED { stepIndex: [33m0[39m, startNumber: [33m7[39m, answer: [33m12[39m }
[STEP TRACE] [
  {
    i: [33m0[39m,
    startNumber: [33m7[39m,
    value: [33m5[39m,
    operation: [32m'+'[39m,
    correctAnswer: [33m12[39m,
    distractors: [ [33m14[39m, [33m10[39m, [33m12[39m ],
    distractorCount: [33m3[39m,
    source: [32m'engine'[39m,
    fallbackUsed: [90mundefined[39m
  }
]
[GEN CONFIG TRACE] {
  mode: [32m'standard'[39m,
  operation: [90mundefined[39m,
  difficulty: [33m5[39m,
  totalSteps: [33m1[39m,
  answerChoices: [33m3[39m,
  table: [90mundefined[39m,
  skipSize: [90mundefined[39m,
  fullConfig: {
    learningMode: [32m'standard'[39m,
    totalSteps: [33m1[39m,
    targetNumber: [33m14[39m,
    targetFlex: [33m0[39m,
    rangeMin: [33m1[39m,
    rangeMax: [33m14[39m,
    answerChoices: [33m3[39m,
    difficultyLevel: [33m5[39m,
    phaseSequence: [ [36m[Object][39m ],
    opsEnabled: { [32m'+'[39m: [33mtrue[39m, [32m'-'[39m: [33mfalse[39m, [32m'×'[39m: [33mfalse[39m, [32m'÷'[39m: [33mfalse[39m },
    activeMode: [32m'normal'[39m,
    isMuted: [33mfalse[39m,
    timerOn: [33mfalse[39m,
    quickMindInterval: [33m10[39m,
    darkModeInterval: [33m10[39m,
    modifiersPerStep: [33m1[39m,
    enableVariables: [33mfalse[39m,
    stopwatchSkin: [32m'default'[39m,
    progressionMode: [32m'adaptive'[39m,
    presentationMode: [32m'normal'[39m,
    scriptId: [32m'circuit-climb'[39m
  }
}
[Telemetry][VT:0] GENERATOR_START { startNumber: [33m8[39m, mode: [32m'standard'[39m }
[Telemetry][VT:0] GENERATOR_STEP_CREATED { stepIndex: [33m0[39m, startNumber: [33m8[39m, answer: [33m12[39m }
[STEP TRACE] [
  {
    i: [33m0[39m,
    startNumber: [33m8[39m,
    value: [33m4[39m,
    operation: [32m'+'[39m,
    correctAnswer: [33m12[39m,
    distractors: [ [33m12[39m, [33m15[39m, [33m10[39m ],
    distractorCount: [33m3[39m,
    source: [32m'engine'[39m,
    fallbackUsed: [90mundefined[39m
  }
]
[GEN CONFIG TRACE] {
  mode: [32m'standard'[39m,
  operation: [90mundefined[39m,
  difficulty: [33m5[39m,
  totalSteps: [33m1[39m,
  answerChoices: [33m3[39m,
  table: [90mundefined[39m,
  skipSize: [90mundefined[39m,
  fullConfig: {
    learningMode: [32m'standard'[39m,
    totalSteps: [33m1[39m,
    targetNumber: [33m14[39m,
    targetFlex: [33m0[39m,
    rangeMin: [33m1[39m,
    rangeMax: [33m14[39m,
    answerChoices: [33m3[39m,
    difficultyLevel: [33m5[39m,
    phaseSequence: [ [36m[Object][39m ],
    opsEnabled: { [32m'+'[39m: [33mtrue[39m, [32m'-'[39m: [33mfalse[39m, [32m'×'[39m: [33mfalse[39m, [32m'÷'[39m: [33mfalse[39m },
    activeMode: [32m'normal'[39m,
    isMuted: [33mfalse[39m,
    timerOn: [33mfalse[39m,
    quickMindInterval: [33m10[39m,
    darkModeInterval: [33m10[39m,
    modifiersPerStep: [33m1[39m,
    enableVariables: [33mfalse[39m,
    stopwatchSkin: [32m'default'[39m,
    progressionMode: [32m'adaptive'[39m,
    presentationMode: [32m'normal'[39m,
    scriptId: [32m'circuit-climb'[39m
  }
}
[Telemetry][VT:0] GENERATOR_START { startNumber: [33m9[39m, mode: [32m'standard'[39m }
[Telemetry][VT:0] GENERATOR_STEP_CREATED { stepIndex: [33m0[39m, startNumber: [33m9[39m, answer: [33m13[39m }
[STEP TRACE] [
  {
    i: [33m0[39m,
    startNumber: [33m9[39m,
    value: [33m4[39m,
    operation: [32m'+'[39m,
    correctAnswer: [33m13[39m,
    distractors: [ [33m10[39m, [33m15[39m, [33m13[39m ],
    distractorCount: [33m3[39m,
    source: [32m'engine'[39m,
    fallbackUsed: [90mundefined[39m
  }
]
[GEN CONFIG TRACE] {
  mode: [32m'standard'[39m,
  operation: [90mundefined[39m,
  difficulty: [33m5[39m,
  totalSteps: [33m1[39m,
  answerChoices: [33m3[39m,
  table: [90mundefined[39m,
  skipSize: [90mundefined[39m,
  fullConfig: {
    learningMode: [32m'standard'[39m,
    totalSteps: [33m1[39m,
    targetNumber: [33m14[39m,
    targetFlex: [33m0[39m,
    rangeMin: [33m1[39m,
    rangeMax: [33m14[39m,
    answerChoices: [33m3[39m,
    difficultyLevel: [33m5[39m,
    phaseSequence: [ [36m[Object][39m ],
    opsEnabled: { [32m'+'[39m: [33mtrue[39m, [32m'-'[39m: [33mfalse[39m, [32m'×'[39m: [33mfalse[39m, [32m'÷'[39m: [33mfalse[39m },
    activeMode: [32m'normal'[39m,
    isMuted: [33mfalse[39m,
    timerOn: [33mfalse[39m,
    quickMindInterval: [33m10[39m,
    darkModeInterval: [33m10[39m,
    modifiersPerStep: [33m1[39m,
    enableVariables: [33mfalse[39m,
    stopwatchSkin: [32m'default'[39m,
    progressionMode: [32m'adaptive'[39m,
    presentationMode: [32m'normal'[39m,
    scriptId: [32m'circuit-climb'[39m
  }
}
[Telemetry][VT:0] GENERATOR_START { startNumber: [33m10[39m, mode: [32m'standard'[39m }
[Telemetry][VT:0] GENERATOR_STEP_CREATED { stepIndex: [33m0[39m, startNumber: [33m10[39m, answer: [33m13[39m }
[STEP TRACE] [
  {
    i: [33m0[39m,
    startNumber: [33m10[39m,
    value: [33m3[39m,
    operation: [32m'+'[39m,
    correctAnswer: [33m13[39m,
    distractors: [ [33m12[39m, [33m13[39m, [33m11[39m ],
    distractorCount: [33m3[39m,
    source: [32m'engine'[39m,
    fallbackUsed: [90mundefined[39m
  }
]
[GEN CONFIG TRACE] {
  mode: [32m'standard'[39m,
  operation: [90mundefined[39m,
  difficulty: [33m5[39m,
  totalSteps: [33m1[39m,
  answerChoices: [33m3[39m,
  table: [90mundefined[39m,
  skipSize: [90mundefined[39m,
  fullConfig: {
    learningMode: [32m'standard'[39m,
    totalSteps: [33m1[39m,
    targetNumber: [33m14[39m,
    targetFlex: [33m0[39m,
    rangeMin: [33m1[39m,
    rangeMax: [33m14[39m,
    answerChoices: [33m3[39m,
    difficultyLevel: [33m5[39m,
    phaseSequence: [ [36m[Object][39m ],
    opsEnabled: { [32m'+'[39m: [33mtrue[39m, [32m'-'[39m: [33mfalse[39m, [32m'×'[39m: [33mfalse[39m, [32m'÷'[39m: [33mfalse[39m },
    activeMode: [32m'normal'[39m,
    isMuted: [33mfalse[39m,
    timerOn: [33mfalse[39m,
    quickMindInterval: [33m10[39m,
    darkModeInterval: [33m10[39m,
    modifiersPerStep: [33m1[39m,
    enableVariables: [33mfalse[39m,
    stopwatchSkin: [32m'default'[39m,
    progressionMode: [32m'adaptive'[39m,
    presentationMode: [32m'normal'[39m,
    scriptId: [32m'circuit-climb'[39m
  }
}
[Telemetry][VT:0] GENERATOR_START { startNumber: [33m11[39m, mode: [32m'standard'[39m }
[Telemetry][VT:0] GENERATOR_STEP_CREATED { stepIndex: [33m0[39m, startNumber: [33m11[39m, answer: [33m13[39m }
[STEP TRACE] [
  {
    i: [33m0[39m,
    startNumber: [33m11[39m,
    value: [33m2[39m,
    operation: [32m'+'[39m,
    correctAnswer: [33m13[39m,
    distractors: [ [33m16[39m, [33m13[39m, [33m14[39m ],
    distractorCount: [33m3[39m,
    source: [32m'engine'[39m,
    fallbackUsed: [90mundefined[39m
  }
]
[GEN CONFIG TRACE] {
  mode: [32m'standard'[39m,
  operation: [90mundefined[39m,
  difficulty: [33m5[39m,
  totalSteps: [33m1[39m,
  answerChoices: [33m3[39m,
  table: [90mundefined[39m,
  skipSize: [90mundefined[39m,
  fullConfig: {
    learningMode: [32m'standard'[39m,
    totalSteps: [33m1[39m,
    targetNumber: [33m14[39m,
    targetFlex: [33m0[39m,
    rangeMin: [33m1[39m,
    rangeMax: [33m14[39m,
    answerChoices: [33m3[39m,
    difficultyLevel: [33m5[39m,
    phaseSequence: [ [36m[Object][39m ],
    opsEnabled: { [32m'+'[39m: [33mtrue[39m, [32m'-'[39m: [33mfalse[39m, [32m'×'[39m: [33mfalse[39m, [32m'÷'[39m: [33mfalse[39m },
    activeMode: [32m'normal'[39m,
    isMuted: [33mfalse[39m,
    timerOn: [33mfalse[39m,
    quickMindInterval: [33m10[39m,
    darkModeInterval: [33m10[39m,
    modifiersPerStep: [33m1[39m,
    enableVariables: [33mfalse[39m,
    stopwatchSkin: [32m'default'[39m,
    progressionMode: [32m'adaptive'[39m,
    presentationMode: [32m'normal'[39m,
    scriptId: [32m'circuit-climb'[39m
  }
}
[Telemetry][VT:0] GENERATOR_START { startNumber: [33m12[39m, mode: [32m'standard'[39m }
[Telemetry][VT:0] GENERATOR_STEP_CREATED { stepIndex: [33m0[39m, startNumber: [33m12[39m, answer: [33m14[39m }
[STEP TRACE] [
  {
    i: [33m0[39m,
    startNumber: [33m12[39m,
    value: [33m2[39m,
    operation: [32m'+'[39m,
    correctAnswer: [33m14[39m,
    distractors: [ [33m15[39m, [33m14[39m, [33m13[39m ],
    distractorCount: [33m3[39m,
    source: [32m'engine'[39m,
    fallbackUsed: [90mundefined[39m
  }
]
[GEN CONFIG TRACE] {
  mode: [32m'standard'[39m,
  operation: [90mundefined[39m,
  difficulty: [33m5[39m,
  totalSteps: [33m1[39m,
  answerChoices: [33m3[39m,
  table: [90mundefined[39m,
  skipSize: [90mundefined[39m,
  fullConfig: {
    learningMode: [32m'standard'[39m,
    totalSteps: [33m1[39m,
    targetNumber: [33m14[39m,
    targetFlex: [33m0[39m,
    rangeMin: [33m1[39m,
    rangeMax: [33m14[39m,
    answerChoices: [33m3[39m,
    difficultyLevel: [33m5[39m,
    phaseSequence: [ [36m[Object][39m ],
    opsEnabled: { [32m'+'[39m: [33mtrue[39m, [32m'-'[39m: [33mfalse[39m, [32m'×'[39m: [33mfalse[39m, [32m'÷'[39m: [33mfalse[39m },
    activeMode: [32m'normal'[39m,
    isMuted: [33mfalse[39m,
    timerOn: [33mfalse[39m,
    quickMindInterval: [33m10[39m,
    darkModeInterval: [33m10[39m,
    modifiersPerStep: [33m1[39m,
    enableVariables: [33mfalse[39m,
    stopwatchSkin: [32m'default'[39m,
    progressionMode: [32m'adaptive'[39m,
    presentationMode: [32m'normal'[39m,
    scriptId: [32m'circuit-climb'[39m
  }
}
[Telemetry][VT:0] GENERATOR_START { startNumber: [33m13[39m, mode: [32m'standard'[39m }
[Telemetry][VT:0] GENERATOR_STEP_CREATED { stepIndex: [33m0[39m, startNumber: [33m13[39m, answer: [33m14[39m }
[STEP TRACE] [
  {
    i: [33m0[39m,
    startNumber: [33m13[39m,
    value: [33m1[39m,
    operation: [32m'+'[39m,
    correctAnswer: [33m14[39m,
    distractors: [ [33m14[39m, [33m17[39m, [33m12[39m ],
    distractorCount: [33m3[39m,
    source: [32m'engine'[39m,
    fallbackUsed: [90mundefined[39m
  }
]
[GEN CONFIG TRACE] {
  mode: [32m'standard'[39m,
  operation: [90mundefined[39m,
  difficulty: [33m5[39m,
  totalSteps: [33m1[39m,
  answerChoices: [33m3[39m,
  table: [90mundefined[39m,
  skipSize: [90mundefined[39m,
  fullConfig: {
    learningMode: [32m'standard'[39m,
    totalSteps: [33m1[39m,
    targetNumber: [33m14[39m,
    targetFlex: [33m0[39m,
    rangeMin: [33m1[39m,
    rangeMax: [33m14[39m,
    answerChoices: [33m3[39m,
    difficultyLevel: [33m5[39m,
    phaseSequence: [ [36m[Object][39m ],
    opsEnabled: { [32m'+'[39m: [33mtrue[39m, [32m'-'[39m: [33mfalse[39m, [32m'×'[39m: [33mfalse[39m, [32m'÷'[39m: [33mfalse[39m },
    activeMode: [32m'normal'[39m,
    isMuted: [33mfalse[39m,
    timerOn: [33mfalse[39m,
    quickMindInterval: [33m10[39m,
    darkModeInterval: [33m10[39m,
    modifiersPerStep: [33m1[39m,
    enableVariables: [33mfalse[39m,
    stopwatchSkin: [32m'default'[39m,
    progressionMode: [32m'adaptive'[39m,
    presentationMode: [32m'normal'[39m,
    scriptId: [32m'circuit-climb'[39m
  }
}
[Telemetry][VT:0] GENERATOR_START { startNumber: [33m1[39m, mode: [32m'standard'[39m }
[Telemetry][VT:0] GENERATOR_STEP_CREATED { stepIndex: [33m0[39m, startNumber: [33m1[39m, answer: [33m5[39m }
[STEP TRACE] [
  {
    i: [33m0[39m,
    startNumber: [33m1[39m,
    value: [33m4[39m,
    operation: [32m'+'[39m,
    correctAnswer: [33m5[39m,
    distractors: [ [33m5[39m, [33m2[39m, [33m3[39m ],
    distractorCount: [33m3[39m,
    source: [32m'engine'[39m,
    fallbackUsed: [90mundefined[39m
  }
]
[GEN CONFIG TRACE] {
  mode: [32m'standard'[39m,
  operation: [90mundefined[39m,
  difficulty: [33m5[39m,
  totalSteps: [33m1[39m,
  answerChoices: [33m3[39m,
  table: [90mundefined[39m,
  skipSize: [90mundefined[39m,
  fullConfig: {
    learningMode: [32m'standard'[39m,
    totalSteps: [33m1[39m,
    targetNumber: [33m14[39m,
    targetFlex: [33m0[39m,
    rangeMin: [33m1[39m,
    rangeMax: [33m14[39m,
    answerChoices: [33m3[39m,
    difficultyLevel: [33m5[39m,
    phaseSequence: [ [36m[Object][39m ],
    opsEnabled: { [32m'+'[39m: [33mtrue[39m, [32m'-'[39m: [33mfalse[39m, [32m'×'[39m: [33mfalse[39m, [32m'÷'[39m: [33mfalse[39m },
    activeMode: [32m'normal'[39m,
    isMuted: [33mfalse[39m,
    timerOn: [33mfalse[39m,
    quickMindInterval: [33m10[39m,
    darkModeInterval: [33m10[39m,
    modifiersPerStep: [33m1[39m,
    enableVariables: [33mfalse[39m,
    stopwatchSkin: [32m'default'[39m,
    progressionMode: [32m'adaptive'[39m,
    presentationMode: [32m'normal'[39m,
    scriptId: [32m'circuit-climb'[39m
  }
}
[Telemetry][VT:0] GENERATOR_START { startNumber: [33m2[39m, mode: [32m'standard'[39m }
[Telemetry][VT:0] GENERATOR_STEP_CREATED { stepIndex: [33m0[39m, startNumber: [33m2[39m, answer: [33m14[39m }
[STEP TRACE] [
  {
    i: [33m0[39m,
    startNumber: [33m2[39m,
    value: [33m12[39m,
    operation: [32m'+'[39m,
    correctAnswer: [33m14[39m,
    distractors: [ [33m17[39m, [33m12[39m, [33m14[39m ],
    distractorCount: [33m3[39m,
    source: [32m'engine'[39m,
    fallbackUsed: [90mundefined[39m
  }
]
[GEN CONFIG TRACE] {
  mode: [32m'standard'[39m,
  operation: [90mundefined[39m,
  difficulty: [33m5[39m,
  totalSteps: [33m1[39m,
  answerChoices: [33m3[39m,
  table: [90mundefined[39m,
  skipSize: [90mundefined[39m,
  fullConfig: {
    learningMode: [32m'standard'[39m,
    totalSteps: [33m1[39m,
    targetNumber: [33m14[39m,
    targetFlex: [33m0[39m,
    rangeMin: [33m1[39m,
    rangeMax: [33m14[39m,
    answerChoices: [33m3[39m,
    difficultyLevel: [33m5[39m,
    phaseSequence: [ [36m[Object][39m ],
    opsEnabled: { [32m'+'[39m: [33mtrue[39m, [32m'-'[39m: [33mfalse[39m, [32m'×'[39m: [33mfalse[39m, [32m'÷'[39m: [33mfalse[39m },
    activeMode: [32m'normal'[39m,
    isMuted: [33mfalse[39m,
    timerOn: [33mfalse[39m,
    quickMindInterval: [33m10[39m,
    darkModeInterval: [33m10[39m,
    modifiersPerStep: [33m1[39m,
    enableVariables: [33mfalse[39m,
    stopwatchSkin: [32m'default'[39m,
    progressionMode: [32m'adaptive'[39m,
    presentationMode: [32m'normal'[39m,
    scriptId: [32m'circuit-climb'[39m
  }
}
[Telemetry][VT:0] GENERATOR_START { startNumber: [33m3[39m, mode: [32m'standard'[39m }
[Telemetry][VT:0] GENERATOR_STEP_CREATED { stepIndex: [33m0[39m, startNumber: [33m3[39m, answer: [33m6[39m }
[STEP TRACE] [
  {
    i: [33m0[39m,
    startNumber: [33m3[39m,
    value: [33m3[39m,
    operation: [32m'+'[39m,
    correctAnswer: [33m6[39m,
    distractors: [ [33m3[39m, [33m4[39m, [33m6[39m ],
    distractorCount: [33m3[39m,
    source: [32m'engine'[39m,
    fallbackUsed: [90mundefined[39m
  }
]
[GEN CONFIG TRACE] {
  mode: [32m'standard'[39m,
  operation: [90mundefined[39m,
  difficulty: [33m5[39m,
  totalSteps: [33m1[39m,
  answerChoices: [33m3[39m,
  table: [90mundefined[39m,
  skipSize: [90mundefined[39m,
  fullConfig: {
    learningMode: [32m'standard'[39m,
    totalSteps: [33m1[39m,
    targetNumber: [33m14[39m,
    targetFlex: [33m0[39m,
    rangeMin: [33m1[39m,
    rangeMax: [33m14[39m,
    answerChoices: [33m3[39m,
    difficultyLevel: [33m5[39m,
    phaseSequence: [ [36m[Object][39m ],
    opsEnabled: { [32m'+'[39m: [33mtrue[39m, [32m'-'[39m: [33mfalse[39m, [32m'×'[39m: [33mfalse[39m, [32m'÷'[39m: [33mfalse[39m },
    activeMode: [32m'normal'[39m,
    isMuted: [33mfalse[39m,
    timerOn: [33mfalse[39m,
    quickMindInterval: [33m10[39m,
    darkModeInterval: [33m10[39m,
    modifiersPerStep: [33m1[39m,
    enableVariables: [33mfalse[39m,
    stopwatchSkin: [32m'default'[39m,
    progressionMode: [32m'adaptive'[39m,
    presentationMode: [32m'normal'[39m,
    scriptId: [32m'circuit-climb'[39m
  }
}
[Telemetry][VT:0] GENERATOR_START { startNumber: [33m4[39m, mode: [32m'standard'[39m }
[Telemetry][VT:0] GENERATOR_STEP_CREATED { stepIndex: [33m0[39m, startNumber: [33m4[39m, answer: [33m9[39m }
[STEP TRACE] [
  {
    i: [33m0[39m,
    startNumber: [33m4[39m,
    value: [33m5[39m,
    operation: [32m'+'[39m,
    correctAnswer: [33m9[39m,
    distractors: [ [33m7[39m, [33m6[39m, [33m9[39m ],
    distractorCount: [33m3[39m,
    source: [32m'engine'[39m,
    fallbackUsed: [90mundefined[39m
  }
]
[GEN CONFIG TRACE] {
  mode: [32m'standard'[39m,
  operation: [90mundefined[39m,
  difficulty: [33m5[39m,
  totalSteps: [33m1[39m,
  answerChoices: [33m3[39m,
  table: [90mundefined[39m,
  skipSize: [90mundefined[39m,
  fullConfig: {
    learningMode: [32m'standard'[39m,
    totalSteps: [33m1[39m,
    targetNumber: [33m14[39m,
    targetFlex: [33m0[39m,
    rangeMin: [33m1[39m,
    rangeMax: [33m14[39m,
    answerChoices: [33m3[39m,
    difficultyLevel: [33m5[39m,
    phaseSequence: [ [36m[Object][39m ],
    opsEnabled: { [32m'+'[39m: [33mtrue[39m, [32m'-'[39m: [33mfalse[39m, [32m'×'[39m: [33mfalse[39m, [32m'÷'[39m: [33mfalse[39m },
    activeMode: [32m'normal'[39m,
    isMuted: [33mfalse[39m,
    timerOn: [33mfalse[39m,
    quickMindInterval: [33m10[39m,
    darkModeInterval: [33m10[39m,
    modifiersPerStep: [33m1[39m,
    enableVariables: [33mfalse[39m,
    stopwatchSkin: [32m'default'[39m,
    progressionMode: [32m'adaptive'[39m,
    presentationMode: [32m'normal'[39m,
    scriptId: [32m'circuit-climb'[39m
  }
}
[Telemetry][VT:0] GENERATOR_START { startNumber: [33m5[39m, mode: [32m'standard'[39m }
[Telemetry][VT:0] GENERATOR_STEP_CREATED { stepIndex: [33m0[39m, startNumber: [33m5[39m, answer: [33m9[39m }
[STEP TRACE] [
  {
    i: [33m0[39m,
    startNumber: [33m5[39m,
    value: [33m4[39m,
    operation: [32m'+'[39m,
    correctAnswer: [33m9[39m,
    distractors: [ [33m6[39m, [33m9[39m, [33m12[39m ],
    distractorCount: [33m3[39m,
    source: [32m'engine'[39m,
    fallbackUsed: [90mundefined[39m
  }
]
[GEN CONFIG TRACE] {
  mode: [32m'standard'[39m,
  operation: [90mundefined[39m,
  difficulty: [33m5[39m,
  totalSteps: [33m1[39m,
  answerChoices: [33m3[39m,
  table: [90mundefined[39m,
  skipSize: [90mundefined[39m,
  fullConfig: {
    learningMode: [32m'standard'[39m,
    totalSteps: [33m1[39m,
    targetNumber: [33m14[39m,
    targetFlex: [33m0[39m,
    rangeMin: [33m1[39m,
    rangeMax: [33m14[39m,
    answerChoices: [33m3[39m,
    difficultyLevel: [33m5[39m,
    phaseSequence: [ [36m[Object][39m ],
    opsEnabled: { [32m'+'[39m: [33mtrue[39m, [32m'-'[39m: [33mfalse[39m, [32m'×'[39m: [33mfalse[39m, [32m'÷'[39m: [33mfalse[39m },
    activeMode: [32m'normal'[39m,
    isMuted: [33mfalse[39m,
    timerOn: [33mfalse[39m,
    quickMindInterval: [33m10[39m,
    darkModeInterval: [33m10[39m,
    modifiersPerStep: [33m1[39m,
    enableVariables: [33mfalse[39m,
    stopwatchSkin: [32m'default'[39m,
    progressionMode: [32m'adaptive'[39m,
    presentationMode: [32m'normal'[39m,
    scriptId: [32m'circuit-climb'[39m
  }
}
[Telemetry][VT:0] GENERATOR_START { startNumber: [33m6[39m, mode: [32m'standard'[39m }
[Telemetry][VT:0] GENERATOR_STEP_CREATED { stepIndex: [33m0[39m, startNumber: [33m6[39m, answer: [33m13[39m }
[STEP TRACE] [
  {
    i: [33m0[39m,
    startNumber: [33m6[39m,
    value: [33m7[39m,
    operation: [32m'+'[39m,
    correctAnswer: [33m13[39m,
    distractors: [ [33m13[39m, [33m10[39m, [33m11[39m ],
    distractorCount: [33m3[39m,
    source: [32m'engine'[39m,
    fallbackUsed: [90mundefined[39m
  }
]
[GEN CONFIG TRACE] {
  mode: [32m'standard'[39m,
  operation: [90mundefined[39m,
  difficulty: [33m5[39m,
  totalSteps: [33m1[39m,
  answerChoices: [33m3[39m,
  table: [90mundefined[39m,
  skipSize: [90mundefined[39m,
  fullConfig: {
    learningMode: [32m'standard'[39m,
    totalSteps: [33m1[39m,
    targetNumber: [33m14[39m,
    targetFlex: [33m0[39m,
    rangeMin: [33m1[39m,
    rangeMax: [33m14[39m,
    answerChoices: [33m3[39m,
    difficultyLevel: [33m5[39m,
    phaseSequence: [ [36m[Object][39m ],
    opsEnabled: { [32m'+'[39m: [33mtrue[39m, [32m'-'[39m: [33mfalse[39m, [32m'×'[39m: [33mfalse[39m, [32m'÷'[39m: [33mfalse[39m },
    activeMode: [32m'normal'[39m,
    isMuted: [33mfalse[39m,
    timerOn: [33mfalse[39m,
    quickMindInterval: [33m10[39m,
    darkModeInterval: [33m10[39m,
    modifiersPerStep: [33m1[39m,
    enableVariables: [33mfalse[39m,
    stopwatchSkin: [32m'default'[39m,
    progressionMode: [32m'adaptive'[39m,
    presentationMode: [32m'normal'[39m,
    scriptId: [32m'circuit-climb'[39m
  }
}
[Telemetry][VT:0] GENERATOR_START { startNumber: [33m7[39m, mode: [32m'standard'[39m }
[Telemetry][VT:0] GENERATOR_STEP_CREATED { stepIndex: [33m0[39m, startNumber: [33m7[39m, answer: [33m14[39m }
[STEP TRACE] [
  {
    i: [33m0[39m,
    startNumber: [33m7[39m,
    value: [33m7[39m,
    operation: [32m'+'[39m,
    correctAnswer: [33m14[39m,
    distractors: [ [33m12[39m, [33m14[39m, [33m16[39m ],
    distractorCount: [33m3[39m,
    source: [32m'engine'[39m,
    fallbackUsed: [90mundefined[39m
  }
]
[GEN CONFIG TRACE] {
  mode: [32m'standard'[39m,
  operation: [90mundefined[39m,
  difficulty: [33m5[39m,
  totalSteps: [33m1[39m,
  answerChoices: [33m3[39m,
  table: [90mundefined[39m,
  skipSize: [90mundefined[39m,
  fullConfig: {
    learningMode: [32m'standard'[39m,
    totalSteps: [33m1[39m,
    targetNumber: [33m14[39m,
    targetFlex: [33m0[39m,
    rangeMin: [33m1[39m,
    rangeMax: [33m14[39m,
    answerChoices: [33m3[39m,
    difficultyLevel: [33m5[39m,
    phaseSequence: [ [36m[Object][39m ],
    opsEnabled: { [32m'+'[39m: [33mtrue[39m, [32m'-'[39m: [33mfalse[39m, [32m'×'[39m: [33mfalse[39m, [32m'÷'[39m: [33mfalse[39m },
    activeMode: [32m'normal'[39m,
    isMuted: [33mfalse[39m,
    timerOn: [33mfalse[39m,
    quickMindInterval: [33m10[39m,
    darkModeInterval: [33m10[39m,
    modifiersPerStep: [33m1[39m,
    enableVariables: [33mfalse[39m,
    stopwatchSkin: [32m'default'[39m,
    progressionMode: [32m'adaptive'[39m,
    presentationMode: [32m'normal'[39m,
    scriptId: [32m'circuit-climb'[39m
  }
}
[Telemetry][VT:0] GENERATOR_START { startNumber: [33m8[39m, mode: [32m'standard'[39m }
[Telemetry][VT:0] GENERATOR_STEP_CREATED { stepIndex: [33m0[39m, startNumber: [33m8[39m, answer: [33m11[39m }
[STEP TRACE] [
  {
    i: [33m0[39m,
    startNumber: [33m8[39m,
    value: [33m3[39m,
    operation: [32m'+'[39m,
    correctAnswer: [33m11[39m,
    distractors: [ [33m14[39m, [33m8[39m, [33m11[39m ],
    distractorCount: [33m3[39m,
    source: [32m'engine'[39m,
    fallbackUsed: [90mundefined[39m
  }
]
[GEN CONFIG TRACE] {
  mode: [32m'standard'[39m,
  operation: [90mundefined[39m,
  difficulty: [33m5[39m,
  totalSteps: [33m1[39m,
  answerChoices: [33m3[39m,
  table: [90mundefined[39m,
  skipSize: [90mundefined[39m,
  fullConfig: {
    learningMode: [32m'standard'[39m,
    totalSteps: [33m1[39m,
    targetNumber: [33m14[39m,
    targetFlex: [33m0[39m,
    rangeMin: [33m1[39m,
    rangeMax: [33m14[39m,
    answerChoices: [33m3[39m,
    difficultyLevel: [33m5[39m,
    phaseSequence: [ [36m[Object][39m ],
    opsEnabled: { [32m'+'[39m: [33mtrue[39m, [32m'-'[39m: [33mfalse[39m, [32m'×'[39m: [33mfalse[39m, [32m'÷'[39m: [33mfalse[39m },
    activeMode: [32m'normal'[39m,
    isMuted: [33mfalse[39m,
    timerOn: [33mfalse[39m,
    quickMindInterval: [33m10[39m,
    darkModeInterval: [33m10[39m,
    modifiersPerStep: [33m1[39m,
    enableVariables: [33mfalse[39m,
    stopwatchSkin: [32m'default'[39m,
    progressionMode: [32m'adaptive'[39m,
    presentationMode: [32m'normal'[39m,
    scriptId: [32m'circuit-climb'[39m
  }
}
[Telemetry][VT:0] GENERATOR_START { startNumber: [33m9[39m, mode: [32m'standard'[39m }
[Telemetry][VT:0] GENERATOR_STEP_CREATED { stepIndex: [33m0[39m, startNumber: [33m9[39m, answer: [33m11[39m }
[STEP TRACE] [
  {
    i: [33m0[39m,
    startNumber: [33m9[39m,
    value: [33m2[39m,
    operation: [32m'+'[39m,
    correctAnswer: [33m11[39m,
    distractors: [ [33m14[39m, [33m8[39m, [33m11[39m ],
    distractorCount: [33m3[39m,
    source: [32m'engine'[39m,
    fallbackUsed: [90mundefined[39m
  }
]
[GEN CONFIG TRACE] {
  mode: [32m'standard'[39m,
  operation: [90mundefined[39m,
  difficulty: [33m5[39m,
  totalSteps: [33m1[39m,
  answerChoices: [33m3[39m,
  table: [90mundefined[39m,
  skipSize: [90mundefined[39m,
  fullConfig: {
    learningMode: [32m'standard'[39m,
    totalSteps: [33m1[39m,
    targetNumber: [33m14[39m,
    targetFlex: [33m0[39m,
    rangeMin: [33m1[39m,
    rangeMax: [33m14[39m,
    answerChoices: [33m3[39m,
    difficultyLevel: [33m5[39m,
    phaseSequence: [ [36m[Object][39m ],
    opsEnabled: { [32m'+'[39m: [33mtrue[39m, [32m'-'[39m: [33mfalse[39m, [32m'×'[39m: [33mfalse[39m, [32m'÷'[39m: [33mfalse[39m },
    activeMode: [32m'normal'[39m,
    isMuted: [33mfalse[39m,
    timerOn: [33mfalse[39m,
    quickMindInterval: [33m10[39m,
    darkModeInterval: [33m10[39m,
    modifiersPerStep: [33m1[39m,
    enableVariables: [33mfalse[39m,
    stopwatchSkin: [32m'default'[39m,
    progressionMode: [32m'adaptive'[39m,
    presentationMode: [32m'normal'[39m,
    scriptId: [32m'circuit-climb'[39m
  }
}
[Telemetry][VT:0] GENERATOR_START { startNumber: [33m10[39m, mode: [32m'standard'[39m }
[Telemetry][VT:0] GENERATOR_STEP_CREATED { stepIndex: [33m0[39m, startNumber: [33m10[39m, answer: [33m13[39m }
[STEP TRACE] [
  {
    i: [33m0[39m,
    startNumber: [33m10[39m,
    value: [33m3[39m,
    operation: [32m'+'[39m,
    correctAnswer: [33m13[39m,
    distractors: [ [33m10[39m, [33m13[39m, [33m16[39m ],
    distractorCount: [33m3[39m,
    source: [32m'engine'[39m,
    fallbackUsed: [90mundefined[39m
  }
]
[GEN CONFIG TRACE] {
  mode: [32m'standard'[39m,
  operation: [90mundefined[39m,
  difficulty: [33m5[39m,
  totalSteps: [33m1[39m,
  answerChoices: [33m3[39m,
  table: [90mundefined[39m,
  skipSize: [90mundefined[39m,
  fullConfig: {
    learningMode: [32m'standard'[39m,
    totalSteps: [33m1[39m,
    targetNumber: [33m14[39m,
    targetFlex: [33m0[39m,
    rangeMin: [33m1[39m,
    rangeMax: [33m14[39m,
    answerChoices: [33m3[39m,
    difficultyLevel: [33m5[39m,
    phaseSequence: [ [36m[Object][39m ],
    opsEnabled: { [32m'+'[39m: [33mtrue[39m, [32m'-'[39m: [33mfalse[39m, [32m'×'[39m: [33mfalse[39m, [32m'÷'[39m: [33mfalse[39m },
    activeMode: [32m'normal'[39m,
    isMuted: [33mfalse[39m,
    timerOn: [33mfalse[39m,
    quickMindInterval: [33m10[39m,
    darkModeInterval: [33m10[39m,
    modifiersPerStep: [33m1[39m,
    enableVariables: [33mfalse[39m,
    stopwatchSkin: [32m'default'[39m,
    progressionMode: [32m'adaptive'[39m,
    presentationMode: [32m'normal'[39m,
    scriptId: [32m'circuit-climb'[39m
  }
}
[Telemetry][VT:0] GENERATOR_START { startNumber: [33m11[39m, mode: [32m'standard'[39m }
[Telemetry][VT:0] GENERATOR_STEP_CREATED { stepIndex: [33m0[39m, startNumber: [33m11[39m, answer: [33m12[39m }
[STEP TRACE] [
  {
    i: [33m0[39m,
    startNumber: [33m11[39m,
    value: [33m1[39m,
    operation: [32m'+'[39m,
    correctAnswer: [33m12[39m,
    distractors: [ [33m15[39m, [33m14[39m, [33m12[39m ],
    distractorCount: [33m3[39m,
    source: [32m'engine'[39m,
    fallbackUsed: [90mundefined[39m
  }
]
[GEN CONFIG TRACE] {
  mode: [32m'standard'[39m,
  operation: [90mundefined[39m,
  difficulty: [33m5[39m,
  totalSteps: [33m1[39m,
  answerChoices: [33m3[39m,
  table: [90mundefined[39m,
  skipSize: [90mundefined[39m,
  fullConfig: {
    learningMode: [32m'standard'[39m,
    totalSteps: [33m1[39m,
    targetNumber: [33m14[39m,
    targetFlex: [33m0[39m,
    rangeMin: [33m1[39m,
    rangeMax: [33m14[39m,
    answerChoices: [33m3[39m,
    difficultyLevel: [33m5[39m,
    phaseSequence: [ [36m[Object][39m ],
    opsEnabled: { [32m'+'[39m: [33mtrue[39m, [32m'-'[39m: [33mfalse[39m, [32m'×'[39m: [33mfalse[39m, [32m'÷'[39m: [33mfalse[39m },
    activeMode: [32m'normal'[39m,
    isMuted: [33mfalse[39m,
    timerOn: [33mfalse[39m,
    quickMindInterval: [33m10[39m,
    darkModeInterval: [33m10[39m,
    modifiersPerStep: [33m1[39m,
    enableVariables: [33mfalse[39m,
    stopwatchSkin: [32m'default'[39m,
    progressionMode: [32m'adaptive'[39m,
    presentationMode: [32m'normal'[39m,
    scriptId: [32m'circuit-climb'[39m
  }
}
[Telemetry][VT:0] GENERATOR_START { startNumber: [33m12[39m, mode: [32m'standard'[39m }
[Telemetry][VT:0] GENERATOR_STEP_CREATED { stepIndex: [33m0[39m, startNumber: [33m12[39m, answer: [33m13[39m }
[STEP TRACE] [
  {
    i: [33m0[39m,
    startNumber: [33m12[39m,
    value: [33m1[39m,
    operation: [32m'+'[39m,
    correctAnswer: [33m13[39m,
    distractors: [ [33m11[39m, [33m15[39m, [33m13[39m ],
    distractorCount: [33m3[39m,
    source: [32m'engine'[39m,
    fallbackUsed: [90mundefined[39m
  }
]
[GEN CONFIG TRACE] {
  mode: [32m'standard'[39m,
  operation: [90mundefined[39m,
  difficulty: [33m5[39m,
  totalSteps: [33m1[39m,
  answerChoices: [33m3[39m,
  table: [90mundefined[39m,
  skipSize: [90mundefined[39m,
  fullConfig: {
    learningMode: [32m'standard'[39m,
    totalSteps: [33m1[39m,
    targetNumber: [33m14[39m,
    targetFlex: [33m0[39m,
    rangeMin: [33m1[39m,
    rangeMax: [33m14[39m,
    answerChoices: [33m3[39m,
    difficultyLevel: [33m5[39m,
    phaseSequence: [ [36m[Object][39m ],
    opsEnabled: { [32m'+'[39m: [33mtrue[39m, [32m'-'[39m: [33mfalse[39m, [32m'×'[39m: [33mfalse[39m, [32m'÷'[39m: [33mfalse[39m },
    activeMode: [32m'normal'[39m,
    isMuted: [33mfalse[39m,
    timerOn: [33mfalse[39m,
    quickMindInterval: [33m10[39m,
    darkModeInterval: [33m10[39m,
    modifiersPerStep: [33m1[39m,
    enableVariables: [33mfalse[39m,
    stopwatchSkin: [32m'default'[39m,
    progressionMode: [32m'adaptive'[39m,
    presentationMode: [32m'normal'[39m,
    scriptId: [32m'circuit-climb'[39m
  }
}
[Telemetry][VT:0] GENERATOR_START { startNumber: [33m13[39m, mode: [32m'standard'[39m }
[Telemetry][VT:0] GENERATOR_STEP_CREATED { stepIndex: [33m0[39m, startNumber: [33m13[39m, answer: [33m14[39m }
[STEP TRACE] [
  {
    i: [33m0[39m,
    startNumber: [33m13[39m,
    value: [33m1[39m,
    operation: [32m'+'[39m,
    correctAnswer: [33m14[39m,
    distractors: [ [33m17[39m, [33m11[39m, [33m14[39m ],
    distractorCount: [33m3[39m,
    source: [32m'engine'[39m,
    fallbackUsed: [90mundefined[39m
  }
]
[GEN CONFIG TRACE] {
  mode: [32m'standard'[39m,
  operation: [90mundefined[39m,
  difficulty: [33m5[39m,
  totalSteps: [33m1[39m,
  answerChoices: [33m3[39m,
  table: [90mundefined[39m,
  skipSize: [90mundefined[39m,
  fullConfig: {
    learningMode: [32m'standard'[39m,
    totalSteps: [33m1[39m,
    targetNumber: [33m14[39m,
    targetFlex: [33m0[39m,
    rangeMin: [33m1[39m,
    rangeMax: [33m14[39m,
    answerChoices: [33m3[39m,
    difficultyLevel: [33m5[39m,
    phaseSequence: [ [36m[Object][39m ],
    opsEnabled: { [32m'+'[39m: [33mtrue[39m, [32m'-'[39m: [33mfalse[39m, [32m'×'[39m: [33mfalse[39m, [32m'÷'[39m: [33mfalse[39m },
    activeMode: [32m'normal'[39m,
    isMuted: [33mfalse[39m,
    timerOn: [33mfalse[39m,
    quickMindInterval: [33m10[39m,
    darkModeInterval: [33m10[39m,
    modifiersPerStep: [33m1[39m,
    enableVariables: [33mfalse[39m,
    stopwatchSkin: [32m'default'[39m,
    progressionMode: [32m'adaptive'[39m,
    presentationMode: [32m'normal'[39m,
    scriptId: [32m'circuit-climb'[39m
  }
}
[Telemetry][VT:0] GENERATOR_START { startNumber: [33m1[39m, mode: [32m'standard'[39m }
[Telemetry][VT:0] GENERATOR_STEP_CREATED { stepIndex: [33m0[39m, startNumber: [33m1[39m, answer: [33m14[39m }
[STEP TRACE] [
  {
    i: [33m0[39m,
    startNumber: [33m1[39m,
    value: [33m13[39m,
    operation: [32m'+'[39m,
    correctAnswer: [33m14[39m,
    distractors: [ [33m16[39m, [33m11[39m, [33m14[39m ],
    distractorCount: [33m3[39m,
    source: [32m'engine'[39m,
    fallbackUsed: [90mundefined[39m
  }
]
[GEN CONFIG TRACE] {
  mode: [32m'standard'[39m,
  operation: [90mundefined[39m,
  difficulty: [33m5[39m,
  totalSteps: [33m1[39m,
  answerChoices: [33m3[39m,
  table: [90mundefined[39m,
  skipSize: [90mundefined[39m,
  fullConfig: {
    learningMode: [32m'standard'[39m,
    totalSteps: [33m1[39m,
    targetNumber: [33m14[39m,
    targetFlex: [33m0[39m,
    rangeMin: [33m1[39m,
    rangeMax: [33m14[39m,
    answerChoices: [33m3[39m,
    difficultyLevel: [33m5[39m,
    phaseSequence: [ [36m[Object][39m ],
    opsEnabled: { [32m'+'[39m: [33mtrue[39m, [32m'-'[39m: [33mfalse[39m, [32m'×'[39m: [33mfalse[39m, [32m'÷'[39m: [33mfalse[39m },
    activeMode: [32m'normal'[39m,
    isMuted: [33mfalse[39m,
    timerOn: [33mfalse[39m,
    quickMindInterval: [33m10[39m,
    darkModeInterval: [33m10[39m,
    modifiersPerStep: [33m1[39m,
    enableVariables: [33mfalse[39m,
    stopwatchSkin: [32m'default'[39m,
    progressionMode: [32m'adaptive'[39m,
    presentationMode: [32m'normal'[39m,
    scriptId: [32m'circuit-climb'[39m
  }
}
[Telemetry][VT:0] GENERATOR_START { startNumber: [33m2[39m, mode: [32m'standard'[39m }
[Telemetry][VT:0] GENERATOR_STEP_CREATED { stepIndex: [33m0[39m, startNumber: [33m2[39m, answer: [33m6[39m }
[STEP TRACE] [
  {
    i: [33m0[39m,
    startNumber: [33m2[39m,
    value: [33m4[39m,
    operation: [32m'+'[39m,
    correctAnswer: [33m6[39m,
    distractors: [ [33m9[39m, [33m6[39m, [33m5[39m ],
    distractorCount: [33m3[39m,
    source: [32m'engine'[39m,
    fallbackUsed: [90mundefined[39m
  }
]
[GEN CONFIG TRACE] {
  mode: [32m'standard'[39m,
  operation: [90mundefined[39m,
  difficulty: [33m5[39m,
  totalSteps: [33m1[39m,
  answerChoices: [33m3[39m,
  table: [90mundefined[39m,
  skipSize: [90mundefined[39m,
  fullConfig: {
    learningMode: [32m'standard'[39m,
    totalSteps: [33m1[39m,
    targetNumber: [33m14[39m,
    targetFlex: [33m0[39m,
    rangeMin: [33m1[39m,
    rangeMax: [33m14[39m,
    answerChoices: [33m3[39m,
    difficultyLevel: [33m5[39m,
    phaseSequence: [ [36m[Object][39m ],
    opsEnabled: { [32m'+'[39m: [33mtrue[39m, [32m'-'[39m: [33mfalse[39m, [32m'×'[39m: [33mfalse[39m, [32m'÷'[39m: [33mfalse[39m },
    activeMode: [32m'normal'[39m,
    isMuted: [33mfalse[39m,
    timerOn: [33mfalse[39m,
    quickMindInterval: [33m10[39m,
    darkModeInterval: [33m10[39m,
    modifiersPerStep: [33m1[39m,
    enableVariables: [33mfalse[39m,
    stopwatchSkin: [32m'default'[39m,
    progressionMode: [32m'adaptive'[39m,
    presentationMode: [32m'normal'[39m,
    scriptId: [32m'circuit-climb'[39m
  }
}
[Telemetry][VT:0] GENERATOR_START { startNumber: [33m3[39m, mode: [32m'standard'[39m }
[Telemetry][VT:0] GENERATOR_STEP_CREATED { stepIndex: [33m0[39m, startNumber: [33m3[39m, answer: [33m4[39m }
[STEP TRACE] [
  {
    i: [33m0[39m,
    startNumber: [33m3[39m,
    value: [33m1[39m,
    operation: [32m'+'[39m,
    correctAnswer: [33m4[39m,
    distractors: [ [33m6[39m, [33m2[39m, [33m4[39m ],
    distractorCount: [33m3[39m,
    source: [32m'engine'[39m,
    fallbackUsed: [90mundefined[39m
  }
]
[GEN CONFIG TRACE] {
  mode: [32m'standard'[39m,
  operation: [90mundefined[39m,
  difficulty: [33m5[39m,
  totalSteps: [33m1[39m,
  answerChoices: [33m3[39m,
  table: [90mundefined[39m,
  skipSize: [90mundefined[39m,
  fullConfig: {
    learningMode: [32m'standard'[39m,
    totalSteps: [33m1[39m,
    targetNumber: [33m14[39m,
    targetFlex: [33m0[39m,
    rangeMin: [33m1[39m,
    rangeMax: [33m14[39m,
    answerChoices: [33m3[39m,
    difficultyLevel: [33m5[39m,
    phaseSequence: [ [36m[Object][39m ],
    opsEnabled: { [32m'+'[39m: [33mtrue[39m, [32m'-'[39m: [33mfalse[39m, [32m'×'[39m: [33mfalse[39m, [32m'÷'[39m: [33mfalse[39m },
    activeMode: [32m'normal'[39m,
    isMuted: [33mfalse[39m,
    timerOn: [33mfalse[39m,
    quickMindInterval: [33m10[39m,
    darkModeInterval: [33m10[39m,
    modifiersPerStep: [33m1[39m,
    enableVariables: [33mfalse[39m,
    stopwatchSkin: [32m'default'[39m,
    progressionMode: [32m'adaptive'[39m,
    presentationMode: [32m'normal'[39m,
    scriptId: [32m'circuit-climb'[39m
  }
}
[Telemetry][VT:0] GENERATOR_START { startNumber: [33m4[39m, mode: [32m'standard'[39m }
[Telemetry][VT:0] GENERATOR_STEP_CREATED { stepIndex: [33m0[39m, startNumber: [33m4[39m, answer: [33m8[39m }
[STEP TRACE] [
  {
    i: [33m0[39m,
    startNumber: [33m4[39m,
    value: [33m4[39m,
    operation: [32m'+'[39m,
    correctAnswer: [33m8[39m,
    distractors: [ [33m6[39m, [33m9[39m, [33m8[39m ],
    distractorCount: [33m3[39m,
    source: [32m'engine'[39m,
    fallbackUsed: [90mundefined[39m
  }
]
[GEN CONFIG TRACE] {
  mode: [32m'standard'[39m,
  operation: [90mundefined[39m,
  difficulty: [33m5[39m,
  totalSteps: [33m1[39m,
  answerChoices: [33m3[39m,
  table: [90mundefined[39m,
  skipSize: [90mundefined[39m,
  fullConfig: {
    learningMode: [32m'standard'[39m,
    totalSteps: [33m1[39m,
    targetNumber: [33m14[39m,
    targetFlex: [33m0[39m,
    rangeMin: [33m1[39m,
    rangeMax: [33m14[39m,
    answerChoices: [33m3[39m,
    difficultyLevel: [33m5[39m,
    phaseSequence: [ [36m[Object][39m ],
    opsEnabled: { [32m'+'[39m: [33mtrue[39m, [32m'-'[39m: [33mfalse[39m, [32m'×'[39m: [33mfalse[39m, [32m'÷'[39m: [33mfalse[39m },
    activeMode: [32m'normal'[39m,
    isMuted: [33mfalse[39m,
    timerOn: [33mfalse[39m,
    quickMindInterval: [33m10[39m,
    darkModeInterval: [33m10[39m,
    modifiersPerStep: [33m1[39m,
    enableVariables: [33mfalse[39m,
    stopwatchSkin: [32m'default'[39m,
    progressionMode: [32m'adaptive'[39m,
    presentationMode: [32m'normal'[39m,
    scriptId: [32m'circuit-climb'[39m
  }
}
[Telemetry][VT:0] GENERATOR_START { startNumber: [33m5[39m, mode: [32m'standard'[39m }
[Telemetry][VT:0] GENERATOR_STEP_CREATED { stepIndex: [33m0[39m, startNumber: [33m5[39m, answer: [33m13[39m }
[STEP TRACE] [
  {
    i: [33m0[39m,
    startNumber: [33m5[39m,
    value: [33m8[39m,
    operation: [32m'+'[39m,
    correctAnswer: [33m13[39m,
    distractors: [ [33m13[39m, [33m12[39m, [33m14[39m ],
    distractorCount: [33m3[39m,
    source: [32m'engine'[39m,
    fallbackUsed: [90mundefined[39m
  }
]
[GEN CONFIG TRACE] {
  mode: [32m'standard'[39m,
  operation: [90mundefined[39m,
  difficulty: [33m5[39m,
  totalSteps: [33m1[39m,
  answerChoices: [33m3[39m,
  table: [90mundefined[39m,
  skipSize: [90mundefined[39m,
  fullConfig: {
    learningMode: [32m'standard'[39m,
    totalSteps: [33m1[39m,
    targetNumber: [33m14[39m,
    targetFlex: [33m0[39m,
    rangeMin: [33m1[39m,
    rangeMax: [33m14[39m,
    answerChoices: [33m3[39m,
    difficultyLevel: [33m5[39m,
    phaseSequence: [ [36m[Object][39m ],
    opsEnabled: { [32m'+'[39m: [33mtrue[39m, [32m'-'[39m: [33mfalse[39m, [32m'×'[39m: [33mfalse[39m, [32m'÷'[39m: [33mfalse[39m },
    activeMode: [32m'normal'[39m,
    isMuted: [33mfalse[39m,
    timerOn: [33mfalse[39m,
    quickMindInterval: [33m10[39m,
    darkModeInterval: [33m10[39m,
    modifiersPerStep: [33m1[39m,
    enableVariables: [33mfalse[39m,
    stopwatchSkin: [32m'default'[39m,
    progressionMode: [32m'adaptive'[39m,
    presentationMode: [32m'normal'[39m,
    scriptId: [32m'circuit-climb'[39m
  }
}
[Telemetry][VT:0] GENERATOR_START { startNumber: [33m6[39m, mode: [32m'standard'[39m }
[Telemetry][VT:0] GENERATOR_STEP_CREATED { stepIndex: [33m0[39m, startNumber: [33m6[39m, answer: [33m10[39m }
[STEP TRACE] [
  {
    i: [33m0[39m,
    startNumber: [33m6[39m,
    value: [33m4[39m,
    operation: [32m'+'[39m,
    correctAnswer: [33m10[39m,
    distractors: [ [33m13[39m, [33m10[39m, [33m12[39m ],
    distractorCount: [33m3[39m,
    source: [32m'engine'[39m,
    fallbackUsed: [90mundefined[39m
  }
]
[GEN CONFIG TRACE] {
  mode: [32m'standard'[39m,
  operation: [90mundefined[39m,
  difficulty: [33m5[39m,
  totalSteps: [33m1[39m,
  answerChoices: [33m3[39m,
  table: [90mundefined[39m,
  skipSize: [90mundefined[39m,
  fullConfig: {
    learningMode: [32m'standard'[39m,
    totalSteps: [33m1[39m,
    targetNumber: [33m14[39m,
    targetFlex: [33m0[39m,
    rangeMin: [33m1[39m,
    rangeMax: [33m14[39m,
    answerChoices: [33m3[39m,
    difficultyLevel: [33m5[39m,
    phaseSequence: [ [36m[Object][39m ],
    opsEnabled: { [32m'+'[39m: [33mtrue[39m, [32m'-'[39m: [33mfalse[39m, [32m'×'[39m: [33mfalse[39m, [32m'÷'[39m: [33mfalse[39m },
    activeMode: [32m'normal'[39m,
    isMuted: [33mfalse[39m,
    timerOn: [33mfalse[39m,
    quickMindInterval: [33m10[39m,
    darkModeInterval: [33m10[39m,
    modifiersPerStep: [33m1[39m,
    enableVariables: [33mfalse[39m,
    stopwatchSkin: [32m'default'[39m,
    progressionMode: [32m'adaptive'[39m,
    presentationMode: [32m'normal'[39m,
    scriptId: [32m'circuit-climb'[39m
  }
}
[Telemetry][VT:0] GENERATOR_START { startNumber: [33m7[39m, mode: [32m'standard'[39m }
[Telemetry][VT:0] GENERATOR_STEP_CREATED { stepIndex: [33m0[39m, startNumber: [33m7[39m, answer: [33m8[39m }
[STEP TRACE] [
  {
    i: [33m0[39m,
    startNumber: [33m7[39m,
    value: [33m1[39m,
    operation: [32m'+'[39m,
    correctAnswer: [33m8[39m,
    distractors: [ [33m8[39m, [33m11[39m, [33m6[39m ],
    distractorCount: [33m3[39m,
    source: [32m'engine'[39m,
    fallbackUsed: [90mundefined[39m
  }
]
[GEN CONFIG TRACE] {
  mode: [32m'standard'[39m,
  operation: [90mundefined[39m,
  difficulty: [33m5[39m,
  totalSteps: [33m1[39m,
  answerChoices: [33m3[39m,
  table: [90mundefined[39m,
  skipSize: [90mundefined[39m,
  fullConfig: {
    learningMode: [32m'standard'[39m,
    totalSteps: [33m1[39m,
    targetNumber: [33m16[39m,
    targetFlex: [33m0[39m,
    rangeMin: [33m1[39m,
    rangeMax: [33m16[39m,
    answerChoices: [33m3[39m,
    difficultyLevel: [33m5[39m,
    phaseSequence: [ [36m[Object][39m ],
    opsEnabled: { [32m'+'[39m: [33mtrue[39m, [32m'-'[39m: [33mfalse[39m, [32m'×'[39m: [33mfalse[39m, [32m'÷'[39m: [33mfalse[39m },
    activeMode: [32m'normal'[39m,
    isMuted: [33mfalse[39m,
    timerOn: [33mfalse[39m,
    quickMindInterval: [33m10[39m,
    darkModeInterval: [33m10[39m,
    modifiersPerStep: [33m1[39m,
    enableVariables: [33mfalse[39m,
    stopwatchSkin: [32m'default'[39m,
    progressionMode: [32m'adaptive'[39m,
    presentationMode: [32m'normal'[39m,
    scriptId: [32m'circuit-climb'[39m
  }
}
[Telemetry][VT:0] GENERATOR_START { startNumber: [33m1[39m, mode: [32m'standard'[39m }
[Telemetry][VT:0] GENERATOR_STEP_CREATED { stepIndex: [33m0[39m, startNumber: [33m1[39m, answer: [33m6[39m }
[STEP TRACE] [
  {
    i: [33m0[39m,
    startNumber: [33m1[39m,
    value: [33m5[39m,
    operation: [32m'+'[39m,
    correctAnswer: [33m6[39m,
    distractors: [ [33m3[39m, [33m6[39m, [33m8[39m ],
    distractorCount: [33m3[39m,
    source: [32m'engine'[39m,
    fallbackUsed: [90mundefined[39m
  }
]
[GEN CONFIG TRACE] {
  mode: [32m'standard'[39m,
  operation: [90mundefined[39m,
  difficulty: [33m5[39m,
  totalSteps: [33m1[39m,
  answerChoices: [33m3[39m,
  table: [90mundefined[39m,
  skipSize: [90mundefined[39m,
  fullConfig: {
    learningMode: [32m'standard'[39m,
    totalSteps: [33m1[39m,
    targetNumber: [33m16[39m,
    targetFlex: [33m0[39m,
    rangeMin: [33m1[39m,
    rangeMax: [33m16[39m,
    answerChoices: [33m3[39m,
    difficultyLevel: [33m5[39m,
    phaseSequence: [ [36m[Object][39m ],
    opsEnabled: { [32m'+'[39m: [33mtrue[39m, [32m'-'[39m: [33mfalse[39m, [32m'×'[39m: [33mfalse[39m, [32m'÷'[39m: [33mfalse[39m },
    activeMode: [32m'normal'[39m,
    isMuted: [33mfalse[39m,
    timerOn: [33mfalse[39m,
    quickMindInterval: [33m10[39m,
    darkModeInterval: [33m10[39m,
    modifiersPerStep: [33m1[39m,
    enableVariables: [33mfalse[39m,
    stopwatchSkin: [32m'default'[39m,
    progressionMode: [32m'adaptive'[39m,
    presentationMode: [32m'normal'[39m,
    scriptId: [32m'circuit-climb'[39m
  }
}
[Telemetry][VT:0] GENERATOR_START { startNumber: [33m2[39m, mode: [32m'standard'[39m }
[Telemetry][VT:0] GENERATOR_STEP_CREATED { stepIndex: [33m0[39m, startNumber: [33m2[39m, answer: [33m7[39m }
[STEP TRACE] [
  {
    i: [33m0[39m,
    startNumber: [33m2[39m,
    value: [33m5[39m,
    operation: [32m'+'[39m,
    correctAnswer: [33m7[39m,
    distractors: [ [33m6[39m, [33m7[39m, [33m9[39m ],
    distractorCount: [33m3[39m,
    source: [32m'engine'[39m,
    fallbackUsed: [90mundefined[39m
  }
]
[GEN CONFIG TRACE] {
  mode: [32m'standard'[39m,
  operation: [90mundefined[39m,
  difficulty: [33m5[39m,
  totalSteps: [33m1[39m,
  answerChoices: [33m3[39m,
  table: [90mundefined[39m,
  skipSize: [90mundefined[39m,
  fullConfig: {
    learningMode: [32m'standard'[39m,
    totalSteps: [33m1[39m,
    targetNumber: [33m16[39m,
    targetFlex: [33m0[39m,
    rangeMin: [33m1[39m,
    rangeMax: [33m16[39m,
    answerChoices: [33m3[39m,
    difficultyLevel: [33m5[39m,
    phaseSequence: [ [36m[Object][39m ],
    opsEnabled: { [32m'+'[39m: [33mtrue[39m, [32m'-'[39m: [33mfalse[39m, [32m'×'[39m: [33mfalse[39m, [32m'÷'[39m: [33mfalse[39m },
    activeMode: [32m'normal'[39m,
    isMuted: [33mfalse[39m,
    timerOn: [33mfalse[39m,
    quickMindInterval: [33m10[39m,
    darkModeInterval: [33m10[39m,
    modifiersPerStep: [33m1[39m,
    enableVariables: [33mfalse[39m,
    stopwatchSkin: [32m'default'[39m,
    progressionMode: [32m'adaptive'[39m,
    presentationMode: [32m'normal'[39m,
    scriptId: [32m'circuit-climb'[39m
  }
}
[Telemetry][VT:0] GENERATOR_START { startNumber: [33m3[39m, mode: [32m'standard'[39m }
[Telemetry][VT:0] GENERATOR_STEP_CREATED { stepIndex: [33m0[39m, startNumber: [33m3[39m, answer: [33m15[39m }
[STEP TRACE] [
  {
    i: [33m0[39m,
    startNumber: [33m3[39m,
    value: [33m12[39m,
    operation: [32m'+'[39m,
    correctAnswer: [33m15[39m,
    distractors: [ [33m18[39m, [33m15[39m, [33m16[39m ],
    distractorCount: [33m3[39m,
    source: [32m'engine'[39m,
    fallbackUsed: [90mundefined[39m
  }
]
[GEN CONFIG TRACE] {
  mode: [32m'standard'[39m,
  operation: [90mundefined[39m,
  difficulty: [33m5[39m,
  totalSteps: [33m1[39m,
  answerChoices: [33m3[39m,
  table: [90mundefined[39m,
  skipSize: [90mundefined[39m,
  fullConfig: {
    learningMode: [32m'standard'[39m,
    totalSteps: [33m1[39m,
    targetNumber: [33m16[39m,
    targetFlex: [33m0[39m,
    rangeMin: [33m1[39m,
    rangeMax: [33m16[39m,
    answerChoices: [33m3[39m,
    difficultyLevel: [33m5[39m,
    phaseSequence: [ [36m[Object][39m ],
    opsEnabled: { [32m'+'[39m: [33mtrue[39m, [32m'-'[39m: [33mfalse[39m, [32m'×'[39m: [33mfalse[39m, [32m'÷'[39m: [33mfalse[39m },
    activeMode: [32m'normal'[39m,
    isMuted: [33mfalse[39m,
    timerOn: [33mfalse[39m,
    quickMindInterval: [33m10[39m,
    darkModeInterval: [33m10[39m,
    modifiersPerStep: [33m1[39m,
    enableVariables: [33mfalse[39m,
    stopwatchSkin: [32m'default'[39m,
    progressionMode: [32m'adaptive'[39m,
    presentationMode: [32m'normal'[39m,
    scriptId: [32m'circuit-climb'[39m
  }
}
[Telemetry][VT:0] GENERATOR_START { startNumber: [33m4[39m, mode: [32m'standard'[39m }
[Telemetry][VT:0] GENERATOR_STEP_CREATED { stepIndex: [33m0[39m, startNumber: [33m4[39m, answer: [33m6[39m }
[STEP TRACE] [
  {
    i: [33m0[39m,
    startNumber: [33m4[39m,
    value: [33m2[39m,
    operation: [32m'+'[39m,
    correctAnswer: [33m6[39m,
    distractors: [ [33m6[39m, [33m8[39m, [33m7[39m ],
    distractorCount: [33m3[39m,
    source: [32m'engine'[39m,
    fallbackUsed: [90mundefined[39m
  }
]
[GEN CONFIG TRACE] {
  mode: [32m'standard'[39m,
  operation: [90mundefined[39m,
  difficulty: [33m5[39m,
  totalSteps: [33m1[39m,
  answerChoices: [33m3[39m,
  table: [90mundefined[39m,
  skipSize: [90mundefined[39m,
  fullConfig: {
    learningMode: [32m'standard'[39m,
    totalSteps: [33m1[39m,
    targetNumber: [33m16[39m,
    targetFlex: [33m0[39m,
    rangeMin: [33m1[39m,
    rangeMax: [33m16[39m,
    answerChoices: [33m3[39m,
    difficultyLevel: [33m5[39m,
    phaseSequence: [ [36m[Object][39m ],
    opsEnabled: { [32m'+'[39m: [33mtrue[39m, [32m'-'[39m: [33mfalse[39m, [32m'×'[39m: [33mfalse[39m, [32m'÷'[39m: [33mfalse[39m },
    activeMode: [32m'normal'[39m,
    isMuted: [33mfalse[39m,
    timerOn: [33mfalse[39m,
    quickMindInterval: [33m10[39m,
    darkModeInterval: [33m10[39m,
    modifiersPerStep: [33m1[39m,
    enableVariables: [33mfalse[39m,
    stopwatchSkin: [32m'default'[39m,
    progressionMode: [32m'adaptive'[39m,
    presentationMode: [32m'normal'[39m,
    scriptId: [32m'circuit-climb'[39m
  }
}
[Telemetry][VT:0] GENERATOR_START { startNumber: [33m5[39m, mode: [32m'standard'[39m }
[Telemetry][VT:0] GENERATOR_STEP_CREATED { stepIndex: [33m0[39m, startNumber: [33m5[39m, answer: [33m7[39m }
[STEP TRACE] [
  {
    i: [33m0[39m,
    startNumber: [33m5[39m,
    value: [33m2[39m,
    operation: [32m'+'[39m,
    correctAnswer: [33m7[39m,
    distractors: [ [33m9[39m, [33m7[39m, [33m6[39m ],
    distractorCount: [33m3[39m,
    source: [32m'engine'[39m,
    fallbackUsed: [90mundefined[39m
  }
]
[GEN CONFIG TRACE] {
  mode: [32m'standard'[39m,
  operation: [90mundefined[39m,
  difficulty: [33m5[39m,
  totalSteps: [33m1[39m,
  answerChoices: [33m3[39m,
  table: [90mundefined[39m,
  skipSize: [90mundefined[39m,
  fullConfig: {
    learningMode: [32m'standard'[39m,
    totalSteps: [33m1[39m,
    targetNumber: [33m16[39m,
    targetFlex: [33m0[39m,
    rangeMin: [33m1[39m,
    rangeMax: [33m16[39m,
    answerChoices: [33m3[39m,
    difficultyLevel: [33m5[39m,
    phaseSequence: [ [36m[Object][39m ],
    opsEnabled: { [32m'+'[39m: [33mtrue[39m, [32m'-'[39m: [33mfalse[39m, [32m'×'[39m: [33mfalse[39m, [32m'÷'[39m: [33mfalse[39m },
    activeMode: [32m'normal'[39m,
    isMuted: [33mfalse[39m,
    timerOn: [33mfalse[39m,
    quickMindInterval: [33m10[39m,
    darkModeInterval: [33m10[39m,
    modifiersPerStep: [33m1[39m,
    enableVariables: [33mfalse[39m,
    stopwatchSkin: [32m'default'[39m,
    progressionMode: [32m'adaptive'[39m,
    presentationMode: [32m'normal'[39m,
    scriptId: [32m'circuit-climb'[39m
  }
}
[Telemetry][VT:0] GENERATOR_START { startNumber: [33m6[39m, mode: [32m'standard'[39m }
[Telemetry][VT:0] GENERATOR_STEP_CREATED { stepIndex: [33m0[39m, startNumber: [33m6[39m, answer: [33m14[39m }
[STEP TRACE] [
  {
    i: [33m0[39m,
    startNumber: [33m6[39m,
    value: [33m8[39m,
    operation: [32m'+'[39m,
    correctAnswer: [33m14[39m,
    distractors: [ [33m15[39m, [33m14[39m, [33m13[39m ],
    distractorCount: [33m3[39m,
    source: [32m'engine'[39m,
    fallbackUsed: [90mundefined[39m
  }
]
[GEN CONFIG TRACE] {
  mode: [32m'standard'[39m,
  operation: [90mundefined[39m,
  difficulty: [33m5[39m,
  totalSteps: [33m1[39m,
  answerChoices: [33m3[39m,
  table: [90mundefined[39m,
  skipSize: [90mundefined[39m,
  fullConfig: {
    learningMode: [32m'standard'[39m,
    totalSteps: [33m1[39m,
    targetNumber: [33m16[39m,
    targetFlex: [33m0[39m,
    rangeMin: [33m1[39m,
    rangeMax: [33m16[39m,
    answerChoices: [33m3[39m,
    difficultyLevel: [33m5[39m,
    phaseSequence: [ [36m[Object][39m ],
    opsEnabled: { [32m'+'[39m: [33mtrue[39m, [32m'-'[39m: [33mfalse[39m, [32m'×'[39m: [33mfalse[39m, [32m'÷'[39m: [33mfalse[39m },
    activeMode: [32m'normal'[39m,
    isMuted: [33mfalse[39m,
    timerOn: [33mfalse[39m,
    quickMindInterval: [33m10[39m,
    darkModeInterval: [33m10[39m,
    modifiersPerStep: [33m1[39m,
    enableVariables: [33mfalse[39m,
    stopwatchSkin: [32m'default'[39m,
    progressionMode: [32m'adaptive'[39m,
    presentationMode: [32m'normal'[39m,
    scriptId: [32m'circuit-climb'[39m
  }
}
[Telemetry][VT:0] GENERATOR_START { startNumber: [33m7[39m, mode: [32m'standard'[39m }
[Telemetry][VT:0] GENERATOR_STEP_CREATED { stepIndex: [33m0[39m, startNumber: [33m7[39m, answer: [33m9[39m }
[STEP TRACE] [
  {
    i: [33m0[39m,
    startNumber: [33m7[39m,
    value: [33m2[39m,
    operation: [32m'+'[39m,
    correctAnswer: [33m9[39m,
    distractors: [ [33m11[39m, [33m6[39m, [33m9[39m ],
    distractorCount: [33m3[39m,
    source: [32m'engine'[39m,
    fallbackUsed: [90mundefined[39m
  }
]
[GEN CONFIG TRACE] {
  mode: [32m'standard'[39m,
  operation: [90mundefined[39m,
  difficulty: [33m5[39m,
  totalSteps: [33m1[39m,
  answerChoices: [33m3[39m,
  table: [90mundefined[39m,
  skipSize: [90mundefined[39m,
  fullConfig: {
    learningMode: [32m'standard'[39m,
    totalSteps: [33m1[39m,
    targetNumber: [33m16[39m,
    targetFlex: [33m0[39m,
    rangeMin: [33m1[39m,
    rangeMax: [33m16[39m,
    answerChoices: [33m3[39m,
    difficultyLevel: [33m5[39m,
    phaseSequence: [ [36m[Object][39m ],
    opsEnabled: { [32m'+'[39m: [33mtrue[39m, [32m'-'[39m: [33mfalse[39m, [32m'×'[39m: [33mfalse[39m, [32m'÷'[39m: [33mfalse[39m },
    activeMode: [32m'normal'[39m,
    isMuted: [33mfalse[39m,
    timerOn: [33mfalse[39m,
    quickMindInterval: [33m10[39m,
    darkModeInterval: [33m10[39m,
    modifiersPerStep: [33m1[39m,
    enableVariables: [33mfalse[39m,
    stopwatchSkin: [32m'default'[39m,
    progressionMode: [32m'adaptive'[39m,
    presentationMode: [32m'normal'[39m,
    scriptId: [32m'circuit-climb'[39m
  }
}
[Telemetry][VT:0] GENERATOR_START { startNumber: [33m8[39m, mode: [32m'standard'[39m }
[Telemetry][VT:0] GENERATOR_STEP_CREATED { stepIndex: [33m0[39m, startNumber: [33m8[39m, answer: [33m15[39m }
[STEP TRACE] [
  {
    i: [33m0[39m,
    startNumber: [33m8[39m,
    value: [33m7[39m,
    operation: [32m'+'[39m,
    correctAnswer: [33m15[39m,
    distractors: [ [33m15[39m, [33m12[39m, [33m14[39m ],
    distractorCount: [33m3[39m,
    source: [32m'engine'[39m,
    fallbackUsed: [90mundefined[39m
  }
]
[GEN CONFIG TRACE] {
  mode: [32m'standard'[39m,
  operation: [90mundefined[39m,
  difficulty: [33m5[39m,
  totalSteps: [33m1[39m,
  answerChoices: [33m3[39m,
  table: [90mundefined[39m,
  skipSize: [90mundefined[39m,
  fullConfig: {
    learningMode: [32m'standard'[39m,
    totalSteps: [33m1[39m,
    targetNumber: [33m16[39m,
    targetFlex: [33m0[39m,
    rangeMin: [33m1[39m,
    rangeMax: [33m16[39m,
    answerChoices: [33m3[39m,
    difficultyLevel: [33m5[39m,
    phaseSequence: [ [36m[Object][39m ],
    opsEnabled: { [32m'+'[39m: [33mtrue[39m, [32m'-'[39m: [33mfalse[39m, [32m'×'[39m: [33mfalse[39m, [32m'÷'[39m: [33mfalse[39m },
    activeMode: [32m'normal'[39m,
    isMuted: [33mfalse[39m,
    timerOn: [33mfalse[39m,
    quickMindInterval: [33m10[39m,
    darkModeInterval: [33m10[39m,
    modifiersPerStep: [33m1[39m,
    enableVariables: [33mfalse[39m,
    stopwatchSkin: [32m'default'[39m,
    progressionMode: [32m'adaptive'[39m,
    presentationMode: [32m'normal'[39m,
    scriptId: [32m'circuit-climb'[39m
  }
}
[Telemetry][VT:0] GENERATOR_START { startNumber: [33m9[39m, mode: [32m'standard'[39m }
[Telemetry][VT:0] GENERATOR_STEP_CREATED { stepIndex: [33m0[39m, startNumber: [33m9[39m, answer: [33m16[39m }
[STEP TRACE] [
  {
    i: [33m0[39m,
    startNumber: [33m9[39m,
    value: [33m7[39m,
    operation: [32m'+'[39m,
    correctAnswer: [33m16[39m,
    distractors: [ [33m16[39m, [33m19[39m, [33m18[39m ],
    distractorCount: [33m3[39m,
    source: [32m'engine'[39m,
    fallbackUsed: [90mundefined[39m
  }
]
[GEN CONFIG TRACE] {
  mode: [32m'standard'[39m,
  operation: [90mundefined[39m,
  difficulty: [33m5[39m,
  totalSteps: [33m1[39m,
  answerChoices: [33m3[39m,
  table: [90mundefined[39m,
  skipSize: [90mundefined[39m,
  fullConfig: {
    learningMode: [32m'standard'[39m,
    totalSteps: [33m1[39m,
    targetNumber: [33m16[39m,
    targetFlex: [33m0[39m,
    rangeMin: [33m1[39m,
    rangeMax: [33m16[39m,
    answerChoices: [33m3[39m,
    difficultyLevel: [33m5[39m,
    phaseSequence: [ [36m[Object][39m ],
    opsEnabled: { [32m'+'[39m: [33mtrue[39m, [32m'-'[39m: [33mfalse[39m, [32m'×'[39m: [33mfalse[39m, [32m'÷'[39m: [33mfalse[39m },
    activeMode: [32m'normal'[39m,
    isMuted: [33mfalse[39m,
    timerOn: [33mfalse[39m,
    quickMindInterval: [33m10[39m,
    darkModeInterval: [33m10[39m,
    modifiersPerStep: [33m1[39m,
    enableVariables: [33mfalse[39m,
    stopwatchSkin: [32m'default'[39m,
    progressionMode: [32m'adaptive'[39m,
    presentationMode: [32m'normal'[39m,
    scriptId: [32m'circuit-climb'[39m
  }
}
[Telemetry][VT:0] GENERATOR_START { startNumber: [33m10[39m, mode: [32m'standard'[39m }
[Telemetry][VT:0] GENERATOR_STEP_CREATED { stepIndex: [33m0[39m, startNumber: [33m10[39m, answer: [33m11[39m }
[STEP TRACE] [
  {
    i: [33m0[39m,
    startNumber: [33m10[39m,
    value: [33m1[39m,
    operation: [32m'+'[39m,
    correctAnswer: [33m11[39m,
    distractors: [ [33m11[39m, [33m12[39m, [33m14[39m ],
    distractorCount: [33m3[39m,
    source: [32m'engine'[39m,
    fallbackUsed: [90mundefined[39m
  }
]
[GEN CONFIG TRACE] {
  mode: [32m'standard'[39m,
  operation: [90mundefined[39m,
  difficulty: [33m5[39m,
  totalSteps: [33m1[39m,
  answerChoices: [33m3[39m,
  table: [90mundefined[39m,
  skipSize: [90mundefined[39m,
  fullConfig: {
    learningMode: [32m'standard'[39m,
    totalSteps: [33m1[39m,
    targetNumber: [33m16[39m,
    targetFlex: [33m0[39m,
    rangeMin: [33m1[39m,
    rangeMax: [33m16[39m,
    answerChoices: [33m3[39m,
    difficultyLevel: [33m5[39m,
    phaseSequence: [ [36m[Object][39m ],
    opsEnabled: { [32m'+'[39m: [33mtrue[39m, [32m'-'[39m: [33mfalse[39m, [32m'×'[39m: [33mfalse[39m, [32m'÷'[39m: [33mfalse[39m },
    activeMode: [32m'normal'[39m,
    isMuted: [33mfalse[39m,
    timerOn: [33mfalse[39m,
    quickMindInterval: [33m10[39m,
    darkModeInterval: [33m10[39m,
    modifiersPerStep: [33m1[39m,
    enableVariables: [33mfalse[39m,
    stopwatchSkin: [32m'default'[39m,
    progressionMode: [32m'adaptive'[39m,
    presentationMode: [32m'normal'[39m,
    scriptId: [32m'circuit-climb'[39m
  }
}
[Telemetry][VT:0] GENERATOR_START { startNumber: [33m11[39m, mode: [32m'standard'[39m }
[Telemetry][VT:0] GENERATOR_STEP_CREATED { stepIndex: [33m0[39m, startNumber: [33m11[39m, answer: [33m15[39m }
[STEP TRACE] [
  {
    i: [33m0[39m,
    startNumber: [33m11[39m,
    value: [33m4[39m,
    operation: [32m'+'[39m,
    correctAnswer: [33m15[39m,
    distractors: [ [33m13[39m, [33m18[39m, [33m15[39m ],
    distractorCount: [33m3[39m,
    source: [32m'engine'[39m,
    fallbackUsed: [90mundefined[39m
  }
]
[GEN CONFIG TRACE] {
  mode: [32m'standard'[39m,
  operation: [90mundefined[39m,
  difficulty: [33m5[39m,
  totalSteps: [33m1[39m,
  answerChoices: [33m3[39m,
  table: [90mundefined[39m,
  skipSize: [90mundefined[39m,
  fullConfig: {
    learningMode: [32m'standard'[39m,
    totalSteps: [33m1[39m,
    targetNumber: [33m16[39m,
    targetFlex: [33m0[39m,
    rangeMin: [33m1[39m,
    rangeMax: [33m16[39m,
    answerChoices: [33m3[39m,
    difficultyLevel: [33m5[39m,
    phaseSequence: [ [36m[Object][39m ],
    opsEnabled: { [32m'+'[39m: [33mtrue[39m, [32m'-'[39m: [33mfalse[39m, [32m'×'[39m: [33mfalse[39m, [32m'÷'[39m: [33mfalse[39m },
    activeMode: [32m'normal'[39m,
    isMuted: [33mfalse[39m,
    timerOn: [33mfalse[39m,
    quickMindInterval: [33m10[39m,
    darkModeInterval: [33m10[39m,
    modifiersPerStep: [33m1[39m,
    enableVariables: [33mfalse[39m,
    stopwatchSkin: [32m'default'[39m,
    progressionMode: [32m'adaptive'[39m,
    presentationMode: [32m'normal'[39m,
    scriptId: [32m'circuit-climb'[39m
  }
}
[Telemetry][VT:0] GENERATOR_START { startNumber: [33m12[39m, mode: [32m'standard'[39m }
[Telemetry][VT:0] GENERATOR_STEP_CREATED { stepIndex: [33m0[39m, startNumber: [33m12[39m, answer: [33m16[39m }
[STEP TRACE] [
  {
    i: [33m0[39m,
    startNumber: [33m12[39m,
    value: [33m4[39m,
    operation: [32m'+'[39m,
    correctAnswer: [33m16[39m,
    distractors: [ [33m19[39m, [33m16[39m, [33m13[39m ],
    distractorCount: [33m3[39m,
    source: [32m'engine'[39m,
    fallbackUsed: [90mundefined[39m
  }
]
[GEN CONFIG TRACE] {
  mode: [32m'standard'[39m,
  operation: [90mundefined[39m,
  difficulty: [33m5[39m,
  totalSteps: [33m1[39m,
  answerChoices: [33m3[39m,
  table: [90mundefined[39m,
  skipSize: [90mundefined[39m,
  fullConfig: {
    learningMode: [32m'standard'[39m,
    totalSteps: [33m1[39m,
    targetNumber: [33m16[39m,
    targetFlex: [33m0[39m,
    rangeMin: [33m1[39m,
    rangeMax: [33m16[39m,
    answerChoices: [33m3[39m,
    difficultyLevel: [33m5[39m,
    phaseSequence: [ [36m[Object][39m ],
    opsEnabled: { [32m'+'[39m: [33mtrue[39m, [32m'-'[39m: [33mfalse[39m, [32m'×'[39m: [33mfalse[39m, [32m'÷'[39m: [33mfalse[39m },
    activeMode: [32m'normal'[39m,
    isMuted: [33mfalse[39m,
    timerOn: [33mfalse[39m,
    quickMindInterval: [33m10[39m,
    darkModeInterval: [33m10[39m,
    modifiersPerStep: [33m1[39m,
    enableVariables: [33mfalse[39m,
    stopwatchSkin: [32m'default'[39m,
    progressionMode: [32m'adaptive'[39m,
    presentationMode: [32m'normal'[39m,
    scriptId: [32m'circuit-climb'[39m
  }
}
[Telemetry][VT:0] GENERATOR_START { startNumber: [33m13[39m, mode: [32m'standard'[39m }
[Telemetry][VT:0] GENERATOR_STEP_CREATED { stepIndex: [33m0[39m, startNumber: [33m13[39m, answer: [33m16[39m }
[STEP TRACE] [
  {
    i: [33m0[39m,
    startNumber: [33m13[39m,
    value: [33m3[39m,
    operation: [32m'+'[39m,
    correctAnswer: [33m16[39m,
    distractors: [ [33m13[39m, [33m16[39m, [33m17[39m ],
    distractorCount: [33m3[39m,
    source: [32m'engine'[39m,
    fallbackUsed: [90mundefined[39m
  }
]
[GEN CONFIG TRACE] {
  mode: [32m'standard'[39m,
  operation: [90mundefined[39m,
  difficulty: [33m5[39m,
  totalSteps: [33m1[39m,
  answerChoices: [33m3[39m,
  table: [90mundefined[39m,
  skipSize: [90mundefined[39m,
  fullConfig: {
    learningMode: [32m'standard'[39m,
    totalSteps: [33m1[39m,
    targetNumber: [33m16[39m,
    targetFlex: [33m0[39m,
    rangeMin: [33m1[39m,
    rangeMax: [33m16[39m,
    answerChoices: [33m3[39m,
    difficultyLevel: [33m5[39m,
    phaseSequence: [ [36m[Object][39m ],
    opsEnabled: { [32m'+'[39m: [33mtrue[39m, [32m'-'[39m: [33mfalse[39m, [32m'×'[39m: [33mfalse[39m, [32m'÷'[39m: [33mfalse[39m },
    activeMode: [32m'normal'[39m,
    isMuted: [33mfalse[39m,
    timerOn: [33mfalse[39m,
    quickMindInterval: [33m10[39m,
    darkModeInterval: [33m10[39m,
    modifiersPerStep: [33m1[39m,
    enableVariables: [33mfalse[39m,
    stopwatchSkin: [32m'default'[39m,
    progressionMode: [32m'adaptive'[39m,
    presentationMode: [32m'normal'[39m,
    scriptId: [32m'circuit-climb'[39m
  }
}
[Telemetry][VT:0] GENERATOR_START { startNumber: [33m14[39m, mode: [32m'standard'[39m }
[Telemetry][VT:0] GENERATOR_STEP_CREATED { stepIndex: [33m0[39m, startNumber: [33m14[39m, answer: [33m15[39m }
[STEP TRACE] [
  {
    i: [33m0[39m,
    startNumber: [33m14[39m,
    value: [33m1[39m,
    operation: [32m'+'[39m,
    correctAnswer: [33m15[39m,
    distractors: [ [33m18[39m, [33m15[39m, [33m17[39m ],
    distractorCount: [33m3[39m,
    source: [32m'engine'[39m,
    fallbackUsed: [90mundefined[39m
  }
]
[GEN CONFIG TRACE] {
  mode: [32m'standard'[39m,
  operation: [90mundefined[39m,
  difficulty: [33m5[39m,
  totalSteps: [33m1[39m,
  answerChoices: [33m3[39m,
  table: [90mundefined[39m,
  skipSize: [90mundefined[39m,
  fullConfig: {
    learningMode: [32m'standard'[39m,
    totalSteps: [33m1[39m,
    targetNumber: [33m16[39m,
    targetFlex: [33m0[39m,
    rangeMin: [33m1[39m,
    rangeMax: [33m16[39m,
    answerChoices: [33m3[39m,
    difficultyLevel: [33m5[39m,
    phaseSequence: [ [36m[Object][39m ],
    opsEnabled: { [32m'+'[39m: [33mtrue[39m, [32m'-'[39m: [33mfalse[39m, [32m'×'[39m: [33mfalse[39m, [32m'÷'[39m: [33mfalse[39m },
    activeMode: [32m'normal'[39m,
    isMuted: [33mfalse[39m,
    timerOn: [33mfalse[39m,
    quickMindInterval: [33m10[39m,
    darkModeInterval: [33m10[39m,
    modifiersPerStep: [33m1[39m,
    enableVariables: [33mfalse[39m,
    stopwatchSkin: [32m'default'[39m,
    progressionMode: [32m'adaptive'[39m,
    presentationMode: [32m'normal'[39m,
    scriptId: [32m'circuit-climb'[39m
  }
}
[Telemetry][VT:0] GENERATOR_START { startNumber: [33m15[39m, mode: [32m'standard'[39m }
[Telemetry][VT:0] GENERATOR_STEP_CREATED { stepIndex: [33m0[39m, startNumber: [33m15[39m, answer: [33m16[39m }
[STEP TRACE] [
  {
    i: [33m0[39m,
    startNumber: [33m15[39m,
    value: [33m1[39m,
    operation: [32m'+'[39m,
    correctAnswer: [33m16[39m,
    distractors: [ [33m13[39m, [33m16[39m, [33m17[39m ],
    distractorCount: [33m3[39m,
    source: [32m'engine'[39m,
    fallbackUsed: [90mundefined[39m
  }
]
[GEN CONFIG TRACE] {
  mode: [32m'standard'[39m,
  operation: [90mundefined[39m,
  difficulty: [33m5[39m,
  totalSteps: [33m1[39m,
  answerChoices: [33m3[39m,
  table: [90mundefined[39m,
  skipSize: [90mundefined[39m,
  fullConfig: {
    learningMode: [32m'standard'[39m,
    totalSteps: [33m1[39m,
    targetNumber: [33m16[39m,
    targetFlex: [33m0[39m,
    rangeMin: [33m1[39m,
    rangeMax: [33m16[39m,
    answerChoices: [33m3[39m,
    difficultyLevel: [33m5[39m,
    phaseSequence: [ [36m[Object][39m ],
    opsEnabled: { [32m'+'[39m: [33mtrue[39m, [32m'-'[39m: [33mfalse[39m, [32m'×'[39m: [33mfalse[39m, [32m'÷'[39m: [33mfalse[39m },
    activeMode: [32m'normal'[39m,
    isMuted: [33mfalse[39m,
    timerOn: [33mfalse[39m,
    quickMindInterval: [33m10[39m,
    darkModeInterval: [33m10[39m,
    modifiersPerStep: [33m1[39m,
    enableVariables: [33mfalse[39m,
    stopwatchSkin: [32m'default'[39m,
    progressionMode: [32m'adaptive'[39m,
    presentationMode: [32m'normal'[39m,
    scriptId: [32m'circuit-climb'[39m
  }
}
[Telemetry][VT:0] GENERATOR_START { startNumber: [33m1[39m, mode: [32m'standard'[39m }
[Telemetry][VT:0] GENERATOR_STEP_CREATED { stepIndex: [33m0[39m, startNumber: [33m1[39m, answer: [33m14[39m }
[STEP TRACE] [
  {
    i: [33m0[39m,
    startNumber: [33m1[39m,
    value: [33m13[39m,
    operation: [32m'+'[39m,
    correctAnswer: [33m14[39m,
    distractors: [ [33m15[39m, [33m14[39m, [33m12[39m ],
    distractorCount: [33m3[39m,
    source: [32m'engine'[39m,
    fallbackUsed: [90mundefined[39m
  }
]
[GEN CONFIG TRACE] {
  mode: [32m'standard'[39m,
  operation: [90mundefined[39m,
  difficulty: [33m5[39m,
  totalSteps: [33m1[39m,
  answerChoices: [33m3[39m,
  table: [90mundefined[39m,
  skipSize: [90mundefined[39m,
  fullConfig: {
    learningMode: [32m'standard'[39m,
    totalSteps: [33m1[39m,
    targetNumber: [33m16[39m,
    targetFlex: [33m0[39m,
    rangeMin: [33m1[39m,
    rangeMax: [33m16[39m,
    answerChoices: [33m3[39m,
    difficultyLevel: [33m5[39m,
    phaseSequence: [ [36m[Object][39m ],
    opsEnabled: { [32m'+'[39m: [33mtrue[39m, [32m'-'[39m: [33mfalse[39m, [32m'×'[39m: [33mfalse[39m, [32m'÷'[39m: [33mfalse[39m },
    activeMode: [32m'normal'[39m,
    isMuted: [33mfalse[39m,
    timerOn: [33mfalse[39m,
    quickMindInterval: [33m10[39m,
    darkModeInterval: [33m10[39m,
    modifiersPerStep: [33m1[39m,
    enableVariables: [33mfalse[39m,
    stopwatchSkin: [32m'default'[39m,
    progressionMode: [32m'adaptive'[39m,
    presentationMode: [32m'normal'[39m,
    scriptId: [32m'circuit-climb'[39m
  }
}
[Telemetry][VT:0] GENERATOR_START { startNumber: [33m2[39m, mode: [32m'standard'[39m }
[Telemetry][VT:0] GENERATOR_STEP_CREATED { stepIndex: [33m0[39m, startNumber: [33m2[39m, answer: [33m5[39m }
[STEP TRACE] [
  {
    i: [33m0[39m,
    startNumber: [33m2[39m,
    value: [33m3[39m,
    operation: [32m'+'[39m,
    correctAnswer: [33m5[39m,
    distractors: [ [33m7[39m, [33m5[39m, [33m6[39m ],
    distractorCount: [33m3[39m,
    source: [32m'engine'[39m,
    fallbackUsed: [90mundefined[39m
  }
]
[GEN CONFIG TRACE] {
  mode: [32m'standard'[39m,
  operation: [90mundefined[39m,
  difficulty: [33m5[39m,
  totalSteps: [33m1[39m,
  answerChoices: [33m3[39m,
  table: [90mundefined[39m,
  skipSize: [90mundefined[39m,
  fullConfig: {
    learningMode: [32m'standard'[39m,
    totalSteps: [33m1[39m,
    targetNumber: [33m16[39m,
    targetFlex: [33m0[39m,
    rangeMin: [33m1[39m,
    rangeMax: [33m16[39m,
    answerChoices: [33m3[39m,
    difficultyLevel: [33m5[39m,
    phaseSequence: [ [36m[Object][39m ],
    opsEnabled: { [32m'+'[39m: [33mtrue[39m, [32m'-'[39m: [33mfalse[39m, [32m'×'[39m: [33mfalse[39m, [32m'÷'[39m: [33mfalse[39m },
    activeMode: [32m'normal'[39m,
    isMuted: [33mfalse[39m,
    timerOn: [33mfalse[39m,
    quickMindInterval: [33m10[39m,
    darkModeInterval: [33m10[39m,
    modifiersPerStep: [33m1[39m,
    enableVariables: [33mfalse[39m,
    stopwatchSkin: [32m'default'[39m,
    progressionMode: [32m'adaptive'[39m,
    presentationMode: [32m'normal'[39m,
    scriptId: [32m'circuit-climb'[39m
  }
}
[Telemetry][VT:0] GENERATOR_START { startNumber: [33m3[39m, mode: [32m'standard'[39m }
[Telemetry][VT:0] GENERATOR_STEP_CREATED { stepIndex: [33m0[39m, startNumber: [33m3[39m, answer: [33m7[39m }
[STEP TRACE] [
  {
    i: [33m0[39m,
    startNumber: [33m3[39m,
    value: [33m4[39m,
    operation: [32m'+'[39m,
    correctAnswer: [33m7[39m,
    distractors: [ [33m5[39m, [33m8[39m, [33m7[39m ],
    distractorCount: [33m3[39m,
    source: [32m'engine'[39m,
    fallbackUsed: [90mundefined[39m
  }
]
[GEN CONFIG TRACE] {
  mode: [32m'standard'[39m,
  operation: [90mundefined[39m,
  difficulty: [33m5[39m,
  totalSteps: [33m1[39m,
  answerChoices: [33m3[39m,
  table: [90mundefined[39m,
  skipSize: [90mundefined[39m,
  fullConfig: {
    learningMode: [32m'standard'[39m,
    totalSteps: [33m1[39m,
    targetNumber: [33m16[39m,
    targetFlex: [33m0[39m,
    rangeMin: [33m1[39m,
    rangeMax: [33m16[39m,
    answerChoices: [33m3[39m,
    difficultyLevel: [33m5[39m,
    phaseSequence: [ [36m[Object][39m ],
    opsEnabled: { [32m'+'[39m: [33mtrue[39m, [32m'-'[39m: [33mfalse[39m, [32m'×'[39m: [33mfalse[39m, [32m'÷'[39m: [33mfalse[39m },
    activeMode: [32m'normal'[39m,
    isMuted: [33mfalse[39m,
    timerOn: [33mfalse[39m,
    quickMindInterval: [33m10[39m,
    darkModeInterval: [33m10[39m,
    modifiersPerStep: [33m1[39m,
    enableVariables: [33mfalse[39m,
    stopwatchSkin: [32m'default'[39m,
    progressionMode: [32m'adaptive'[39m,
    presentationMode: [32m'normal'[39m,
    scriptId: [32m'circuit-climb'[39m
  }
}
[Telemetry][VT:0] GENERATOR_START { startNumber: [33m4[39m, mode: [32m'standard'[39m }
[Telemetry][VT:0] GENERATOR_STEP_CREATED { stepIndex: [33m0[39m, startNumber: [33m4[39m, answer: [33m9[39m }
[STEP TRACE] [
  {
    i: [33m0[39m,
    startNumber: [33m4[39m,
    value: [33m5[39m,
    operation: [32m'+'[39m,
    correctAnswer: [33m9[39m,
    distractors: [ [33m6[39m, [33m11[39m, [33m9[39m ],
    distractorCount: [33m3[39m,
    source: [32m'engine'[39m,
    fallbackUsed: [90mundefined[39m
  }
]
[GEN CONFIG TRACE] {
  mode: [32m'standard'[39m,
  operation: [90mundefined[39m,
  difficulty: [33m5[39m,
  totalSteps: [33m1[39m,
  answerChoices: [33m3[39m,
  table: [90mundefined[39m,
  skipSize: [90mundefined[39m,
  fullConfig: {
    learningMode: [32m'standard'[39m,
    totalSteps: [33m1[39m,
    targetNumber: [33m16[39m,
    targetFlex: [33m0[39m,
    rangeMin: [33m1[39m,
    rangeMax: [33m16[39m,
    answerChoices: [33m3[39m,
    difficultyLevel: [33m5[39m,
    phaseSequence: [ [36m[Object][39m ],
    opsEnabled: { [32m'+'[39m: [33mtrue[39m, [32m'-'[39m: [33mfalse[39m, [32m'×'[39m: [33mfalse[39m, [32m'÷'[39m: [33mfalse[39m },
    activeMode: [32m'normal'[39m,
    isMuted: [33mfalse[39m,
    timerOn: [33mfalse[39m,
    quickMindInterval: [33m10[39m,
    darkModeInterval: [33m10[39m,
    modifiersPerStep: [33m1[39m,
    enableVariables: [33mfalse[39m,
    stopwatchSkin: [32m'default'[39m,
    progressionMode: [32m'adaptive'[39m,
    presentationMode: [32m'normal'[39m,
    scriptId: [32m'circuit-climb'[39m
  }
}
[Telemetry][VT:0] GENERATOR_START { startNumber: [33m5[39m, mode: [32m'standard'[39m }
[Telemetry][VT:0] GENERATOR_STEP_CREATED { stepIndex: [33m0[39m, startNumber: [33m5[39m, answer: [33m9[39m }
[STEP TRACE] [
  {
    i: [33m0[39m,
    startNumber: [33m5[39m,
    value: [33m4[39m,
    operation: [32m'+'[39m,
    correctAnswer: [33m9[39m,
    distractors: [ [33m9[39m, [33m10[39m, [33m7[39m ],
    distractorCount: [33m3[39m,
    source: [32m'engine'[39m,
    fallbackUsed: [90mundefined[39m
  }
]
[GEN CONFIG TRACE] {
  mode: [32m'standard'[39m,
  operation: [90mundefined[39m,
  difficulty: [33m5[39m,
  totalSteps: [33m1[39m,
  answerChoices: [33m3[39m,
  table: [90mundefined[39m,
  skipSize: [90mundefined[39m,
  fullConfig: {
    learningMode: [32m'standard'[39m,
    totalSteps: [33m1[39m,
    targetNumber: [33m16[39m,
    targetFlex: [33m0[39m,
    rangeMin: [33m1[39m,
    rangeMax: [33m16[39m,
    answerChoices: [33m3[39m,
    difficultyLevel: [33m5[39m,
    phaseSequence: [ [36m[Object][39m ],
    opsEnabled: { [32m'+'[39m: [33mtrue[39m, [32m'-'[39m: [33mfalse[39m, [32m'×'[39m: [33mfalse[39m, [32m'÷'[39m: [33mfalse[39m },
    activeMode: [32m'normal'[39m,
    isMuted: [33mfalse[39m,
    timerOn: [33mfalse[39m,
    quickMindInterval: [33m10[39m,
    darkModeInterval: [33m10[39m,
    modifiersPerStep: [33m1[39m,
    enableVariables: [33mfalse[39m,
    stopwatchSkin: [32m'default'[39m,
    progressionMode: [32m'adaptive'[39m,
    presentationMode: [32m'normal'[39m,
    scriptId: [32m'circuit-climb'[39m
  }
}
[Telemetry][VT:0] GENERATOR_START { startNumber: [33m6[39m, mode: [32m'standard'[39m }
[Telemetry][VT:0] GENERATOR_STEP_CREATED { stepIndex: [33m0[39m, startNumber: [33m6[39m, answer: [33m9[39m }
[STEP TRACE] [
  {
    i: [33m0[39m,
    startNumber: [33m6[39m,
    value: [33m3[39m,
    operation: [32m'+'[39m,
    correctAnswer: [33m9[39m,
    distractors: [ [33m9[39m, [33m7[39m, [33m10[39m ],
    distractorCount: [33m3[39m,
    source: [32m'engine'[39m,
    fallbackUsed: [90mundefined[39m
  }
]
[GEN CONFIG TRACE] {
  mode: [32m'standard'[39m,
  operation: [90mundefined[39m,
  difficulty: [33m5[39m,
  totalSteps: [33m1[39m,
  answerChoices: [33m3[39m,
  table: [90mundefined[39m,
  skipSize: [90mundefined[39m,
  fullConfig: {
    learningMode: [32m'standard'[39m,
    totalSteps: [33m1[39m,
    targetNumber: [33m16[39m,
    targetFlex: [33m0[39m,
    rangeMin: [33m1[39m,
    rangeMax: [33m16[39m,
    answerChoices: [33m3[39m,
    difficultyLevel: [33m5[39m,
    phaseSequence: [ [36m[Object][39m ],
    opsEnabled: { [32m'+'[39m: [33mtrue[39m, [32m'-'[39m: [33mfalse[39m, [32m'×'[39m: [33mfalse[39m, [32m'÷'[39m: [33mfalse[39m },
    activeMode: [32m'normal'[39m,
    isMuted: [33mfalse[39m,
    timerOn: [33mfalse[39m,
    quickMindInterval: [33m10[39m,
    darkModeInterval: [33m10[39m,
    modifiersPerStep: [33m1[39m,
    enableVariables: [33mfalse[39m,
    stopwatchSkin: [32m'default'[39m,
    progressionMode: [32m'adaptive'[39m,
    presentationMode: [32m'normal'[39m,
    scriptId: [32m'circuit-climb'[39m
  }
}
[Telemetry][VT:0] GENERATOR_START { startNumber: [33m7[39m, mode: [32m'standard'[39m }
[Telemetry][VT:0] GENERATOR_STEP_CREATED { stepIndex: [33m0[39m, startNumber: [33m7[39m, answer: [33m10[39m }
[STEP TRACE] [
  {
    i: [33m0[39m,
    startNumber: [33m7[39m,
    value: [33m3[39m,
    operation: [32m'+'[39m,
    correctAnswer: [33m10[39m,
    distractors: [ [33m10[39m, [33m12[39m, [33m8[39m ],
    distractorCount: [33m3[39m,
    source: [32m'engine'[39m,
    fallbackUsed: [90mundefined[39m
  }
]
[GEN CONFIG TRACE] {
  mode: [32m'standard'[39m,
  operation: [90mundefined[39m,
  difficulty: [33m5[39m,
  totalSteps: [33m1[39m,
  answerChoices: [33m3[39m,
  table: [90mundefined[39m,
  skipSize: [90mundefined[39m,
  fullConfig: {
    learningMode: [32m'standard'[39m,
    totalSteps: [33m1[39m,
    targetNumber: [33m16[39m,
    targetFlex: [33m0[39m,
    rangeMin: [33m1[39m,
    rangeMax: [33m16[39m,
    answerChoices: [33m3[39m,
    difficultyLevel: [33m5[39m,
    phaseSequence: [ [36m[Object][39m ],
    opsEnabled: { [32m'+'[39m: [33mtrue[39m, [32m'-'[39m: [33mfalse[39m, [32m'×'[39m: [33mfalse[39m, [32m'÷'[39m: [33mfalse[39m },
    activeMode: [32m'normal'[39m,
    isMuted: [33mfalse[39m,
    timerOn: [33mfalse[39m,
    quickMindInterval: [33m10[39m,
    darkModeInterval: [33m10[39m,
    modifiersPerStep: [33m1[39m,
    enableVariables: [33mfalse[39m,
    stopwatchSkin: [32m'default'[39m,
    progressionMode: [32m'adaptive'[39m,
    presentationMode: [32m'normal'[39m,
    scriptId: [32m'circuit-climb'[39m
  }
}
[Telemetry][VT:0] GENERATOR_START { startNumber: [33m8[39m, mode: [32m'standard'[39m }
[Telemetry][VT:0] GENERATOR_STEP_CREATED { stepIndex: [33m0[39m, startNumber: [33m8[39m, answer: [33m12[39m }
[STEP TRACE] [
  {
    i: [33m0[39m,
    startNumber: [33m8[39m,
    value: [33m4[39m,
    operation: [32m'+'[39m,
    correctAnswer: [33m12[39m,
    distractors: [ [33m11[39m, [33m13[39m, [33m12[39m ],
    distractorCount: [33m3[39m,
    source: [32m'engine'[39m,
    fallbackUsed: [90mundefined[39m
  }
]
[GEN CONFIG TRACE] {
  mode: [32m'standard'[39m,
  operation: [90mundefined[39m,
  difficulty: [33m5[39m,
  totalSteps: [33m1[39m,
  answerChoices: [33m3[39m,
  table: [90mundefined[39m,
  skipSize: [90mundefined[39m,
  fullConfig: {
    learningMode: [32m'standard'[39m,
    totalSteps: [33m1[39m,
    targetNumber: [33m16[39m,
    targetFlex: [33m0[39m,
    rangeMin: [33m1[39m,
    rangeMax: [33m16[39m,
    answerChoices: [33m3[39m,
    difficultyLevel: [33m5[39m,
    phaseSequence: [ [36m[Object][39m ],
    opsEnabled: { [32m'+'[39m: [33mtrue[39m, [32m'-'[39m: [33mfalse[39m, [32m'×'[39m: [33mfalse[39m, [32m'÷'[39m: [33mfalse[39m },
    activeMode: [32m'normal'[39m,
    isMuted: [33mfalse[39m,
    timerOn: [33mfalse[39m,
    quickMindInterval: [33m10[39m,
    darkModeInterval: [33m10[39m,
    modifiersPerStep: [33m1[39m,
    enableVariables: [33mfalse[39m,
    stopwatchSkin: [32m'default'[39m,
    progressionMode: [32m'adaptive'[39m,
    presentationMode: [32m'normal'[39m,
    scriptId: [32m'circuit-climb'[39m
  }
}
[Telemetry][VT:0] GENERATOR_START { startNumber: [33m9[39m, mode: [32m'standard'[39m }
[Telemetry][VT:0] GENERATOR_STEP_CREATED { stepIndex: [33m0[39m, startNumber: [33m9[39m, answer: [33m13[39m }
[STEP TRACE] [
  {
    i: [33m0[39m,
    startNumber: [33m9[39m,
    value: [33m4[39m,
    operation: [32m'+'[39m,
    correctAnswer: [33m13[39m,
    distractors: [ [33m13[39m, [33m14[39m, [33m12[39m ],
    distractorCount: [33m3[39m,
    source: [32m'engine'[39m,
    fallbackUsed: [90mundefined[39m
  }
]
[GEN CONFIG TRACE] {
  mode: [32m'standard'[39m,
  operation: [90mundefined[39m,
  difficulty: [33m5[39m,
  totalSteps: [33m1[39m,
  answerChoices: [33m3[39m,
  table: [90mundefined[39m,
  skipSize: [90mundefined[39m,
  fullConfig: {
    learningMode: [32m'standard'[39m,
    totalSteps: [33m1[39m,
    targetNumber: [33m16[39m,
    targetFlex: [33m0[39m,
    rangeMin: [33m1[39m,
    rangeMax: [33m16[39m,
    answerChoices: [33m3[39m,
    difficultyLevel: [33m5[39m,
    phaseSequence: [ [36m[Object][39m ],
    opsEnabled: { [32m'+'[39m: [33mtrue[39m, [32m'-'[39m: [33mfalse[39m, [32m'×'[39m: [33mfalse[39m, [32m'÷'[39m: [33mfalse[39m },
    activeMode: [32m'normal'[39m,
    isMuted: [33mfalse[39m,
    timerOn: [33mfalse[39m,
    quickMindInterval: [33m10[39m,
    darkModeInterval: [33m10[39m,
    modifiersPerStep: [33m1[39m,
    enableVariables: [33mfalse[39m,
    stopwatchSkin: [32m'default'[39m,
    progressionMode: [32m'adaptive'[39m,
    presentationMode: [32m'normal'[39m,
    scriptId: [32m'circuit-climb'[39m
  }
}
[Telemetry][VT:0] GENERATOR_START { startNumber: [33m10[39m, mode: [32m'standard'[39m }
[Telemetry][VT:0] GENERATOR_STEP_CREATED { stepIndex: [33m0[39m, startNumber: [33m10[39m, answer: [33m13[39m }
[STEP TRACE] [
  {
    i: [33m0[39m,
    startNumber: [33m10[39m,
    value: [33m3[39m,
    operation: [32m'+'[39m,
    correctAnswer: [33m13[39m,
    distractors: [ [33m15[39m, [33m13[39m, [33m14[39m ],
    distractorCount: [33m3[39m,
    source: [32m'engine'[39m,
    fallbackUsed: [90mundefined[39m
  }
]
[GEN CONFIG TRACE] {
  mode: [32m'standard'[39m,
  operation: [90mundefined[39m,
  difficulty: [33m5[39m,
  totalSteps: [33m1[39m,
  answerChoices: [33m3[39m,
  table: [90mundefined[39m,
  skipSize: [90mundefined[39m,
  fullConfig: {
    learningMode: [32m'standard'[39m,
    totalSteps: [33m1[39m,
    targetNumber: [33m16[39m,
    targetFlex: [33m0[39m,
    rangeMin: [33m1[39m,
    rangeMax: [33m16[39m,
    answerChoices: [33m3[39m,
    difficultyLevel: [33m5[39m,
    phaseSequence: [ [36m[Object][39m ],
    opsEnabled: { [32m'+'[39m: [33mtrue[39m, [32m'-'[39m: [33mfalse[39m, [32m'×'[39m: [33mfalse[39m, [32m'÷'[39m: [33mfalse[39m },
    activeMode: [32m'normal'[39m,
    isMuted: [33mfalse[39m,
    timerOn: [33mfalse[39m,
    quickMindInterval: [33m10[39m,
    darkModeInterval: [33m10[39m,
    modifiersPerStep: [33m1[39m,
    enableVariables: [33mfalse[39m,
    stopwatchSkin: [32m'default'[39m,
    progressionMode: [32m'adaptive'[39m,
    presentationMode: [32m'normal'[39m,
    scriptId: [32m'circuit-climb'[39m
  }
}
[Telemetry][VT:0] GENERATOR_START { startNumber: [33m11[39m, mode: [32m'standard'[39m }
[Telemetry][VT:0] GENERATOR_STEP_CREATED { stepIndex: [33m0[39m, startNumber: [33m11[39m, answer: [33m15[39m }
[STEP TRACE] [
  {
    i: [33m0[39m,
    startNumber: [33m11[39m,
    value: [33m4[39m,
    operation: [32m'+'[39m,
    correctAnswer: [33m15[39m,
    distractors: [ [33m17[39m, [33m15[39m, [33m13[39m ],
    distractorCount: [33m3[39m,
    source: [32m'engine'[39m,
    fallbackUsed: [90mundefined[39m
  }
]
[GEN CONFIG TRACE] {
  mode: [32m'standard'[39m,
  operation: [90mundefined[39m,
  difficulty: [33m5[39m,
  totalSteps: [33m1[39m,
  answerChoices: [33m3[39m,
  table: [90mundefined[39m,
  skipSize: [90mundefined[39m,
  fullConfig: {
    learningMode: [32m'standard'[39m,
    totalSteps: [33m1[39m,
    targetNumber: [33m16[39m,
    targetFlex: [33m0[39m,
    rangeMin: [33m1[39m,
    rangeMax: [33m16[39m,
    answerChoices: [33m3[39m,
    difficultyLevel: [33m5[39m,
    phaseSequence: [ [36m[Object][39m ],
    opsEnabled: { [32m'+'[39m: [33mtrue[39m, [32m'-'[39m: [33mfalse[39m, [32m'×'[39m: [33mfalse[39m, [32m'÷'[39m: [33mfalse[39m },
    activeMode: [32m'normal'[39m,
    isMuted: [33mfalse[39m,
    timerOn: [33mfalse[39m,
    quickMindInterval: [33m10[39m,
    darkModeInterval: [33m10[39m,
    modifiersPerStep: [33m1[39m,
    enableVariables: [33mfalse[39m,
    stopwatchSkin: [32m'default'[39m,
    progressionMode: [32m'adaptive'[39m,
    presentationMode: [32m'normal'[39m,
    scriptId: [32m'circuit-climb'[39m
  }
}
[Telemetry][VT:0] GENERATOR_START { startNumber: [33m12[39m, mode: [32m'standard'[39m }
[Telemetry][VT:0] GENERATOR_STEP_CREATED { stepIndex: [33m0[39m, startNumber: [33m12[39m, answer: [33m14[39m }
[STEP TRACE] [
  {
    i: [33m0[39m,
    startNumber: [33m12[39m,
    value: [33m2[39m,
    operation: [32m'+'[39m,
    correctAnswer: [33m14[39m,
    distractors: [ [33m16[39m, [33m17[39m, [33m14[39m ],
    distractorCount: [33m3[39m,
    source: [32m'engine'[39m,
    fallbackUsed: [90mundefined[39m
  }
]
[GEN CONFIG TRACE] {
  mode: [32m'standard'[39m,
  operation: [90mundefined[39m,
  difficulty: [33m5[39m,
  totalSteps: [33m1[39m,
  answerChoices: [33m3[39m,
  table: [90mundefined[39m,
  skipSize: [90mundefined[39m,
  fullConfig: {
    learningMode: [32m'standard'[39m,
    totalSteps: [33m1[39m,
    targetNumber: [33m16[39m,
    targetFlex: [33m0[39m,
    rangeMin: [33m1[39m,
    rangeMax: [33m16[39m,
    answerChoices: [33m3[39m,
    difficultyLevel: [33m5[39m,
    phaseSequence: [ [36m[Object][39m ],
    opsEnabled: { [32m'+'[39m: [33mtrue[39m, [32m'-'[39m: [33mfalse[39m, [32m'×'[39m: [33mfalse[39m, [32m'÷'[39m: [33mfalse[39m },
    activeMode: [32m'normal'[39m,
    isMuted: [33mfalse[39m,
    timerOn: [33mfalse[39m,
    quickMindInterval: [33m10[39m,
    darkModeInterval: [33m10[39m,
    modifiersPerStep: [33m1[39m,
    enableVariables: [33mfalse[39m,
    stopwatchSkin: [32m'default'[39m,
    progressionMode: [32m'adaptive'[39m,
    presentationMode: [32m'normal'[39m,
    scriptId: [32m'circuit-climb'[39m
  }
}
[Telemetry][VT:0] GENERATOR_START { startNumber: [33m13[39m, mode: [32m'standard'[39m }
[Telemetry][VT:0] GENERATOR_STEP_CREATED { stepIndex: [33m0[39m, startNumber: [33m13[39m, answer: [33m14[39m }
[STEP TRACE] [
  {
    i: [33m0[39m,
    startNumber: [33m13[39m,
    value: [33m1[39m,
    operation: [32m'+'[39m,
    correctAnswer: [33m14[39m,
    distractors: [ [33m13[39m, [33m14[39m, [33m11[39m ],
    distractorCount: [33m3[39m,
    source: [32m'engine'[39m,
    fallbackUsed: [90mundefined[39m
  }
]
[GEN CONFIG TRACE] {
  mode: [32m'standard'[39m,
  operation: [90mundefined[39m,
  difficulty: [33m5[39m,
  totalSteps: [33m1[39m,
  answerChoices: [33m3[39m,
  table: [90mundefined[39m,
  skipSize: [90mundefined[39m,
  fullConfig: {
    learningMode: [32m'standard'[39m,
    totalSteps: [33m1[39m,
    targetNumber: [33m16[39m,
    targetFlex: [33m0[39m,
    rangeMin: [33m1[39m,
    rangeMax: [33m16[39m,
    answerChoices: [33m3[39m,
    difficultyLevel: [33m5[39m,
    phaseSequence: [ [36m[Object][39m ],
    opsEnabled: { [32m'+'[39m: [33mtrue[39m, [32m'-'[39m: [33mfalse[39m, [32m'×'[39m: [33mfalse[39m, [32m'÷'[39m: [33mfalse[39m },
    activeMode: [32m'normal'[39m,
    isMuted: [33mfalse[39m,
    timerOn: [33mfalse[39m,
    quickMindInterval: [33m10[39m,
    darkModeInterval: [33m10[39m,
    modifiersPerStep: [33m1[39m,
    enableVariables: [33mfalse[39m,
    stopwatchSkin: [32m'default'[39m,
    progressionMode: [32m'adaptive'[39m,
    presentationMode: [32m'normal'[39m,
    scriptId: [32m'circuit-climb'[39m
  }
}
[Telemetry][VT:0] GENERATOR_START { startNumber: [33m14[39m, mode: [32m'standard'[39m }
[Telemetry][VT:0] GENERATOR_STEP_CREATED { stepIndex: [33m0[39m, startNumber: [33m14[39m, answer: [33m15[39m }
[STEP TRACE] [
  {
    i: [33m0[39m,
    startNumber: [33m14[39m,
    value: [33m1[39m,
    operation: [32m'+'[39m,
    correctAnswer: [33m15[39m,
    distractors: [ [33m18[39m, [33m15[39m, [33m16[39m ],
    distractorCount: [33m3[39m,
    source: [32m'engine'[39m,
    fallbackUsed: [90mundefined[39m
  }
]
[GEN CONFIG TRACE] {
  mode: [32m'standard'[39m,
  operation: [90mundefined[39m,
  difficulty: [33m5[39m,
  totalSteps: [33m1[39m,
  answerChoices: [33m3[39m,
  table: [90mundefined[39m,
  skipSize: [90mundefined[39m,
  fullConfig: {
    learningMode: [32m'standard'[39m,
    totalSteps: [33m1[39m,
    targetNumber: [33m16[39m,
    targetFlex: [33m0[39m,
    rangeMin: [33m1[39m,
    rangeMax: [33m16[39m,
    answerChoices: [33m3[39m,
    difficultyLevel: [33m5[39m,
    phaseSequence: [ [36m[Object][39m ],
    opsEnabled: { [32m'+'[39m: [33mtrue[39m, [32m'-'[39m: [33mfalse[39m, [32m'×'[39m: [33mfalse[39m, [32m'÷'[39m: [33mfalse[39m },
    activeMode: [32m'normal'[39m,
    isMuted: [33mfalse[39m,
    timerOn: [33mfalse[39m,
    quickMindInterval: [33m10[39m,
    darkModeInterval: [33m10[39m,
    modifiersPerStep: [33m1[39m,
    enableVariables: [33mfalse[39m,
    stopwatchSkin: [32m'default'[39m,
    progressionMode: [32m'adaptive'[39m,
    presentationMode: [32m'normal'[39m,
    scriptId: [32m'circuit-climb'[39m
  }
}
[Telemetry][VT:0] GENERATOR_START { startNumber: [33m15[39m, mode: [32m'standard'[39m }
[Telemetry][VT:0] GENERATOR_STEP_CREATED { stepIndex: [33m0[39m, startNumber: [33m15[39m, answer: [33m16[39m }
[STEP TRACE] [
  {
    i: [33m0[39m,
    startNumber: [33m15[39m,
    value: [33m1[39m,
    operation: [32m'+'[39m,
    correctAnswer: [33m16[39m,
    distractors: [ [33m16[39m, [33m18[39m, [33m19[39m ],
    distractorCount: [33m3[39m,
    source: [32m'engine'[39m,
    fallbackUsed: [90mundefined[39m
  }
]
[GEN CONFIG TRACE] {
  mode: [32m'standard'[39m,
  operation: [90mundefined[39m,
  difficulty: [33m5[39m,
  totalSteps: [33m1[39m,
  answerChoices: [33m3[39m,
  table: [90mundefined[39m,
  skipSize: [90mundefined[39m,
  fullConfig: {
    learningMode: [32m'standard'[39m,
    totalSteps: [33m1[39m,
    targetNumber: [33m16[39m,
    targetFlex: [33m0[39m,
    rangeMin: [33m1[39m,
    rangeMax: [33m16[39m,
    answerChoices: [33m3[39m,
    difficultyLevel: [33m5[39m,
    phaseSequence: [ [36m[Object][39m ],
    opsEnabled: { [32m'+'[39m: [33mtrue[39m, [32m'-'[39m: [33mfalse[39m, [32m'×'[39m: [33mfalse[39m, [32m'÷'[39m: [33mfalse[39m },
    activeMode: [32m'normal'[39m,
    isMuted: [33mfalse[39m,
    timerOn: [33mfalse[39m,
    quickMindInterval: [33m10[39m,
    darkModeInterval: [33m10[39m,
    modifiersPerStep: [33m1[39m,
    enableVariables: [33mfalse[39m,
    stopwatchSkin: [32m'default'[39m,
    progressionMode: [32m'adaptive'[39m,
    presentationMode: [32m'normal'[39m,
    scriptId: [32m'circuit-climb'[39m
  }
}
[Telemetry][VT:0] GENERATOR_START { startNumber: [33m1[39m, mode: [32m'standard'[39m }
[Telemetry][VT:0] GENERATOR_STEP_CREATED { stepIndex: [33m0[39m, startNumber: [33m1[39m, answer: [33m11[39m }
[STEP TRACE] [
  {
    i: [33m0[39m,
    startNumber: [33m1[39m,
    value: [33m10[39m,
    operation: [32m'+'[39m,
    correctAnswer: [33m11[39m,
    distractors: [ [33m9[39m, [33m12[39m, [33m11[39m ],
    distractorCount: [33m3[39m,
    source: [32m'engine'[39m,
    fallbackUsed: [90mundefined[39m
  }
]
[GEN CONFIG TRACE] {
  mode: [32m'standard'[39m,
  operation: [90mundefined[39m,
  difficulty: [33m5[39m,
  totalSteps: [33m1[39m,
  answerChoices: [33m3[39m,
  table: [90mundefined[39m,
  skipSize: [90mundefined[39m,
  fullConfig: {
    learningMode: [32m'standard'[39m,
    totalSteps: [33m1[39m,
    targetNumber: [33m16[39m,
    targetFlex: [33m0[39m,
    rangeMin: [33m1[39m,
    rangeMax: [33m16[39m,
    answerChoices: [33m3[39m,
    difficultyLevel: [33m5[39m,
    phaseSequence: [ [36m[Object][39m ],
    opsEnabled: { [32m'+'[39m: [33mtrue[39m, [32m'-'[39m: [33mfalse[39m, [32m'×'[39m: [33mfalse[39m, [32m'÷'[39m: [33mfalse[39m },
    activeMode: [32m'normal'[39m,
    isMuted: [33mfalse[39m,
    timerOn: [33mfalse[39m,
    quickMindInterval: [33m10[39m,
    darkModeInterval: [33m10[39m,
    modifiersPerStep: [33m1[39m,
    enableVariables: [33mfalse[39m,
    stopwatchSkin: [32m'default'[39m,
    progressionMode: [32m'adaptive'[39m,
    presentationMode: [32m'normal'[39m,
    scriptId: [32m'circuit-climb'[39m
  }
}
[Telemetry][VT:0] GENERATOR_START { startNumber: [33m2[39m, mode: [32m'standard'[39m }
[Telemetry][VT:0] GENERATOR_STEP_CREATED { stepIndex: [33m0[39m, startNumber: [33m2[39m, answer: [33m4[39m }
[STEP TRACE] [
  {
    i: [33m0[39m,
    startNumber: [33m2[39m,
    value: [33m2[39m,
    operation: [32m'+'[39m,
    correctAnswer: [33m4[39m,
    distractors: [ [33m5[39m, [33m4[39m, [33m2[39m ],
    distractorCount: [33m3[39m,
    source: [32m'engine'[39m,
    fallbackUsed: [90mundefined[39m
  }
]
[GEN CONFIG TRACE] {
  mode: [32m'standard'[39m,
  operation: [90mundefined[39m,
  difficulty: [33m5[39m,
  totalSteps: [33m1[39m,
  answerChoices: [33m3[39m,
  table: [90mundefined[39m,
  skipSize: [90mundefined[39m,
  fullConfig: {
    learningMode: [32m'standard'[39m,
    totalSteps: [33m1[39m,
    targetNumber: [33m16[39m,
    targetFlex: [33m0[39m,
    rangeMin: [33m1[39m,
    rangeMax: [33m16[39m,
    answerChoices: [33m3[39m,
    difficultyLevel: [33m5[39m,
    phaseSequence: [ [36m[Object][39m ],
    opsEnabled: { [32m'+'[39m: [33mtrue[39m, [32m'-'[39m: [33mfalse[39m, [32m'×'[39m: [33mfalse[39m, [32m'÷'[39m: [33mfalse[39m },
    activeMode: [32m'normal'[39m,
    isMuted: [33mfalse[39m,
    timerOn: [33mfalse[39m,
    quickMindInterval: [33m10[39m,
    darkModeInterval: [33m10[39m,
    modifiersPerStep: [33m1[39m,
    enableVariables: [33mfalse[39m,
    stopwatchSkin: [32m'default'[39m,
    progressionMode: [32m'adaptive'[39m,
    presentationMode: [32m'normal'[39m,
    scriptId: [32m'circuit-climb'[39m
  }
}
[Telemetry][VT:0] GENERATOR_START { startNumber: [33m3[39m, mode: [32m'standard'[39m }
[Telemetry][VT:0] GENERATOR_STEP_CREATED { stepIndex: [33m0[39m, startNumber: [33m3[39m, answer: [33m8[39m }
[STEP TRACE] [
  {
    i: [33m0[39m,
    startNumber: [33m3[39m,
    value: [33m5[39m,
    operation: [32m'+'[39m,
    correctAnswer: [33m8[39m,
    distractors: [ [33m5[39m, [33m8[39m, [33m10[39m ],
    distractorCount: [33m3[39m,
    source: [32m'engine'[39m,
    fallbackUsed: [90mundefined[39m
  }
]
[GEN CONFIG TRACE] {
  mode: [32m'standard'[39m,
  operation: [90mundefined[39m,
  difficulty: [33m5[39m,
  totalSteps: [33m1[39m,
  answerChoices: [33m3[39m,
  table: [90mundefined[39m,
  skipSize: [90mundefined[39m,
  fullConfig: {
    learningMode: [32m'standard'[39m,
    totalSteps: [33m1[39m,
    targetNumber: [33m16[39m,
    targetFlex: [33m0[39m,
    rangeMin: [33m1[39m,
    rangeMax: [33m16[39m,
    answerChoices: [33m3[39m,
    difficultyLevel: [33m5[39m,
    phaseSequence: [ [36m[Object][39m ],
    opsEnabled: { [32m'+'[39m: [33mtrue[39m, [32m'-'[39m: [33mfalse[39m, [32m'×'[39m: [33mfalse[39m, [32m'÷'[39m: [33mfalse[39m },
    activeMode: [32m'normal'[39m,
    isMuted: [33mfalse[39m,
    timerOn: [33mfalse[39m,
    quickMindInterval: [33m10[39m,
    darkModeInterval: [33m10[39m,
    modifiersPerStep: [33m1[39m,
    enableVariables: [33mfalse[39m,
    stopwatchSkin: [32m'default'[39m,
    progressionMode: [32m'adaptive'[39m,
    presentationMode: [32m'normal'[39m,
    scriptId: [32m'circuit-climb'[39m
  }
}
[Telemetry][VT:0] GENERATOR_START { startNumber: [33m4[39m, mode: [32m'standard'[39m }
[Telemetry][VT:0] GENERATOR_STEP_CREATED { stepIndex: [33m0[39m, startNumber: [33m4[39m, answer: [33m8[39m }
[STEP TRACE] [
  {
    i: [33m0[39m,
    startNumber: [33m4[39m,
    value: [33m4[39m,
    operation: [32m'+'[39m,
    correctAnswer: [33m8[39m,
    distractors: [ [33m8[39m, [33m11[39m, [33m10[39m ],
    distractorCount: [33m3[39m,
    source: [32m'engine'[39m,
    fallbackUsed: [90mundefined[39m
  }
]
[GEN CONFIG TRACE] {
  mode: [32m'standard'[39m,
  operation: [90mundefined[39m,
  difficulty: [33m5[39m,
  totalSteps: [33m1[39m,
  answerChoices: [33m3[39m,
  table: [90mundefined[39m,
  skipSize: [90mundefined[39m,
  fullConfig: {
    learningMode: [32m'standard'[39m,
    totalSteps: [33m1[39m,
    targetNumber: [33m16[39m,
    targetFlex: [33m0[39m,
    rangeMin: [33m1[39m,
    rangeMax: [33m16[39m,
    answerChoices: [33m3[39m,
    difficultyLevel: [33m5[39m,
    phaseSequence: [ [36m[Object][39m ],
    opsEnabled: { [32m'+'[39m: [33mtrue[39m, [32m'-'[39m: [33mfalse[39m, [32m'×'[39m: [33mfalse[39m, [32m'÷'[39m: [33mfalse[39m },
    activeMode: [32m'normal'[39m,
    isMuted: [33mfalse[39m,
    timerOn: [33mfalse[39m,
    quickMindInterval: [33m10[39m,
    darkModeInterval: [33m10[39m,
    modifiersPerStep: [33m1[39m,
    enableVariables: [33mfalse[39m,
    stopwatchSkin: [32m'default'[39m,
    progressionMode: [32m'adaptive'[39m,
    presentationMode: [32m'normal'[39m,
    scriptId: [32m'circuit-climb'[39m
  }
}
[Telemetry][VT:0] GENERATOR_START { startNumber: [33m5[39m, mode: [32m'standard'[39m }
[Telemetry][VT:0] GENERATOR_STEP_CREATED { stepIndex: [33m0[39m, startNumber: [33m5[39m, answer: [33m13[39m }
[STEP TRACE] [
  {
    i: [33m0[39m,
    startNumber: [33m5[39m,
    value: [33m8[39m,
    operation: [32m'+'[39m,
    correctAnswer: [33m13[39m,
    distractors: [ [33m13[39m, [33m15[39m, [33m12[39m ],
    distractorCount: [33m3[39m,
    source: [32m'engine'[39m,
    fallbackUsed: [90mundefined[39m
  }
]
[GEN CONFIG TRACE] {
  mode: [32m'standard'[39m,
  operation: [90mundefined[39m,
  difficulty: [33m5[39m,
  totalSteps: [33m1[39m,
  answerChoices: [33m3[39m,
  table: [90mundefined[39m,
  skipSize: [90mundefined[39m,
  fullConfig: {
    learningMode: [32m'standard'[39m,
    totalSteps: [33m1[39m,
    targetNumber: [33m16[39m,
    targetFlex: [33m0[39m,
    rangeMin: [33m1[39m,
    rangeMax: [33m16[39m,
    answerChoices: [33m3[39m,
    difficultyLevel: [33m5[39m,
    phaseSequence: [ [36m[Object][39m ],
    opsEnabled: { [32m'+'[39m: [33mtrue[39m, [32m'-'[39m: [33mfalse[39m, [32m'×'[39m: [33mfalse[39m, [32m'÷'[39m: [33mfalse[39m },
    activeMode: [32m'normal'[39m,
    isMuted: [33mfalse[39m,
    timerOn: [33mfalse[39m,
    quickMindInterval: [33m10[39m,
    darkModeInterval: [33m10[39m,
    modifiersPerStep: [33m1[39m,
    enableVariables: [33mfalse[39m,
    stopwatchSkin: [32m'default'[39m,
    progressionMode: [32m'adaptive'[39m,
    presentationMode: [32m'normal'[39m,
    scriptId: [32m'circuit-climb'[39m
  }
}
[Telemetry][VT:0] GENERATOR_START { startNumber: [33m6[39m, mode: [32m'standard'[39m }
[Telemetry][VT:0] GENERATOR_STEP_CREATED { stepIndex: [33m0[39m, startNumber: [33m6[39m, answer: [33m15[39m }
[STEP TRACE] [
  {
    i: [33m0[39m,
    startNumber: [33m6[39m,
    value: [33m9[39m,
    operation: [32m'+'[39m,
    correctAnswer: [33m15[39m,
    distractors: [ [33m14[39m, [33m15[39m, [33m18[39m ],
    distractorCount: [33m3[39m,
    source: [32m'engine'[39m,
    fallbackUsed: [90mundefined[39m
  }
]
[GEN CONFIG TRACE] {
  mode: [32m'standard'[39m,
  operation: [90mundefined[39m,
  difficulty: [33m5[39m,
  totalSteps: [33m1[39m,
  answerChoices: [33m3[39m,
  table: [90mundefined[39m,
  skipSize: [90mundefined[39m,
  fullConfig: {
    learningMode: [32m'standard'[39m,
    totalSteps: [33m1[39m,
    targetNumber: [33m16[39m,
    targetFlex: [33m0[39m,
    rangeMin: [33m1[39m,
    rangeMax: [33m16[39m,
    answerChoices: [33m3[39m,
    difficultyLevel: [33m5[39m,
    phaseSequence: [ [36m[Object][39m ],
    opsEnabled: { [32m'+'[39m: [33mtrue[39m, [32m'-'[39m: [33mfalse[39m, [32m'×'[39m: [33mfalse[39m, [32m'÷'[39m: [33mfalse[39m },
    activeMode: [32m'normal'[39m,
    isMuted: [33mfalse[39m,
    timerOn: [33mfalse[39m,
    quickMindInterval: [33m10[39m,
    darkModeInterval: [33m10[39m,
    modifiersPerStep: [33m1[39m,
    enableVariables: [33mfalse[39m,
    stopwatchSkin: [32m'default'[39m,
    progressionMode: [32m'adaptive'[39m,
    presentationMode: [32m'normal'[39m,
    scriptId: [32m'circuit-climb'[39m
  }
}
[Telemetry][VT:0] GENERATOR_START { startNumber: [33m7[39m, mode: [32m'standard'[39m }
[Telemetry][VT:0] GENERATOR_STEP_CREATED { stepIndex: [33m0[39m, startNumber: [33m7[39m, answer: [33m15[39m }
[STEP TRACE] [
  {
    i: [33m0[39m,
    startNumber: [33m7[39m,
    value: [33m8[39m,
    operation: [32m'+'[39m,
    correctAnswer: [33m15[39m,
    distractors: [ [33m15[39m, [33m13[39m, [33m16[39m ],
    distractorCount: [33m3[39m,
    source: [32m'engine'[39m,
    fallbackUsed: [90mundefined[39m
  }
]
[GEN CONFIG TRACE] {
  mode: [32m'standard'[39m,
  operation: [90mundefined[39m,
  difficulty: [33m5[39m,
  totalSteps: [33m1[39m,
  answerChoices: [33m3[39m,
  table: [90mundefined[39m,
  skipSize: [90mundefined[39m,
  fullConfig: {
    learningMode: [32m'standard'[39m,
    totalSteps: [33m1[39m,
    targetNumber: [33m16[39m,
    targetFlex: [33m0[39m,
    rangeMin: [33m1[39m,
    rangeMax: [33m16[39m,
    answerChoices: [33m3[39m,
    difficultyLevel: [33m5[39m,
    phaseSequence: [ [36m[Object][39m ],
    opsEnabled: { [32m'+'[39m: [33mtrue[39m, [32m'-'[39m: [33mfalse[39m, [32m'×'[39m: [33mfalse[39m, [32m'÷'[39m: [33mfalse[39m },
    activeMode: [32m'normal'[39m,
    isMuted: [33mfalse[39m,
    timerOn: [33mfalse[39m,
    quickMindInterval: [33m10[39m,
    darkModeInterval: [33m10[39m,
    modifiersPerStep: [33m1[39m,
    enableVariables: [33mfalse[39m,
    stopwatchSkin: [32m'default'[39m,
    progressionMode: [32m'adaptive'[39m,
    presentationMode: [32m'normal'[39m,
    scriptId: [32m'circuit-climb'[39m
  }
}
[Telemetry][VT:0] GENERATOR_START { startNumber: [33m8[39m, mode: [32m'standard'[39m }
[Telemetry][VT:0] GENERATOR_STEP_CREATED { stepIndex: [33m0[39m, startNumber: [33m8[39m, answer: [33m9[39m }
[STEP TRACE] [
  {
    i: [33m0[39m,
    startNumber: [33m8[39m,
    value: [33m1[39m,
    operation: [32m'+'[39m,
    correctAnswer: [33m9[39m,
    distractors: [ [33m6[39m, [33m11[39m, [33m9[39m ],
    distractorCount: [33m3[39m,
    source: [32m'engine'[39m,
    fallbackUsed: [90mundefined[39m
  }
]
[GEN CONFIG TRACE] {
  mode: [32m'standard'[39m,
  operation: [90mundefined[39m,
  difficulty: [33m5[39m,
  totalSteps: [33m1[39m,
  answerChoices: [33m3[39m,
  table: [90mundefined[39m,
  skipSize: [90mundefined[39m,
  fullConfig: {
    learningMode: [32m'standard'[39m,
    totalSteps: [33m1[39m,
    targetNumber: [33m16[39m,
    targetFlex: [33m0[39m,
    rangeMin: [33m1[39m,
    rangeMax: [33m16[39m,
    answerChoices: [33m3[39m,
    difficultyLevel: [33m5[39m,
    phaseSequence: [ [36m[Object][39m ],
    opsEnabled: { [32m'+'[39m: [33mtrue[39m, [32m'-'[39m: [33mfalse[39m, [32m'×'[39m: [33mfalse[39m, [32m'÷'[39m: [33mfalse[39m },
    activeMode: [32m'normal'[39m,
    isMuted: [33mfalse[39m,
    timerOn: [33mfalse[39m,
    quickMindInterval: [33m10[39m,
    darkModeInterval: [33m10[39m,
    modifiersPerStep: [33m1[39m,
    enableVariables: [33mfalse[39m,
    stopwatchSkin: [32m'default'[39m,
    progressionMode: [32m'adaptive'[39m,
    presentationMode: [32m'normal'[39m,
    scriptId: [32m'circuit-climb'[39m
  }
}
[Telemetry][VT:0] GENERATOR_START { startNumber: [33m9[39m, mode: [32m'standard'[39m }
[Telemetry][VT:0] GENERATOR_STEP_CREATED { stepIndex: [33m0[39m, startNumber: [33m9[39m, answer: [33m13[39m }
[STEP TRACE] [
  {
    i: [33m0[39m,
    startNumber: [33m9[39m,
    value: [33m4[39m,
    operation: [32m'+'[39m,
    correctAnswer: [33m13[39m,
    distractors: [ [33m13[39m, [33m12[39m, [33m16[39m ],
    distractorCount: [33m3[39m,
    source: [32m'engine'[39m,
    fallbackUsed: [90mundefined[39m
  }
]
[GEN CONFIG TRACE] {
  mode: [32m'standard'[39m,
  operation: [90mundefined[39m,
  difficulty: [33m5[39m,
  totalSteps: [33m1[39m,
  answerChoices: [33m3[39m,
  table: [90mundefined[39m,
  skipSize: [90mundefined[39m,
  fullConfig: {
    learningMode: [32m'standard'[39m,
    totalSteps: [33m1[39m,
    targetNumber: [33m16[39m,
    targetFlex: [33m0[39m,
    rangeMin: [33m1[39m,
    rangeMax: [33m16[39m,
    answerChoices: [33m3[39m,
    difficultyLevel: [33m5[39m,
    phaseSequence: [ [36m[Object][39m ],
    opsEnabled: { [32m'+'[39m: [33mtrue[39m, [32m'-'[39m: [33mfalse[39m, [32m'×'[39m: [33mfalse[39m, [32m'÷'[39m: [33mfalse[39m },
    activeMode: [32m'normal'[39m,
    isMuted: [33mfalse[39m,
    timerOn: [33mfalse[39m,
    quickMindInterval: [33m10[39m,
    darkModeInterval: [33m10[39m,
    modifiersPerStep: [33m1[39m,
    enableVariables: [33mfalse[39m,
    stopwatchSkin: [32m'default'[39m,
    progressionMode: [32m'adaptive'[39m,
    presentationMode: [32m'normal'[39m,
    scriptId: [32m'circuit-climb'[39m
  }
}
[Telemetry][VT:0] GENERATOR_START { startNumber: [33m10[39m, mode: [32m'standard'[39m }
[Telemetry][VT:0] GENERATOR_STEP_CREATED { stepIndex: [33m0[39m, startNumber: [33m10[39m, answer: [33m13[39m }
[STEP TRACE] [
  {
    i: [33m0[39m,
    startNumber: [33m10[39m,
    value: [33m3[39m,
    operation: [32m'+'[39m,
    correctAnswer: [33m13[39m,
    distractors: [ [33m15[39m, [33m12[39m, [33m13[39m ],
    distractorCount: [33m3[39m,
    source: [32m'engine'[39m,
    fallbackUsed: [90mundefined[39m
  }
]
[GEN CONFIG TRACE] {
  mode: [32m'standard'[39m,
  operation: [90mundefined[39m,
  difficulty: [33m5[39m,
  totalSteps: [33m1[39m,
  answerChoices: [33m3[39m,
  table: [90mundefined[39m,
  skipSize: [90mundefined[39m,
  fullConfig: {
    learningMode: [32m'standard'[39m,
    totalSteps: [33m1[39m,
    targetNumber: [33m16[39m,
    targetFlex: [33m0[39m,
    rangeMin: [33m1[39m,
    rangeMax: [33m16[39m,
    answerChoices: [33m3[39m,
    difficultyLevel: [33m5[39m,
    phaseSequence: [ [36m[Object][39m ],
    opsEnabled: { [32m'+'[39m: [33mtrue[39m, [32m'-'[39m: [33mfalse[39m, [32m'×'[39m: [33mfalse[39m, [32m'÷'[39m: [33mfalse[39m },
    activeMode: [32m'normal'[39m,
    isMuted: [33mfalse[39m,
    timerOn: [33mfalse[39m,
    quickMindInterval: [33m10[39m,
    darkModeInterval: [33m10[39m,
    modifiersPerStep: [33m1[39m,
    enableVariables: [33mfalse[39m,
    stopwatchSkin: [32m'default'[39m,
    progressionMode: [32m'adaptive'[39m,
    presentationMode: [32m'normal'[39m,
    scriptId: [32m'circuit-climb'[39m
  }
}
[Telemetry][VT:0] GENERATOR_START { startNumber: [33m11[39m, mode: [32m'standard'[39m }
[Telemetry][VT:0] GENERATOR_STEP_CREATED { stepIndex: [33m0[39m, startNumber: [33m11[39m, answer: [33m16[39m }
[STEP TRACE] [
  {
    i: [33m0[39m,
    startNumber: [33m11[39m,
    value: [33m5[39m,
    operation: [32m'+'[39m,
    correctAnswer: [33m16[39m,
    distractors: [ [33m18[39m, [33m16[39m, [33m13[39m ],
    distractorCount: [33m3[39m,
    source: [32m'engine'[39m,
    fallbackUsed: [90mundefined[39m
  }
]
[GEN CONFIG TRACE] {
  mode: [32m'standard'[39m,
  operation: [90mundefined[39m,
  difficulty: [33m5[39m,
  totalSteps: [33m1[39m,
  answerChoices: [33m3[39m,
  table: [90mundefined[39m,
  skipSize: [90mundefined[39m,
  fullConfig: {
    learningMode: [32m'standard'[39m,
    totalSteps: [33m1[39m,
    targetNumber: [33m16[39m,
    targetFlex: [33m0[39m,
    rangeMin: [33m1[39m,
    rangeMax: [33m16[39m,
    answerChoices: [33m3[39m,
    difficultyLevel: [33m5[39m,
    phaseSequence: [ [36m[Object][39m ],
    opsEnabled: { [32m'+'[39m: [33mtrue[39m, [32m'-'[39m: [33mfalse[39m, [32m'×'[39m: [33mfalse[39m, [32m'÷'[39m: [33mfalse[39m },
    activeMode: [32m'normal'[39m,
    isMuted: [33mfalse[39m,
    timerOn: [33mfalse[39m,
    quickMindInterval: [33m10[39m,
    darkModeInterval: [33m10[39m,
    modifiersPerStep: [33m1[39m,
    enableVariables: [33mfalse[39m,
    stopwatchSkin: [32m'default'[39m,
    progressionMode: [32m'adaptive'[39m,
    presentationMode: [32m'normal'[39m,
    scriptId: [32m'circuit-climb'[39m
  }
}
[Telemetry][VT:0] GENERATOR_START { startNumber: [33m12[39m, mode: [32m'standard'[39m }
[Telemetry][VT:0] GENERATOR_STEP_CREATED { stepIndex: [33m0[39m, startNumber: [33m12[39m, answer: [33m15[39m }
[STEP TRACE] [
  {
    i: [33m0[39m,
    startNumber: [33m12[39m,
    value: [33m3[39m,
    operation: [32m'+'[39m,
    correctAnswer: [33m15[39m,
    distractors: [ [33m15[39m, [33m12[39m, [33m14[39m ],
    distractorCount: [33m3[39m,
    source: [32m'engine'[39m,
    fallbackUsed: [90mundefined[39m
  }
]
[GEN CONFIG TRACE] {
  mode: [32m'standard'[39m,
  operation: [90mundefined[39m,
  difficulty: [33m5[39m,
  totalSteps: [33m1[39m,
  answerChoices: [33m3[39m,
  table: [90mundefined[39m,
  skipSize: [90mundefined[39m,
  fullConfig: {
    learningMode: [32m'standard'[39m,
    totalSteps: [33m1[39m,
    targetNumber: [33m16[39m,
    targetFlex: [33m0[39m,
    rangeMin: [33m1[39m,
    rangeMax: [33m16[39m,
    answerChoices: [33m3[39m,
    difficultyLevel: [33m5[39m,
    phaseSequence: [ [36m[Object][39m ],
    opsEnabled: { [32m'+'[39m: [33mtrue[39m, [32m'-'[39m: [33mfalse[39m, [32m'×'[39m: [33mfalse[39m, [32m'÷'[39m: [33mfalse[39m },
    activeMode: [32m'normal'[39m,
    isMuted: [33mfalse[39m,
    timerOn: [33mfalse[39m,
    quickMindInterval: [33m10[39m,
    darkModeInterval: [33m10[39m,
    modifiersPerStep: [33m1[39m,
    enableVariables: [33mfalse[39m,
    stopwatchSkin: [32m'default'[39m,
    progressionMode: [32m'adaptive'[39m,
    presentationMode: [32m'normal'[39m,
    scriptId: [32m'circuit-climb'[39m
  }
}
[Telemetry][VT:0] GENERATOR_START { startNumber: [33m13[39m, mode: [32m'standard'[39m }
[Telemetry][VT:0] GENERATOR_STEP_CREATED { stepIndex: [33m0[39m, startNumber: [33m13[39m, answer: [33m16[39m }
[STEP TRACE] [
  {
    i: [33m0[39m,
    startNumber: [33m13[39m,
    value: [33m3[39m,
    operation: [32m'+'[39m,
    correctAnswer: [33m16[39m,
    distractors: [ [33m15[39m, [33m16[39m, [33m13[39m ],
    distractorCount: [33m3[39m,
    source: [32m'engine'[39m,
    fallbackUsed: [90mundefined[39m
  }
]
[GEN CONFIG TRACE] {
  mode: [32m'standard'[39m,
  operation: [90mundefined[39m,
  difficulty: [33m5[39m,
  totalSteps: [33m1[39m,
  answerChoices: [33m3[39m,
  table: [90mundefined[39m,
  skipSize: [90mundefined[39m,
  fullConfig: {
    learningMode: [32m'standard'[39m,
    totalSteps: [33m1[39m,
    targetNumber: [33m16[39m,
    targetFlex: [33m0[39m,
    rangeMin: [33m1[39m,
    rangeMax: [33m16[39m,
    answerChoices: [33m3[39m,
    difficultyLevel: [33m5[39m,
    phaseSequence: [ [36m[Object][39m ],
    opsEnabled: { [32m'+'[39m: [33mtrue[39m, [32m'-'[39m: [33mfalse[39m, [32m'×'[39m: [33mfalse[39m, [32m'÷'[39m: [33mfalse[39m },
    activeMode: [32m'normal'[39m,
    isMuted: [33mfalse[39m,
    timerOn: [33mfalse[39m,
    quickMindInterval: [33m10[39m,
    darkModeInterval: [33m10[39m,
    modifiersPerStep: [33m1[39m,
    enableVariables: [33mfalse[39m,
    stopwatchSkin: [32m'default'[39m,
    progressionMode: [32m'adaptive'[39m,
    presentationMode: [32m'normal'[39m,
    scriptId: [32m'circuit-climb'[39m
  }
}
[Telemetry][VT:0] GENERATOR_START { startNumber: [33m14[39m, mode: [32m'standard'[39m }
[Telemetry][VT:0] GENERATOR_STEP_CREATED { stepIndex: [33m0[39m, startNumber: [33m14[39m, answer: [33m16[39m }
[STEP TRACE] [
  {
    i: [33m0[39m,
    startNumber: [33m14[39m,
    value: [33m2[39m,
    operation: [32m'+'[39m,
    correctAnswer: [33m16[39m,
    distractors: [ [33m17[39m, [33m13[39m, [33m16[39m ],
    distractorCount: [33m3[39m,
    source: [32m'engine'[39m,
    fallbackUsed: [90mundefined[39m
  }
]
[GEN CONFIG TRACE] {
  mode: [32m'standard'[39m,
  operation: [90mundefined[39m,
  difficulty: [33m5[39m,
  totalSteps: [33m1[39m,
  answerChoices: [33m3[39m,
  table: [90mundefined[39m,
  skipSize: [90mundefined[39m,
  fullConfig: {
    learningMode: [32m'standard'[39m,
    totalSteps: [33m1[39m,
    targetNumber: [33m16[39m,
    targetFlex: [33m0[39m,
    rangeMin: [33m1[39m,
    rangeMax: [33m16[39m,
    answerChoices: [33m3[39m,
    difficultyLevel: [33m5[39m,
    phaseSequence: [ [36m[Object][39m ],
    opsEnabled: { [32m'+'[39m: [33mtrue[39m, [32m'-'[39m: [33mfalse[39m, [32m'×'[39m: [33mfalse[39m, [32m'÷'[39m: [33mfalse[39m },
    activeMode: [32m'normal'[39m,
    isMuted: [33mfalse[39m,
    timerOn: [33mfalse[39m,
    quickMindInterval: [33m10[39m,
    darkModeInterval: [33m10[39m,
    modifiersPerStep: [33m1[39m,
    enableVariables: [33mfalse[39m,
    stopwatchSkin: [32m'default'[39m,
    progressionMode: [32m'adaptive'[39m,
    presentationMode: [32m'normal'[39m,
    scriptId: [32m'circuit-climb'[39m
  }
}
[Telemetry][VT:0] GENERATOR_START { startNumber: [33m15[39m, mode: [32m'standard'[39m }
[Telemetry][VT:0] GENERATOR_STEP_CREATED { stepIndex: [33m0[39m, startNumber: [33m15[39m, answer: [33m16[39m }
[STEP TRACE] [
  {
    i: [33m0[39m,
    startNumber: [33m15[39m,
    value: [33m1[39m,
    operation: [32m'+'[39m,
    correctAnswer: [33m16[39m,
    distractors: [ [33m16[39m, [33m15[39m, [33m18[39m ],
    distractorCount: [33m3[39m,
    source: [32m'engine'[39m,
    fallbackUsed: [90mundefined[39m
  }
]
[GEN CONFIG TRACE] {
  mode: [32m'standard'[39m,
  operation: [90mundefined[39m,
  difficulty: [33m5[39m,
  totalSteps: [33m1[39m,
  answerChoices: [33m3[39m,
  table: [90mundefined[39m,
  skipSize: [90mundefined[39m,
  fullConfig: {
    learningMode: [32m'standard'[39m,
    totalSteps: [33m1[39m,
    targetNumber: [33m16[39m,
    targetFlex: [33m0[39m,
    rangeMin: [33m1[39m,
    rangeMax: [33m16[39m,
    answerChoices: [33m3[39m,
    difficultyLevel: [33m5[39m,
    phaseSequence: [ [36m[Object][39m ],
    opsEnabled: { [32m'+'[39m: [33mtrue[39m, [32m'-'[39m: [33mfalse[39m, [32m'×'[39m: [33mfalse[39m, [32m'÷'[39m: [33mfalse[39m },
    activeMode: [32m'normal'[39m,
    isMuted: [33mfalse[39m,
    timerOn: [33mfalse[39m,
    quickMindInterval: [33m10[39m,
    darkModeInterval: [33m10[39m,
    modifiersPerStep: [33m1[39m,
    enableVariables: [33mfalse[39m,
    stopwatchSkin: [32m'default'[39m,
    progressionMode: [32m'adaptive'[39m,
    presentationMode: [32m'normal'[39m,
    scriptId: [32m'circuit-climb'[39m
  }
}
[Telemetry][VT:0] GENERATOR_START { startNumber: [33m1[39m, mode: [32m'standard'[39m }
[Telemetry][VT:0] GENERATOR_STEP_CREATED { stepIndex: [33m0[39m, startNumber: [33m1[39m, answer: [33m15[39m }
[STEP TRACE] [
  {
    i: [33m0[39m,
    startNumber: [33m1[39m,
    value: [33m14[39m,
    operation: [32m'+'[39m,
    correctAnswer: [33m15[39m,
    distractors: [ [33m15[39m, [33m18[39m, [33m13[39m ],
    distractorCount: [33m3[39m,
    source: [32m'engine'[39m,
    fallbackUsed: [90mundefined[39m
  }
]
[GEN CONFIG TRACE] {
  mode: [32m'standard'[39m,
  operation: [90mundefined[39m,
  difficulty: [33m5[39m,
  totalSteps: [33m1[39m,
  answerChoices: [33m3[39m,
  table: [90mundefined[39m,
  skipSize: [90mundefined[39m,
  fullConfig: {
    learningMode: [32m'standard'[39m,
    totalSteps: [33m1[39m,
    targetNumber: [33m16[39m,
    targetFlex: [33m0[39m,
    rangeMin: [33m1[39m,
    rangeMax: [33m16[39m,
    answerChoices: [33m3[39m,
    difficultyLevel: [33m5[39m,
    phaseSequence: [ [36m[Object][39m ],
    opsEnabled: { [32m'+'[39m: [33mtrue[39m, [32m'-'[39m: [33mfalse[39m, [32m'×'[39m: [33mfalse[39m, [32m'÷'[39m: [33mfalse[39m },
    activeMode: [32m'normal'[39m,
    isMuted: [33mfalse[39m,
    timerOn: [33mfalse[39m,
    quickMindInterval: [33m10[39m,
    darkModeInterval: [33m10[39m,
    modifiersPerStep: [33m1[39m,
    enableVariables: [33mfalse[39m,
    stopwatchSkin: [32m'default'[39m,
    progressionMode: [32m'adaptive'[39m,
    presentationMode: [32m'normal'[39m,
    scriptId: [32m'circuit-climb'[39m
  }
}
[Telemetry][VT:0] GENERATOR_START { startNumber: [33m2[39m, mode: [32m'standard'[39m }
[Telemetry][VT:0] GENERATOR_STEP_CREATED { stepIndex: [33m0[39m, startNumber: [33m2[39m, answer: [33m4[39m }
[STEP TRACE] [
  {
    i: [33m0[39m,
    startNumber: [33m2[39m,
    value: [33m2[39m,
    operation: [32m'+'[39m,
    correctAnswer: [33m4[39m,
    distractors: [ [33m4[39m, [33m6[39m, [33m5[39m ],
    distractorCount: [33m3[39m,
    source: [32m'engine'[39m,
    fallbackUsed: [90mundefined[39m
  }
]
[GEN CONFIG TRACE] {
  mode: [32m'standard'[39m,
  operation: [90mundefined[39m,
  difficulty: [33m5[39m,
  totalSteps: [33m1[39m,
  answerChoices: [33m3[39m,
  table: [90mundefined[39m,
  skipSize: [90mundefined[39m,
  fullConfig: {
    learningMode: [32m'standard'[39m,
    totalSteps: [33m1[39m,
    targetNumber: [33m16[39m,
    targetFlex: [33m0[39m,
    rangeMin: [33m1[39m,
    rangeMax: [33m16[39m,
    answerChoices: [33m3[39m,
    difficultyLevel: [33m5[39m,
    phaseSequence: [ [36m[Object][39m ],
    opsEnabled: { [32m'+'[39m: [33mtrue[39m, [32m'-'[39m: [33mfalse[39m, [32m'×'[39m: [33mfalse[39m, [32m'÷'[39m: [33mfalse[39m },
    activeMode: [32m'normal'[39m,
    isMuted: [33mfalse[39m,
    timerOn: [33mfalse[39m,
    quickMindInterval: [33m10[39m,
    darkModeInterval: [33m10[39m,
    modifiersPerStep: [33m1[39m,
    enableVariables: [33mfalse[39m,
    stopwatchSkin: [32m'default'[39m,
    progressionMode: [32m'adaptive'[39m,
    presentationMode: [32m'normal'[39m,
    scriptId: [32m'circuit-climb'[39m
  }
}
[Telemetry][VT:0] GENERATOR_START { startNumber: [33m3[39m, mode: [32m'standard'[39m }
[Telemetry][VT:0] GENERATOR_STEP_CREATED { stepIndex: [33m0[39m, startNumber: [33m3[39m, answer: [33m11[39m }
[STEP TRACE] [
  {
    i: [33m0[39m,
    startNumber: [33m3[39m,
    value: [33m8[39m,
    operation: [32m'+'[39m,
    correctAnswer: [33m11[39m,
    distractors: [ [33m10[39m, [33m14[39m, [33m11[39m ],
    distractorCount: [33m3[39m,
    source: [32m'engine'[39m,
    fallbackUsed: [90mundefined[39m
  }
]
[GEN CONFIG TRACE] {
  mode: [32m'standard'[39m,
  operation: [90mundefined[39m,
  difficulty: [33m5[39m,
  totalSteps: [33m1[39m,
  answerChoices: [33m3[39m,
  table: [90mundefined[39m,
  skipSize: [90mundefined[39m,
  fullConfig: {
    learningMode: [32m'standard'[39m,
    totalSteps: [33m1[39m,
    targetNumber: [33m16[39m,
    targetFlex: [33m0[39m,
    rangeMin: [33m1[39m,
    rangeMax: [33m16[39m,
    answerChoices: [33m3[39m,
    difficultyLevel: [33m5[39m,
    phaseSequence: [ [36m[Object][39m ],
    opsEnabled: { [32m'+'[39m: [33mtrue[39m, [32m'-'[39m: [33mfalse[39m, [32m'×'[39m: [33mfalse[39m, [32m'÷'[39m: [33mfalse[39m },
    activeMode: [32m'normal'[39m,
    isMuted: [33mfalse[39m,
    timerOn: [33mfalse[39m,
    quickMindInterval: [33m10[39m,
    darkModeInterval: [33m10[39m,
    modifiersPerStep: [33m1[39m,
    enableVariables: [33mfalse[39m,
    stopwatchSkin: [32m'default'[39m,
    progressionMode: [32m'adaptive'[39m,
    presentationMode: [32m'normal'[39m,
    scriptId: [32m'circuit-climb'[39m
  }
}
[Telemetry][VT:0] GENERATOR_START { startNumber: [33m4[39m, mode: [32m'standard'[39m }
[Telemetry][VT:0] GENERATOR_STEP_CREATED { stepIndex: [33m0[39m, startNumber: [33m4[39m, answer: [33m5[39m }
[STEP TRACE] [
  {
    i: [33m0[39m,
    startNumber: [33m4[39m,
    value: [33m1[39m,
    operation: [32m'+'[39m,
    correctAnswer: [33m5[39m,
    distractors: [ [33m5[39m, [33m7[39m, [33m3[39m ],
    distractorCount: [33m3[39m,
    source: [32m'engine'[39m,
    fallbackUsed: [90mundefined[39m
  }
]
[GEN CONFIG TRACE] {
  mode: [32m'standard'[39m,
  operation: [90mundefined[39m,
  difficulty: [33m5[39m,
  totalSteps: [33m1[39m,
  answerChoices: [33m3[39m,
  table: [90mundefined[39m,
  skipSize: [90mundefined[39m,
  fullConfig: {
    learningMode: [32m'standard'[39m,
    totalSteps: [33m1[39m,
    targetNumber: [33m16[39m,
    targetFlex: [33m0[39m,
    rangeMin: [33m1[39m,
    rangeMax: [33m16[39m,
    answerChoices: [33m3[39m,
    difficultyLevel: [33m5[39m,
    phaseSequence: [ [36m[Object][39m ],
    opsEnabled: { [32m'+'[39m: [33mtrue[39m, [32m'-'[39m: [33mfalse[39m, [32m'×'[39m: [33mfalse[39m, [32m'÷'[39m: [33mfalse[39m },
    activeMode: [32m'normal'[39m,
    isMuted: [33mfalse[39m,
    timerOn: [33mfalse[39m,
    quickMindInterval: [33m10[39m,
    darkModeInterval: [33m10[39m,
    modifiersPerStep: [33m1[39m,
    enableVariables: [33mfalse[39m,
    stopwatchSkin: [32m'default'[39m,
    progressionMode: [32m'adaptive'[39m,
    presentationMode: [32m'normal'[39m,
    scriptId: [32m'circuit-climb'[39m
  }
}
[Telemetry][VT:0] GENERATOR_START { startNumber: [33m5[39m, mode: [32m'standard'[39m }
[Telemetry][VT:0] GENERATOR_STEP_CREATED { stepIndex: [33m0[39m, startNumber: [33m5[39m, answer: [33m9[39m }
[STEP TRACE] [
  {
    i: [33m0[39m,
    startNumber: [33m5[39m,
    value: [33m4[39m,
    operation: [32m'+'[39m,
    correctAnswer: [33m9[39m,
    distractors: [ [33m10[39m, [33m9[39m, [33m11[39m ],
    distractorCount: [33m3[39m,
    source: [32m'engine'[39m,
    fallbackUsed: [90mundefined[39m
  }
]
[GEN CONFIG TRACE] {
  mode: [32m'standard'[39m,
  operation: [90mundefined[39m,
  difficulty: [33m5[39m,
  totalSteps: [33m1[39m,
  answerChoices: [33m3[39m,
  table: [90mundefined[39m,
  skipSize: [90mundefined[39m,
  fullConfig: {
    learningMode: [32m'standard'[39m,
    totalSteps: [33m1[39m,
    targetNumber: [33m18[39m,
    targetFlex: [33m0[39m,
    rangeMin: [33m1[39m,
    rangeMax: [33m18[39m,
    answerChoices: [33m3[39m,
    difficultyLevel: [33m5[39m,
    phaseSequence: [ [36m[Object][39m ],
    opsEnabled: { [32m'+'[39m: [33mtrue[39m, [32m'-'[39m: [33mfalse[39m, [32m'×'[39m: [33mfalse[39m, [32m'÷'[39m: [33mfalse[39m },
    activeMode: [32m'normal'[39m,
    isMuted: [33mfalse[39m,
    timerOn: [33mfalse[39m,
    quickMindInterval: [33m10[39m,
    darkModeInterval: [33m10[39m,
    modifiersPerStep: [33m1[39m,
    enableVariables: [33mfalse[39m,
    stopwatchSkin: [32m'default'[39m,
    progressionMode: [32m'adaptive'[39m,
    presentationMode: [32m'normal'[39m,
    scriptId: [32m'circuit-climb'[39m
  }
}
[Telemetry][VT:0] GENERATOR_START { startNumber: [33m14[39m, mode: [32m'standard'[39m }
[Telemetry][VT:0] GENERATOR_STEP_CREATED { stepIndex: [33m0[39m, startNumber: [33m14[39m, answer: [33m15[39m }
[STEP TRACE] [
  {
    i: [33m0[39m,
    startNumber: [33m14[39m,
    value: [33m1[39m,
    operation: [32m'+'[39m,
    correctAnswer: [33m15[39m,
    distractors: [ [33m15[39m, [33m12[39m, [33m14[39m ],
    distractorCount: [33m3[39m,
    source: [32m'engine'[39m,
    fallbackUsed: [90mundefined[39m
  }
]
[GEN CONFIG TRACE] {
  mode: [32m'standard'[39m,
  operation: [90mundefined[39m,
  difficulty: [33m5[39m,
  totalSteps: [33m1[39m,
  answerChoices: [33m3[39m,
  table: [90mundefined[39m,
  skipSize: [90mundefined[39m,
  fullConfig: {
    learningMode: [32m'standard'[39m,
    totalSteps: [33m1[39m,
    targetNumber: [33m18[39m,
    targetFlex: [33m0[39m,
    rangeMin: [33m1[39m,
    rangeMax: [33m18[39m,
    answerChoices: [33m3[39m,
    difficultyLevel: [33m5[39m,
    phaseSequence: [ [36m[Object][39m ],
    opsEnabled: { [32m'+'[39m: [33mtrue[39m, [32m'-'[39m: [33mfalse[39m, [32m'×'[39m: [33mfalse[39m, [32m'÷'[39m: [33mfalse[39m },
    activeMode: [32m'normal'[39m,
    isMuted: [33mfalse[39m,
    timerOn: [33mfalse[39m,
    quickMindInterval: [33m10[39m,
    darkModeInterval: [33m10[39m,
    modifiersPerStep: [33m1[39m,
    enableVariables: [33mfalse[39m,
    stopwatchSkin: [32m'default'[39m,
    progressionMode: [32m'adaptive'[39m,
    presentationMode: [32m'normal'[39m,
    scriptId: [32m'circuit-climb'[39m
  }
}
[Telemetry][VT:0] GENERATOR_START { startNumber: [33m15[39m, mode: [32m'standard'[39m }
[Telemetry][VT:0] GENERATOR_STEP_CREATED { stepIndex: [33m0[39m, startNumber: [33m15[39m, answer: [33m17[39m }
[STEP TRACE] [
  {
    i: [33m0[39m,
    startNumber: [33m15[39m,
    value: [33m2[39m,
    operation: [32m'+'[39m,
    correctAnswer: [33m17[39m,
    distractors: [ [33m17[39m, [33m14[39m, [33m16[39m ],
    distractorCount: [33m3[39m,
    source: [32m'engine'[39m,
    fallbackUsed: [90mundefined[39m
  }
]
[GEN CONFIG TRACE] {
  mode: [32m'standard'[39m,
  operation: [90mundefined[39m,
  difficulty: [33m5[39m,
  totalSteps: [33m1[39m,
  answerChoices: [33m3[39m,
  table: [90mundefined[39m,
  skipSize: [90mundefined[39m,
  fullConfig: {
    learningMode: [32m'standard'[39m,
    totalSteps: [33m1[39m,
    targetNumber: [33m18[39m,
    targetFlex: [33m0[39m,
    rangeMin: [33m1[39m,
    rangeMax: [33m18[39m,
    answerChoices: [33m3[39m,
    difficultyLevel: [33m5[39m,
    phaseSequence: [ [36m[Object][39m ],
    opsEnabled: { [32m'+'[39m: [33mtrue[39m, [32m'-'[39m: [33mfalse[39m, [32m'×'[39m: [33mfalse[39m, [32m'÷'[39m: [33mfalse[39m },
    activeMode: [32m'normal'[39m,
    isMuted: [33mfalse[39m,
    timerOn: [33mfalse[39m,
    quickMindInterval: [33m10[39m,
    darkModeInterval: [33m10[39m,
    modifiersPerStep: [33m1[39m,
    enableVariables: [33mfalse[39m,
    stopwatchSkin: [32m'default'[39m,
    progressionMode: [32m'adaptive'[39m,
    presentationMode: [32m'normal'[39m,
    scriptId: [32m'circuit-climb'[39m
  }
}
[Telemetry][VT:0] GENERATOR_START { startNumber: [33m16[39m, mode: [32m'standard'[39m }
[Telemetry][VT:0] GENERATOR_STEP_CREATED { stepIndex: [33m0[39m, startNumber: [33m16[39m, answer: [33m17[39m }
[STEP TRACE] [
  {
    i: [33m0[39m,
    startNumber: [33m16[39m,
    value: [33m1[39m,
    operation: [32m'+'[39m,
    correctAnswer: [33m17[39m,
    distractors: [ [33m17[39m, [33m20[39m, [33m16[39m ],
    distractorCount: [33m3[39m,
    source: [32m'engine'[39m,
    fallbackUsed: [90mundefined[39m
  }
]
[GEN CONFIG TRACE] {
  mode: [32m'standard'[39m,
  operation: [90mundefined[39m,
  difficulty: [33m5[39m,
  totalSteps: [33m1[39m,
  answerChoices: [33m3[39m,
  table: [90mundefined[39m,
  skipSize: [90mundefined[39m,
  fullConfig: {
    learningMode: [32m'standard'[39m,
    totalSteps: [33m1[39m,
    targetNumber: [33m18[39m,
    targetFlex: [33m0[39m,
    rangeMin: [33m1[39m,
    rangeMax: [33m18[39m,
    answerChoices: [33m3[39m,
    difficultyLevel: [33m5[39m,
    phaseSequence: [ [36m[Object][39m ],
    opsEnabled: { [32m'+'[39m: [33mtrue[39m, [32m'-'[39m: [33mfalse[39m, [32m'×'[39m: [33mfalse[39m, [32m'÷'[39m: [33mfalse[39m },
    activeMode: [32m'normal'[39m,
    isMuted: [33mfalse[39m,
    timerOn: [33mfalse[39m,
    quickMindInterval: [33m10[39m,
    darkModeInterval: [33m10[39m,
    modifiersPerStep: [33m1[39m,
    enableVariables: [33mfalse[39m,
    stopwatchSkin: [32m'default'[39m,
    progressionMode: [32m'adaptive'[39m,
    presentationMode: [32m'normal'[39m,
    scriptId: [32m'circuit-climb'[39m
  }
}
[Telemetry][VT:0] GENERATOR_START { startNumber: [33m17[39m, mode: [32m'standard'[39m }
[Telemetry][VT:0] GENERATOR_STEP_CREATED { stepIndex: [33m0[39m, startNumber: [33m17[39m, answer: [33m18[39m }
[STEP TRACE] [
  {
    i: [33m0[39m,
    startNumber: [33m17[39m,
    value: [33m1[39m,
    operation: [32m'+'[39m,
    correctAnswer: [33m18[39m,
    distractors: [ [33m20[39m, [33m15[39m, [33m18[39m ],
    distractorCount: [33m3[39m,
    source: [32m'engine'[39m,
    fallbackUsed: [90mundefined[39m
  }
]
[GEN CONFIG TRACE] {
  mode: [32m'standard'[39m,
  operation: [90mundefined[39m,
  difficulty: [33m5[39m,
  totalSteps: [33m1[39m,
  answerChoices: [33m3[39m,
  table: [90mundefined[39m,
  skipSize: [90mundefined[39m,
  fullConfig: {
    learningMode: [32m'standard'[39m,
    totalSteps: [33m1[39m,
    targetNumber: [33m18[39m,
    targetFlex: [33m0[39m,
    rangeMin: [33m1[39m,
    rangeMax: [33m18[39m,
    answerChoices: [33m3[39m,
    difficultyLevel: [33m5[39m,
    phaseSequence: [ [36m[Object][39m ],
    opsEnabled: { [32m'+'[39m: [33mtrue[39m, [32m'-'[39m: [33mfalse[39m, [32m'×'[39m: [33mfalse[39m, [32m'÷'[39m: [33mfalse[39m },
    activeMode: [32m'normal'[39m,
    isMuted: [33mfalse[39m,
    timerOn: [33mfalse[39m,
    quickMindInterval: [33m10[39m,
    darkModeInterval: [33m10[39m,
    modifiersPerStep: [33m1[39m,
    enableVariables: [33mfalse[39m,
    stopwatchSkin: [32m'default'[39m,
    progressionMode: [32m'adaptive'[39m,
    presentationMode: [32m'normal'[39m,
    scriptId: [32m'circuit-climb'[39m
  }
}
[Telemetry][VT:0] GENERATOR_START { startNumber: [33m1[39m, mode: [32m'standard'[39m }
[Telemetry][VT:0] GENERATOR_STEP_CREATED { stepIndex: [33m0[39m, startNumber: [33m1[39m, answer: [33m4[39m }
[STEP TRACE] [
  {
    i: [33m0[39m,
    startNumber: [33m1[39m,
    value: [33m3[39m,
    operation: [32m'+'[39m,
    correctAnswer: [33m4[39m,
    distractors: [ [33m5[39m, [33m4[39m, [33m2[39m ],
    distractorCount: [33m3[39m,
    source: [32m'engine'[39m,
    fallbackUsed: [90mundefined[39m
  }
]
[GEN CONFIG TRACE] {
  mode: [32m'standard'[39m,
  operation: [90mundefined[39m,
  difficulty: [33m5[39m,
  totalSteps: [33m1[39m,
  answerChoices: [33m3[39m,
  table: [90mundefined[39m,
  skipSize: [90mundefined[39m,
  fullConfig: {
    learningMode: [32m'standard'[39m,
    totalSteps: [33m1[39m,
    targetNumber: [33m18[39m,
    targetFlex: [33m0[39m,
    rangeMin: [33m1[39m,
    rangeMax: [33m18[39m,
    answerChoices: [33m3[39m,
    difficultyLevel: [33m5[39m,
    phaseSequence: [ [36m[Object][39m ],
    opsEnabled: { [32m'+'[39m: [33mtrue[39m, [32m'-'[39m: [33mfalse[39m, [32m'×'[39m: [33mfalse[39m, [32m'÷'[39m: [33mfalse[39m },
    activeMode: [32m'normal'[39m,
    isMuted: [33mfalse[39m,
    timerOn: [33mfalse[39m,
    quickMindInterval: [33m10[39m,
    darkModeInterval: [33m10[39m,
    modifiersPerStep: [33m1[39m,
    enableVariables: [33mfalse[39m,
    stopwatchSkin: [32m'default'[39m,
    progressionMode: [32m'adaptive'[39m,
    presentationMode: [32m'normal'[39m,
    scriptId: [32m'circuit-climb'[39m
  }
}
[Telemetry][VT:0] GENERATOR_START { startNumber: [33m2[39m, mode: [32m'standard'[39m }
[Telemetry][VT:0] GENERATOR_STEP_CREATED { stepIndex: [33m0[39m, startNumber: [33m2[39m, answer: [33m5[39m }
[STEP TRACE] [
  {
    i: [33m0[39m,
    startNumber: [33m2[39m,
    value: [33m3[39m,
    operation: [32m'+'[39m,
    correctAnswer: [33m5[39m,
    distractors: [ [33m4[39m, [33m5[39m, [33m2[39m ],
    distractorCount: [33m3[39m,
    source: [32m'engine'[39m,
    fallbackUsed: [90mundefined[39m
  }
]
[GEN CONFIG TRACE] {
  mode: [32m'standard'[39m,
  operation: [90mundefined[39m,
  difficulty: [33m5[39m,
  totalSteps: [33m1[39m,
  answerChoices: [33m3[39m,
  table: [90mundefined[39m,
  skipSize: [90mundefined[39m,
  fullConfig: {
    learningMode: [32m'standard'[39m,
    totalSteps: [33m1[39m,
    targetNumber: [33m18[39m,
    targetFlex: [33m0[39m,
    rangeMin: [33m1[39m,
    rangeMax: [33m18[39m,
    answerChoices: [33m3[39m,
    difficultyLevel: [33m5[39m,
    phaseSequence: [ [36m[Object][39m ],
    opsEnabled: { [32m'+'[39m: [33mtrue[39m, [32m'-'[39m: [33mfalse[39m, [32m'×'[39m: [33mfalse[39m, [32m'÷'[39m: [33mfalse[39m },
    activeMode: [32m'normal'[39m,
    isMuted: [33mfalse[39m,
    timerOn: [33mfalse[39m,
    quickMindInterval: [33m10[39m,
    darkModeInterval: [33m10[39m,
    modifiersPerStep: [33m1[39m,
    enableVariables: [33mfalse[39m,
    stopwatchSkin: [32m'default'[39m,
    progressionMode: [32m'adaptive'[39m,
    presentationMode: [32m'normal'[39m,
    scriptId: [32m'circuit-climb'[39m
  }
}
[Telemetry][VT:0] GENERATOR_START { startNumber: [33m3[39m, mode: [32m'standard'[39m }
[Telemetry][VT:0] GENERATOR_STEP_CREATED { stepIndex: [33m0[39m, startNumber: [33m3[39m, answer: [33m16[39m }
[STEP TRACE] [
  {
    i: [33m0[39m,
    startNumber: [33m3[39m,
    value: [33m13[39m,
    operation: [32m'+'[39m,
    correctAnswer: [33m16[39m,
    distractors: [ [33m14[39m, [33m16[39m, [33m19[39m ],
    distractorCount: [33m3[39m,
    source: [32m'engine'[39m,
    fallbackUsed: [90mundefined[39m
  }
]
[GEN CONFIG TRACE] {
  mode: [32m'standard'[39m,
  operation: [90mundefined[39m,
  difficulty: [33m5[39m,
  totalSteps: [33m1[39m,
  answerChoices: [33m3[39m,
  table: [90mundefined[39m,
  skipSize: [90mundefined[39m,
  fullConfig: {
    learningMode: [32m'standard'[39m,
    totalSteps: [33m1[39m,
    targetNumber: [33m18[39m,
    targetFlex: [33m0[39m,
    rangeMin: [33m1[39m,
    rangeMax: [33m18[39m,
    answerChoices: [33m3[39m,
    difficultyLevel: [33m5[39m,
    phaseSequence: [ [36m[Object][39m ],
    opsEnabled: { [32m'+'[39m: [33mtrue[39m, [32m'-'[39m: [33mfalse[39m, [32m'×'[39m: [33mfalse[39m, [32m'÷'[39m: [33mfalse[39m },
    activeMode: [32m'normal'[39m,
    isMuted: [33mfalse[39m,
    timerOn: [33mfalse[39m,
    quickMindInterval: [33m10[39m,
    darkModeInterval: [33m10[39m,
    modifiersPerStep: [33m1[39m,
    enableVariables: [33mfalse[39m,
    stopwatchSkin: [32m'default'[39m,
    progressionMode: [32m'adaptive'[39m,
    presentationMode: [32m'normal'[39m,
    scriptId: [32m'circuit-climb'[39m
  }
}
[Telemetry][VT:0] GENERATOR_START { startNumber: [33m4[39m, mode: [32m'standard'[39m }
[Telemetry][VT:0] GENERATOR_STEP_CREATED { stepIndex: [33m0[39m, startNumber: [33m4[39m, answer: [33m6[39m }
[STEP TRACE] [
  {
    i: [33m0[39m,
    startNumber: [33m4[39m,
    value: [33m2[39m,
    operation: [32m'+'[39m,
    correctAnswer: [33m6[39m,
    distractors: [ [33m7[39m, [33m4[39m, [33m6[39m ],
    distractorCount: [33m3[39m,
    source: [32m'engine'[39m,
    fallbackUsed: [90mundefined[39m
  }
]
[GEN CONFIG TRACE] {
  mode: [32m'standard'[39m,
  operation: [90mundefined[39m,
  difficulty: [33m5[39m,
  totalSteps: [33m1[39m,
  answerChoices: [33m3[39m,
  table: [90mundefined[39m,
  skipSize: [90mundefined[39m,
  fullConfig: {
    learningMode: [32m'standard'[39m,
    totalSteps: [33m1[39m,
    targetNumber: [33m18[39m,
    targetFlex: [33m0[39m,
    rangeMin: [33m1[39m,
    rangeMax: [33m18[39m,
    answerChoices: [33m3[39m,
    difficultyLevel: [33m5[39m,
    phaseSequence: [ [36m[Object][39m ],
    opsEnabled: { [32m'+'[39m: [33mtrue[39m, [32m'-'[39m: [33mfalse[39m, [32m'×'[39m: [33mfalse[39m, [32m'÷'[39m: [33mfalse[39m },
    activeMode: [32m'normal'[39m,
    isMuted: [33mfalse[39m,
    timerOn: [33mfalse[39m,
    quickMindInterval: [33m10[39m,
    darkModeInterval: [33m10[39m,
    modifiersPerStep: [33m1[39m,
    enableVariables: [33mfalse[39m,
    stopwatchSkin: [32m'default'[39m,
    progressionMode: [32m'adaptive'[39m,
    presentationMode: [32m'normal'[39m,
    scriptId: [32m'circuit-climb'[39m
  }
}
[Telemetry][VT:0] GENERATOR_START { startNumber: [33m5[39m, mode: [32m'standard'[39m }
[Telemetry][VT:0] GENERATOR_STEP_CREATED { stepIndex: [33m0[39m, startNumber: [33m5[39m, answer: [33m8[39m }
[STEP TRACE] [
  {
    i: [33m0[39m,
    startNumber: [33m5[39m,
    value: [33m3[39m,
    operation: [32m'+'[39m,
    correctAnswer: [33m8[39m,
    distractors: [ [33m11[39m, [33m9[39m, [33m8[39m ],
    distractorCount: [33m3[39m,
    source: [32m'engine'[39m,
    fallbackUsed: [90mundefined[39m
  }
]
[GEN CONFIG TRACE] {
  mode: [32m'standard'[39m,
  operation: [90mundefined[39m,
  difficulty: [33m5[39m,
  totalSteps: [33m1[39m,
  answerChoices: [33m3[39m,
  table: [90mundefined[39m,
  skipSize: [90mundefined[39m,
  fullConfig: {
    learningMode: [32m'standard'[39m,
    totalSteps: [33m1[39m,
    targetNumber: [33m18[39m,
    targetFlex: [33m0[39m,
    rangeMin: [33m1[39m,
    rangeMax: [33m18[39m,
    answerChoices: [33m3[39m,
    difficultyLevel: [33m5[39m,
    phaseSequence: [ [36m[Object][39m ],
    opsEnabled: { [32m'+'[39m: [33mtrue[39m, [32m'-'[39m: [33mfalse[39m, [32m'×'[39m: [33mfalse[39m, [32m'÷'[39m: [33mfalse[39m },
    activeMode: [32m'normal'[39m,
    isMuted: [33mfalse[39m,
    timerOn: [33mfalse[39m,
    quickMindInterval: [33m10[39m,
    darkModeInterval: [33m10[39m,
    modifiersPerStep: [33m1[39m,
    enableVariables: [33mfalse[39m,
    stopwatchSkin: [32m'default'[39m,
    progressionMode: [32m'adaptive'[39m,
    presentationMode: [32m'normal'[39m,
    scriptId: [32m'circuit-climb'[39m
  }
}
[Telemetry][VT:0] GENERATOR_START { startNumber: [33m6[39m, mode: [32m'standard'[39m }
[Telemetry][VT:0] GENERATOR_STEP_CREATED { stepIndex: [33m0[39m, startNumber: [33m6[39m, answer: [33m10[39m }
[STEP TRACE] [
  {
    i: [33m0[39m,
    startNumber: [33m6[39m,
    value: [33m4[39m,
    operation: [32m'+'[39m,
    correctAnswer: [33m10[39m,
    distractors: [ [33m12[39m, [33m10[39m, [33m7[39m ],
    distractorCount: [33m3[39m,
    source: [32m'engine'[39m,
    fallbackUsed: [90mundefined[39m
  }
]
[GEN CONFIG TRACE] {
  mode: [32m'standard'[39m,
  operation: [90mundefined[39m,
  difficulty: [33m5[39m,
  totalSteps: [33m1[39m,
  answerChoices: [33m3[39m,
  table: [90mundefined[39m,
  skipSize: [90mundefined[39m,
  fullConfig: {
    learningMode: [32m'standard'[39m,
    totalSteps: [33m1[39m,
    targetNumber: [33m18[39m,
    targetFlex: [33m0[39m,
    rangeMin: [33m1[39m,
    rangeMax: [33m18[39m,
    answerChoices: [33m3[39m,
    difficultyLevel: [33m5[39m,
    phaseSequence: [ [36m[Object][39m ],
    opsEnabled: { [32m'+'[39m: [33mtrue[39m, [32m'-'[39m: [33mfalse[39m, [32m'×'[39m: [33mfalse[39m, [32m'÷'[39m: [33mfalse[39m },
    activeMode: [32m'normal'[39m,
    isMuted: [33mfalse[39m,
    timerOn: [33mfalse[39m,
    quickMindInterval: [33m10[39m,
    darkModeInterval: [33m10[39m,
    modifiersPerStep: [33m1[39m,
    enableVariables: [33mfalse[39m,
    stopwatchSkin: [32m'default'[39m,
    progressionMode: [32m'adaptive'[39m,
    presentationMode: [32m'normal'[39m,
    scriptId: [32m'circuit-climb'[39m
  }
}
[Telemetry][VT:0] GENERATOR_START { startNumber: [33m7[39m, mode: [32m'standard'[39m }
[Telemetry][VT:0] GENERATOR_STEP_CREATED { stepIndex: [33m0[39m, startNumber: [33m7[39m, answer: [33m9[39m }
[STEP TRACE] [
  {
    i: [33m0[39m,
    startNumber: [33m7[39m,
    value: [33m2[39m,
    operation: [32m'+'[39m,
    correctAnswer: [33m9[39m,
    distractors: [ [33m10[39m, [33m8[39m, [33m9[39m ],
    distractorCount: [33m3[39m,
    source: [32m'engine'[39m,
    fallbackUsed: [90mundefined[39m
  }
]
[GEN CONFIG TRACE] {
  mode: [32m'standard'[39m,
  operation: [90mundefined[39m,
  difficulty: [33m5[39m,
  totalSteps: [33m1[39m,
  answerChoices: [33m3[39m,
  table: [90mundefined[39m,
  skipSize: [90mundefined[39m,
  fullConfig: {
    learningMode: [32m'standard'[39m,
    totalSteps: [33m1[39m,
    targetNumber: [33m18[39m,
    targetFlex: [33m0[39m,
    rangeMin: [33m1[39m,
    rangeMax: [33m18[39m,
    answerChoices: [33m3[39m,
    difficultyLevel: [33m5[39m,
    phaseSequence: [ [36m[Object][39m ],
    opsEnabled: { [32m'+'[39m: [33mtrue[39m, [32m'-'[39m: [33mfalse[39m, [32m'×'[39m: [33mfalse[39m, [32m'÷'[39m: [33mfalse[39m },
    activeMode: [32m'normal'[39m,
    isMuted: [33mfalse[39m,
    timerOn: [33mfalse[39m,
    quickMindInterval: [33m10[39m,
    darkModeInterval: [33m10[39m,
    modifiersPerStep: [33m1[39m,
    enableVariables: [33mfalse[39m,
    stopwatchSkin: [32m'default'[39m,
    progressionMode: [32m'adaptive'[39m,
    presentationMode: [32m'normal'[39m,
    scriptId: [32m'circuit-climb'[39m
  }
}
[Telemetry][VT:0] GENERATOR_START { startNumber: [33m8[39m, mode: [32m'standard'[39m }
[Telemetry][VT:0] GENERATOR_STEP_CREATED { stepIndex: [33m0[39m, startNumber: [33m8[39m, answer: [33m15[39m }
[STEP TRACE] [
  {
    i: [33m0[39m,
    startNumber: [33m8[39m,
    value: [33m7[39m,
    operation: [32m'+'[39m,
    correctAnswer: [33m15[39m,
    distractors: [ [33m17[39m, [33m16[39m, [33m15[39m ],
    distractorCount: [33m3[39m,
    source: [32m'engine'[39m,
    fallbackUsed: [90mundefined[39m
  }
]
[GEN CONFIG TRACE] {
  mode: [32m'standard'[39m,
  operation: [90mundefined[39m,
  difficulty: [33m5[39m,
  totalSteps: [33m1[39m,
  answerChoices: [33m3[39m,
  table: [90mundefined[39m,
  skipSize: [90mundefined[39m,
  fullConfig: {
    learningMode: [32m'standard'[39m,
    totalSteps: [33m1[39m,
    targetNumber: [33m18[39m,
    targetFlex: [33m0[39m,
    rangeMin: [33m1[39m,
    rangeMax: [33m18[39m,
    answerChoices: [33m3[39m,
    difficultyLevel: [33m5[39m,
    phaseSequence: [ [36m[Object][39m ],
    opsEnabled: { [32m'+'[39m: [33mtrue[39m, [32m'-'[39m: [33mfalse[39m, [32m'×'[39m: [33mfalse[39m, [32m'÷'[39m: [33mfalse[39m },
    activeMode: [32m'normal'[39m,
    isMuted: [33mfalse[39m,
    timerOn: [33mfalse[39m,
    quickMindInterval: [33m10[39m,
    darkModeInterval: [33m10[39m,
    modifiersPerStep: [33m1[39m,
    enableVariables: [33mfalse[39m,
    stopwatchSkin: [32m'default'[39m,
    progressionMode: [32m'adaptive'[39m,
    presentationMode: [32m'normal'[39m,
    scriptId: [32m'circuit-climb'[39m
  }
}
[Telemetry][VT:0] GENERATOR_START { startNumber: [33m9[39m, mode: [32m'standard'[39m }
[Telemetry][VT:0] GENERATOR_STEP_CREATED { stepIndex: [33m0[39m, startNumber: [33m9[39m, answer: [33m17[39m }
[STEP TRACE] [
  {
    i: [33m0[39m,
    startNumber: [33m9[39m,
    value: [33m8[39m,
    operation: [32m'+'[39m,
    correctAnswer: [33m17[39m,
    distractors: [ [33m17[39m, [33m14[39m, [33m19[39m ],
    distractorCount: [33m3[39m,
    source: [32m'engine'[39m,
    fallbackUsed: [90mundefined[39m
  }
]
[GEN CONFIG TRACE] {
  mode: [32m'standard'[39m,
  operation: [90mundefined[39m,
  difficulty: [33m5[39m,
  totalSteps: [33m1[39m,
  answerChoices: [33m3[39m,
  table: [90mundefined[39m,
  skipSize: [90mundefined[39m,
  fullConfig: {
    learningMode: [32m'standard'[39m,
    totalSteps: [33m1[39m,
    targetNumber: [33m18[39m,
    targetFlex: [33m0[39m,
    rangeMin: [33m1[39m,
    rangeMax: [33m18[39m,
    answerChoices: [33m3[39m,
    difficultyLevel: [33m5[39m,
    phaseSequence: [ [36m[Object][39m ],
    opsEnabled: { [32m'+'[39m: [33mtrue[39m, [32m'-'[39m: [33mfalse[39m, [32m'×'[39m: [33mfalse[39m, [32m'÷'[39m: [33mfalse[39m },
    activeMode: [32m'normal'[39m,
    isMuted: [33mfalse[39m,
    timerOn: [33mfalse[39m,
    quickMindInterval: [33m10[39m,
    darkModeInterval: [33m10[39m,
    modifiersPerStep: [33m1[39m,
    enableVariables: [33mfalse[39m,
    stopwatchSkin: [32m'default'[39m,
    progressionMode: [32m'adaptive'[39m,
    presentationMode: [32m'normal'[39m,
    scriptId: [32m'circuit-climb'[39m
  }
}
[Telemetry][VT:0] GENERATOR_START { startNumber: [33m10[39m, mode: [32m'standard'[39m }
[Telemetry][VT:0] GENERATOR_STEP_CREATED { stepIndex: [33m0[39m, startNumber: [33m10[39m, answer: [33m15[39m }
[STEP TRACE] [
  {
    i: [33m0[39m,
    startNumber: [33m10[39m,
    value: [33m5[39m,
    operation: [32m'+'[39m,
    correctAnswer: [33m15[39m,
    distractors: [ [33m15[39m, [33m12[39m, [33m17[39m ],
    distractorCount: [33m3[39m,
    source: [32m'engine'[39m,
    fallbackUsed: [90mundefined[39m
  }
]
[GEN CONFIG TRACE] {
  mode: [32m'standard'[39m,
  operation: [90mundefined[39m,
  difficulty: [33m5[39m,
  totalSteps: [33m1[39m,
  answerChoices: [33m3[39m,
  table: [90mundefined[39m,
  skipSize: [90mundefined[39m,
  fullConfig: {
    learningMode: [32m'standard'[39m,
    totalSteps: [33m1[39m,
    targetNumber: [33m18[39m,
    targetFlex: [33m0[39m,
    rangeMin: [33m1[39m,
    rangeMax: [33m18[39m,
    answerChoices: [33m3[39m,
    difficultyLevel: [33m5[39m,
    phaseSequence: [ [36m[Object][39m ],
    opsEnabled: { [32m'+'[39m: [33mtrue[39m, [32m'-'[39m: [33mfalse[39m, [32m'×'[39m: [33mfalse[39m, [32m'÷'[39m: [33mfalse[39m },
    activeMode: [32m'normal'[39m,
    isMuted: [33mfalse[39m,
    timerOn: [33mfalse[39m,
    quickMindInterval: [33m10[39m,
    darkModeInterval: [33m10[39m,
    modifiersPerStep: [33m1[39m,
    enableVariables: [33mfalse[39m,
    stopwatchSkin: [32m'default'[39m,
    progressionMode: [32m'adaptive'[39m,
    presentationMode: [32m'normal'[39m,
    scriptId: [32m'circuit-climb'[39m
  }
}
[Telemetry][VT:0] GENERATOR_START { startNumber: [33m11[39m, mode: [32m'standard'[39m }
[Telemetry][VT:0] GENERATOR_STEP_CREATED { stepIndex: [33m0[39m, startNumber: [33m11[39m, answer: [33m12[39m }
[STEP TRACE] [
  {
    i: [33m0[39m,
    startNumber: [33m11[39m,
    value: [33m1[39m,
    operation: [32m'+'[39m,
    correctAnswer: [33m12[39m,
    distractors: [ [33m14[39m, [33m12[39m, [33m9[39m ],
    distractorCount: [33m3[39m,
    source: [32m'engine'[39m,
    fallbackUsed: [90mundefined[39m
  }
]
[GEN CONFIG TRACE] {
  mode: [32m'standard'[39m,
  operation: [90mundefined[39m,
  difficulty: [33m5[39m,
  totalSteps: [33m1[39m,
  answerChoices: [33m3[39m,
  table: [90mundefined[39m,
  skipSize: [90mundefined[39m,
  fullConfig: {
    learningMode: [32m'standard'[39m,
    totalSteps: [33m1[39m,
    targetNumber: [33m18[39m,
    targetFlex: [33m0[39m,
    rangeMin: [33m1[39m,
    rangeMax: [33m18[39m,
    answerChoices: [33m3[39m,
    difficultyLevel: [33m5[39m,
    phaseSequence: [ [36m[Object][39m ],
    opsEnabled: { [32m'+'[39m: [33mtrue[39m, [32m'-'[39m: [33mfalse[39m, [32m'×'[39m: [33mfalse[39m, [32m'÷'[39m: [33mfalse[39m },
    activeMode: [32m'normal'[39m,
    isMuted: [33mfalse[39m,
    timerOn: [33mfalse[39m,
    quickMindInterval: [33m10[39m,
    darkModeInterval: [33m10[39m,
    modifiersPerStep: [33m1[39m,
    enableVariables: [33mfalse[39m,
    stopwatchSkin: [32m'default'[39m,
    progressionMode: [32m'adaptive'[39m,
    presentationMode: [32m'normal'[39m,
    scriptId: [32m'circuit-climb'[39m
  }
}
[Telemetry][VT:0] GENERATOR_START { startNumber: [33m12[39m, mode: [32m'standard'[39m }
[Telemetry][VT:0] GENERATOR_STEP_CREATED { stepIndex: [33m0[39m, startNumber: [33m12[39m, answer: [33m14[39m }
[STEP TRACE] [
  {
    i: [33m0[39m,
    startNumber: [33m12[39m,
    value: [33m2[39m,
    operation: [32m'+'[39m,
    correctAnswer: [33m14[39m,
    distractors: [ [33m14[39m, [33m15[39m, [33m13[39m ],
    distractorCount: [33m3[39m,
    source: [32m'engine'[39m,
    fallbackUsed: [90mundefined[39m
  }
]
[GEN CONFIG TRACE] {
  mode: [32m'standard'[39m,
  operation: [90mundefined[39m,
  difficulty: [33m5[39m,
  totalSteps: [33m1[39m,
  answerChoices: [33m3[39m,
  table: [90mundefined[39m,
  skipSize: [90mundefined[39m,
  fullConfig: {
    learningMode: [32m'standard'[39m,
    totalSteps: [33m1[39m,
    targetNumber: [33m18[39m,
    targetFlex: [33m0[39m,
    rangeMin: [33m1[39m,
    rangeMax: [33m18[39m,
    answerChoices: [33m3[39m,
    difficultyLevel: [33m5[39m,
    phaseSequence: [ [36m[Object][39m ],
    opsEnabled: { [32m'+'[39m: [33mtrue[39m, [32m'-'[39m: [33mfalse[39m, [32m'×'[39m: [33mfalse[39m, [32m'÷'[39m: [33mfalse[39m },
    activeMode: [32m'normal'[39m,
    isMuted: [33mfalse[39m,
    timerOn: [33mfalse[39m,
    quickMindInterval: [33m10[39m,
    darkModeInterval: [33m10[39m,
    modifiersPerStep: [33m1[39m,
    enableVariables: [33mfalse[39m,
    stopwatchSkin: [32m'default'[39m,
    progressionMode: [32m'adaptive'[39m,
    presentationMode: [32m'normal'[39m,
    scriptId: [32m'circuit-climb'[39m
  }
}
[Telemetry][VT:0] GENERATOR_START { startNumber: [33m13[39m, mode: [32m'standard'[39m }
[Telemetry][VT:0] GENERATOR_STEP_CREATED { stepIndex: [33m0[39m, startNumber: [33m13[39m, answer: [33m15[39m }
[STEP TRACE] [
  {
    i: [33m0[39m,
    startNumber: [33m13[39m,
    value: [33m2[39m,
    operation: [32m'+'[39m,
    correctAnswer: [33m15[39m,
    distractors: [ [33m17[39m, [33m15[39m, [33m14[39m ],
    distractorCount: [33m3[39m,
    source: [32m'engine'[39m,
    fallbackUsed: [90mundefined[39m
  }
]
[GEN CONFIG TRACE] {
  mode: [32m'standard'[39m,
  operation: [90mundefined[39m,
  difficulty: [33m5[39m,
  totalSteps: [33m1[39m,
  answerChoices: [33m3[39m,
  table: [90mundefined[39m,
  skipSize: [90mundefined[39m,
  fullConfig: {
    learningMode: [32m'standard'[39m,
    totalSteps: [33m1[39m,
    targetNumber: [33m18[39m,
    targetFlex: [33m0[39m,
    rangeMin: [33m1[39m,
    rangeMax: [33m18[39m,
    answerChoices: [33m3[39m,
    difficultyLevel: [33m5[39m,
    phaseSequence: [ [36m[Object][39m ],
    opsEnabled: { [32m'+'[39m: [33mtrue[39m, [32m'-'[39m: [33mfalse[39m, [32m'×'[39m: [33mfalse[39m, [32m'÷'[39m: [33mfalse[39m },
    activeMode: [32m'normal'[39m,
    isMuted: [33mfalse[39m,
    timerOn: [33mfalse[39m,
    quickMindInterval: [33m10[39m,
    darkModeInterval: [33m10[39m,
    modifiersPerStep: [33m1[39m,
    enableVariables: [33mfalse[39m,
    stopwatchSkin: [32m'default'[39m,
    progressionMode: [32m'adaptive'[39m,
    presentationMode: [32m'normal'[39m,
    scriptId: [32m'circuit-climb'[39m
  }
}
[Telemetry][VT:0] GENERATOR_START { startNumber: [33m14[39m, mode: [32m'standard'[39m }
[Telemetry][VT:0] GENERATOR_STEP_CREATED { stepIndex: [33m0[39m, startNumber: [33m14[39m, answer: [33m17[39m }
[STEP TRACE] [
  {
    i: [33m0[39m,
    startNumber: [33m14[39m,
    value: [33m3[39m,
    operation: [32m'+'[39m,
    correctAnswer: [33m17[39m,
    distractors: [ [33m17[39m, [33m16[39m, [33m18[39m ],
    distractorCount: [33m3[39m,
    source: [32m'engine'[39m,
    fallbackUsed: [90mundefined[39m
  }
]
[GEN CONFIG TRACE] {
  mode: [32m'standard'[39m,
  operation: [90mundefined[39m,
  difficulty: [33m5[39m,
  totalSteps: [33m1[39m,
  answerChoices: [33m3[39m,
  table: [90mundefined[39m,
  skipSize: [90mundefined[39m,
  fullConfig: {
    learningMode: [32m'standard'[39m,
    totalSteps: [33m1[39m,
    targetNumber: [33m18[39m,
    targetFlex: [33m0[39m,
    rangeMin: [33m1[39m,
    rangeMax: [33m18[39m,
    answerChoices: [33m3[39m,
    difficultyLevel: [33m5[39m,
    phaseSequence: [ [36m[Object][39m ],
    opsEnabled: { [32m'+'[39m: [33mtrue[39m, [32m'-'[39m: [33mfalse[39m, [32m'×'[39m: [33mfalse[39m, [32m'÷'[39m: [33mfalse[39m },
    activeMode: [32m'normal'[39m,
    isMuted: [33mfalse[39m,
    timerOn: [33mfalse[39m,
    quickMindInterval: [33m10[39m,
    darkModeInterval: [33m10[39m,
    modifiersPerStep: [33m1[39m,
    enableVariables: [33mfalse[39m,
    stopwatchSkin: [32m'default'[39m,
    progressionMode: [32m'adaptive'[39m,
    presentationMode: [32m'normal'[39m,
    scriptId: [32m'circuit-climb'[39m
  }
}
[Telemetry][VT:0] GENERATOR_START { startNumber: [33m15[39m, mode: [32m'standard'[39m }
[Telemetry][VT:0] GENERATOR_STEP_CREATED { stepIndex: [33m0[39m, startNumber: [33m15[39m, answer: [33m17[39m }
[STEP TRACE] [
  {
    i: [33m0[39m,
    startNumber: [33m15[39m,
    value: [33m2[39m,
    operation: [32m'+'[39m,
    correctAnswer: [33m17[39m,
    distractors: [ [33m16[39m, [33m17[39m, [33m20[39m ],
    distractorCount: [33m3[39m,
    source: [32m'engine'[39m,
    fallbackUsed: [90mundefined[39m
  }
]
[GEN CONFIG TRACE] {
  mode: [32m'standard'[39m,
  operation: [90mundefined[39m,
  difficulty: [33m5[39m,
  totalSteps: [33m1[39m,
  answerChoices: [33m3[39m,
  table: [90mundefined[39m,
  skipSize: [90mundefined[39m,
  fullConfig: {
    learningMode: [32m'standard'[39m,
    totalSteps: [33m1[39m,
    targetNumber: [33m18[39m,
    targetFlex: [33m0[39m,
    rangeMin: [33m1[39m,
    rangeMax: [33m18[39m,
    answerChoices: [33m3[39m,
    difficultyLevel: [33m5[39m,
    phaseSequence: [ [36m[Object][39m ],
    opsEnabled: { [32m'+'[39m: [33mtrue[39m, [32m'-'[39m: [33mfalse[39m, [32m'×'[39m: [33mfalse[39m, [32m'÷'[39m: [33mfalse[39m },
    activeMode: [32m'normal'[39m,
    isMuted: [33mfalse[39m,
    timerOn: [33mfalse[39m,
    quickMindInterval: [33m10[39m,
    darkModeInterval: [33m10[39m,
    modifiersPerStep: [33m1[39m,
    enableVariables: [33mfalse[39m,
    stopwatchSkin: [32m'default'[39m,
    progressionMode: [32m'adaptive'[39m,
    presentationMode: [32m'normal'[39m,
    scriptId: [32m'circuit-climb'[39m
  }
}
[Telemetry][VT:0] GENERATOR_START { startNumber: [33m16[39m, mode: [32m'standard'[39m }
[Telemetry][VT:0] GENERATOR_STEP_CREATED { stepIndex: [33m0[39m, startNumber: [33m16[39m, answer: [33m17[39m }
[STEP TRACE] [
  {
    i: [33m0[39m,
    startNumber: [33m16[39m,
    value: [33m1[39m,
    operation: [32m'+'[39m,
    correctAnswer: [33m17[39m,
    distractors: [ [33m15[39m, [33m17[39m, [33m16[39m ],
    distractorCount: [33m3[39m,
    source: [32m'engine'[39m,
    fallbackUsed: [90mundefined[39m
  }
]
[GEN CONFIG TRACE] {
  mode: [32m'standard'[39m,
  operation: [90mundefined[39m,
  difficulty: [33m5[39m,
  totalSteps: [33m1[39m,
  answerChoices: [33m3[39m,
  table: [90mundefined[39m,
  skipSize: [90mundefined[39m,
  fullConfig: {
    learningMode: [32m'standard'[39m,
    totalSteps: [33m1[39m,
    targetNumber: [33m18[39m,
    targetFlex: [33m0[39m,
    rangeMin: [33m1[39m,
    rangeMax: [33m18[39m,
    answerChoices: [33m3[39m,
    difficultyLevel: [33m5[39m,
    phaseSequence: [ [36m[Object][39m ],
    opsEnabled: { [32m'+'[39m: [33mtrue[39m, [32m'-'[39m: [33mfalse[39m, [32m'×'[39m: [33mfalse[39m, [32m'÷'[39m: [33mfalse[39m },
    activeMode: [32m'normal'[39m,
    isMuted: [33mfalse[39m,
    timerOn: [33mfalse[39m,
    quickMindInterval: [33m10[39m,
    darkModeInterval: [33m10[39m,
    modifiersPerStep: [33m1[39m,
    enableVariables: [33mfalse[39m,
    stopwatchSkin: [32m'default'[39m,
    progressionMode: [32m'adaptive'[39m,
    presentationMode: [32m'normal'[39m,
    scriptId: [32m'circuit-climb'[39m
  }
}
[Telemetry][VT:0] GENERATOR_START { startNumber: [33m17[39m, mode: [32m'standard'[39m }
[Telemetry][VT:0] GENERATOR_STEP_CREATED { stepIndex: [33m0[39m, startNumber: [33m17[39m, answer: [33m18[39m }
[STEP TRACE] [
  {
    i: [33m0[39m,
    startNumber: [33m17[39m,
    value: [33m1[39m,
    operation: [32m'+'[39m,
    correctAnswer: [33m18[39m,
    distractors: [ [33m20[39m, [33m15[39m, [33m18[39m ],
    distractorCount: [33m3[39m,
    source: [32m'engine'[39m,
    fallbackUsed: [90mundefined[39m
  }
]
[GEN CONFIG TRACE] {
  mode: [32m'standard'[39m,
  operation: [90mundefined[39m,
  difficulty: [33m5[39m,
  totalSteps: [33m1[39m,
  answerChoices: [33m3[39m,
  table: [90mundefined[39m,
  skipSize: [90mundefined[39m,
  fullConfig: {
    learningMode: [32m'standard'[39m,
    totalSteps: [33m1[39m,
    targetNumber: [33m18[39m,
    targetFlex: [33m0[39m,
    rangeMin: [33m1[39m,
    rangeMax: [33m18[39m,
    answerChoices: [33m3[39m,
    difficultyLevel: [33m5[39m,
    phaseSequence: [ [36m[Object][39m ],
    opsEnabled: { [32m'+'[39m: [33mtrue[39m, [32m'-'[39m: [33mfalse[39m, [32m'×'[39m: [33mfalse[39m, [32m'÷'[39m: [33mfalse[39m },
    activeMode: [32m'normal'[39m,
    isMuted: [33mfalse[39m,
    timerOn: [33mfalse[39m,
    quickMindInterval: [33m10[39m,
    darkModeInterval: [33m10[39m,
    modifiersPerStep: [33m1[39m,
    enableVariables: [33mfalse[39m,
    stopwatchSkin: [32m'default'[39m,
    progressionMode: [32m'adaptive'[39m,
    presentationMode: [32m'normal'[39m,
    scriptId: [32m'circuit-climb'[39m
  }
}
[Telemetry][VT:0] GENERATOR_START { startNumber: [33m1[39m, mode: [32m'standard'[39m }
[Telemetry][VT:0] GENERATOR_STEP_CREATED { stepIndex: [33m0[39m, startNumber: [33m1[39m, answer: [33m11[39m }
[STEP TRACE] [
  {
    i: [33m0[39m,
    startNumber: [33m1[39m,
    value: [33m10[39m,
    operation: [32m'+'[39m,
    correctAnswer: [33m11[39m,
    distractors: [ [33m8[39m, [33m10[39m, [33m11[39m ],
    distractorCount: [33m3[39m,
    source: [32m'engine'[39m,
    fallbackUsed: [90mundefined[39m
  }
]
[GEN CONFIG TRACE] {
  mode: [32m'standard'[39m,
  operation: [90mundefined[39m,
  difficulty: [33m5[39m,
  totalSteps: [33m1[39m,
  answerChoices: [33m3[39m,
  table: [90mundefined[39m,
  skipSize: [90mundefined[39m,
  fullConfig: {
    learningMode: [32m'standard'[39m,
    totalSteps: [33m1[39m,
    targetNumber: [33m18[39m,
    targetFlex: [33m0[39m,
    rangeMin: [33m1[39m,
    rangeMax: [33m18[39m,
    answerChoices: [33m3[39m,
    difficultyLevel: [33m5[39m,
    phaseSequence: [ [36m[Object][39m ],
    opsEnabled: { [32m'+'[39m: [33mtrue[39m, [32m'-'[39m: [33mfalse[39m, [32m'×'[39m: [33mfalse[39m, [32m'÷'[39m: [33mfalse[39m },
    activeMode: [32m'normal'[39m,
    isMuted: [33mfalse[39m,
    timerOn: [33mfalse[39m,
    quickMindInterval: [33m10[39m,
    darkModeInterval: [33m10[39m,
    modifiersPerStep: [33m1[39m,
    enableVariables: [33mfalse[39m,
    stopwatchSkin: [32m'default'[39m,
    progressionMode: [32m'adaptive'[39m,
    presentationMode: [32m'normal'[39m,
    scriptId: [32m'circuit-climb'[39m
  }
}
[Telemetry][VT:0] GENERATOR_START { startNumber: [33m2[39m, mode: [32m'standard'[39m }
[Telemetry][VT:0] GENERATOR_STEP_CREATED { stepIndex: [33m0[39m, startNumber: [33m2[39m, answer: [33m3[39m }
[STEP TRACE] [
  {
    i: [33m0[39m,
    startNumber: [33m2[39m,
    value: [33m1[39m,
    operation: [32m'+'[39m,
    correctAnswer: [33m3[39m,
    distractors: [ [33m2[39m, [33m1[39m, [33m3[39m ],
    distractorCount: [33m3[39m,
    source: [32m'engine'[39m,
    fallbackUsed: [90mundefined[39m
  }
]
[GEN CONFIG TRACE] {
  mode: [32m'standard'[39m,
  operation: [90mundefined[39m,
  difficulty: [33m5[39m,
  totalSteps: [33m1[39m,
  answerChoices: [33m3[39m,
  table: [90mundefined[39m,
  skipSize: [90mundefined[39m,
  fullConfig: {
    learningMode: [32m'standard'[39m,
    totalSteps: [33m1[39m,
    targetNumber: [33m18[39m,
    targetFlex: [33m0[39m,
    rangeMin: [33m1[39m,
    rangeMax: [33m18[39m,
    answerChoices: [33m3[39m,
    difficultyLevel: [33m5[39m,
    phaseSequence: [ [36m[Object][39m ],
    opsEnabled: { [32m'+'[39m: [33mtrue[39m, [32m'-'[39m: [33mfalse[39m, [32m'×'[39m: [33mfalse[39m, [32m'÷'[39m: [33mfalse[39m },
    activeMode: [32m'normal'[39m,
    isMuted: [33mfalse[39m,
    timerOn: [33mfalse[39m,
    quickMindInterval: [33m10[39m,
    darkModeInterval: [33m10[39m,
    modifiersPerStep: [33m1[39m,
    enableVariables: [33mfalse[39m,
    stopwatchSkin: [32m'default'[39m,
    progressionMode: [32m'adaptive'[39m,
    presentationMode: [32m'normal'[39m,
    scriptId: [32m'circuit-climb'[39m
  }
}
[Telemetry][VT:0] GENERATOR_START { startNumber: [33m3[39m, mode: [32m'standard'[39m }
[Telemetry][VT:0] GENERATOR_STEP_CREATED { stepIndex: [33m0[39m, startNumber: [33m3[39m, answer: [33m4[39m }
[STEP TRACE] [
  {
    i: [33m0[39m,
    startNumber: [33m3[39m,
    value: [33m1[39m,
    operation: [32m'+'[39m,
    correctAnswer: [33m4[39m,
    distractors: [ [33m4[39m, [33m5[39m, [33m6[39m ],
    distractorCount: [33m3[39m,
    source: [32m'engine'[39m,
    fallbackUsed: [90mundefined[39m
  }
]
[GEN CONFIG TRACE] {
  mode: [32m'standard'[39m,
  operation: [90mundefined[39m,
  difficulty: [33m5[39m,
  totalSteps: [33m1[39m,
  answerChoices: [33m3[39m,
  table: [90mundefined[39m,
  skipSize: [90mundefined[39m,
  fullConfig: {
    learningMode: [32m'standard'[39m,
    totalSteps: [33m1[39m,
    targetNumber: [33m18[39m,
    targetFlex: [33m0[39m,
    rangeMin: [33m1[39m,
    rangeMax: [33m18[39m,
    answerChoices: [33m3[39m,
    difficultyLevel: [33m5[39m,
    phaseSequence: [ [36m[Object][39m ],
    opsEnabled: { [32m'+'[39m: [33mtrue[39m, [32m'-'[39m: [33mfalse[39m, [32m'×'[39m: [33mfalse[39m, [32m'÷'[39m: [33mfalse[39m },
    activeMode: [32m'normal'[39m,
    isMuted: [33mfalse[39m,
    timerOn: [33mfalse[39m,
    quickMindInterval: [33m10[39m,
    darkModeInterval: [33m10[39m,
    modifiersPerStep: [33m1[39m,
    enableVariables: [33mfalse[39m,
    stopwatchSkin: [32m'default'[39m,
    progressionMode: [32m'adaptive'[39m,
    presentationMode: [32m'normal'[39m,
    scriptId: [32m'circuit-climb'[39m
  }
}
[Telemetry][VT:0] GENERATOR_START { startNumber: [33m4[39m, mode: [32m'standard'[39m }
[Telemetry][VT:0] GENERATOR_STEP_CREATED { stepIndex: [33m0[39m, startNumber: [33m4[39m, answer: [33m13[39m }
[STEP TRACE] [
  {
    i: [33m0[39m,
    startNumber: [33m4[39m,
    value: [33m9[39m,
    operation: [32m'+'[39m,
    correctAnswer: [33m13[39m,
    distractors: [ [33m14[39m, [33m13[39m, [33m12[39m ],
    distractorCount: [33m3[39m,
    source: [32m'engine'[39m,
    fallbackUsed: [90mundefined[39m
  }
]
[GEN CONFIG TRACE] {
  mode: [32m'standard'[39m,
  operation: [90mundefined[39m,
  difficulty: [33m5[39m,
  totalSteps: [33m1[39m,
  answerChoices: [33m3[39m,
  table: [90mundefined[39m,
  skipSize: [90mundefined[39m,
  fullConfig: {
    learningMode: [32m'standard'[39m,
    totalSteps: [33m1[39m,
    targetNumber: [33m18[39m,
    targetFlex: [33m0[39m,
    rangeMin: [33m1[39m,
    rangeMax: [33m18[39m,
    answerChoices: [33m3[39m,
    difficultyLevel: [33m5[39m,
    phaseSequence: [ [36m[Object][39m ],
    opsEnabled: { [32m'+'[39m: [33mtrue[39m, [32m'-'[39m: [33mfalse[39m, [32m'×'[39m: [33mfalse[39m, [32m'÷'[39m: [33mfalse[39m },
    activeMode: [32m'normal'[39m,
    isMuted: [33mfalse[39m,
    timerOn: [33mfalse[39m,
    quickMindInterval: [33m10[39m,
    darkModeInterval: [33m10[39m,
    modifiersPerStep: [33m1[39m,
    enableVariables: [33mfalse[39m,
    stopwatchSkin: [32m'default'[39m,
    progressionMode: [32m'adaptive'[39m,
    presentationMode: [32m'normal'[39m,
    scriptId: [32m'circuit-climb'[39m
  }
}
[Telemetry][VT:0] GENERATOR_START { startNumber: [33m5[39m, mode: [32m'standard'[39m }
[Telemetry][VT:0] GENERATOR_STEP_CREATED { stepIndex: [33m0[39m, startNumber: [33m5[39m, answer: [33m8[39m }
[STEP TRACE] [
  {
    i: [33m0[39m,
    startNumber: [33m5[39m,
    value: [33m3[39m,
    operation: [32m'+'[39m,
    correctAnswer: [33m8[39m,
    distractors: [ [33m6[39m, [33m10[39m, [33m8[39m ],
    distractorCount: [33m3[39m,
    source: [32m'engine'[39m,
    fallbackUsed: [90mundefined[39m
  }
]
[GEN CONFIG TRACE] {
  mode: [32m'standard'[39m,
  operation: [90mundefined[39m,
  difficulty: [33m5[39m,
  totalSteps: [33m1[39m,
  answerChoices: [33m3[39m,
  table: [90mundefined[39m,
  skipSize: [90mundefined[39m,
  fullConfig: {
    learningMode: [32m'standard'[39m,
    totalSteps: [33m1[39m,
    targetNumber: [33m18[39m,
    targetFlex: [33m0[39m,
    rangeMin: [33m1[39m,
    rangeMax: [33m18[39m,
    answerChoices: [33m3[39m,
    difficultyLevel: [33m5[39m,
    phaseSequence: [ [36m[Object][39m ],
    opsEnabled: { [32m'+'[39m: [33mtrue[39m, [32m'-'[39m: [33mfalse[39m, [32m'×'[39m: [33mfalse[39m, [32m'÷'[39m: [33mfalse[39m },
    activeMode: [32m'normal'[39m,
    isMuted: [33mfalse[39m,
    timerOn: [33mfalse[39m,
    quickMindInterval: [33m10[39m,
    darkModeInterval: [33m10[39m,
    modifiersPerStep: [33m1[39m,
    enableVariables: [33mfalse[39m,
    stopwatchSkin: [32m'default'[39m,
    progressionMode: [32m'adaptive'[39m,
    presentationMode: [32m'normal'[39m,
    scriptId: [32m'circuit-climb'[39m
  }
}
[Telemetry][VT:0] GENERATOR_START { startNumber: [33m6[39m, mode: [32m'standard'[39m }
[Telemetry][VT:0] GENERATOR_STEP_CREATED { stepIndex: [33m0[39m, startNumber: [33m6[39m, answer: [33m10[39m }
[STEP TRACE] [
  {
    i: [33m0[39m,
    startNumber: [33m6[39m,
    value: [33m4[39m,
    operation: [32m'+'[39m,
    correctAnswer: [33m10[39m,
    distractors: [ [33m13[39m, [33m10[39m, [33m9[39m ],
    distractorCount: [33m3[39m,
    source: [32m'engine'[39m,
    fallbackUsed: [90mundefined[39m
  }
]
[GEN CONFIG TRACE] {
  mode: [32m'standard'[39m,
  operation: [90mundefined[39m,
  difficulty: [33m5[39m,
  totalSteps: [33m1[39m,
  answerChoices: [33m3[39m,
  table: [90mundefined[39m,
  skipSize: [90mundefined[39m,
  fullConfig: {
    learningMode: [32m'standard'[39m,
    totalSteps: [33m1[39m,
    targetNumber: [33m18[39m,
    targetFlex: [33m0[39m,
    rangeMin: [33m1[39m,
    rangeMax: [33m18[39m,
    answerChoices: [33m3[39m,
    difficultyLevel: [33m5[39m,
    phaseSequence: [ [36m[Object][39m ],
    opsEnabled: { [32m'+'[39m: [33mtrue[39m, [32m'-'[39m: [33mfalse[39m, [32m'×'[39m: [33mfalse[39m, [32m'÷'[39m: [33mfalse[39m },
    activeMode: [32m'normal'[39m,
    isMuted: [33mfalse[39m,
    timerOn: [33mfalse[39m,
    quickMindInterval: [33m10[39m,
    darkModeInterval: [33m10[39m,
    modifiersPerStep: [33m1[39m,
    enableVariables: [33mfalse[39m,
    stopwatchSkin: [32m'default'[39m,
    progressionMode: [32m'adaptive'[39m,
    presentationMode: [32m'normal'[39m,
    scriptId: [32m'circuit-climb'[39m
  }
}
[Telemetry][VT:0] GENERATOR_START { startNumber: [33m7[39m, mode: [32m'standard'[39m }
[Telemetry][VT:0] GENERATOR_STEP_CREATED { stepIndex: [33m0[39m, startNumber: [33m7[39m, answer: [33m8[39m }
[STEP TRACE] [
  {
    i: [33m0[39m,
    startNumber: [33m7[39m,
    value: [33m1[39m,
    operation: [32m'+'[39m,
    correctAnswer: [33m8[39m,
    distractors: [ [33m6[39m, [33m8[39m, [33m11[39m ],
    distractorCount: [33m3[39m,
    source: [32m'engine'[39m,
    fallbackUsed: [90mundefined[39m
  }
]
[GEN CONFIG TRACE] {
  mode: [32m'standard'[39m,
  operation: [90mundefined[39m,
  difficulty: [33m5[39m,
  totalSteps: [33m1[39m,
  answerChoices: [33m3[39m,
  table: [90mundefined[39m,
  skipSize: [90mundefined[39m,
  fullConfig: {
    learningMode: [32m'standard'[39m,
    totalSteps: [33m1[39m,
    targetNumber: [33m18[39m,
    targetFlex: [33m0[39m,
    rangeMin: [33m1[39m,
    rangeMax: [33m18[39m,
    answerChoices: [33m3[39m,
    difficultyLevel: [33m5[39m,
    phaseSequence: [ [36m[Object][39m ],
    opsEnabled: { [32m'+'[39m: [33mtrue[39m, [32m'-'[39m: [33mfalse[39m, [32m'×'[39m: [33mfalse[39m, [32m'÷'[39m: [33mfalse[39m },
    activeMode: [32m'normal'[39m,
    isMuted: [33mfalse[39m,
    timerOn: [33mfalse[39m,
    quickMindInterval: [33m10[39m,
    darkModeInterval: [33m10[39m,
    modifiersPerStep: [33m1[39m,
    enableVariables: [33mfalse[39m,
    stopwatchSkin: [32m'default'[39m,
    progressionMode: [32m'adaptive'[39m,
    presentationMode: [32m'normal'[39m,
    scriptId: [32m'circuit-climb'[39m
  }
}
[Telemetry][VT:0] GENERATOR_START { startNumber: [33m8[39m, mode: [32m'standard'[39m }
[Telemetry][VT:0] GENERATOR_STEP_CREATED { stepIndex: [33m0[39m, startNumber: [33m8[39m, answer: [33m10[39m }
[STEP TRACE] [
  {
    i: [33m0[39m,
    startNumber: [33m8[39m,
    value: [33m2[39m,
    operation: [32m'+'[39m,
    correctAnswer: [33m10[39m,
    distractors: [ [33m12[39m, [33m10[39m, [33m11[39m ],
    distractorCount: [33m3[39m,
    source: [32m'engine'[39m,
    fallbackUsed: [90mundefined[39m
  }
]
[GEN CONFIG TRACE] {
  mode: [32m'standard'[39m,
  operation: [90mundefined[39m,
  difficulty: [33m5[39m,
  totalSteps: [33m1[39m,
  answerChoices: [33m3[39m,
  table: [90mundefined[39m,
  skipSize: [90mundefined[39m,
  fullConfig: {
    learningMode: [32m'standard'[39m,
    totalSteps: [33m1[39m,
    targetNumber: [33m18[39m,
    targetFlex: [33m0[39m,
    rangeMin: [33m1[39m,
    rangeMax: [33m18[39m,
    answerChoices: [33m3[39m,
    difficultyLevel: [33m5[39m,
    phaseSequence: [ [36m[Object][39m ],
    opsEnabled: { [32m'+'[39m: [33mtrue[39m, [32m'-'[39m: [33mfalse[39m, [32m'×'[39m: [33mfalse[39m, [32m'÷'[39m: [33mfalse[39m },
    activeMode: [32m'normal'[39m,
    isMuted: [33mfalse[39m,
    timerOn: [33mfalse[39m,
    quickMindInterval: [33m10[39m,
    darkModeInterval: [33m10[39m,
    modifiersPerStep: [33m1[39m,
    enableVariables: [33mfalse[39m,
    stopwatchSkin: [32m'default'[39m,
    progressionMode: [32m'adaptive'[39m,
    presentationMode: [32m'normal'[39m,
    scriptId: [32m'circuit-climb'[39m
  }
}
[Telemetry][VT:0] GENERATOR_START { startNumber: [33m9[39m, mode: [32m'standard'[39m }
[Telemetry][VT:0] GENERATOR_STEP_CREATED { stepIndex: [33m0[39m, startNumber: [33m9[39m, answer: [33m13[39m }
[STEP TRACE] [
  {
    i: [33m0[39m,
    startNumber: [33m9[39m,
    value: [33m4[39m,
    operation: [32m'+'[39m,
    correctAnswer: [33m13[39m,
    distractors: [ [33m12[39m, [33m14[39m, [33m13[39m ],
    distractorCount: [33m3[39m,
    source: [32m'engine'[39m,
    fallbackUsed: [90mundefined[39m
  }
]
[GEN CONFIG TRACE] {
  mode: [32m'standard'[39m,
  operation: [90mundefined[39m,
  difficulty: [33m5[39m,
  totalSteps: [33m1[39m,
  answerChoices: [33m3[39m,
  table: [90mundefined[39m,
  skipSize: [90mundefined[39m,
  fullConfig: {
    learningMode: [32m'standard'[39m,
    totalSteps: [33m1[39m,
    targetNumber: [33m18[39m,
    targetFlex: [33m0[39m,
    rangeMin: [33m1[39m,
    rangeMax: [33m18[39m,
    answerChoices: [33m3[39m,
    difficultyLevel: [33m5[39m,
    phaseSequence: [ [36m[Object][39m ],
    opsEnabled: { [32m'+'[39m: [33mtrue[39m, [32m'-'[39m: [33mfalse[39m, [32m'×'[39m: [33mfalse[39m, [32m'÷'[39m: [33mfalse[39m },
    activeMode: [32m'normal'[39m,
    isMuted: [33mfalse[39m,
    timerOn: [33mfalse[39m,
    quickMindInterval: [33m10[39m,
    darkModeInterval: [33m10[39m,
    modifiersPerStep: [33m1[39m,
    enableVariables: [33mfalse[39m,
    stopwatchSkin: [32m'default'[39m,
    progressionMode: [32m'adaptive'[39m,
    presentationMode: [32m'normal'[39m,
    scriptId: [32m'circuit-climb'[39m
  }
}
[Telemetry][VT:0] GENERATOR_START { startNumber: [33m10[39m, mode: [32m'standard'[39m }
[Telemetry][VT:0] GENERATOR_STEP_CREATED { stepIndex: [33m0[39m, startNumber: [33m10[39m, answer: [33m12[39m }
[STEP TRACE] [
  {
    i: [33m0[39m,
    startNumber: [33m10[39m,
    value: [33m2[39m,
    operation: [32m'+'[39m,
    correctAnswer: [33m12[39m,
    distractors: [ [33m10[39m, [33m11[39m, [33m12[39m ],
    distractorCount: [33m3[39m,
    source: [32m'engine'[39m,
    fallbackUsed: [90mundefined[39m
  }
]
[GEN CONFIG TRACE] {
  mode: [32m'standard'[39m,
  operation: [90mundefined[39m,
  difficulty: [33m5[39m,
  totalSteps: [33m1[39m,
  answerChoices: [33m3[39m,
  table: [90mundefined[39m,
  skipSize: [90mundefined[39m,
  fullConfig: {
    learningMode: [32m'standard'[39m,
    totalSteps: [33m1[39m,
    targetNumber: [33m18[39m,
    targetFlex: [33m0[39m,
    rangeMin: [33m1[39m,
    rangeMax: [33m18[39m,
    answerChoices: [33m3[39m,
    difficultyLevel: [33m5[39m,
    phaseSequence: [ [36m[Object][39m ],
    opsEnabled: { [32m'+'[39m: [33mtrue[39m, [32m'-'[39m: [33mfalse[39m, [32m'×'[39m: [33mfalse[39m, [32m'÷'[39m: [33mfalse[39m },
    activeMode: [32m'normal'[39m,
    isMuted: [33mfalse[39m,
    timerOn: [33mfalse[39m,
    quickMindInterval: [33m10[39m,
    darkModeInterval: [33m10[39m,
    modifiersPerStep: [33m1[39m,
    enableVariables: [33mfalse[39m,
    stopwatchSkin: [32m'default'[39m,
    progressionMode: [32m'adaptive'[39m,
    presentationMode: [32m'normal'[39m,
    scriptId: [32m'circuit-climb'[39m
  }
}
[Telemetry][VT:0] GENERATOR_START { startNumber: [33m11[39m, mode: [32m'standard'[39m }
[Telemetry][VT:0] GENERATOR_STEP_CREATED { stepIndex: [33m0[39m, startNumber: [33m11[39m, answer: [33m14[39m }
[STEP TRACE] [
  {
    i: [33m0[39m,
    startNumber: [33m11[39m,
    value: [33m3[39m,
    operation: [32m'+'[39m,
    correctAnswer: [33m14[39m,
    distractors: [ [33m14[39m, [33m13[39m, [33m17[39m ],
    distractorCount: [33m3[39m,
    source: [32m'engine'[39m,
    fallbackUsed: [90mundefined[39m
  }
]
[GEN CONFIG TRACE] {
  mode: [32m'standard'[39m,
  operation: [90mundefined[39m,
  difficulty: [33m5[39m,
  totalSteps: [33m1[39m,
  answerChoices: [33m3[39m,
  table: [90mundefined[39m,
  skipSize: [90mundefined[39m,
  fullConfig: {
    learningMode: [32m'standard'[39m,
    totalSteps: [33m1[39m,
    targetNumber: [33m18[39m,
    targetFlex: [33m0[39m,
    rangeMin: [33m1[39m,
    rangeMax: [33m18[39m,
    answerChoices: [33m3[39m,
    difficultyLevel: [33m5[39m,
    phaseSequence: [ [36m[Object][39m ],
    opsEnabled: { [32m'+'[39m: [33mtrue[39m, [32m'-'[39m: [33mfalse[39m, [32m'×'[39m: [33mfalse[39m, [32m'÷'[39m: [33mfalse[39m },
    activeMode: [32m'normal'[39m,
    isMuted: [33mfalse[39m,
    timerOn: [33mfalse[39m,
    quickMindInterval: [33m10[39m,
    darkModeInterval: [33m10[39m,
    modifiersPerStep: [33m1[39m,
    enableVariables: [33mfalse[39m,
    stopwatchSkin: [32m'default'[39m,
    progressionMode: [32m'adaptive'[39m,
    presentationMode: [32m'normal'[39m,
    scriptId: [32m'circuit-climb'[39m
  }
}
[Telemetry][VT:0] GENERATOR_START { startNumber: [33m12[39m, mode: [32m'standard'[39m }
[Telemetry][VT:0] GENERATOR_STEP_CREATED { stepIndex: [33m0[39m, startNumber: [33m12[39m, answer: [33m17[39m }
[STEP TRACE] [
  {
    i: [33m0[39m,
    startNumber: [33m12[39m,
    value: [33m5[39m,
    operation: [32m'+'[39m,
    correctAnswer: [33m17[39m,
    distractors: [ [33m14[39m, [33m17[39m, [33m19[39m ],
    distractorCount: [33m3[39m,
    source: [32m'engine'[39m,
    fallbackUsed: [90mundefined[39m
  }
]
[GEN CONFIG TRACE] {
  mode: [32m'standard'[39m,
  operation: [90mundefined[39m,
  difficulty: [33m5[39m,
  totalSteps: [33m1[39m,
  answerChoices: [33m3[39m,
  table: [90mundefined[39m,
  skipSize: [90mundefined[39m,
  fullConfig: {
    learningMode: [32m'standard'[39m,
    totalSteps: [33m1[39m,
    targetNumber: [33m18[39m,
    targetFlex: [33m0[39m,
    rangeMin: [33m1[39m,
    rangeMax: [33m18[39m,
    answerChoices: [33m3[39m,
    difficultyLevel: [33m5[39m,
    phaseSequence: [ [36m[Object][39m ],
    opsEnabled: { [32m'+'[39m: [33mtrue[39m, [32m'-'[39m: [33mfalse[39m, [32m'×'[39m: [33mfalse[39m, [32m'÷'[39m: [33mfalse[39m },
    activeMode: [32m'normal'[39m,
    isMuted: [33mfalse[39m,
    timerOn: [33mfalse[39m,
    quickMindInterval: [33m10[39m,
    darkModeInterval: [33m10[39m,
    modifiersPerStep: [33m1[39m,
    enableVariables: [33mfalse[39m,
    stopwatchSkin: [32m'default'[39m,
    progressionMode: [32m'adaptive'[39m,
    presentationMode: [32m'normal'[39m,
    scriptId: [32m'circuit-climb'[39m
  }
}
[Telemetry][VT:0] GENERATOR_START { startNumber: [33m13[39m, mode: [32m'standard'[39m }
[Telemetry][VT:0] GENERATOR_STEP_CREATED { stepIndex: [33m0[39m, startNumber: [33m13[39m, answer: [33m14[39m }
[STEP TRACE] [
  {
    i: [33m0[39m,
    startNumber: [33m13[39m,
    value: [33m1[39m,
    operation: [32m'+'[39m,
    correctAnswer: [33m14[39m,
    distractors: [ [33m12[39m, [33m17[39m, [33m14[39m ],
    distractorCount: [33m3[39m,
    source: [32m'engine'[39m,
    fallbackUsed: [90mundefined[39m
  }
]
[GEN CONFIG TRACE] {
  mode: [32m'standard'[39m,
  operation: [90mundefined[39m,
  difficulty: [33m5[39m,
  totalSteps: [33m1[39m,
  answerChoices: [33m3[39m,
  table: [90mundefined[39m,
  skipSize: [90mundefined[39m,
  fullConfig: {
    learningMode: [32m'standard'[39m,
    totalSteps: [33m1[39m,
    targetNumber: [33m18[39m,
    targetFlex: [33m0[39m,
    rangeMin: [33m1[39m,
    rangeMax: [33m18[39m,
    answerChoices: [33m3[39m,
    difficultyLevel: [33m5[39m,
    phaseSequence: [ [36m[Object][39m ],
    opsEnabled: { [32m'+'[39m: [33mtrue[39m, [32m'-'[39m: [33mfalse[39m, [32m'×'[39m: [33mfalse[39m, [32m'÷'[39m: [33mfalse[39m },
    activeMode: [32m'normal'[39m,
    isMuted: [33mfalse[39m,
    timerOn: [33mfalse[39m,
    quickMindInterval: [33m10[39m,
    darkModeInterval: [33m10[39m,
    modifiersPerStep: [33m1[39m,
    enableVariables: [33mfalse[39m,
    stopwatchSkin: [32m'default'[39m,
    progressionMode: [32m'adaptive'[39m,
    presentationMode: [32m'normal'[39m,
    scriptId: [32m'circuit-climb'[39m
  }
}
[Telemetry][VT:0] GENERATOR_START { startNumber: [33m14[39m, mode: [32m'standard'[39m }
[Telemetry][VT:0] GENERATOR_STEP_CREATED { stepIndex: [33m0[39m, startNumber: [33m14[39m, answer: [33m16[39m }
[STEP TRACE] [
  {
    i: [33m0[39m,
    startNumber: [33m14[39m,
    value: [33m2[39m,
    operation: [32m'+'[39m,
    correctAnswer: [33m16[39m,
    distractors: [ [33m13[39m, [33m18[39m, [33m16[39m ],
    distractorCount: [33m3[39m,
    source: [32m'engine'[39m,
    fallbackUsed: [90mundefined[39m
  }
]
[GEN CONFIG TRACE] {
  mode: [32m'standard'[39m,
  operation: [90mundefined[39m,
  difficulty: [33m5[39m,
  totalSteps: [33m1[39m,
  answerChoices: [33m3[39m,
  table: [90mundefined[39m,
  skipSize: [90mundefined[39m,
  fullConfig: {
    learningMode: [32m'standard'[39m,
    totalSteps: [33m1[39m,
    targetNumber: [33m18[39m,
    targetFlex: [33m0[39m,
    rangeMin: [33m1[39m,
    rangeMax: [33m18[39m,
    answerChoices: [33m3[39m,
    difficultyLevel: [33m5[39m,
    phaseSequence: [ [36m[Object][39m ],
    opsEnabled: { [32m'+'[39m: [33mtrue[39m, [32m'-'[39m: [33mfalse[39m, [32m'×'[39m: [33mfalse[39m, [32m'÷'[39m: [33mfalse[39m },
    activeMode: [32m'normal'[39m,
    isMuted: [33mfalse[39m,
    timerOn: [33mfalse[39m,
    quickMindInterval: [33m10[39m,
    darkModeInterval: [33m10[39m,
    modifiersPerStep: [33m1[39m,
    enableVariables: [33mfalse[39m,
    stopwatchSkin: [32m'default'[39m,
    progressionMode: [32m'adaptive'[39m,
    presentationMode: [32m'normal'[39m,
    scriptId: [32m'circuit-climb'[39m
  }
}
[Telemetry][VT:0] GENERATOR_START { startNumber: [33m15[39m, mode: [32m'standard'[39m }
[Telemetry][VT:0] GENERATOR_STEP_CREATED { stepIndex: [33m0[39m, startNumber: [33m15[39m, answer: [33m17[39m }
[STEP TRACE] [
  {
    i: [33m0[39m,
    startNumber: [33m15[39m,
    value: [33m2[39m,
    operation: [32m'+'[39m,
    correctAnswer: [33m17[39m,
    distractors: [ [33m20[39m, [33m19[39m, [33m17[39m ],
    distractorCount: [33m3[39m,
    source: [32m'engine'[39m,
    fallbackUsed: [90mundefined[39m
  }
]
[GEN CONFIG TRACE] {
  mode: [32m'standard'[39m,
  operation: [90mundefined[39m,
  difficulty: [33m5[39m,
  totalSteps: [33m1[39m,
  answerChoices: [33m3[39m,
  table: [90mundefined[39m,
  skipSize: [90mundefined[39m,
  fullConfig: {
    learningMode: [32m'standard'[39m,
    totalSteps: [33m1[39m,
    targetNumber: [33m18[39m,
    targetFlex: [33m0[39m,
    rangeMin: [33m1[39m,
    rangeMax: [33m18[39m,
    answerChoices: [33m3[39m,
    difficultyLevel: [33m5[39m,
    phaseSequence: [ [36m[Object][39m ],
    opsEnabled: { [32m'+'[39m: [33mtrue[39m, [32m'-'[39m: [33mfalse[39m, [32m'×'[39m: [33mfalse[39m, [32m'÷'[39m: [33mfalse[39m },
    activeMode: [32m'normal'[39m,
    isMuted: [33mfalse[39m,
    timerOn: [33mfalse[39m,
    quickMindInterval: [33m10[39m,
    darkModeInterval: [33m10[39m,
    modifiersPerStep: [33m1[39m,
    enableVariables: [33mfalse[39m,
    stopwatchSkin: [32m'default'[39m,
    progressionMode: [32m'adaptive'[39m,
    presentationMode: [32m'normal'[39m,
    scriptId: [32m'circuit-climb'[39m
  }
}
[Telemetry][VT:0] GENERATOR_START { startNumber: [33m16[39m, mode: [32m'standard'[39m }
[Telemetry][VT:0] GENERATOR_STEP_CREATED { stepIndex: [33m0[39m, startNumber: [33m16[39m, answer: [33m18[39m }
[STEP TRACE] [
  {
    i: [33m0[39m,
    startNumber: [33m16[39m,
    value: [33m2[39m,
    operation: [32m'+'[39m,
    correctAnswer: [33m18[39m,
    distractors: [ [33m21[39m, [33m18[39m, [33m20[39m ],
    distractorCount: [33m3[39m,
    source: [32m'engine'[39m,
    fallbackUsed: [90mundefined[39m
  }
]
[GEN CONFIG TRACE] {
  mode: [32m'standard'[39m,
  operation: [90mundefined[39m,
  difficulty: [33m5[39m,
  totalSteps: [33m1[39m,
  answerChoices: [33m3[39m,
  table: [90mundefined[39m,
  skipSize: [90mundefined[39m,
  fullConfig: {
    learningMode: [32m'standard'[39m,
    totalSteps: [33m1[39m,
    targetNumber: [33m18[39m,
    targetFlex: [33m0[39m,
    rangeMin: [33m1[39m,
    rangeMax: [33m18[39m,
    answerChoices: [33m3[39m,
    difficultyLevel: [33m5[39m,
    phaseSequence: [ [36m[Object][39m ],
    opsEnabled: { [32m'+'[39m: [33mtrue[39m, [32m'-'[39m: [33mfalse[39m, [32m'×'[39m: [33mfalse[39m, [32m'÷'[39m: [33mfalse[39m },
    activeMode: [32m'normal'[39m,
    isMuted: [33mfalse[39m,
    timerOn: [33mfalse[39m,
    quickMindInterval: [33m10[39m,
    darkModeInterval: [33m10[39m,
    modifiersPerStep: [33m1[39m,
    enableVariables: [33mfalse[39m,
    stopwatchSkin: [32m'default'[39m,
    progressionMode: [32m'adaptive'[39m,
    presentationMode: [32m'normal'[39m,
    scriptId: [32m'circuit-climb'[39m
  }
}
[Telemetry][VT:0] GENERATOR_START { startNumber: [33m17[39m, mode: [32m'standard'[39m }
[Telemetry][VT:0] GENERATOR_STEP_CREATED { stepIndex: [33m0[39m, startNumber: [33m17[39m, answer: [33m18[39m }
[STEP TRACE] [
  {
    i: [33m0[39m,
    startNumber: [33m17[39m,
    value: [33m1[39m,
    operation: [32m'+'[39m,
    correctAnswer: [33m18[39m,
    distractors: [ [33m17[39m, [33m16[39m, [33m18[39m ],
    distractorCount: [33m3[39m,
    source: [32m'engine'[39m,
    fallbackUsed: [90mundefined[39m
  }
]
[GEN CONFIG TRACE] {
  mode: [32m'standard'[39m,
  operation: [90mundefined[39m,
  difficulty: [33m5[39m,
  totalSteps: [33m1[39m,
  answerChoices: [33m3[39m,
  table: [90mundefined[39m,
  skipSize: [90mundefined[39m,
  fullConfig: {
    learningMode: [32m'standard'[39m,
    totalSteps: [33m1[39m,
    targetNumber: [33m18[39m,
    targetFlex: [33m0[39m,
    rangeMin: [33m1[39m,
    rangeMax: [33m18[39m,
    answerChoices: [33m3[39m,
    difficultyLevel: [33m5[39m,
    phaseSequence: [ [36m[Object][39m ],
    opsEnabled: { [32m'+'[39m: [33mtrue[39m, [32m'-'[39m: [33mfalse[39m, [32m'×'[39m: [33mfalse[39m, [32m'÷'[39m: [33mfalse[39m },
    activeMode: [32m'normal'[39m,
    isMuted: [33mfalse[39m,
    timerOn: [33mfalse[39m,
    quickMindInterval: [33m10[39m,
    darkModeInterval: [33m10[39m,
    modifiersPerStep: [33m1[39m,
    enableVariables: [33mfalse[39m,
    stopwatchSkin: [32m'default'[39m,
    progressionMode: [32m'adaptive'[39m,
    presentationMode: [32m'normal'[39m,
    scriptId: [32m'circuit-climb'[39m
  }
}
[Telemetry][VT:0] GENERATOR_START { startNumber: [33m1[39m, mode: [32m'standard'[39m }
[Telemetry][VT:0] GENERATOR_STEP_CREATED { stepIndex: [33m0[39m, startNumber: [33m1[39m, answer: [33m11[39m }
[STEP TRACE] [
  {
    i: [33m0[39m,
    startNumber: [33m1[39m,
    value: [33m10[39m,
    operation: [32m'+'[39m,
    correctAnswer: [33m11[39m,
    distractors: [ [33m11[39m, [33m12[39m, [33m10[39m ],
    distractorCount: [33m3[39m,
    source: [32m'engine'[39m,
    fallbackUsed: [90mundefined[39m
  }
]
[GEN CONFIG TRACE] {
  mode: [32m'standard'[39m,
  operation: [90mundefined[39m,
  difficulty: [33m5[39m,
  totalSteps: [33m1[39m,
  answerChoices: [33m3[39m,
  table: [90mundefined[39m,
  skipSize: [90mundefined[39m,
  fullConfig: {
    learningMode: [32m'standard'[39m,
    totalSteps: [33m1[39m,
    targetNumber: [33m18[39m,
    targetFlex: [33m0[39m,
    rangeMin: [33m1[39m,
    rangeMax: [33m18[39m,
    answerChoices: [33m3[39m,
    difficultyLevel: [33m5[39m,
    phaseSequence: [ [36m[Object][39m ],
    opsEnabled: { [32m'+'[39m: [33mtrue[39m, [32m'-'[39m: [33mfalse[39m, [32m'×'[39m: [33mfalse[39m, [32m'÷'[39m: [33mfalse[39m },
    activeMode: [32m'normal'[39m,
    isMuted: [33mfalse[39m,
    timerOn: [33mfalse[39m,
    quickMindInterval: [33m10[39m,
    darkModeInterval: [33m10[39m,
    modifiersPerStep: [33m1[39m,
    enableVariables: [33mfalse[39m,
    stopwatchSkin: [32m'default'[39m,
    progressionMode: [32m'adaptive'[39m,
    presentationMode: [32m'normal'[39m,
    scriptId: [32m'circuit-climb'[39m
  }
}
[Telemetry][VT:0] GENERATOR_START { startNumber: [33m2[39m, mode: [32m'standard'[39m }
[Telemetry][VT:0] GENERATOR_STEP_CREATED { stepIndex: [33m0[39m, startNumber: [33m2[39m, answer: [33m11[39m }
[STEP TRACE] [
  {
    i: [33m0[39m,
    startNumber: [33m2[39m,
    value: [33m9[39m,
    operation: [32m'+'[39m,
    correctAnswer: [33m11[39m,
    distractors: [ [33m11[39m, [33m13[39m, [33m10[39m ],
    distractorCount: [33m3[39m,
    source: [32m'engine'[39m,
    fallbackUsed: [90mundefined[39m
  }
]
[GEN CONFIG TRACE] {
  mode: [32m'standard'[39m,
  operation: [90mundefined[39m,
  difficulty: [33m5[39m,
  totalSteps: [33m1[39m,
  answerChoices: [33m3[39m,
  table: [90mundefined[39m,
  skipSize: [90mundefined[39m,
  fullConfig: {
    learningMode: [32m'standard'[39m,
    totalSteps: [33m1[39m,
    targetNumber: [33m18[39m,
    targetFlex: [33m0[39m,
    rangeMin: [33m1[39m,
    rangeMax: [33m18[39m,
    answerChoices: [33m3[39m,
    difficultyLevel: [33m5[39m,
    phaseSequence: [ [36m[Object][39m ],
    opsEnabled: { [32m'+'[39m: [33mtrue[39m, [32m'-'[39m: [33mfalse[39m, [32m'×'[39m: [33mfalse[39m, [32m'÷'[39m: [33mfalse[39m },
    activeMode: [32m'normal'[39m,
    isMuted: [33mfalse[39m,
    timerOn: [33mfalse[39m,
    quickMindInterval: [33m10[39m,
    darkModeInterval: [33m10[39m,
    modifiersPerStep: [33m1[39m,
    enableVariables: [33mfalse[39m,
    stopwatchSkin: [32m'default'[39m,
    progressionMode: [32m'adaptive'[39m,
    presentationMode: [32m'normal'[39m,
    scriptId: [32m'circuit-climb'[39m
  }
}
[Telemetry][VT:0] GENERATOR_START { startNumber: [33m3[39m, mode: [32m'standard'[39m }
[Telemetry][VT:0] GENERATOR_STEP_CREATED { stepIndex: [33m0[39m, startNumber: [33m3[39m, answer: [33m7[39m }
[STEP TRACE] [
  {
    i: [33m0[39m,
    startNumber: [33m3[39m,
    value: [33m4[39m,
    operation: [32m'+'[39m,
    correctAnswer: [33m7[39m,
    distractors: [ [33m6[39m, [33m7[39m, [33m9[39m ],
    distractorCount: [33m3[39m,
    source: [32m'engine'[39m,
    fallbackUsed: [90mundefined[39m
  }
]
[GEN CONFIG TRACE] {
  mode: [32m'standard'[39m,
  operation: [90mundefined[39m,
  difficulty: [33m5[39m,
  totalSteps: [33m1[39m,
  answerChoices: [33m3[39m,
  table: [90mundefined[39m,
  skipSize: [90mundefined[39m,
  fullConfig: {
    learningMode: [32m'standard'[39m,
    totalSteps: [33m1[39m,
    targetNumber: [33m18[39m,
    targetFlex: [33m0[39m,
    rangeMin: [33m1[39m,
    rangeMax: [33m18[39m,
    answerChoices: [33m3[39m,
    difficultyLevel: [33m5[39m,
    phaseSequence: [ [36m[Object][39m ],
    opsEnabled: { [32m'+'[39m: [33mtrue[39m, [32m'-'[39m: [33mfalse[39m, [32m'×'[39m: [33mfalse[39m, [32m'÷'[39m: [33mfalse[39m },
    activeMode: [32m'normal'[39m,
    isMuted: [33mfalse[39m,
    timerOn: [33mfalse[39m,
    quickMindInterval: [33m10[39m,
    darkModeInterval: [33m10[39m,
    modifiersPerStep: [33m1[39m,
    enableVariables: [33mfalse[39m,
    stopwatchSkin: [32m'default'[39m,
    progressionMode: [32m'adaptive'[39m,
    presentationMode: [32m'normal'[39m,
    scriptId: [32m'circuit-climb'[39m
  }
}
[Telemetry][VT:0] GENERATOR_START { startNumber: [33m4[39m, mode: [32m'standard'[39m }
[Telemetry][VT:0] GENERATOR_STEP_CREATED { stepIndex: [33m0[39m, startNumber: [33m4[39m, answer: [33m7[39m }
[STEP TRACE] [
  {
    i: [33m0[39m,
    startNumber: [33m4[39m,
    value: [33m3[39m,
    operation: [32m'+'[39m,
    correctAnswer: [33m7[39m,
    distractors: [ [33m6[39m, [33m7[39m, [33m5[39m ],
    distractorCount: [33m3[39m,
    source: [32m'engine'[39m,
    fallbackUsed: [90mundefined[39m
  }
]
[GEN CONFIG TRACE] {
  mode: [32m'standard'[39m,
  operation: [90mundefined[39m,
  difficulty: [33m5[39m,
  totalSteps: [33m1[39m,
  answerChoices: [33m3[39m,
  table: [90mundefined[39m,
  skipSize: [90mundefined[39m,
  fullConfig: {
    learningMode: [32m'standard'[39m,
    totalSteps: [33m1[39m,
    targetNumber: [33m18[39m,
    targetFlex: [33m0[39m,
    rangeMin: [33m1[39m,
    rangeMax: [33m18[39m,
    answerChoices: [33m3[39m,
    difficultyLevel: [33m5[39m,
    phaseSequence: [ [36m[Object][39m ],
    opsEnabled: { [32m'+'[39m: [33mtrue[39m, [32m'-'[39m: [33mfalse[39m, [32m'×'[39m: [33mfalse[39m, [32m'÷'[39m: [33mfalse[39m },
    activeMode: [32m'normal'[39m,
    isMuted: [33mfalse[39m,
    timerOn: [33mfalse[39m,
    quickMindInterval: [33m10[39m,
    darkModeInterval: [33m10[39m,
    modifiersPerStep: [33m1[39m,
    enableVariables: [33mfalse[39m,
    stopwatchSkin: [32m'default'[39m,
    progressionMode: [32m'adaptive'[39m,
    presentationMode: [32m'normal'[39m,
    scriptId: [32m'circuit-climb'[39m
  }
}
[Telemetry][VT:0] GENERATOR_START { startNumber: [33m5[39m, mode: [32m'standard'[39m }
[Telemetry][VT:0] GENERATOR_STEP_CREATED { stepIndex: [33m0[39m, startNumber: [33m5[39m, answer: [33m7[39m }
[STEP TRACE] [
  {
    i: [33m0[39m,
    startNumber: [33m5[39m,
    value: [33m2[39m,
    operation: [32m'+'[39m,
    correctAnswer: [33m7[39m,
    distractors: [ [33m10[39m, [33m9[39m, [33m7[39m ],
    distractorCount: [33m3[39m,
    source: [32m'engine'[39m,
    fallbackUsed: [90mundefined[39m
  }
]
[GEN CONFIG TRACE] {
  mode: [32m'standard'[39m,
  operation: [90mundefined[39m,
  difficulty: [33m5[39m,
  totalSteps: [33m1[39m,
  answerChoices: [33m3[39m,
  table: [90mundefined[39m,
  skipSize: [90mundefined[39m,
  fullConfig: {
    learningMode: [32m'standard'[39m,
    totalSteps: [33m1[39m,
    targetNumber: [33m18[39m,
    targetFlex: [33m0[39m,
    rangeMin: [33m1[39m,
    rangeMax: [33m18[39m,
    answerChoices: [33m3[39m,
    difficultyLevel: [33m5[39m,
    phaseSequence: [ [36m[Object][39m ],
    opsEnabled: { [32m'+'[39m: [33mtrue[39m, [32m'-'[39m: [33mfalse[39m, [32m'×'[39m: [33mfalse[39m, [32m'÷'[39m: [33mfalse[39m },
    activeMode: [32m'normal'[39m,
    isMuted: [33mfalse[39m,
    timerOn: [33mfalse[39m,
    quickMindInterval: [33m10[39m,
    darkModeInterval: [33m10[39m,
    modifiersPerStep: [33m1[39m,
    enableVariables: [33mfalse[39m,
    stopwatchSkin: [32m'default'[39m,
    progressionMode: [32m'adaptive'[39m,
    presentationMode: [32m'normal'[39m,
    scriptId: [32m'circuit-climb'[39m
  }
}
[Telemetry][VT:0] GENERATOR_START { startNumber: [33m6[39m, mode: [32m'standard'[39m }
[Telemetry][VT:0] GENERATOR_STEP_CREATED { stepIndex: [33m0[39m, startNumber: [33m6[39m, answer: [33m7[39m }
[STEP TRACE] [
  {
    i: [33m0[39m,
    startNumber: [33m6[39m,
    value: [33m1[39m,
    operation: [32m'+'[39m,
    correctAnswer: [33m7[39m,
    distractors: [ [33m4[39m, [33m7[39m, [33m6[39m ],
    distractorCount: [33m3[39m,
    source: [32m'engine'[39m,
    fallbackUsed: [90mundefined[39m
  }
]
[GEN CONFIG TRACE] {
  mode: [32m'standard'[39m,
  operation: [90mundefined[39m,
  difficulty: [33m5[39m,
  totalSteps: [33m1[39m,
  answerChoices: [33m3[39m,
  table: [90mundefined[39m,
  skipSize: [90mundefined[39m,
  fullConfig: {
    learningMode: [32m'standard'[39m,
    totalSteps: [33m1[39m,
    targetNumber: [33m18[39m,
    targetFlex: [33m0[39m,
    rangeMin: [33m1[39m,
    rangeMax: [33m18[39m,
    answerChoices: [33m3[39m,
    difficultyLevel: [33m5[39m,
    phaseSequence: [ [36m[Object][39m ],
    opsEnabled: { [32m'+'[39m: [33mtrue[39m, [32m'-'[39m: [33mfalse[39m, [32m'×'[39m: [33mfalse[39m, [32m'÷'[39m: [33mfalse[39m },
    activeMode: [32m'normal'[39m,
    isMuted: [33mfalse[39m,
    timerOn: [33mfalse[39m,
    quickMindInterval: [33m10[39m,
    darkModeInterval: [33m10[39m,
    modifiersPerStep: [33m1[39m,
    enableVariables: [33mfalse[39m,
    stopwatchSkin: [32m'default'[39m,
    progressionMode: [32m'adaptive'[39m,
    presentationMode: [32m'normal'[39m,
    scriptId: [32m'circuit-climb'[39m
  }
}
[Telemetry][VT:0] GENERATOR_START { startNumber: [33m7[39m, mode: [32m'standard'[39m }
[Telemetry][VT:0] GENERATOR_STEP_CREATED { stepIndex: [33m0[39m, startNumber: [33m7[39m, answer: [33m11[39m }
[STEP TRACE] [
  {
    i: [33m0[39m,
    startNumber: [33m7[39m,
    value: [33m4[39m,
    operation: [32m'+'[39m,
    correctAnswer: [33m11[39m,
    distractors: [ [33m11[39m, [33m14[39m, [33m13[39m ],
    distractorCount: [33m3[39m,
    source: [32m'engine'[39m,
    fallbackUsed: [90mundefined[39m
  }
]
[GEN CONFIG TRACE] {
  mode: [32m'standard'[39m,
  operation: [90mundefined[39m,
  difficulty: [33m5[39m,
  totalSteps: [33m1[39m,
  answerChoices: [33m3[39m,
  table: [90mundefined[39m,
  skipSize: [90mundefined[39m,
  fullConfig: {
    learningMode: [32m'standard'[39m,
    totalSteps: [33m1[39m,
    targetNumber: [33m18[39m,
    targetFlex: [33m0[39m,
    rangeMin: [33m1[39m,
    rangeMax: [33m18[39m,
    answerChoices: [33m3[39m,
    difficultyLevel: [33m5[39m,
    phaseSequence: [ [36m[Object][39m ],
    opsEnabled: { [32m'+'[39m: [33mtrue[39m, [32m'-'[39m: [33mfalse[39m, [32m'×'[39m: [33mfalse[39m, [32m'÷'[39m: [33mfalse[39m },
    activeMode: [32m'normal'[39m,
    isMuted: [33mfalse[39m,
    timerOn: [33mfalse[39m,
    quickMindInterval: [33m10[39m,
    darkModeInterval: [33m10[39m,
    modifiersPerStep: [33m1[39m,
    enableVariables: [33mfalse[39m,
    stopwatchSkin: [32m'default'[39m,
    progressionMode: [32m'adaptive'[39m,
    presentationMode: [32m'normal'[39m,
    scriptId: [32m'circuit-climb'[39m
  }
}
[Telemetry][VT:0] GENERATOR_START { startNumber: [33m8[39m, mode: [32m'standard'[39m }
[Telemetry][VT:0] GENERATOR_STEP_CREATED { stepIndex: [33m0[39m, startNumber: [33m8[39m, answer: [33m13[39m }
[STEP TRACE] [
  {
    i: [33m0[39m,
    startNumber: [33m8[39m,
    value: [33m5[39m,
    operation: [32m'+'[39m,
    correctAnswer: [33m13[39m,
    distractors: [ [33m10[39m, [33m13[39m, [33m11[39m ],
    distractorCount: [33m3[39m,
    source: [32m'engine'[39m,
    fallbackUsed: [90mundefined[39m
  }
]
[GEN CONFIG TRACE] {
  mode: [32m'standard'[39m,
  operation: [90mundefined[39m,
  difficulty: [33m5[39m,
  totalSteps: [33m1[39m,
  answerChoices: [33m3[39m,
  table: [90mundefined[39m,
  skipSize: [90mundefined[39m,
  fullConfig: {
    learningMode: [32m'standard'[39m,
    totalSteps: [33m1[39m,
    targetNumber: [33m18[39m,
    targetFlex: [33m0[39m,
    rangeMin: [33m1[39m,
    rangeMax: [33m18[39m,
    answerChoices: [33m3[39m,
    difficultyLevel: [33m5[39m,
    phaseSequence: [ [36m[Object][39m ],
    opsEnabled: { [32m'+'[39m: [33mtrue[39m, [32m'-'[39m: [33mfalse[39m, [32m'×'[39m: [33mfalse[39m, [32m'÷'[39m: [33mfalse[39m },
    activeMode: [32m'normal'[39m,
    isMuted: [33mfalse[39m,
    timerOn: [33mfalse[39m,
    quickMindInterval: [33m10[39m,
    darkModeInterval: [33m10[39m,
    modifiersPerStep: [33m1[39m,
    enableVariables: [33mfalse[39m,
    stopwatchSkin: [32m'default'[39m,
    progressionMode: [32m'adaptive'[39m,
    presentationMode: [32m'normal'[39m,
    scriptId: [32m'circuit-climb'[39m
  }
}
[Telemetry][VT:0] GENERATOR_START { startNumber: [33m9[39m, mode: [32m'standard'[39m }
[Telemetry][VT:0] GENERATOR_STEP_CREATED { stepIndex: [33m0[39m, startNumber: [33m9[39m, answer: [33m10[39m }
[STEP TRACE] [
  {
    i: [33m0[39m,
    startNumber: [33m9[39m,
    value: [33m1[39m,
    operation: [32m'+'[39m,
    correctAnswer: [33m10[39m,
    distractors: [ [33m9[39m, [33m10[39m, [33m12[39m ],
    distractorCount: [33m3[39m,
    source: [32m'engine'[39m,
    fallbackUsed: [90mundefined[39m
  }
]
[GEN CONFIG TRACE] {
  mode: [32m'standard'[39m,
  operation: [90mundefined[39m,
  difficulty: [33m5[39m,
  totalSteps: [33m1[39m,
  answerChoices: [33m3[39m,
  table: [90mundefined[39m,
  skipSize: [90mundefined[39m,
  fullConfig: {
    learningMode: [32m'standard'[39m,
    totalSteps: [33m1[39m,
    targetNumber: [33m18[39m,
    targetFlex: [33m0[39m,
    rangeMin: [33m1[39m,
    rangeMax: [33m18[39m,
    answerChoices: [33m3[39m,
    difficultyLevel: [33m5[39m,
    phaseSequence: [ [36m[Object][39m ],
    opsEnabled: { [32m'+'[39m: [33mtrue[39m, [32m'-'[39m: [33mfalse[39m, [32m'×'[39m: [33mfalse[39m, [32m'÷'[39m: [33mfalse[39m },
    activeMode: [32m'normal'[39m,
    isMuted: [33mfalse[39m,
    timerOn: [33mfalse[39m,
    quickMindInterval: [33m10[39m,
    darkModeInterval: [33m10[39m,
    modifiersPerStep: [33m1[39m,
    enableVariables: [33mfalse[39m,
    stopwatchSkin: [32m'default'[39m,
    progressionMode: [32m'adaptive'[39m,
    presentationMode: [32m'normal'[39m,
    scriptId: [32m'circuit-climb'[39m
  }
}
[Telemetry][VT:0] GENERATOR_START { startNumber: [33m10[39m, mode: [32m'standard'[39m }
[Telemetry][VT:0] GENERATOR_STEP_CREATED { stepIndex: [33m0[39m, startNumber: [33m10[39m, answer: [33m12[39m }
[STEP TRACE] [
  {
    i: [33m0[39m,
    startNumber: [33m10[39m,
    value: [33m2[39m,
    operation: [32m'+'[39m,
    correctAnswer: [33m12[39m,
    distractors: [ [33m12[39m, [33m10[39m, [33m15[39m ],
    distractorCount: [33m3[39m,
    source: [32m'engine'[39m,
    fallbackUsed: [90mundefined[39m
  }
]
[GEN CONFIG TRACE] {
  mode: [32m'standard'[39m,
  operation: [90mundefined[39m,
  difficulty: [33m5[39m,
  totalSteps: [33m1[39m,
  answerChoices: [33m3[39m,
  table: [90mundefined[39m,
  skipSize: [90mundefined[39m,
  fullConfig: {
    learningMode: [32m'standard'[39m,
    totalSteps: [33m1[39m,
    targetNumber: [33m18[39m,
    targetFlex: [33m0[39m,
    rangeMin: [33m1[39m,
    rangeMax: [33m18[39m,
    answerChoices: [33m3[39m,
    difficultyLevel: [33m5[39m,
    phaseSequence: [ [36m[Object][39m ],
    opsEnabled: { [32m'+'[39m: [33mtrue[39m, [32m'-'[39m: [33mfalse[39m, [32m'×'[39m: [33mfalse[39m, [32m'÷'[39m: [33mfalse[39m },
    activeMode: [32m'normal'[39m,
    isMuted: [33mfalse[39m,
    timerOn: [33mfalse[39m,
    quickMindInterval: [33m10[39m,
    darkModeInterval: [33m10[39m,
    modifiersPerStep: [33m1[39m,
    enableVariables: [33mfalse[39m,
    stopwatchSkin: [32m'default'[39m,
    progressionMode: [32m'adaptive'[39m,
    presentationMode: [32m'normal'[39m,
    scriptId: [32m'circuit-climb'[39m
  }
}
[Telemetry][VT:0] GENERATOR_START { startNumber: [33m11[39m, mode: [32m'standard'[39m }
[Telemetry][VT:0] GENERATOR_STEP_CREATED { stepIndex: [33m0[39m, startNumber: [33m11[39m, answer: [33m15[39m }
[STEP TRACE] [
  {
    i: [33m0[39m,
    startNumber: [33m11[39m,
    value: [33m4[39m,
    operation: [32m'+'[39m,
    correctAnswer: [33m15[39m,
    distractors: [ [33m15[39m, [33m12[39m, [33m18[39m ],
    distractorCount: [33m3[39m,
    source: [32m'engine'[39m,
    fallbackUsed: [90mundefined[39m
  }
]
[GEN CONFIG TRACE] {
  mode: [32m'standard'[39m,
  operation: [90mundefined[39m,
  difficulty: [33m5[39m,
  totalSteps: [33m1[39m,
  answerChoices: [33m3[39m,
  table: [90mundefined[39m,
  skipSize: [90mundefined[39m,
  fullConfig: {
    learningMode: [32m'standard'[39m,
    totalSteps: [33m1[39m,
    targetNumber: [33m18[39m,
    targetFlex: [33m0[39m,
    rangeMin: [33m1[39m,
    rangeMax: [33m18[39m,
    answerChoices: [33m3[39m,
    difficultyLevel: [33m5[39m,
    phaseSequence: [ [36m[Object][39m ],
    opsEnabled: { [32m'+'[39m: [33mtrue[39m, [32m'-'[39m: [33mfalse[39m, [32m'×'[39m: [33mfalse[39m, [32m'÷'[39m: [33mfalse[39m },
    activeMode: [32m'normal'[39m,
    isMuted: [33mfalse[39m,
    timerOn: [33mfalse[39m,
    quickMindInterval: [33m10[39m,
    darkModeInterval: [33m10[39m,
    modifiersPerStep: [33m1[39m,
    enableVariables: [33mfalse[39m,
    stopwatchSkin: [32m'default'[39m,
    progressionMode: [32m'adaptive'[39m,
    presentationMode: [32m'normal'[39m,
    scriptId: [32m'circuit-climb'[39m
  }
}
[Telemetry][VT:0] GENERATOR_START { startNumber: [33m12[39m, mode: [32m'standard'[39m }
[Telemetry][VT:0] GENERATOR_STEP_CREATED { stepIndex: [33m0[39m, startNumber: [33m12[39m, answer: [33m18[39m }
[STEP TRACE] [
  {
    i: [33m0[39m,
    startNumber: [33m12[39m,
    value: [33m6[39m,
    operation: [32m'+'[39m,
    correctAnswer: [33m18[39m,
    distractors: [ [33m19[39m, [33m18[39m, [33m20[39m ],
    distractorCount: [33m3[39m,
    source: [32m'engine'[39m,
    fallbackUsed: [90mundefined[39m
  }
]
[GEN CONFIG TRACE] {
  mode: [32m'standard'[39m,
  operation: [90mundefined[39m,
  difficulty: [33m5[39m,
  totalSteps: [33m1[39m,
  answerChoices: [33m3[39m,
  table: [90mundefined[39m,
  skipSize: [90mundefined[39m,
  fullConfig: {
    learningMode: [32m'standard'[39m,
    totalSteps: [33m1[39m,
    targetNumber: [33m20[39m,
    targetFlex: [33m0[39m,
    rangeMin: [33m1[39m,
    rangeMax: [33m20[39m,
    answerChoices: [33m3[39m,
    difficultyLevel: [33m5[39m,
    phaseSequence: [ [36m[Object][39m ],
    opsEnabled: { [32m'+'[39m: [33mtrue[39m, [32m'-'[39m: [33mfalse[39m, [32m'×'[39m: [33mfalse[39m, [32m'÷'[39m: [33mfalse[39m },
    activeMode: [32m'normal'[39m,
    isMuted: [33mfalse[39m,
    timerOn: [33mfalse[39m,
    quickMindInterval: [33m10[39m,
    darkModeInterval: [33m10[39m,
    modifiersPerStep: [33m1[39m,
    enableVariables: [33mfalse[39m,
    stopwatchSkin: [32m'default'[39m,
    progressionMode: [32m'adaptive'[39m,
    presentationMode: [32m'normal'[39m,
    scriptId: [32m'circuit-climb'[39m
  }
}
[Telemetry][VT:0] GENERATOR_START { startNumber: [33m4[39m, mode: [32m'standard'[39m }
[Telemetry][VT:0] GENERATOR_STEP_CREATED { stepIndex: [33m0[39m, startNumber: [33m4[39m, answer: [33m6[39m }
[STEP TRACE] [
  {
    i: [33m0[39m,
    startNumber: [33m4[39m,
    value: [33m2[39m,
    operation: [32m'+'[39m,
    correctAnswer: [33m6[39m,
    distractors: [ [33m8[39m, [33m7[39m, [33m6[39m ],
    distractorCount: [33m3[39m,
    source: [32m'engine'[39m,
    fallbackUsed: [90mundefined[39m
  }
]
[GEN CONFIG TRACE] {
  mode: [32m'standard'[39m,
  operation: [90mundefined[39m,
  difficulty: [33m5[39m,
  totalSteps: [33m1[39m,
  answerChoices: [33m3[39m,
  table: [90mundefined[39m,
  skipSize: [90mundefined[39m,
  fullConfig: {
    learningMode: [32m'standard'[39m,
    totalSteps: [33m1[39m,
    targetNumber: [33m20[39m,
    targetFlex: [33m0[39m,
    rangeMin: [33m1[39m,
    rangeMax: [33m20[39m,
    answerChoices: [33m3[39m,
    difficultyLevel: [33m5[39m,
    phaseSequence: [ [36m[Object][39m ],
    opsEnabled: { [32m'+'[39m: [33mtrue[39m, [32m'-'[39m: [33mfalse[39m, [32m'×'[39m: [33mfalse[39m, [32m'÷'[39m: [33mfalse[39m },
    activeMode: [32m'normal'[39m,
    isMuted: [33mfalse[39m,
    timerOn: [33mfalse[39m,
    quickMindInterval: [33m10[39m,
    darkModeInterval: [33m10[39m,
    modifiersPerStep: [33m1[39m,
    enableVariables: [33mfalse[39m,
    stopwatchSkin: [32m'default'[39m,
    progressionMode: [32m'adaptive'[39m,
    presentationMode: [32m'normal'[39m,
    scriptId: [32m'circuit-climb'[39m
  }
}
[Telemetry][VT:0] GENERATOR_START { startNumber: [33m5[39m, mode: [32m'standard'[39m }
[Telemetry][VT:0] GENERATOR_STEP_CREATED { stepIndex: [33m0[39m, startNumber: [33m5[39m, answer: [33m7[39m }
[STEP TRACE] [
  {
    i: [33m0[39m,
    startNumber: [33m5[39m,
    value: [33m2[39m,
    operation: [32m'+'[39m,
    correctAnswer: [33m7[39m,
    distractors: [ [33m10[39m, [33m7[39m, [33m5[39m ],
    distractorCount: [33m3[39m,
    source: [32m'engine'[39m,
    fallbackUsed: [90mundefined[39m
  }
]
[GEN CONFIG TRACE] {
  mode: [32m'standard'[39m,
  operation: [90mundefined[39m,
  difficulty: [33m5[39m,
  totalSteps: [33m1[39m,
  answerChoices: [33m3[39m,
  table: [90mundefined[39m,
  skipSize: [90mundefined[39m,
  fullConfig: {
    learningMode: [32m'standard'[39m,
    totalSteps: [33m1[39m,
    targetNumber: [33m20[39m,
    targetFlex: [33m0[39m,
    rangeMin: [33m1[39m,
    rangeMax: [33m20[39m,
    answerChoices: [33m3[39m,
    difficultyLevel: [33m5[39m,
    phaseSequence: [ [36m[Object][39m ],
    opsEnabled: { [32m'+'[39m: [33mtrue[39m, [32m'-'[39m: [33mfalse[39m, [32m'×'[39m: [33mfalse[39m, [32m'÷'[39m: [33mfalse[39m },
    activeMode: [32m'normal'[39m,
    isMuted: [33mfalse[39m,
    timerOn: [33mfalse[39m,
    quickMindInterval: [33m10[39m,
    darkModeInterval: [33m10[39m,
    modifiersPerStep: [33m1[39m,
    enableVariables: [33mfalse[39m,
    stopwatchSkin: [32m'default'[39m,
    progressionMode: [32m'adaptive'[39m,
    presentationMode: [32m'normal'[39m,
    scriptId: [32m'circuit-climb'[39m
  }
}
[Telemetry][VT:0] GENERATOR_START { startNumber: [33m6[39m, mode: [32m'standard'[39m }
[Telemetry][VT:0] GENERATOR_STEP_CREATED { stepIndex: [33m0[39m, startNumber: [33m6[39m, answer: [33m10[39m }
[STEP TRACE] [
  {
    i: [33m0[39m,
    startNumber: [33m6[39m,
    value: [33m4[39m,
    operation: [32m'+'[39m,
    correctAnswer: [33m10[39m,
    distractors: [ [33m11[39m, [33m10[39m, [33m7[39m ],
    distractorCount: [33m3[39m,
    source: [32m'engine'[39m,
    fallbackUsed: [90mundefined[39m
  }
]
[GEN CONFIG TRACE] {
  mode: [32m'standard'[39m,
  operation: [90mundefined[39m,
  difficulty: [33m5[39m,
  totalSteps: [33m1[39m,
  answerChoices: [33m3[39m,
  table: [90mundefined[39m,
  skipSize: [90mundefined[39m,
  fullConfig: {
    learningMode: [32m'standard'[39m,
    totalSteps: [33m1[39m,
    targetNumber: [33m20[39m,
    targetFlex: [33m0[39m,
    rangeMin: [33m1[39m,
    rangeMax: [33m20[39m,
    answerChoices: [33m3[39m,
    difficultyLevel: [33m5[39m,
    phaseSequence: [ [36m[Object][39m ],
    opsEnabled: { [32m'+'[39m: [33mtrue[39m, [32m'-'[39m: [33mfalse[39m, [32m'×'[39m: [33mfalse[39m, [32m'÷'[39m: [33mfalse[39m },
    activeMode: [32m'normal'[39m,
    isMuted: [33mfalse[39m,
    timerOn: [33mfalse[39m,
    quickMindInterval: [33m10[39m,
    darkModeInterval: [33m10[39m,
    modifiersPerStep: [33m1[39m,
    enableVariables: [33mfalse[39m,
    stopwatchSkin: [32m'default'[39m,
    progressionMode: [32m'adaptive'[39m,
    presentationMode: [32m'normal'[39m,
    scriptId: [32m'circuit-climb'[39m
  }
}
[Telemetry][VT:0] GENERATOR_START { startNumber: [33m7[39m, mode: [32m'standard'[39m }
[Telemetry][VT:0] GENERATOR_STEP_CREATED { stepIndex: [33m0[39m, startNumber: [33m7[39m, answer: [33m9[39m }
[STEP TRACE] [
  {
    i: [33m0[39m,
    startNumber: [33m7[39m,
    value: [33m2[39m,
    operation: [32m'+'[39m,
    correctAnswer: [33m9[39m,
    distractors: [ [33m7[39m, [33m9[39m, [33m6[39m ],
    distractorCount: [33m3[39m,
    source: [32m'engine'[39m,
    fallbackUsed: [90mundefined[39m
  }
]
[GEN CONFIG TRACE] {
  mode: [32m'standard'[39m,
  operation: [90mundefined[39m,
  difficulty: [33m5[39m,
  totalSteps: [33m1[39m,
  answerChoices: [33m3[39m,
  table: [90mundefined[39m,
  skipSize: [90mundefined[39m,
  fullConfig: {
    learningMode: [32m'standard'[39m,
    totalSteps: [33m1[39m,
    targetNumber: [33m20[39m,
    targetFlex: [33m0[39m,
    rangeMin: [33m1[39m,
    rangeMax: [33m20[39m,
    answerChoices: [33m3[39m,
    difficultyLevel: [33m5[39m,
    phaseSequence: [ [36m[Object][39m ],
    opsEnabled: { [32m'+'[39m: [33mtrue[39m, [32m'-'[39m: [33mfalse[39m, [32m'×'[39m: [33mfalse[39m, [32m'÷'[39m: [33mfalse[39m },
    activeMode: [32m'normal'[39m,
    isMuted: [33mfalse[39m,
    timerOn: [33mfalse[39m,
    quickMindInterval: [33m10[39m,
    darkModeInterval: [33m10[39m,
    modifiersPerStep: [33m1[39m,
    enableVariables: [33mfalse[39m,
    stopwatchSkin: [32m'default'[39m,
    progressionMode: [32m'adaptive'[39m,
    presentationMode: [32m'normal'[39m,
    scriptId: [32m'circuit-climb'[39m
  }
}
[Telemetry][VT:0] GENERATOR_START { startNumber: [33m8[39m, mode: [32m'standard'[39m }
[Telemetry][VT:0] GENERATOR_STEP_CREATED { stepIndex: [33m0[39m, startNumber: [33m8[39m, answer: [33m9[39m }
[STEP TRACE] [
  {
    i: [33m0[39m,
    startNumber: [33m8[39m,
    value: [33m1[39m,
    operation: [32m'+'[39m,
    correctAnswer: [33m9[39m,
    distractors: [ [33m9[39m, [33m11[39m, [33m12[39m ],
    distractorCount: [33m3[39m,
    source: [32m'engine'[39m,
    fallbackUsed: [90mundefined[39m
  }
]
[GEN CONFIG TRACE] {
  mode: [32m'standard'[39m,
  operation: [90mundefined[39m,
  difficulty: [33m5[39m,
  totalSteps: [33m1[39m,
  answerChoices: [33m3[39m,
  table: [90mundefined[39m,
  skipSize: [90mundefined[39m,
  fullConfig: {
    learningMode: [32m'standard'[39m,
    totalSteps: [33m1[39m,
    targetNumber: [33m20[39m,
    targetFlex: [33m0[39m,
    rangeMin: [33m1[39m,
    rangeMax: [33m20[39m,
    answerChoices: [33m3[39m,
    difficultyLevel: [33m5[39m,
    phaseSequence: [ [36m[Object][39m ],
    opsEnabled: { [32m'+'[39m: [33mtrue[39m, [32m'-'[39m: [33mfalse[39m, [32m'×'[39m: [33mfalse[39m, [32m'÷'[39m: [33mfalse[39m },
    activeMode: [32m'normal'[39m,
    isMuted: [33mfalse[39m,
    timerOn: [33mfalse[39m,
    quickMindInterval: [33m10[39m,
    darkModeInterval: [33m10[39m,
    modifiersPerStep: [33m1[39m,
    enableVariables: [33mfalse[39m,
    stopwatchSkin: [32m'default'[39m,
    progressionMode: [32m'adaptive'[39m,
    presentationMode: [32m'normal'[39m,
    scriptId: [32m'circuit-climb'[39m
  }
}
[Telemetry][VT:0] GENERATOR_START { startNumber: [33m9[39m, mode: [32m'standard'[39m }
[Telemetry][VT:0] GENERATOR_STEP_CREATED { stepIndex: [33m0[39m, startNumber: [33m9[39m, answer: [33m20[39m }
[STEP TRACE] [
  {
    i: [33m0[39m,
    startNumber: [33m9[39m,
    value: [33m11[39m,
    operation: [32m'+'[39m,
    correctAnswer: [33m20[39m,
    distractors: [ [33m20[39m, [33m22[39m, [33m17[39m ],
    distractorCount: [33m3[39m,
    source: [32m'engine'[39m,
    fallbackUsed: [90mundefined[39m
  }
]
[GEN CONFIG TRACE] {
  mode: [32m'standard'[39m,
  operation: [90mundefined[39m,
  difficulty: [33m5[39m,
  totalSteps: [33m1[39m,
  answerChoices: [33m3[39m,
  table: [90mundefined[39m,
  skipSize: [90mundefined[39m,
  fullConfig: {
    learningMode: [32m'standard'[39m,
    totalSteps: [33m1[39m,
    targetNumber: [33m20[39m,
    targetFlex: [33m0[39m,
    rangeMin: [33m1[39m,
    rangeMax: [33m20[39m,
    answerChoices: [33m3[39m,
    difficultyLevel: [33m5[39m,
    phaseSequence: [ [36m[Object][39m ],
    opsEnabled: { [32m'+'[39m: [33mtrue[39m, [32m'-'[39m: [33mfalse[39m, [32m'×'[39m: [33mfalse[39m, [32m'÷'[39m: [33mfalse[39m },
    activeMode: [32m'normal'[39m,
    isMuted: [33mfalse[39m,
    timerOn: [33mfalse[39m,
    quickMindInterval: [33m10[39m,
    darkModeInterval: [33m10[39m,
    modifiersPerStep: [33m1[39m,
    enableVariables: [33mfalse[39m,
    stopwatchSkin: [32m'default'[39m,
    progressionMode: [32m'adaptive'[39m,
    presentationMode: [32m'normal'[39m,
    scriptId: [32m'circuit-climb'[39m
  }
}
[Telemetry][VT:0] GENERATOR_START { startNumber: [33m10[39m, mode: [32m'standard'[39m }
[Telemetry][VT:0] GENERATOR_STEP_CREATED { stepIndex: [33m0[39m, startNumber: [33m10[39m, answer: [33m20[39m }
[STEP TRACE] [
  {
    i: [33m0[39m,
    startNumber: [33m10[39m,
    value: [33m10[39m,
    operation: [32m'+'[39m,
    correctAnswer: [33m20[39m,
    distractors: [ [33m20[39m, [33m22[39m, [33m18[39m ],
    distractorCount: [33m3[39m,
    source: [32m'engine'[39m,
    fallbackUsed: [90mundefined[39m
  }
]
[GEN CONFIG TRACE] {
  mode: [32m'standard'[39m,
  operation: [90mundefined[39m,
  difficulty: [33m5[39m,
  totalSteps: [33m1[39m,
  answerChoices: [33m3[39m,
  table: [90mundefined[39m,
  skipSize: [90mundefined[39m,
  fullConfig: {
    learningMode: [32m'standard'[39m,
    totalSteps: [33m1[39m,
    targetNumber: [33m20[39m,
    targetFlex: [33m0[39m,
    rangeMin: [33m1[39m,
    rangeMax: [33m20[39m,
    answerChoices: [33m3[39m,
    difficultyLevel: [33m5[39m,
    phaseSequence: [ [36m[Object][39m ],
    opsEnabled: { [32m'+'[39m: [33mtrue[39m, [32m'-'[39m: [33mfalse[39m, [32m'×'[39m: [33mfalse[39m, [32m'÷'[39m: [33mfalse[39m },
    activeMode: [32m'normal'[39m,
    isMuted: [33mfalse[39m,
    timerOn: [33mfalse[39m,
    quickMindInterval: [33m10[39m,
    darkModeInterval: [33m10[39m,
    modifiersPerStep: [33m1[39m,
    enableVariables: [33mfalse[39m,
    stopwatchSkin: [32m'default'[39m,
    progressionMode: [32m'adaptive'[39m,
    presentationMode: [32m'normal'[39m,
    scriptId: [32m'circuit-climb'[39m
  }
}
[Telemetry][VT:0] GENERATOR_START { startNumber: [33m11[39m, mode: [32m'standard'[39m }
[Telemetry][VT:0] GENERATOR_STEP_CREATED { stepIndex: [33m0[39m, startNumber: [33m11[39m, answer: [33m15[39m }
[STEP TRACE] [
  {
    i: [33m0[39m,
    startNumber: [33m11[39m,
    value: [33m4[39m,
    operation: [32m'+'[39m,
    correctAnswer: [33m15[39m,
    distractors: [ [33m18[39m, [33m15[39m, [33m14[39m ],
    distractorCount: [33m3[39m,
    source: [32m'engine'[39m,
    fallbackUsed: [90mundefined[39m
  }
]
[GEN CONFIG TRACE] {
  mode: [32m'standard'[39m,
  operation: [90mundefined[39m,
  difficulty: [33m5[39m,
  totalSteps: [33m1[39m,
  answerChoices: [33m3[39m,
  table: [90mundefined[39m,
  skipSize: [90mundefined[39m,
  fullConfig: {
    learningMode: [32m'standard'[39m,
    totalSteps: [33m1[39m,
    targetNumber: [33m20[39m,
    targetFlex: [33m0[39m,
    rangeMin: [33m1[39m,
    rangeMax: [33m20[39m,
    answerChoices: [33m3[39m,
    difficultyLevel: [33m5[39m,
    phaseSequence: [ [36m[Object][39m ],
    opsEnabled: { [32m'+'[39m: [33mtrue[39m, [32m'-'[39m: [33mfalse[39m, [32m'×'[39m: [33mfalse[39m, [32m'÷'[39m: [33mfalse[39m },
    activeMode: [32m'normal'[39m,
    isMuted: [33mfalse[39m,
    timerOn: [33mfalse[39m,
    quickMindInterval: [33m10[39m,
    darkModeInterval: [33m10[39m,
    modifiersPerStep: [33m1[39m,
    enableVariables: [33mfalse[39m,
    stopwatchSkin: [32m'default'[39m,
    progressionMode: [32m'adaptive'[39m,
    presentationMode: [32m'normal'[39m,
    scriptId: [32m'circuit-climb'[39m
  }
}
[Telemetry][VT:0] GENERATOR_START { startNumber: [33m12[39m, mode: [32m'standard'[39m }
[Telemetry][VT:0] GENERATOR_STEP_CREATED { stepIndex: [33m0[39m, startNumber: [33m12[39m, answer: [33m19[39m }
[STEP TRACE] [
  {
    i: [33m0[39m,
    startNumber: [33m12[39m,
    value: [33m7[39m,
    operation: [32m'+'[39m,
    correctAnswer: [33m19[39m,
    distractors: [ [33m18[39m, [33m16[39m, [33m19[39m ],
    distractorCount: [33m3[39m,
    source: [32m'engine'[39m,
    fallbackUsed: [90mundefined[39m
  }
]
[GEN CONFIG TRACE] {
  mode: [32m'standard'[39m,
  operation: [90mundefined[39m,
  difficulty: [33m5[39m,
  totalSteps: [33m1[39m,
  answerChoices: [33m3[39m,
  table: [90mundefined[39m,
  skipSize: [90mundefined[39m,
  fullConfig: {
    learningMode: [32m'standard'[39m,
    totalSteps: [33m1[39m,
    targetNumber: [33m20[39m,
    targetFlex: [33m0[39m,
    rangeMin: [33m1[39m,
    rangeMax: [33m20[39m,
    answerChoices: [33m3[39m,
    difficultyLevel: [33m5[39m,
    phaseSequence: [ [36m[Object][39m ],
    opsEnabled: { [32m'+'[39m: [33mtrue[39m, [32m'-'[39m: [33mfalse[39m, [32m'×'[39m: [33mfalse[39m, [32m'÷'[39m: [33mfalse[39m },
    activeMode: [32m'normal'[39m,
    isMuted: [33mfalse[39m,
    timerOn: [33mfalse[39m,
    quickMindInterval: [33m10[39m,
    darkModeInterval: [33m10[39m,
    modifiersPerStep: [33m1[39m,
    enableVariables: [33mfalse[39m,
    stopwatchSkin: [32m'default'[39m,
    progressionMode: [32m'adaptive'[39m,
    presentationMode: [32m'normal'[39m,
    scriptId: [32m'circuit-climb'[39m
  }
}
[Telemetry][VT:0] GENERATOR_START { startNumber: [33m13[39m, mode: [32m'standard'[39m }
[Telemetry][VT:0] GENERATOR_STEP_CREATED { stepIndex: [33m0[39m, startNumber: [33m13[39m, answer: [33m14[39m }
[STEP TRACE] [
  {
    i: [33m0[39m,
    startNumber: [33m13[39m,
    value: [33m1[39m,
    operation: [32m'+'[39m,
    correctAnswer: [33m14[39m,
    distractors: [ [33m14[39m, [33m15[39m, [33m12[39m ],
    distractorCount: [33m3[39m,
    source: [32m'engine'[39m,
    fallbackUsed: [90mundefined[39m
  }
]
[GEN CONFIG TRACE] {
  mode: [32m'standard'[39m,
  operation: [90mundefined[39m,
  difficulty: [33m5[39m,
  totalSteps: [33m1[39m,
  answerChoices: [33m3[39m,
  table: [90mundefined[39m,
  skipSize: [90mundefined[39m,
  fullConfig: {
    learningMode: [32m'standard'[39m,
    totalSteps: [33m1[39m,
    targetNumber: [33m20[39m,
    targetFlex: [33m0[39m,
    rangeMin: [33m1[39m,
    rangeMax: [33m20[39m,
    answerChoices: [33m3[39m,
    difficultyLevel: [33m5[39m,
    phaseSequence: [ [36m[Object][39m ],
    opsEnabled: { [32m'+'[39m: [33mtrue[39m, [32m'-'[39m: [33mfalse[39m, [32m'×'[39m: [33mfalse[39m, [32m'÷'[39m: [33mfalse[39m },
    activeMode: [32m'normal'[39m,
    isMuted: [33mfalse[39m,
    timerOn: [33mfalse[39m,
    quickMindInterval: [33m10[39m,
    darkModeInterval: [33m10[39m,
    modifiersPerStep: [33m1[39m,
    enableVariables: [33mfalse[39m,
    stopwatchSkin: [32m'default'[39m,
    progressionMode: [32m'adaptive'[39m,
    presentationMode: [32m'normal'[39m,
    scriptId: [32m'circuit-climb'[39m
  }
}
[Telemetry][VT:0] GENERATOR_START { startNumber: [33m14[39m, mode: [32m'standard'[39m }
[Telemetry][VT:0] GENERATOR_STEP_CREATED { stepIndex: [33m0[39m, startNumber: [33m14[39m, answer: [33m18[39m }
[STEP TRACE] [
  {
    i: [33m0[39m,
    startNumber: [33m14[39m,
    value: [33m4[39m,
    operation: [32m'+'[39m,
    correctAnswer: [33m18[39m,
    distractors: [ [33m18[39m, [33m17[39m, [33m15[39m ],
    distractorCount: [33m3[39m,
    source: [32m'engine'[39m,
    fallbackUsed: [90mundefined[39m
  }
]
[GEN CONFIG TRACE] {
  mode: [32m'standard'[39m,
  operation: [90mundefined[39m,
  difficulty: [33m5[39m,
  totalSteps: [33m1[39m,
  answerChoices: [33m3[39m,
  table: [90mundefined[39m,
  skipSize: [90mundefined[39m,
  fullConfig: {
    learningMode: [32m'standard'[39m,
    totalSteps: [33m1[39m,
    targetNumber: [33m20[39m,
    targetFlex: [33m0[39m,
    rangeMin: [33m1[39m,
    rangeMax: [33m20[39m,
    answerChoices: [33m3[39m,
    difficultyLevel: [33m5[39m,
    phaseSequence: [ [36m[Object][39m ],
    opsEnabled: { [32m'+'[39m: [33mtrue[39m, [32m'-'[39m: [33mfalse[39m, [32m'×'[39m: [33mfalse[39m, [32m'÷'[39m: [33mfalse[39m },
    activeMode: [32m'normal'[39m,
    isMuted: [33mfalse[39m,
    timerOn: [33mfalse[39m,
    quickMindInterval: [33m10[39m,
    darkModeInterval: [33m10[39m,
    modifiersPerStep: [33m1[39m,
    enableVariables: [33mfalse[39m,
    stopwatchSkin: [32m'default'[39m,
    progressionMode: [32m'adaptive'[39m,
    presentationMode: [32m'normal'[39m,
    scriptId: [32m'circuit-climb'[39m
  }
}
[Telemetry][VT:0] GENERATOR_START { startNumber: [33m15[39m, mode: [32m'standard'[39m }
[Telemetry][VT:0] GENERATOR_STEP_CREATED { stepIndex: [33m0[39m, startNumber: [33m15[39m, answer: [33m20[39m }
[STEP TRACE] [
  {
    i: [33m0[39m,
    startNumber: [33m15[39m,
    value: [33m5[39m,
    operation: [32m'+'[39m,
    correctAnswer: [33m20[39m,
    distractors: [ [33m22[39m, [33m20[39m, [33m23[39m ],
    distractorCount: [33m3[39m,
    source: [32m'engine'[39m,
    fallbackUsed: [90mundefined[39m
  }
]
[GEN CONFIG TRACE] {
  mode: [32m'standard'[39m,
  operation: [90mundefined[39m,
  difficulty: [33m5[39m,
  totalSteps: [33m1[39m,
  answerChoices: [33m3[39m,
  table: [90mundefined[39m,
  skipSize: [90mundefined[39m,
  fullConfig: {
    learningMode: [32m'standard'[39m,
    totalSteps: [33m1[39m,
    targetNumber: [33m20[39m,
    targetFlex: [33m0[39m,
    rangeMin: [33m1[39m,
    rangeMax: [33m20[39m,
    answerChoices: [33m3[39m,
    difficultyLevel: [33m5[39m,
    phaseSequence: [ [36m[Object][39m ],
    opsEnabled: { [32m'+'[39m: [33mtrue[39m, [32m'-'[39m: [33mfalse[39m, [32m'×'[39m: [33mfalse[39m, [32m'÷'[39m: [33mfalse[39m },
    activeMode: [32m'normal'[39m,
    isMuted: [33mfalse[39m,
    timerOn: [33mfalse[39m,
    quickMindInterval: [33m10[39m,
    darkModeInterval: [33m10[39m,
    modifiersPerStep: [33m1[39m,
    enableVariables: [33mfalse[39m,
    stopwatchSkin: [32m'default'[39m,
    progressionMode: [32m'adaptive'[39m,
    presentationMode: [32m'normal'[39m,
    scriptId: [32m'circuit-climb'[39m
  }
}
[Telemetry][VT:0] GENERATOR_START { startNumber: [33m16[39m, mode: [32m'standard'[39m }
[Telemetry][VT:0] GENERATOR_STEP_CREATED { stepIndex: [33m0[39m, startNumber: [33m16[39m, answer: [33m19[39m }
[STEP TRACE] [
  {
    i: [33m0[39m,
    startNumber: [33m16[39m,
    value: [33m3[39m,
    operation: [32m'+'[39m,
    correctAnswer: [33m19[39m,
    distractors: [ [33m19[39m, [33m18[39m, [33m20[39m ],
    distractorCount: [33m3[39m,
    source: [32m'engine'[39m,
    fallbackUsed: [90mundefined[39m
  }
]
[GEN CONFIG TRACE] {
  mode: [32m'standard'[39m,
  operation: [90mundefined[39m,
  difficulty: [33m5[39m,
  totalSteps: [33m1[39m,
  answerChoices: [33m3[39m,
  table: [90mundefined[39m,
  skipSize: [90mundefined[39m,
  fullConfig: {
    learningMode: [32m'standard'[39m,
    totalSteps: [33m1[39m,
    targetNumber: [33m20[39m,
    targetFlex: [33m0[39m,
    rangeMin: [33m1[39m,
    rangeMax: [33m20[39m,
    answerChoices: [33m3[39m,
    difficultyLevel: [33m5[39m,
    phaseSequence: [ [36m[Object][39m ],
    opsEnabled: { [32m'+'[39m: [33mtrue[39m, [32m'-'[39m: [33mfalse[39m, [32m'×'[39m: [33mfalse[39m, [32m'÷'[39m: [33mfalse[39m },
    activeMode: [32m'normal'[39m,
    isMuted: [33mfalse[39m,
    timerOn: [33mfalse[39m,
    quickMindInterval: [33m10[39m,
    darkModeInterval: [33m10[39m,
    modifiersPerStep: [33m1[39m,
    enableVariables: [33mfalse[39m,
    stopwatchSkin: [32m'default'[39m,
    progressionMode: [32m'adaptive'[39m,
    presentationMode: [32m'normal'[39m,
    scriptId: [32m'circuit-climb'[39m
  }
}
[Telemetry][VT:0] GENERATOR_START { startNumber: [33m17[39m, mode: [32m'standard'[39m }
[Telemetry][VT:0] GENERATOR_STEP_CREATED { stepIndex: [33m0[39m, startNumber: [33m17[39m, answer: [33m18[39m }
[STEP TRACE] [
  {
    i: [33m0[39m,
    startNumber: [33m17[39m,
    value: [33m1[39m,
    operation: [32m'+'[39m,
    correctAnswer: [33m18[39m,
    distractors: [ [33m17[39m, [33m18[39m, [33m19[39m ],
    distractorCount: [33m3[39m,
    source: [32m'engine'[39m,
    fallbackUsed: [90mundefined[39m
  }
]
[GEN CONFIG TRACE] {
  mode: [32m'standard'[39m,
  operation: [90mundefined[39m,
  difficulty: [33m5[39m,
  totalSteps: [33m1[39m,
  answerChoices: [33m3[39m,
  table: [90mundefined[39m,
  skipSize: [90mundefined[39m,
  fullConfig: {
    learningMode: [32m'standard'[39m,
    totalSteps: [33m1[39m,
    targetNumber: [33m20[39m,
    targetFlex: [33m0[39m,
    rangeMin: [33m1[39m,
    rangeMax: [33m20[39m,
    answerChoices: [33m3[39m,
    difficultyLevel: [33m5[39m,
    phaseSequence: [ [36m[Object][39m ],
    opsEnabled: { [32m'+'[39m: [33mtrue[39m, [32m'-'[39m: [33mfalse[39m, [32m'×'[39m: [33mfalse[39m, [32m'÷'[39m: [33mfalse[39m },
    activeMode: [32m'normal'[39m,
    isMuted: [33mfalse[39m,
    timerOn: [33mfalse[39m,
    quickMindInterval: [33m10[39m,
    darkModeInterval: [33m10[39m,
    modifiersPerStep: [33m1[39m,
    enableVariables: [33mfalse[39m,
    stopwatchSkin: [32m'default'[39m,
    progressionMode: [32m'adaptive'[39m,
    presentationMode: [32m'normal'[39m,
    scriptId: [32m'circuit-climb'[39m
  }
}
[Telemetry][VT:0] GENERATOR_START { startNumber: [33m18[39m, mode: [32m'standard'[39m }
[Telemetry][VT:0] GENERATOR_STEP_CREATED { stepIndex: [33m0[39m, startNumber: [33m18[39m, answer: [33m19[39m }
[STEP TRACE] [
  {
    i: [33m0[39m,
    startNumber: [33m18[39m,
    value: [33m1[39m,
    operation: [32m'+'[39m,
    correctAnswer: [33m19[39m,
    distractors: [ [33m22[39m, [33m21[39m, [33m19[39m ],
    distractorCount: [33m3[39m,
    source: [32m'engine'[39m,
    fallbackUsed: [90mundefined[39m
  }
]
[GEN CONFIG TRACE] {
  mode: [32m'standard'[39m,
  operation: [90mundefined[39m,
  difficulty: [33m5[39m,
  totalSteps: [33m1[39m,
  answerChoices: [33m3[39m,
  table: [90mundefined[39m,
  skipSize: [90mundefined[39m,
  fullConfig: {
    learningMode: [32m'standard'[39m,
    totalSteps: [33m1[39m,
    targetNumber: [33m20[39m,
    targetFlex: [33m0[39m,
    rangeMin: [33m1[39m,
    rangeMax: [33m20[39m,
    answerChoices: [33m3[39m,
    difficultyLevel: [33m5[39m,
    phaseSequence: [ [36m[Object][39m ],
    opsEnabled: { [32m'+'[39m: [33mtrue[39m, [32m'-'[39m: [33mfalse[39m, [32m'×'[39m: [33mfalse[39m, [32m'÷'[39m: [33mfalse[39m },
    activeMode: [32m'normal'[39m,
    isMuted: [33mfalse[39m,
    timerOn: [33mfalse[39m,
    quickMindInterval: [33m10[39m,
    darkModeInterval: [33m10[39m,
    modifiersPerStep: [33m1[39m,
    enableVariables: [33mfalse[39m,
    stopwatchSkin: [32m'default'[39m,
    progressionMode: [32m'adaptive'[39m,
    presentationMode: [32m'normal'[39m,
    scriptId: [32m'circuit-climb'[39m
  }
}
[Telemetry][VT:0] GENERATOR_START { startNumber: [33m19[39m, mode: [32m'standard'[39m }
[Telemetry][VT:0] GENERATOR_STEP_CREATED { stepIndex: [33m0[39m, startNumber: [33m19[39m, answer: [33m20[39m }
[STEP TRACE] [
  {
    i: [33m0[39m,
    startNumber: [33m19[39m,
    value: [33m1[39m,
    operation: [32m'+'[39m,
    correctAnswer: [33m20[39m,
    distractors: [ [33m22[39m, [33m20[39m, [33m19[39m ],
    distractorCount: [33m3[39m,
    source: [32m'engine'[39m,
    fallbackUsed: [90mundefined[39m
  }
]
[GEN CONFIG TRACE] {
  mode: [32m'standard'[39m,
  operation: [90mundefined[39m,
  difficulty: [33m5[39m,
  totalSteps: [33m1[39m,
  answerChoices: [33m3[39m,
  table: [90mundefined[39m,
  skipSize: [90mundefined[39m,
  fullConfig: {
    learningMode: [32m'standard'[39m,
    totalSteps: [33m1[39m,
    targetNumber: [33m20[39m,
    targetFlex: [33m0[39m,
    rangeMin: [33m1[39m,
    rangeMax: [33m20[39m,
    answerChoices: [33m3[39m,
    difficultyLevel: [33m5[39m,
    phaseSequence: [ [36m[Object][39m ],
    opsEnabled: { [32m'+'[39m: [33mtrue[39m, [32m'-'[39m: [33mfalse[39m, [32m'×'[39m: [33mfalse[39m, [32m'÷'[39m: [33mfalse[39m },
    activeMode: [32m'normal'[39m,
    isMuted: [33mfalse[39m,
    timerOn: [33mfalse[39m,
    quickMindInterval: [33m10[39m,
    darkModeInterval: [33m10[39m,
    modifiersPerStep: [33m1[39m,
    enableVariables: [33mfalse[39m,
    stopwatchSkin: [32m'default'[39m,
    progressionMode: [32m'adaptive'[39m,
    presentationMode: [32m'normal'[39m,
    scriptId: [32m'circuit-climb'[39m
  }
}
[Telemetry][VT:0] GENERATOR_START { startNumber: [33m1[39m, mode: [32m'standard'[39m }
[Telemetry][VT:0] GENERATOR_STEP_CREATED { stepIndex: [33m0[39m, startNumber: [33m1[39m, answer: [33m14[39m }
[STEP TRACE] [
  {
    i: [33m0[39m,
    startNumber: [33m1[39m,
    value: [33m13[39m,
    operation: [32m'+'[39m,
    correctAnswer: [33m14[39m,
    distractors: [ [33m15[39m, [33m14[39m, [33m13[39m ],
    distractorCount: [33m3[39m,
    source: [32m'engine'[39m,
    fallbackUsed: [90mundefined[39m
  }
]
[GEN CONFIG TRACE] {
  mode: [32m'standard'[39m,
  operation: [90mundefined[39m,
  difficulty: [33m5[39m,
  totalSteps: [33m1[39m,
  answerChoices: [33m3[39m,
  table: [90mundefined[39m,
  skipSize: [90mundefined[39m,
  fullConfig: {
    learningMode: [32m'standard'[39m,
    totalSteps: [33m1[39m,
    targetNumber: [33m20[39m,
    targetFlex: [33m0[39m,
    rangeMin: [33m1[39m,
    rangeMax: [33m20[39m,
    answerChoices: [33m3[39m,
    difficultyLevel: [33m5[39m,
    phaseSequence: [ [36m[Object][39m ],
    opsEnabled: { [32m'+'[39m: [33mtrue[39m, [32m'-'[39m: [33mfalse[39m, [32m'×'[39m: [33mfalse[39m, [32m'÷'[39m: [33mfalse[39m },
    activeMode: [32m'normal'[39m,
    isMuted: [33mfalse[39m,
    timerOn: [33mfalse[39m,
    quickMindInterval: [33m10[39m,
    darkModeInterval: [33m10[39m,
    modifiersPerStep: [33m1[39m,
    enableVariables: [33mfalse[39m,
    stopwatchSkin: [32m'default'[39m,
    progressionMode: [32m'adaptive'[39m,
    presentationMode: [32m'normal'[39m,
    scriptId: [32m'circuit-climb'[39m
  }
}
[Telemetry][VT:0] GENERATOR_START { startNumber: [33m2[39m, mode: [32m'standard'[39m }
[Telemetry][VT:0] GENERATOR_STEP_CREATED { stepIndex: [33m0[39m, startNumber: [33m2[39m, answer: [33m5[39m }
[STEP TRACE] [
  {
    i: [33m0[39m,
    startNumber: [33m2[39m,
    value: [33m3[39m,
    operation: [32m'+'[39m,
    correctAnswer: [33m5[39m,
    distractors: [ [33m5[39m, [33m8[39m, [33m7[39m ],
    distractorCount: [33m3[39m,
    source: [32m'engine'[39m,
    fallbackUsed: [90mundefined[39m
  }
]
[GEN CONFIG TRACE] {
  mode: [32m'standard'[39m,
  operation: [90mundefined[39m,
  difficulty: [33m5[39m,
  totalSteps: [33m1[39m,
  answerChoices: [33m3[39m,
  table: [90mundefined[39m,
  skipSize: [90mundefined[39m,
  fullConfig: {
    learningMode: [32m'standard'[39m,
    totalSteps: [33m1[39m,
    targetNumber: [33m20[39m,
    targetFlex: [33m0[39m,
    rangeMin: [33m1[39m,
    rangeMax: [33m20[39m,
    answerChoices: [33m3[39m,
    difficultyLevel: [33m5[39m,
    phaseSequence: [ [36m[Object][39m ],
    opsEnabled: { [32m'+'[39m: [33mtrue[39m, [32m'-'[39m: [33mfalse[39m, [32m'×'[39m: [33mfalse[39m, [32m'÷'[39m: [33mfalse[39m },
    activeMode: [32m'normal'[39m,
    isMuted: [33mfalse[39m,
    timerOn: [33mfalse[39m,
    quickMindInterval: [33m10[39m,
    darkModeInterval: [33m10[39m,
    modifiersPerStep: [33m1[39m,
    enableVariables: [33mfalse[39m,
    stopwatchSkin: [32m'default'[39m,
    progressionMode: [32m'adaptive'[39m,
    presentationMode: [32m'normal'[39m,
    scriptId: [32m'circuit-climb'[39m
  }
}
[Telemetry][VT:0] GENERATOR_START { startNumber: [33m3[39m, mode: [32m'standard'[39m }
[Telemetry][VT:0] GENERATOR_STEP_CREATED { stepIndex: [33m0[39m, startNumber: [33m3[39m, answer: [33m14[39m }
[STEP TRACE] [
  {
    i: [33m0[39m,
    startNumber: [33m3[39m,
    value: [33m11[39m,
    operation: [32m'+'[39m,
    correctAnswer: [33m14[39m,
    distractors: [ [33m14[39m, [33m12[39m, [33m16[39m ],
    distractorCount: [33m3[39m,
    source: [32m'engine'[39m,
    fallbackUsed: [90mundefined[39m
  }
]
[GEN CONFIG TRACE] {
  mode: [32m'standard'[39m,
  operation: [90mundefined[39m,
  difficulty: [33m5[39m,
  totalSteps: [33m1[39m,
  answerChoices: [33m3[39m,
  table: [90mundefined[39m,
  skipSize: [90mundefined[39m,
  fullConfig: {
    learningMode: [32m'standard'[39m,
    totalSteps: [33m1[39m,
    targetNumber: [33m20[39m,
    targetFlex: [33m0[39m,
    rangeMin: [33m1[39m,
    rangeMax: [33m20[39m,
    answerChoices: [33m3[39m,
    difficultyLevel: [33m5[39m,
    phaseSequence: [ [36m[Object][39m ],
    opsEnabled: { [32m'+'[39m: [33mtrue[39m, [32m'-'[39m: [33mfalse[39m, [32m'×'[39m: [33mfalse[39m, [32m'÷'[39m: [33mfalse[39m },
    activeMode: [32m'normal'[39m,
    isMuted: [33mfalse[39m,
    timerOn: [33mfalse[39m,
    quickMindInterval: [33m10[39m,
    darkModeInterval: [33m10[39m,
    modifiersPerStep: [33m1[39m,
    enableVariables: [33mfalse[39m,
    stopwatchSkin: [32m'default'[39m,
    progressionMode: [32m'adaptive'[39m,
    presentationMode: [32m'normal'[39m,
    scriptId: [32m'circuit-climb'[39m
  }
}
[Telemetry][VT:0] GENERATOR_START { startNumber: [33m4[39m, mode: [32m'standard'[39m }
[Telemetry][VT:0] GENERATOR_STEP_CREATED { stepIndex: [33m0[39m, startNumber: [33m4[39m, answer: [33m16[39m }
[STEP TRACE] [
  {
    i: [33m0[39m,
    startNumber: [33m4[39m,
    value: [33m12[39m,
    operation: [32m'+'[39m,
    correctAnswer: [33m16[39m,
    distractors: [ [33m16[39m, [33m14[39m, [33m17[39m ],
    distractorCount: [33m3[39m,
    source: [32m'engine'[39m,
    fallbackUsed: [90mundefined[39m
  }
]
[GEN CONFIG TRACE] {
  mode: [32m'standard'[39m,
  operation: [90mundefined[39m,
  difficulty: [33m5[39m,
  totalSteps: [33m1[39m,
  answerChoices: [33m3[39m,
  table: [90mundefined[39m,
  skipSize: [90mundefined[39m,
  fullConfig: {
    learningMode: [32m'standard'[39m,
    totalSteps: [33m1[39m,
    targetNumber: [33m20[39m,
    targetFlex: [33m0[39m,
    rangeMin: [33m1[39m,
    rangeMax: [33m20[39m,
    answerChoices: [33m3[39m,
    difficultyLevel: [33m5[39m,
    phaseSequence: [ [36m[Object][39m ],
    opsEnabled: { [32m'+'[39m: [33mtrue[39m, [32m'-'[39m: [33mfalse[39m, [32m'×'[39m: [33mfalse[39m, [32m'÷'[39m: [33mfalse[39m },
    activeMode: [32m'normal'[39m,
    isMuted: [33mfalse[39m,
    timerOn: [33mfalse[39m,
    quickMindInterval: [33m10[39m,
    darkModeInterval: [33m10[39m,
    modifiersPerStep: [33m1[39m,
    enableVariables: [33mfalse[39m,
    stopwatchSkin: [32m'default'[39m,
    progressionMode: [32m'adaptive'[39m,
    presentationMode: [32m'normal'[39m,
    scriptId: [32m'circuit-climb'[39m
  }
}
[Telemetry][VT:0] GENERATOR_START { startNumber: [33m5[39m, mode: [32m'standard'[39m }
[Telemetry][VT:0] GENERATOR_STEP_CREATED { stepIndex: [33m0[39m, startNumber: [33m5[39m, answer: [33m9[39m }
[STEP TRACE] [
  {
    i: [33m0[39m,
    startNumber: [33m5[39m,
    value: [33m4[39m,
    operation: [32m'+'[39m,
    correctAnswer: [33m9[39m,
    distractors: [ [33m8[39m, [33m9[39m, [33m10[39m ],
    distractorCount: [33m3[39m,
    source: [32m'engine'[39m,
    fallbackUsed: [90mundefined[39m
  }
]
[GEN CONFIG TRACE] {
  mode: [32m'standard'[39m,
  operation: [90mundefined[39m,
  difficulty: [33m5[39m,
  totalSteps: [33m1[39m,
  answerChoices: [33m3[39m,
  table: [90mundefined[39m,
  skipSize: [90mundefined[39m,
  fullConfig: {
    learningMode: [32m'standard'[39m,
    totalSteps: [33m1[39m,
    targetNumber: [33m20[39m,
    targetFlex: [33m0[39m,
    rangeMin: [33m1[39m,
    rangeMax: [33m20[39m,
    answerChoices: [33m3[39m,
    difficultyLevel: [33m5[39m,
    phaseSequence: [ [36m[Object][39m ],
    opsEnabled: { [32m'+'[39m: [33mtrue[39m, [32m'-'[39m: [33mfalse[39m, [32m'×'[39m: [33mfalse[39m, [32m'÷'[39m: [33mfalse[39m },
    activeMode: [32m'normal'[39m,
    isMuted: [33mfalse[39m,
    timerOn: [33mfalse[39m,
    quickMindInterval: [33m10[39m,
    darkModeInterval: [33m10[39m,
    modifiersPerStep: [33m1[39m,
    enableVariables: [33mfalse[39m,
    stopwatchSkin: [32m'default'[39m,
    progressionMode: [32m'adaptive'[39m,
    presentationMode: [32m'normal'[39m,
    scriptId: [32m'circuit-climb'[39m
  }
}
[Telemetry][VT:0] GENERATOR_START { startNumber: [33m6[39m, mode: [32m'standard'[39m }
[Telemetry][VT:0] GENERATOR_STEP_CREATED { stepIndex: [33m0[39m, startNumber: [33m6[39m, answer: [33m7[39m }
[STEP TRACE] [
  {
    i: [33m0[39m,
    startNumber: [33m6[39m,
    value: [33m1[39m,
    operation: [32m'+'[39m,
    correctAnswer: [33m7[39m,
    distractors: [ [33m8[39m, [33m5[39m, [33m7[39m ],
    distractorCount: [33m3[39m,
    source: [32m'engine'[39m,
    fallbackUsed: [90mundefined[39m
  }
]
[GEN CONFIG TRACE] {
  mode: [32m'standard'[39m,
  operation: [90mundefined[39m,
  difficulty: [33m5[39m,
  totalSteps: [33m1[39m,
  answerChoices: [33m3[39m,
  table: [90mundefined[39m,
  skipSize: [90mundefined[39m,
  fullConfig: {
    learningMode: [32m'standard'[39m,
    totalSteps: [33m1[39m,
    targetNumber: [33m20[39m,
    targetFlex: [33m0[39m,
    rangeMin: [33m1[39m,
    rangeMax: [33m20[39m,
    answerChoices: [33m3[39m,
    difficultyLevel: [33m5[39m,
    phaseSequence: [ [36m[Object][39m ],
    opsEnabled: { [32m'+'[39m: [33mtrue[39m, [32m'-'[39m: [33mfalse[39m, [32m'×'[39m: [33mfalse[39m, [32m'÷'[39m: [33mfalse[39m },
    activeMode: [32m'normal'[39m,
    isMuted: [33mfalse[39m,
    timerOn: [33mfalse[39m,
    quickMindInterval: [33m10[39m,
    darkModeInterval: [33m10[39m,
    modifiersPerStep: [33m1[39m,
    enableVariables: [33mfalse[39m,
    stopwatchSkin: [32m'default'[39m,
    progressionMode: [32m'adaptive'[39m,
    presentationMode: [32m'normal'[39m,
    scriptId: [32m'circuit-climb'[39m
  }
}
[Telemetry][VT:0] GENERATOR_START { startNumber: [33m7[39m, mode: [32m'standard'[39m }
[Telemetry][VT:0] GENERATOR_STEP_CREATED { stepIndex: [33m0[39m, startNumber: [33m7[39m, answer: [33m9[39m }
[STEP TRACE] [
  {
    i: [33m0[39m,
    startNumber: [33m7[39m,
    value: [33m2[39m,
    operation: [32m'+'[39m,
    correctAnswer: [33m9[39m,
    distractors: [ [33m9[39m, [33m7[39m, [33m6[39m ],
    distractorCount: [33m3[39m,
    source: [32m'engine'[39m,
    fallbackUsed: [90mundefined[39m
  }
]
[GEN CONFIG TRACE] {
  mode: [32m'standard'[39m,
  operation: [90mundefined[39m,
  difficulty: [33m5[39m,
  totalSteps: [33m1[39m,
  answerChoices: [33m3[39m,
  table: [90mundefined[39m,
  skipSize: [90mundefined[39m,
  fullConfig: {
    learningMode: [32m'standard'[39m,
    totalSteps: [33m1[39m,
    targetNumber: [33m20[39m,
    targetFlex: [33m0[39m,
    rangeMin: [33m1[39m,
    rangeMax: [33m20[39m,
    answerChoices: [33m3[39m,
    difficultyLevel: [33m5[39m,
    phaseSequence: [ [36m[Object][39m ],
    opsEnabled: { [32m'+'[39m: [33mtrue[39m, [32m'-'[39m: [33mfalse[39m, [32m'×'[39m: [33mfalse[39m, [32m'÷'[39m: [33mfalse[39m },
    activeMode: [32m'normal'[39m,
    isMuted: [33mfalse[39m,
    timerOn: [33mfalse[39m,
    quickMindInterval: [33m10[39m,
    darkModeInterval: [33m10[39m,
    modifiersPerStep: [33m1[39m,
    enableVariables: [33mfalse[39m,
    stopwatchSkin: [32m'default'[39m,
    progressionMode: [32m'adaptive'[39m,
    presentationMode: [32m'normal'[39m,
    scriptId: [32m'circuit-climb'[39m
  }
}
[Telemetry][VT:0] GENERATOR_START { startNumber: [33m8[39m, mode: [32m'standard'[39m }
[Telemetry][VT:0] GENERATOR_STEP_CREATED { stepIndex: [33m0[39m, startNumber: [33m8[39m, answer: [33m9[39m }
[STEP TRACE] [
  {
    i: [33m0[39m,
    startNumber: [33m8[39m,
    value: [33m1[39m,
    operation: [32m'+'[39m,
    correctAnswer: [33m9[39m,
    distractors: [ [33m8[39m, [33m9[39m, [33m6[39m ],
    distractorCount: [33m3[39m,
    source: [32m'engine'[39m,
    fallbackUsed: [90mundefined[39m
  }
]
[GEN CONFIG TRACE] {
  mode: [32m'standard'[39m,
  operation: [90mundefined[39m,
  difficulty: [33m5[39m,
  totalSteps: [33m1[39m,
  answerChoices: [33m3[39m,
  table: [90mundefined[39m,
  skipSize: [90mundefined[39m,
  fullConfig: {
    learningMode: [32m'standard'[39m,
    totalSteps: [33m1[39m,
    targetNumber: [33m20[39m,
    targetFlex: [33m0[39m,
    rangeMin: [33m1[39m,
    rangeMax: [33m20[39m,
    answerChoices: [33m3[39m,
    difficultyLevel: [33m5[39m,
    phaseSequence: [ [36m[Object][39m ],
    opsEnabled: { [32m'+'[39m: [33mtrue[39m, [32m'-'[39m: [33mfalse[39m, [32m'×'[39m: [33mfalse[39m, [32m'÷'[39m: [33mfalse[39m },
    activeMode: [32m'normal'[39m,
    isMuted: [33mfalse[39m,
    timerOn: [33mfalse[39m,
    quickMindInterval: [33m10[39m,
    darkModeInterval: [33m10[39m,
    modifiersPerStep: [33m1[39m,
    enableVariables: [33mfalse[39m,
    stopwatchSkin: [32m'default'[39m,
    progressionMode: [32m'adaptive'[39m,
    presentationMode: [32m'normal'[39m,
    scriptId: [32m'circuit-climb'[39m
  }
}
[Telemetry][VT:0] GENERATOR_START { startNumber: [33m9[39m, mode: [32m'standard'[39m }
[Telemetry][VT:0] GENERATOR_STEP_CREATED { stepIndex: [33m0[39m, startNumber: [33m9[39m, answer: [33m12[39m }
[STEP TRACE] [
  {
    i: [33m0[39m,
    startNumber: [33m9[39m,
    value: [33m3[39m,
    operation: [32m'+'[39m,
    correctAnswer: [33m12[39m,
    distractors: [ [33m12[39m, [33m11[39m, [33m15[39m ],
    distractorCount: [33m3[39m,
    source: [32m'engine'[39m,
    fallbackUsed: [90mundefined[39m
  }
]
[GEN CONFIG TRACE] {
  mode: [32m'standard'[39m,
  operation: [90mundefined[39m,
  difficulty: [33m5[39m,
  totalSteps: [33m1[39m,
  answerChoices: [33m3[39m,
  table: [90mundefined[39m,
  skipSize: [90mundefined[39m,
  fullConfig: {
    learningMode: [32m'standard'[39m,
    totalSteps: [33m1[39m,
    targetNumber: [33m20[39m,
    targetFlex: [33m0[39m,
    rangeMin: [33m1[39m,
    rangeMax: [33m20[39m,
    answerChoices: [33m3[39m,
    difficultyLevel: [33m5[39m,
    phaseSequence: [ [36m[Object][39m ],
    opsEnabled: { [32m'+'[39m: [33mtrue[39m, [32m'-'[39m: [33mfalse[39m, [32m'×'[39m: [33mfalse[39m, [32m'÷'[39m: [33mfalse[39m },
    activeMode: [32m'normal'[39m,
    isMuted: [33mfalse[39m,
    timerOn: [33mfalse[39m,
    quickMindInterval: [33m10[39m,
    darkModeInterval: [33m10[39m,
    modifiersPerStep: [33m1[39m,
    enableVariables: [33mfalse[39m,
    stopwatchSkin: [32m'default'[39m,
    progressionMode: [32m'adaptive'[39m,
    presentationMode: [32m'normal'[39m,
    scriptId: [32m'circuit-climb'[39m
  }
}
[Telemetry][VT:0] GENERATOR_START { startNumber: [33m10[39m, mode: [32m'standard'[39m }
[Telemetry][VT:0] GENERATOR_STEP_CREATED { stepIndex: [33m0[39m, startNumber: [33m10[39m, answer: [33m14[39m }
[STEP TRACE] [
  {
    i: [33m0[39m,
    startNumber: [33m10[39m,
    value: [33m4[39m,
    operation: [32m'+'[39m,
    correctAnswer: [33m14[39m,
    distractors: [ [33m11[39m, [33m14[39m, [33m16[39m ],
    distractorCount: [33m3[39m,
    source: [32m'engine'[39m,
    fallbackUsed: [90mundefined[39m
  }
]
[GEN CONFIG TRACE] {
  mode: [32m'standard'[39m,
  operation: [90mundefined[39m,
  difficulty: [33m5[39m,
  totalSteps: [33m1[39m,
  answerChoices: [33m3[39m,
  table: [90mundefined[39m,
  skipSize: [90mundefined[39m,
  fullConfig: {
    learningMode: [32m'standard'[39m,
    totalSteps: [33m1[39m,
    targetNumber: [33m20[39m,
    targetFlex: [33m0[39m,
    rangeMin: [33m1[39m,
    rangeMax: [33m20[39m,
    answerChoices: [33m3[39m,
    difficultyLevel: [33m5[39m,
    phaseSequence: [ [36m[Object][39m ],
    opsEnabled: { [32m'+'[39m: [33mtrue[39m, [32m'-'[39m: [33mfalse[39m, [32m'×'[39m: [33mfalse[39m, [32m'÷'[39m: [33mfalse[39m },
    activeMode: [32m'normal'[39m,
    isMuted: [33mfalse[39m,
    timerOn: [33mfalse[39m,
    quickMindInterval: [33m10[39m,
    darkModeInterval: [33m10[39m,
    modifiersPerStep: [33m1[39m,
    enableVariables: [33mfalse[39m,
    stopwatchSkin: [32m'default'[39m,
    progressionMode: [32m'adaptive'[39m,
    presentationMode: [32m'normal'[39m,
    scriptId: [32m'circuit-climb'[39m
  }
}
[Telemetry][VT:0] GENERATOR_START { startNumber: [33m11[39m, mode: [32m'standard'[39m }
[Telemetry][VT:0] GENERATOR_STEP_CREATED { stepIndex: [33m0[39m, startNumber: [33m11[39m, answer: [33m12[39m }
[STEP TRACE] [
  {
    i: [33m0[39m,
    startNumber: [33m11[39m,
    value: [33m1[39m,
    operation: [32m'+'[39m,
    correctAnswer: [33m12[39m,
    distractors: [ [33m11[39m, [33m15[39m, [33m12[39m ],
    distractorCount: [33m3[39m,
    source: [32m'engine'[39m,
    fallbackUsed: [90mundefined[39m
  }
]
[GEN CONFIG TRACE] {
  mode: [32m'standard'[39m,
  operation: [90mundefined[39m,
  difficulty: [33m5[39m,
  totalSteps: [33m1[39m,
  answerChoices: [33m3[39m,
  table: [90mundefined[39m,
  skipSize: [90mundefined[39m,
  fullConfig: {
    learningMode: [32m'standard'[39m,
    totalSteps: [33m1[39m,
    targetNumber: [33m20[39m,
    targetFlex: [33m0[39m,
    rangeMin: [33m1[39m,
    rangeMax: [33m20[39m,
    answerChoices: [33m3[39m,
    difficultyLevel: [33m5[39m,
    phaseSequence: [ [36m[Object][39m ],
    opsEnabled: { [32m'+'[39m: [33mtrue[39m, [32m'-'[39m: [33mfalse[39m, [32m'×'[39m: [33mfalse[39m, [32m'÷'[39m: [33mfalse[39m },
    activeMode: [32m'normal'[39m,
    isMuted: [33mfalse[39m,
    timerOn: [33mfalse[39m,
    quickMindInterval: [33m10[39m,
    darkModeInterval: [33m10[39m,
    modifiersPerStep: [33m1[39m,
    enableVariables: [33mfalse[39m,
    stopwatchSkin: [32m'default'[39m,
    progressionMode: [32m'adaptive'[39m,
    presentationMode: [32m'normal'[39m,
    scriptId: [32m'circuit-climb'[39m
  }
}
[Telemetry][VT:0] GENERATOR_START { startNumber: [33m12[39m, mode: [32m'standard'[39m }
[Telemetry][VT:0] GENERATOR_STEP_CREATED { stepIndex: [33m0[39m, startNumber: [33m12[39m, answer: [33m13[39m }
[STEP TRACE] [
  {
    i: [33m0[39m,
    startNumber: [33m12[39m,
    value: [33m1[39m,
    operation: [32m'+'[39m,
    correctAnswer: [33m13[39m,
    distractors: [ [33m13[39m, [33m16[39m, [33m12[39m ],
    distractorCount: [33m3[39m,
    source: [32m'engine'[39m,
    fallbackUsed: [90mundefined[39m
  }
]
[GEN CONFIG TRACE] {
  mode: [32m'standard'[39m,
  operation: [90mundefined[39m,
  difficulty: [33m5[39m,
  totalSteps: [33m1[39m,
  answerChoices: [33m3[39m,
  table: [90mundefined[39m,
  skipSize: [90mundefined[39m,
  fullConfig: {
    learningMode: [32m'standard'[39m,
    totalSteps: [33m1[39m,
    targetNumber: [33m20[39m,
    targetFlex: [33m0[39m,
    rangeMin: [33m1[39m,
    rangeMax: [33m20[39m,
    answerChoices: [33m3[39m,
    difficultyLevel: [33m5[39m,
    phaseSequence: [ [36m[Object][39m ],
    opsEnabled: { [32m'+'[39m: [33mtrue[39m, [32m'-'[39m: [33mfalse[39m, [32m'×'[39m: [33mfalse[39m, [32m'÷'[39m: [33mfalse[39m },
    activeMode: [32m'normal'[39m,
    isMuted: [33mfalse[39m,
    timerOn: [33mfalse[39m,
    quickMindInterval: [33m10[39m,
    darkModeInterval: [33m10[39m,
    modifiersPerStep: [33m1[39m,
    enableVariables: [33mfalse[39m,
    stopwatchSkin: [32m'default'[39m,
    progressionMode: [32m'adaptive'[39m,
    presentationMode: [32m'normal'[39m,
    scriptId: [32m'circuit-climb'[39m
  }
}
[Telemetry][VT:0] GENERATOR_START { startNumber: [33m13[39m, mode: [32m'standard'[39m }
[Telemetry][VT:0] GENERATOR_STEP_CREATED { stepIndex: [33m0[39m, startNumber: [33m13[39m, answer: [33m17[39m }
[STEP TRACE] [
  {
    i: [33m0[39m,
    startNumber: [33m13[39m,
    value: [33m4[39m,
    operation: [32m'+'[39m,
    correctAnswer: [33m17[39m,
    distractors: [ [33m19[39m, [33m17[39m, [33m14[39m ],
    distractorCount: [33m3[39m,
    source: [32m'engine'[39m,
    fallbackUsed: [90mundefined[39m
  }
]
[GEN CONFIG TRACE] {
  mode: [32m'standard'[39m,
  operation: [90mundefined[39m,
  difficulty: [33m5[39m,
  totalSteps: [33m1[39m,
  answerChoices: [33m3[39m,
  table: [90mundefined[39m,
  skipSize: [90mundefined[39m,
  fullConfig: {
    learningMode: [32m'standard'[39m,
    totalSteps: [33m1[39m,
    targetNumber: [33m20[39m,
    targetFlex: [33m0[39m,
    rangeMin: [33m1[39m,
    rangeMax: [33m20[39m,
    answerChoices: [33m3[39m,
    difficultyLevel: [33m5[39m,
    phaseSequence: [ [36m[Object][39m ],
    opsEnabled: { [32m'+'[39m: [33mtrue[39m, [32m'-'[39m: [33mfalse[39m, [32m'×'[39m: [33mfalse[39m, [32m'÷'[39m: [33mfalse[39m },
    activeMode: [32m'normal'[39m,
    isMuted: [33mfalse[39m,
    timerOn: [33mfalse[39m,
    quickMindInterval: [33m10[39m,
    darkModeInterval: [33m10[39m,
    modifiersPerStep: [33m1[39m,
    enableVariables: [33mfalse[39m,
    stopwatchSkin: [32m'default'[39m,
    progressionMode: [32m'adaptive'[39m,
    presentationMode: [32m'normal'[39m,
    scriptId: [32m'circuit-climb'[39m
  }
}
[Telemetry][VT:0] GENERATOR_START { startNumber: [33m14[39m, mode: [32m'standard'[39m }
[Telemetry][VT:0] GENERATOR_STEP_CREATED { stepIndex: [33m0[39m, startNumber: [33m14[39m, answer: [33m18[39m }
[STEP TRACE] [
  {
    i: [33m0[39m,
    startNumber: [33m14[39m,
    value: [33m4[39m,
    operation: [32m'+'[39m,
    correctAnswer: [33m18[39m,
    distractors: [ [33m18[39m, [33m15[39m, [33m19[39m ],
    distractorCount: [33m3[39m,
    source: [32m'engine'[39m,
    fallbackUsed: [90mundefined[39m
  }
]
[GEN CONFIG TRACE] {
  mode: [32m'standard'[39m,
  operation: [90mundefined[39m,
  difficulty: [33m5[39m,
  totalSteps: [33m1[39m,
  answerChoices: [33m3[39m,
  table: [90mundefined[39m,
  skipSize: [90mundefined[39m,
  fullConfig: {
    learningMode: [32m'standard'[39m,
    totalSteps: [33m1[39m,
    targetNumber: [33m20[39m,
    targetFlex: [33m0[39m,
    rangeMin: [33m1[39m,
    rangeMax: [33m20[39m,
    answerChoices: [33m3[39m,
    difficultyLevel: [33m5[39m,
    phaseSequence: [ [36m[Object][39m ],
    opsEnabled: { [32m'+'[39m: [33mtrue[39m, [32m'-'[39m: [33mfalse[39m, [32m'×'[39m: [33mfalse[39m, [32m'÷'[39m: [33mfalse[39m },
    activeMode: [32m'normal'[39m,
    isMuted: [33mfalse[39m,
    timerOn: [33mfalse[39m,
    quickMindInterval: [33m10[39m,
    darkModeInterval: [33m10[39m,
    modifiersPerStep: [33m1[39m,
    enableVariables: [33mfalse[39m,
    stopwatchSkin: [32m'default'[39m,
    progressionMode: [32m'adaptive'[39m,
    presentationMode: [32m'normal'[39m,
    scriptId: [32m'circuit-climb'[39m
  }
}
[Telemetry][VT:0] GENERATOR_START { startNumber: [33m15[39m, mode: [32m'standard'[39m }
[Telemetry][VT:0] GENERATOR_STEP_CREATED { stepIndex: [33m0[39m, startNumber: [33m15[39m, answer: [33m16[39m }
[STEP TRACE] [
  {
    i: [33m0[39m,
    startNumber: [33m15[39m,
    value: [33m1[39m,
    operation: [32m'+'[39m,
    correctAnswer: [33m16[39m,
    distractors: [ [33m13[39m, [33m18[39m, [33m16[39m ],
    distractorCount: [33m3[39m,
    source: [32m'engine'[39m,
    fallbackUsed: [90mundefined[39m
  }
]
[GEN CONFIG TRACE] {
  mode: [32m'standard'[39m,
  operation: [90mundefined[39m,
  difficulty: [33m5[39m,
  totalSteps: [33m1[39m,
  answerChoices: [33m3[39m,
  table: [90mundefined[39m,
  skipSize: [90mundefined[39m,
  fullConfig: {
    learningMode: [32m'standard'[39m,
    totalSteps: [33m1[39m,
    targetNumber: [33m20[39m,
    targetFlex: [33m0[39m,
    rangeMin: [33m1[39m,
    rangeMax: [33m20[39m,
    answerChoices: [33m3[39m,
    difficultyLevel: [33m5[39m,
    phaseSequence: [ [36m[Object][39m ],
    opsEnabled: { [32m'+'[39m: [33mtrue[39m, [32m'-'[39m: [33mfalse[39m, [32m'×'[39m: [33mfalse[39m, [32m'÷'[39m: [33mfalse[39m },
    activeMode: [32m'normal'[39m,
    isMuted: [33mfalse[39m,
    timerOn: [33mfalse[39m,
    quickMindInterval: [33m10[39m,
    darkModeInterval: [33m10[39m,
    modifiersPerStep: [33m1[39m,
    enableVariables: [33mfalse[39m,
    stopwatchSkin: [32m'default'[39m,
    progressionMode: [32m'adaptive'[39m,
    presentationMode: [32m'normal'[39m,
    scriptId: [32m'circuit-climb'[39m
  }
}
[Telemetry][VT:0] GENERATOR_START { startNumber: [33m16[39m, mode: [32m'standard'[39m }
[Telemetry][VT:0] GENERATOR_STEP_CREATED { stepIndex: [33m0[39m, startNumber: [33m16[39m, answer: [33m20[39m }
[STEP TRACE] [
  {
    i: [33m0[39m,
    startNumber: [33m16[39m,
    value: [33m4[39m,
    operation: [32m'+'[39m,
    correctAnswer: [33m20[39m,
    distractors: [ [33m17[39m, [33m19[39m, [33m20[39m ],
    distractorCount: [33m3[39m,
    source: [32m'engine'[39m,
    fallbackUsed: [90mundefined[39m
  }
]
[GEN CONFIG TRACE] {
  mode: [32m'standard'[39m,
  operation: [90mundefined[39m,
  difficulty: [33m5[39m,
  totalSteps: [33m1[39m,
  answerChoices: [33m3[39m,
  table: [90mundefined[39m,
  skipSize: [90mundefined[39m,
  fullConfig: {
    learningMode: [32m'standard'[39m,
    totalSteps: [33m1[39m,
    targetNumber: [33m20[39m,
    targetFlex: [33m0[39m,
    rangeMin: [33m1[39m,
    rangeMax: [33m20[39m,
    answerChoices: [33m3[39m,
    difficultyLevel: [33m5[39m,
    phaseSequence: [ [36m[Object][39m ],
    opsEnabled: { [32m'+'[39m: [33mtrue[39m, [32m'-'[39m: [33mfalse[39m, [32m'×'[39m: [33mfalse[39m, [32m'÷'[39m: [33mfalse[39m },
    activeMode: [32m'normal'[39m,
    isMuted: [33mfalse[39m,
    timerOn: [33mfalse[39m,
    quickMindInterval: [33m10[39m,
    darkModeInterval: [33m10[39m,
    modifiersPerStep: [33m1[39m,
    enableVariables: [33mfalse[39m,
    stopwatchSkin: [32m'default'[39m,
    progressionMode: [32m'adaptive'[39m,
    presentationMode: [32m'normal'[39m,
    scriptId: [32m'circuit-climb'[39m
  }
}
[Telemetry][VT:0] GENERATOR_START { startNumber: [33m17[39m, mode: [32m'standard'[39m }
[Telemetry][VT:0] GENERATOR_STEP_CREATED { stepIndex: [33m0[39m, startNumber: [33m17[39m, answer: [33m19[39m }
[STEP TRACE] [
  {
    i: [33m0[39m,
    startNumber: [33m17[39m,
    value: [33m2[39m,
    operation: [32m'+'[39m,
    correctAnswer: [33m19[39m,
    distractors: [ [33m17[39m, [33m19[39m, [33m21[39m ],
    distractorCount: [33m3[39m,
    source: [32m'engine'[39m,
    fallbackUsed: [90mundefined[39m
  }
]
[GEN CONFIG TRACE] {
  mode: [32m'standard'[39m,
  operation: [90mundefined[39m,
  difficulty: [33m5[39m,
  totalSteps: [33m1[39m,
  answerChoices: [33m3[39m,
  table: [90mundefined[39m,
  skipSize: [90mundefined[39m,
  fullConfig: {
    learningMode: [32m'standard'[39m,
    totalSteps: [33m1[39m,
    targetNumber: [33m20[39m,
    targetFlex: [33m0[39m,
    rangeMin: [33m1[39m,
    rangeMax: [33m20[39m,
    answerChoices: [33m3[39m,
    difficultyLevel: [33m5[39m,
    phaseSequence: [ [36m[Object][39m ],
    opsEnabled: { [32m'+'[39m: [33mtrue[39m, [32m'-'[39m: [33mfalse[39m, [32m'×'[39m: [33mfalse[39m, [32m'÷'[39m: [33mfalse[39m },
    activeMode: [32m'normal'[39m,
    isMuted: [33mfalse[39m,
    timerOn: [33mfalse[39m,
    quickMindInterval: [33m10[39m,
    darkModeInterval: [33m10[39m,
    modifiersPerStep: [33m1[39m,
    enableVariables: [33mfalse[39m,
    stopwatchSkin: [32m'default'[39m,
    progressionMode: [32m'adaptive'[39m,
    presentationMode: [32m'normal'[39m,
    scriptId: [32m'circuit-climb'[39m
  }
}
[Telemetry][VT:0] GENERATOR_START { startNumber: [33m18[39m, mode: [32m'standard'[39m }
[Telemetry][VT:0] GENERATOR_STEP_CREATED { stepIndex: [33m0[39m, startNumber: [33m18[39m, answer: [33m20[39m }
[STEP TRACE] [
  {
    i: [33m0[39m,
    startNumber: [33m18[39m,
    value: [33m2[39m,
    operation: [32m'+'[39m,
    correctAnswer: [33m20[39m,
    distractors: [ [33m20[39m, [33m17[39m, [33m19[39m ],
    distractorCount: [33m3[39m,
    source: [32m'engine'[39m,
    fallbackUsed: [90mundefined[39m
  }
]
[GEN CONFIG TRACE] {
  mode: [32m'standard'[39m,
  operation: [90mundefined[39m,
  difficulty: [33m5[39m,
  totalSteps: [33m1[39m,
  answerChoices: [33m3[39m,
  table: [90mundefined[39m,
  skipSize: [90mundefined[39m,
  fullConfig: {
    learningMode: [32m'standard'[39m,
    totalSteps: [33m1[39m,
    targetNumber: [33m20[39m,
    targetFlex: [33m0[39m,
    rangeMin: [33m1[39m,
    rangeMax: [33m20[39m,
    answerChoices: [33m3[39m,
    difficultyLevel: [33m5[39m,
    phaseSequence: [ [36m[Object][39m ],
    opsEnabled: { [32m'+'[39m: [33mtrue[39m, [32m'-'[39m: [33mfalse[39m, [32m'×'[39m: [33mfalse[39m, [32m'÷'[39m: [33mfalse[39m },
    activeMode: [32m'normal'[39m,
    isMuted: [33mfalse[39m,
    timerOn: [33mfalse[39m,
    quickMindInterval: [33m10[39m,
    darkModeInterval: [33m10[39m,
    modifiersPerStep: [33m1[39m,
    enableVariables: [33mfalse[39m,
    stopwatchSkin: [32m'default'[39m,
    progressionMode: [32m'adaptive'[39m,
    presentationMode: [32m'normal'[39m,
    scriptId: [32m'circuit-climb'[39m
  }
}
[Telemetry][VT:0] GENERATOR_START { startNumber: [33m19[39m, mode: [32m'standard'[39m }
[Telemetry][VT:0] GENERATOR_STEP_CREATED { stepIndex: [33m0[39m, startNumber: [33m19[39m, answer: [33m20[39m }
[STEP TRACE] [
  {
    i: [33m0[39m,
    startNumber: [33m19[39m,
    value: [33m1[39m,
    operation: [32m'+'[39m,
    correctAnswer: [33m20[39m,
    distractors: [ [33m23[39m, [33m20[39m, [33m17[39m ],
    distractorCount: [33m3[39m,
    source: [32m'engine'[39m,
    fallbackUsed: [90mundefined[39m
  }
]
[GEN CONFIG TRACE] {
  mode: [32m'standard'[39m,
  operation: [90mundefined[39m,
  difficulty: [33m5[39m,
  totalSteps: [33m1[39m,
  answerChoices: [33m3[39m,
  table: [90mundefined[39m,
  skipSize: [90mundefined[39m,
  fullConfig: {
    learningMode: [32m'standard'[39m,
    totalSteps: [33m1[39m,
    targetNumber: [33m20[39m,
    targetFlex: [33m0[39m,
    rangeMin: [33m1[39m,
    rangeMax: [33m20[39m,
    answerChoices: [33m3[39m,
    difficultyLevel: [33m5[39m,
    phaseSequence: [ [36m[Object][39m ],
    opsEnabled: { [32m'+'[39m: [33mtrue[39m, [32m'-'[39m: [33mfalse[39m, [32m'×'[39m: [33mfalse[39m, [32m'÷'[39m: [33mfalse[39m },
    activeMode: [32m'normal'[39m,
    isMuted: [33mfalse[39m,
    timerOn: [33mfalse[39m,
    quickMindInterval: [33m10[39m,
    darkModeInterval: [33m10[39m,
    modifiersPerStep: [33m1[39m,
    enableVariables: [33mfalse[39m,
    stopwatchSkin: [32m'default'[39m,
    progressionMode: [32m'adaptive'[39m,
    presentationMode: [32m'normal'[39m,
    scriptId: [32m'circuit-climb'[39m
  }
}
[Telemetry][VT:0] GENERATOR_START { startNumber: [33m1[39m, mode: [32m'standard'[39m }
[Telemetry][VT:0] GENERATOR_STEP_CREATED { stepIndex: [33m0[39m, startNumber: [33m1[39m, answer: [33m12[39m }
[STEP TRACE] [
  {
    i: [33m0[39m,
    startNumber: [33m1[39m,
    value: [33m11[39m,
    operation: [32m'+'[39m,
    correctAnswer: [33m12[39m,
    distractors: [ [33m12[39m, [33m14[39m, [33m9[39m ],
    distractorCount: [33m3[39m,
    source: [32m'engine'[39m,
    fallbackUsed: [90mundefined[39m
  }
]
[GEN CONFIG TRACE] {
  mode: [32m'standard'[39m,
  operation: [90mundefined[39m,
  difficulty: [33m5[39m,
  totalSteps: [33m1[39m,
  answerChoices: [33m3[39m,
  table: [90mundefined[39m,
  skipSize: [90mundefined[39m,
  fullConfig: {
    learningMode: [32m'standard'[39m,
    totalSteps: [33m1[39m,
    targetNumber: [33m20[39m,
    targetFlex: [33m0[39m,
    rangeMin: [33m1[39m,
    rangeMax: [33m20[39m,
    answerChoices: [33m3[39m,
    difficultyLevel: [33m5[39m,
    phaseSequence: [ [36m[Object][39m ],
    opsEnabled: { [32m'+'[39m: [33mtrue[39m, [32m'-'[39m: [33mfalse[39m, [32m'×'[39m: [33mfalse[39m, [32m'÷'[39m: [33mfalse[39m },
    activeMode: [32m'normal'[39m,
    isMuted: [33mfalse[39m,
    timerOn: [33mfalse[39m,
    quickMindInterval: [33m10[39m,
    darkModeInterval: [33m10[39m,
    modifiersPerStep: [33m1[39m,
    enableVariables: [33mfalse[39m,
    stopwatchSkin: [32m'default'[39m,
    progressionMode: [32m'adaptive'[39m,
    presentationMode: [32m'normal'[39m,
    scriptId: [32m'circuit-climb'[39m
  }
}
[Telemetry][VT:0] GENERATOR_START { startNumber: [33m2[39m, mode: [32m'standard'[39m }
[Telemetry][VT:0] GENERATOR_STEP_CREATED { stepIndex: [33m0[39m, startNumber: [33m2[39m, answer: [33m7[39m }
[STEP TRACE] [
  {
    i: [33m0[39m,
    startNumber: [33m2[39m,
    value: [33m5[39m,
    operation: [32m'+'[39m,
    correctAnswer: [33m7[39m,
    distractors: [ [33m7[39m, [33m9[39m, [33m4[39m ],
    distractorCount: [33m3[39m,
    source: [32m'engine'[39m,
    fallbackUsed: [90mundefined[39m
  }
]
[GEN CONFIG TRACE] {
  mode: [32m'standard'[39m,
  operation: [90mundefined[39m,
  difficulty: [33m5[39m,
  totalSteps: [33m1[39m,
  answerChoices: [33m3[39m,
  table: [90mundefined[39m,
  skipSize: [90mundefined[39m,
  fullConfig: {
    learningMode: [32m'standard'[39m,
    totalSteps: [33m1[39m,
    targetNumber: [33m20[39m,
    targetFlex: [33m0[39m,
    rangeMin: [33m1[39m,
    rangeMax: [33m20[39m,
    answerChoices: [33m3[39m,
    difficultyLevel: [33m5[39m,
    phaseSequence: [ [36m[Object][39m ],
    opsEnabled: { [32m'+'[39m: [33mtrue[39m, [32m'-'[39m: [33mfalse[39m, [32m'×'[39m: [33mfalse[39m, [32m'÷'[39m: [33mfalse[39m },
    activeMode: [32m'normal'[39m,
    isMuted: [33mfalse[39m,
    timerOn: [33mfalse[39m,
    quickMindInterval: [33m10[39m,
    darkModeInterval: [33m10[39m,
    modifiersPerStep: [33m1[39m,
    enableVariables: [33mfalse[39m,
    stopwatchSkin: [32m'default'[39m,
    progressionMode: [32m'adaptive'[39m,
    presentationMode: [32m'normal'[39m,
    scriptId: [32m'circuit-climb'[39m
  }
}
[Telemetry][VT:0] GENERATOR_START { startNumber: [33m3[39m, mode: [32m'standard'[39m }
[Telemetry][VT:0] GENERATOR_STEP_CREATED { stepIndex: [33m0[39m, startNumber: [33m3[39m, answer: [33m13[39m }
[STEP TRACE] [
  {
    i: [33m0[39m,
    startNumber: [33m3[39m,
    value: [33m10[39m,
    operation: [32m'+'[39m,
    correctAnswer: [33m13[39m,
    distractors: [ [33m16[39m, [33m13[39m, [33m11[39m ],
    distractorCount: [33m3[39m,
    source: [32m'engine'[39m,
    fallbackUsed: [90mundefined[39m
  }
]
[GEN CONFIG TRACE] {
  mode: [32m'standard'[39m,
  operation: [90mundefined[39m,
  difficulty: [33m5[39m,
  totalSteps: [33m1[39m,
  answerChoices: [33m3[39m,
  table: [90mundefined[39m,
  skipSize: [90mundefined[39m,
  fullConfig: {
    learningMode: [32m'standard'[39m,
    totalSteps: [33m1[39m,
    targetNumber: [33m20[39m,
    targetFlex: [33m0[39m,
    rangeMin: [33m1[39m,
    rangeMax: [33m20[39m,
    answerChoices: [33m3[39m,
    difficultyLevel: [33m5[39m,
    phaseSequence: [ [36m[Object][39m ],
    opsEnabled: { [32m'+'[39m: [33mtrue[39m, [32m'-'[39m: [33mfalse[39m, [32m'×'[39m: [33mfalse[39m, [32m'÷'[39m: [33mfalse[39m },
    activeMode: [32m'normal'[39m,
    isMuted: [33mfalse[39m,
    timerOn: [33mfalse[39m,
    quickMindInterval: [33m10[39m,
    darkModeInterval: [33m10[39m,
    modifiersPerStep: [33m1[39m,
    enableVariables: [33mfalse[39m,
    stopwatchSkin: [32m'default'[39m,
    progressionMode: [32m'adaptive'[39m,
    presentationMode: [32m'normal'[39m,
    scriptId: [32m'circuit-climb'[39m
  }
}
[Telemetry][VT:0] GENERATOR_START { startNumber: [33m4[39m, mode: [32m'standard'[39m }
[Telemetry][VT:0] GENERATOR_STEP_CREATED { stepIndex: [33m0[39m, startNumber: [33m4[39m, answer: [33m5[39m }
[STEP TRACE] [
  {
    i: [33m0[39m,
    startNumber: [33m4[39m,
    value: [33m1[39m,
    operation: [32m'+'[39m,
    correctAnswer: [33m5[39m,
    distractors: [ [33m7[39m, [33m5[39m, [33m3[39m ],
    distractorCount: [33m3[39m,
    source: [32m'engine'[39m,
    fallbackUsed: [90mundefined[39m
  }
]
[GEN CONFIG TRACE] {
  mode: [32m'standard'[39m,
  operation: [90mundefined[39m,
  difficulty: [33m5[39m,
  totalSteps: [33m1[39m,
  answerChoices: [33m3[39m,
  table: [90mundefined[39m,
  skipSize: [90mundefined[39m,
  fullConfig: {
    learningMode: [32m'standard'[39m,
    totalSteps: [33m1[39m,
    targetNumber: [33m20[39m,
    targetFlex: [33m0[39m,
    rangeMin: [33m1[39m,
    rangeMax: [33m20[39m,
    answerChoices: [33m3[39m,
    difficultyLevel: [33m5[39m,
    phaseSequence: [ [36m[Object][39m ],
    opsEnabled: { [32m'+'[39m: [33mtrue[39m, [32m'-'[39m: [33mfalse[39m, [32m'×'[39m: [33mfalse[39m, [32m'÷'[39m: [33mfalse[39m },
    activeMode: [32m'normal'[39m,
    isMuted: [33mfalse[39m,
    timerOn: [33mfalse[39m,
    quickMindInterval: [33m10[39m,
    darkModeInterval: [33m10[39m,
    modifiersPerStep: [33m1[39m,
    enableVariables: [33mfalse[39m,
    stopwatchSkin: [32m'default'[39m,
    progressionMode: [32m'adaptive'[39m,
    presentationMode: [32m'normal'[39m,
    scriptId: [32m'circuit-climb'[39m
  }
}
[Telemetry][VT:0] GENERATOR_START { startNumber: [33m5[39m, mode: [32m'standard'[39m }
[Telemetry][VT:0] GENERATOR_STEP_CREATED { stepIndex: [33m0[39m, startNumber: [33m5[39m, answer: [33m11[39m }
[STEP TRACE] [
  {
    i: [33m0[39m,
    startNumber: [33m5[39m,
    value: [33m6[39m,
    operation: [32m'+'[39m,
    correctAnswer: [33m11[39m,
    distractors: [ [33m13[39m, [33m10[39m, [33m11[39m ],
    distractorCount: [33m3[39m,
    source: [32m'engine'[39m,
    fallbackUsed: [90mundefined[39m
  }
]
[GEN CONFIG TRACE] {
  mode: [32m'standard'[39m,
  operation: [90mundefined[39m,
  difficulty: [33m5[39m,
  totalSteps: [33m1[39m,
  answerChoices: [33m3[39m,
  table: [90mundefined[39m,
  skipSize: [90mundefined[39m,
  fullConfig: {
    learningMode: [32m'standard'[39m,
    totalSteps: [33m1[39m,
    targetNumber: [33m20[39m,
    targetFlex: [33m0[39m,
    rangeMin: [33m1[39m,
    rangeMax: [33m20[39m,
    answerChoices: [33m3[39m,
    difficultyLevel: [33m5[39m,
    phaseSequence: [ [36m[Object][39m ],
    opsEnabled: { [32m'+'[39m: [33mtrue[39m, [32m'-'[39m: [33mfalse[39m, [32m'×'[39m: [33mfalse[39m, [32m'÷'[39m: [33mfalse[39m },
    activeMode: [32m'normal'[39m,
    isMuted: [33mfalse[39m,
    timerOn: [33mfalse[39m,
    quickMindInterval: [33m10[39m,
    darkModeInterval: [33m10[39m,
    modifiersPerStep: [33m1[39m,
    enableVariables: [33mfalse[39m,
    stopwatchSkin: [32m'default'[39m,
    progressionMode: [32m'adaptive'[39m,
    presentationMode: [32m'normal'[39m,
    scriptId: [32m'circuit-climb'[39m
  }
}
[Telemetry][VT:0] GENERATOR_START { startNumber: [33m6[39m, mode: [32m'standard'[39m }
[Telemetry][VT:0] GENERATOR_STEP_CREATED { stepIndex: [33m0[39m, startNumber: [33m6[39m, answer: [33m13[39m }
[STEP TRACE] [
  {
    i: [33m0[39m,
    startNumber: [33m6[39m,
    value: [33m7[39m,
    operation: [32m'+'[39m,
    correctAnswer: [33m13[39m,
    distractors: [ [33m13[39m, [33m14[39m, [33m12[39m ],
    distractorCount: [33m3[39m,
    source: [32m'engine'[39m,
    fallbackUsed: [90mundefined[39m
  }
]
[GEN CONFIG TRACE] {
  mode: [32m'standard'[39m,
  operation: [90mundefined[39m,
  difficulty: [33m5[39m,
  totalSteps: [33m1[39m,
  answerChoices: [33m3[39m,
  table: [90mundefined[39m,
  skipSize: [90mundefined[39m,
  fullConfig: {
    learningMode: [32m'standard'[39m,
    totalSteps: [33m1[39m,
    targetNumber: [33m20[39m,
    targetFlex: [33m0[39m,
    rangeMin: [33m1[39m,
    rangeMax: [33m20[39m,
    answerChoices: [33m3[39m,
    difficultyLevel: [33m5[39m,
    phaseSequence: [ [36m[Object][39m ],
    opsEnabled: { [32m'+'[39m: [33mtrue[39m, [32m'-'[39m: [33mfalse[39m, [32m'×'[39m: [33mfalse[39m, [32m'÷'[39m: [33mfalse[39m },
    activeMode: [32m'normal'[39m,
    isMuted: [33mfalse[39m,
    timerOn: [33mfalse[39m,
    quickMindInterval: [33m10[39m,
    darkModeInterval: [33m10[39m,
    modifiersPerStep: [33m1[39m,
    enableVariables: [33mfalse[39m,
    stopwatchSkin: [32m'default'[39m,
    progressionMode: [32m'adaptive'[39m,
    presentationMode: [32m'normal'[39m,
    scriptId: [32m'circuit-climb'[39m
  }
}
[Telemetry][VT:0] GENERATOR_START { startNumber: [33m7[39m, mode: [32m'standard'[39m }
[Telemetry][VT:0] GENERATOR_STEP_CREATED { stepIndex: [33m0[39m, startNumber: [33m7[39m, answer: [33m12[39m }
[STEP TRACE] [
  {
    i: [33m0[39m,
    startNumber: [33m7[39m,
    value: [33m5[39m,
    operation: [32m'+'[39m,
    correctAnswer: [33m12[39m,
    distractors: [ [33m15[39m, [33m14[39m, [33m12[39m ],
    distractorCount: [33m3[39m,
    source: [32m'engine'[39m,
    fallbackUsed: [90mundefined[39m
  }
]
[GEN CONFIG TRACE] {
  mode: [32m'standard'[39m,
  operation: [90mundefined[39m,
  difficulty: [33m5[39m,
  totalSteps: [33m1[39m,
  answerChoices: [33m3[39m,
  table: [90mundefined[39m,
  skipSize: [90mundefined[39m,
  fullConfig: {
    learningMode: [32m'standard'[39m,
    totalSteps: [33m1[39m,
    targetNumber: [33m20[39m,
    targetFlex: [33m0[39m,
    rangeMin: [33m1[39m,
    rangeMax: [33m20[39m,
    answerChoices: [33m3[39m,
    difficultyLevel: [33m5[39m,
    phaseSequence: [ [36m[Object][39m ],
    opsEnabled: { [32m'+'[39m: [33mtrue[39m, [32m'-'[39m: [33mfalse[39m, [32m'×'[39m: [33mfalse[39m, [32m'÷'[39m: [33mfalse[39m },
    activeMode: [32m'normal'[39m,
    isMuted: [33mfalse[39m,
    timerOn: [33mfalse[39m,
    quickMindInterval: [33m10[39m,
    darkModeInterval: [33m10[39m,
    modifiersPerStep: [33m1[39m,
    enableVariables: [33mfalse[39m,
    stopwatchSkin: [32m'default'[39m,
    progressionMode: [32m'adaptive'[39m,
    presentationMode: [32m'normal'[39m,
    scriptId: [32m'circuit-climb'[39m
  }
}
[Telemetry][VT:0] GENERATOR_START { startNumber: [33m8[39m, mode: [32m'standard'[39m }
[Telemetry][VT:0] GENERATOR_STEP_CREATED { stepIndex: [33m0[39m, startNumber: [33m8[39m, answer: [33m13[39m }
[STEP TRACE] [
  {
    i: [33m0[39m,
    startNumber: [33m8[39m,
    value: [33m5[39m,
    operation: [32m'+'[39m,
    correctAnswer: [33m13[39m,
    distractors: [ [33m13[39m, [33m16[39m, [33m14[39m ],
    distractorCount: [33m3[39m,
    source: [32m'engine'[39m,
    fallbackUsed: [90mundefined[39m
  }
]
[GEN CONFIG TRACE] {
  mode: [32m'standard'[39m,
  operation: [90mundefined[39m,
  difficulty: [33m5[39m,
  totalSteps: [33m1[39m,
  answerChoices: [33m3[39m,
  table: [90mundefined[39m,
  skipSize: [90mundefined[39m,
  fullConfig: {
    learningMode: [32m'standard'[39m,
    totalSteps: [33m1[39m,
    targetNumber: [33m20[39m,
    targetFlex: [33m0[39m,
    rangeMin: [33m1[39m,
    rangeMax: [33m20[39m,
    answerChoices: [33m3[39m,
    difficultyLevel: [33m5[39m,
    phaseSequence: [ [36m[Object][39m ],
    opsEnabled: { [32m'+'[39m: [33mtrue[39m, [32m'-'[39m: [33mfalse[39m, [32m'×'[39m: [33mfalse[39m, [32m'÷'[39m: [33mfalse[39m },
    activeMode: [32m'normal'[39m,
    isMuted: [33mfalse[39m,
    timerOn: [33mfalse[39m,
    quickMindInterval: [33m10[39m,
    darkModeInterval: [33m10[39m,
    modifiersPerStep: [33m1[39m,
    enableVariables: [33mfalse[39m,
    stopwatchSkin: [32m'default'[39m,
    progressionMode: [32m'adaptive'[39m,
    presentationMode: [32m'normal'[39m,
    scriptId: [32m'circuit-climb'[39m
  }
}
[Telemetry][VT:0] GENERATOR_START { startNumber: [33m9[39m, mode: [32m'standard'[39m }
[Telemetry][VT:0] GENERATOR_STEP_CREATED { stepIndex: [33m0[39m, startNumber: [33m9[39m, answer: [33m10[39m }
[STEP TRACE] [
  {
    i: [33m0[39m,
    startNumber: [33m9[39m,
    value: [33m1[39m,
    operation: [32m'+'[39m,
    correctAnswer: [33m10[39m,
    distractors: [ [33m7[39m, [33m8[39m, [33m10[39m ],
    distractorCount: [33m3[39m,
    source: [32m'engine'[39m,
    fallbackUsed: [90mundefined[39m
  }
]
[GEN CONFIG TRACE] {
  mode: [32m'standard'[39m,
  operation: [90mundefined[39m,
  difficulty: [33m5[39m,
  totalSteps: [33m1[39m,
  answerChoices: [33m3[39m,
  table: [90mundefined[39m,
  skipSize: [90mundefined[39m,
  fullConfig: {
    learningMode: [32m'standard'[39m,
    totalSteps: [33m1[39m,
    targetNumber: [33m20[39m,
    targetFlex: [33m0[39m,
    rangeMin: [33m1[39m,
    rangeMax: [33m20[39m,
    answerChoices: [33m3[39m,
    difficultyLevel: [33m5[39m,
    phaseSequence: [ [36m[Object][39m ],
    opsEnabled: { [32m'+'[39m: [33mtrue[39m, [32m'-'[39m: [33mfalse[39m, [32m'×'[39m: [33mfalse[39m, [32m'÷'[39m: [33mfalse[39m },
    activeMode: [32m'normal'[39m,
    isMuted: [33mfalse[39m,
    timerOn: [33mfalse[39m,
    quickMindInterval: [33m10[39m,
    darkModeInterval: [33m10[39m,
    modifiersPerStep: [33m1[39m,
    enableVariables: [33mfalse[39m,
    stopwatchSkin: [32m'default'[39m,
    progressionMode: [32m'adaptive'[39m,
    presentationMode: [32m'normal'[39m,
    scriptId: [32m'circuit-climb'[39m
  }
}
[Telemetry][VT:0] GENERATOR_START { startNumber: [33m10[39m, mode: [32m'standard'[39m }
[Telemetry][VT:0] GENERATOR_STEP_CREATED { stepIndex: [33m0[39m, startNumber: [33m10[39m, answer: [33m11[39m }
[STEP TRACE] [
  {
    i: [33m0[39m,
    startNumber: [33m10[39m,
    value: [33m1[39m,
    operation: [32m'+'[39m,
    correctAnswer: [33m11[39m,
    distractors: [ [33m8[39m, [33m14[39m, [33m11[39m ],
    distractorCount: [33m3[39m,
    source: [32m'engine'[39m,
    fallbackUsed: [90mundefined[39m
  }
]
[GEN CONFIG TRACE] {
  mode: [32m'standard'[39m,
  operation: [90mundefined[39m,
  difficulty: [33m5[39m,
  totalSteps: [33m1[39m,
  answerChoices: [33m3[39m,
  table: [90mundefined[39m,
  skipSize: [90mundefined[39m,
  fullConfig: {
    learningMode: [32m'standard'[39m,
    totalSteps: [33m1[39m,
    targetNumber: [33m20[39m,
    targetFlex: [33m0[39m,
    rangeMin: [33m1[39m,
    rangeMax: [33m20[39m,
    answerChoices: [33m3[39m,
    difficultyLevel: [33m5[39m,
    phaseSequence: [ [36m[Object][39m ],
    opsEnabled: { [32m'+'[39m: [33mtrue[39m, [32m'-'[39m: [33mfalse[39m, [32m'×'[39m: [33mfalse[39m, [32m'÷'[39m: [33mfalse[39m },
    activeMode: [32m'normal'[39m,
    isMuted: [33mfalse[39m,
    timerOn: [33mfalse[39m,
    quickMindInterval: [33m10[39m,
    darkModeInterval: [33m10[39m,
    modifiersPerStep: [33m1[39m,
    enableVariables: [33mfalse[39m,
    stopwatchSkin: [32m'default'[39m,
    progressionMode: [32m'adaptive'[39m,
    presentationMode: [32m'normal'[39m,
    scriptId: [32m'circuit-climb'[39m
  }
}
[Telemetry][VT:0] GENERATOR_START { startNumber: [33m11[39m, mode: [32m'standard'[39m }
[Telemetry][VT:0] GENERATOR_STEP_CREATED { stepIndex: [33m0[39m, startNumber: [33m11[39m, answer: [33m17[39m }
[STEP TRACE] [
  {
    i: [33m0[39m,
    startNumber: [33m11[39m,
    value: [33m6[39m,
    operation: [32m'+'[39m,
    correctAnswer: [33m17[39m,
    distractors: [ [33m19[39m, [33m17[39m, [33m18[39m ],
    distractorCount: [33m3[39m,
    source: [32m'engine'[39m,
    fallbackUsed: [90mundefined[39m
  }
]
[GEN CONFIG TRACE] {
  mode: [32m'standard'[39m,
  operation: [90mundefined[39m,
  difficulty: [33m5[39m,
  totalSteps: [33m1[39m,
  answerChoices: [33m3[39m,
  table: [90mundefined[39m,
  skipSize: [90mundefined[39m,
  fullConfig: {
    learningMode: [32m'standard'[39m,
    totalSteps: [33m1[39m,
    targetNumber: [33m20[39m,
    targetFlex: [33m0[39m,
    rangeMin: [33m1[39m,
    rangeMax: [33m20[39m,
    answerChoices: [33m3[39m,
    difficultyLevel: [33m5[39m,
    phaseSequence: [ [36m[Object][39m ],
    opsEnabled: { [32m'+'[39m: [33mtrue[39m, [32m'-'[39m: [33mfalse[39m, [32m'×'[39m: [33mfalse[39m, [32m'÷'[39m: [33mfalse[39m },
    activeMode: [32m'normal'[39m,
    isMuted: [33mfalse[39m,
    timerOn: [33mfalse[39m,
    quickMindInterval: [33m10[39m,
    darkModeInterval: [33m10[39m,
    modifiersPerStep: [33m1[39m,
    enableVariables: [33mfalse[39m,
    stopwatchSkin: [32m'default'[39m,
    progressionMode: [32m'adaptive'[39m,
    presentationMode: [32m'normal'[39m,
    scriptId: [32m'circuit-climb'[39m
  }
}
[Telemetry][VT:0] GENERATOR_START { startNumber: [33m12[39m, mode: [32m'standard'[39m }
[Telemetry][VT:0] GENERATOR_STEP_CREATED { stepIndex: [33m0[39m, startNumber: [33m12[39m, answer: [33m17[39m }
[STEP TRACE] [
  {
    i: [33m0[39m,
    startNumber: [33m12[39m,
    value: [33m5[39m,
    operation: [32m'+'[39m,
    correctAnswer: [33m17[39m,
    distractors: [ [33m17[39m, [33m19[39m, [33m18[39m ],
    distractorCount: [33m3[39m,
    source: [32m'engine'[39m,
    fallbackUsed: [90mundefined[39m
  }
]
[GEN CONFIG TRACE] {
  mode: [32m'standard'[39m,
  operation: [90mundefined[39m,
  difficulty: [33m5[39m,
  totalSteps: [33m1[39m,
  answerChoices: [33m3[39m,
  table: [90mundefined[39m,
  skipSize: [90mundefined[39m,
  fullConfig: {
    learningMode: [32m'standard'[39m,
    totalSteps: [33m1[39m,
    targetNumber: [33m20[39m,
    targetFlex: [33m0[39m,
    rangeMin: [33m1[39m,
    rangeMax: [33m20[39m,
    answerChoices: [33m3[39m,
    difficultyLevel: [33m5[39m,
    phaseSequence: [ [36m[Object][39m ],
    opsEnabled: { [32m'+'[39m: [33mtrue[39m, [32m'-'[39m: [33mfalse[39m, [32m'×'[39m: [33mfalse[39m, [32m'÷'[39m: [33mfalse[39m },
    activeMode: [32m'normal'[39m,
    isMuted: [33mfalse[39m,
    timerOn: [33mfalse[39m,
    quickMindInterval: [33m10[39m,
    darkModeInterval: [33m10[39m,
    modifiersPerStep: [33m1[39m,
    enableVariables: [33mfalse[39m,
    stopwatchSkin: [32m'default'[39m,
    progressionMode: [32m'adaptive'[39m,
    presentationMode: [32m'normal'[39m,
    scriptId: [32m'circuit-climb'[39m
  }
}
[Telemetry][VT:0] GENERATOR_START { startNumber: [33m13[39m, mode: [32m'standard'[39m }
[Telemetry][VT:0] GENERATOR_STEP_CREATED { stepIndex: [33m0[39m, startNumber: [33m13[39m, answer: [33m15[39m }
[STEP TRACE] [
  {
    i: [33m0[39m,
    startNumber: [33m13[39m,
    value: [33m2[39m,
    operation: [32m'+'[39m,
    correctAnswer: [33m15[39m,
    distractors: [ [33m15[39m, [33m17[39m, [33m12[39m ],
    distractorCount: [33m3[39m,
    source: [32m'engine'[39m,
    fallbackUsed: [90mundefined[39m
  }
]
[GEN CONFIG TRACE] {
  mode: [32m'standard'[39m,
  operation: [90mundefined[39m,
  difficulty: [33m5[39m,
  totalSteps: [33m1[39m,
  answerChoices: [33m3[39m,
  table: [90mundefined[39m,
  skipSize: [90mundefined[39m,
  fullConfig: {
    learningMode: [32m'standard'[39m,
    totalSteps: [33m1[39m,
    targetNumber: [33m20[39m,
    targetFlex: [33m0[39m,
    rangeMin: [33m1[39m,
    rangeMax: [33m20[39m,
    answerChoices: [33m3[39m,
    difficultyLevel: [33m5[39m,
    phaseSequence: [ [36m[Object][39m ],
    opsEnabled: { [32m'+'[39m: [33mtrue[39m, [32m'-'[39m: [33mfalse[39m, [32m'×'[39m: [33mfalse[39m, [32m'÷'[39m: [33mfalse[39m },
    activeMode: [32m'normal'[39m,
    isMuted: [33mfalse[39m,
    timerOn: [33mfalse[39m,
    quickMindInterval: [33m10[39m,
    darkModeInterval: [33m10[39m,
    modifiersPerStep: [33m1[39m,
    enableVariables: [33mfalse[39m,
    stopwatchSkin: [32m'default'[39m,
    progressionMode: [32m'adaptive'[39m,
    presentationMode: [32m'normal'[39m,
    scriptId: [32m'circuit-climb'[39m
  }
}
[Telemetry][VT:0] GENERATOR_START { startNumber: [33m14[39m, mode: [32m'standard'[39m }
[Telemetry][VT:0] GENERATOR_STEP_CREATED { stepIndex: [33m0[39m, startNumber: [33m14[39m, answer: [33m15[39m }
[STEP TRACE] [
  {
    i: [33m0[39m,
    startNumber: [33m14[39m,
    value: [33m1[39m,
    operation: [32m'+'[39m,
    correctAnswer: [33m15[39m,
    distractors: [ [33m14[39m, [33m16[39m, [33m15[39m ],
    distractorCount: [33m3[39m,
    source: [32m'engine'[39m,
    fallbackUsed: [90mundefined[39m
  }
]
[GEN CONFIG TRACE] {
  mode: [32m'standard'[39m,
  operation: [90mundefined[39m,
  difficulty: [33m5[39m,
  totalSteps: [33m1[39m,
  answerChoices: [33m3[39m,
  table: [90mundefined[39m,
  skipSize: [90mundefined[39m,
  fullConfig: {
    learningMode: [32m'standard'[39m,
    totalSteps: [33m1[39m,
    targetNumber: [33m20[39m,
    targetFlex: [33m0[39m,
    rangeMin: [33m1[39m,
    rangeMax: [33m20[39m,
    answerChoices: [33m3[39m,
    difficultyLevel: [33m5[39m,
    phaseSequence: [ [36m[Object][39m ],
    opsEnabled: { [32m'+'[39m: [33mtrue[39m, [32m'-'[39m: [33mfalse[39m, [32m'×'[39m: [33mfalse[39m, [32m'÷'[39m: [33mfalse[39m },
    activeMode: [32m'normal'[39m,
    isMuted: [33mfalse[39m,
    timerOn: [33mfalse[39m,
    quickMindInterval: [33m10[39m,
    darkModeInterval: [33m10[39m,
    modifiersPerStep: [33m1[39m,
    enableVariables: [33mfalse[39m,
    stopwatchSkin: [32m'default'[39m,
    progressionMode: [32m'adaptive'[39m,
    presentationMode: [32m'normal'[39m,
    scriptId: [32m'circuit-climb'[39m
  }
}
[Telemetry][VT:0] GENERATOR_START { startNumber: [33m15[39m, mode: [32m'standard'[39m }
[Telemetry][VT:0] GENERATOR_STEP_CREATED { stepIndex: [33m0[39m, startNumber: [33m15[39m, answer: [33m17[39m }
[STEP TRACE] [
  {
    i: [33m0[39m,
    startNumber: [33m15[39m,
    value: [33m2[39m,
    operation: [32m'+'[39m,
    correctAnswer: [33m17[39m,
    distractors: [ [33m17[39m, [33m18[39m, [33m16[39m ],
    distractorCount: [33m3[39m,
    source: [32m'engine'[39m,
    fallbackUsed: [90mundefined[39m
  }
]
[GEN CONFIG TRACE] {
  mode: [32m'standard'[39m,
  operation: [90mundefined[39m,
  difficulty: [33m5[39m,
  totalSteps: [33m1[39m,
  answerChoices: [33m3[39m,
  table: [90mundefined[39m,
  skipSize: [90mundefined[39m,
  fullConfig: {
    learningMode: [32m'standard'[39m,
    totalSteps: [33m1[39m,
    targetNumber: [33m20[39m,
    targetFlex: [33m0[39m,
    rangeMin: [33m1[39m,
    rangeMax: [33m20[39m,
    answerChoices: [33m3[39m,
    difficultyLevel: [33m5[39m,
    phaseSequence: [ [36m[Object][39m ],
    opsEnabled: { [32m'+'[39m: [33mtrue[39m, [32m'-'[39m: [33mfalse[39m, [32m'×'[39m: [33mfalse[39m, [32m'÷'[39m: [33mfalse[39m },
    activeMode: [32m'normal'[39m,
    isMuted: [33mfalse[39m,
    timerOn: [33mfalse[39m,
    quickMindInterval: [33m10[39m,
    darkModeInterval: [33m10[39m,
    modifiersPerStep: [33m1[39m,
    enableVariables: [33mfalse[39m,
    stopwatchSkin: [32m'default'[39m,
    progressionMode: [32m'adaptive'[39m,
    presentationMode: [32m'normal'[39m,
    scriptId: [32m'circuit-climb'[39m
  }
}
[Telemetry][VT:0] GENERATOR_START { startNumber: [33m16[39m, mode: [32m'standard'[39m }
[Telemetry][VT:0] GENERATOR_STEP_CREATED { stepIndex: [33m0[39m, startNumber: [33m16[39m, answer: [33m20[39m }
[STEP TRACE] [
  {
    i: [33m0[39m,
    startNumber: [33m16[39m,
    value: [33m4[39m,
    operation: [32m'+'[39m,
    correctAnswer: [33m20[39m,
    distractors: [ [33m21[39m, [33m20[39m, [33m19[39m ],
    distractorCount: [33m3[39m,
    source: [32m'engine'[39m,
    fallbackUsed: [90mundefined[39m
  }
]
[GEN CONFIG TRACE] {
  mode: [32m'standard'[39m,
  operation: [90mundefined[39m,
  difficulty: [33m5[39m,
  totalSteps: [33m1[39m,
  answerChoices: [33m3[39m,
  table: [90mundefined[39m,
  skipSize: [90mundefined[39m,
  fullConfig: {
    learningMode: [32m'standard'[39m,
    totalSteps: [33m1[39m,
    targetNumber: [33m20[39m,
    targetFlex: [33m0[39m,
    rangeMin: [33m1[39m,
    rangeMax: [33m20[39m,
    answerChoices: [33m3[39m,
    difficultyLevel: [33m5[39m,
    phaseSequence: [ [36m[Object][39m ],
    opsEnabled: { [32m'+'[39m: [33mtrue[39m, [32m'-'[39m: [33mfalse[39m, [32m'×'[39m: [33mfalse[39m, [32m'÷'[39m: [33mfalse[39m },
    activeMode: [32m'normal'[39m,
    isMuted: [33mfalse[39m,
    timerOn: [33mfalse[39m,
    quickMindInterval: [33m10[39m,
    darkModeInterval: [33m10[39m,
    modifiersPerStep: [33m1[39m,
    enableVariables: [33mfalse[39m,
    stopwatchSkin: [32m'default'[39m,
    progressionMode: [32m'adaptive'[39m,
    presentationMode: [32m'normal'[39m,
    scriptId: [32m'circuit-climb'[39m
  }
}
[Telemetry][VT:0] GENERATOR_START { startNumber: [33m17[39m, mode: [32m'standard'[39m }
[Telemetry][VT:0] GENERATOR_STEP_CREATED { stepIndex: [33m0[39m, startNumber: [33m17[39m, answer: [33m20[39m }
[STEP TRACE] [
  {
    i: [33m0[39m,
    startNumber: [33m17[39m,
    value: [33m3[39m,
    operation: [32m'+'[39m,
    correctAnswer: [33m20[39m,
    distractors: [ [33m20[39m, [33m22[39m, [33m21[39m ],
    distractorCount: [33m3[39m,
    source: [32m'engine'[39m,
    fallbackUsed: [90mundefined[39m
  }
]
[GEN CONFIG TRACE] {
  mode: [32m'standard'[39m,
  operation: [90mundefined[39m,
  difficulty: [33m5[39m,
  totalSteps: [33m1[39m,
  answerChoices: [33m3[39m,
  table: [90mundefined[39m,
  skipSize: [90mundefined[39m,
  fullConfig: {
    learningMode: [32m'standard'[39m,
    totalSteps: [33m1[39m,
    targetNumber: [33m20[39m,
    targetFlex: [33m0[39m,
    rangeMin: [33m1[39m,
    rangeMax: [33m20[39m,
    answerChoices: [33m3[39m,
    difficultyLevel: [33m5[39m,
    phaseSequence: [ [36m[Object][39m ],
    opsEnabled: { [32m'+'[39m: [33mtrue[39m, [32m'-'[39m: [33mfalse[39m, [32m'×'[39m: [33mfalse[39m, [32m'÷'[39m: [33mfalse[39m },
    activeMode: [32m'normal'[39m,
    isMuted: [33mfalse[39m,
    timerOn: [33mfalse[39m,
    quickMindInterval: [33m10[39m,
    darkModeInterval: [33m10[39m,
    modifiersPerStep: [33m1[39m,
    enableVariables: [33mfalse[39m,
    stopwatchSkin: [32m'default'[39m,
    progressionMode: [32m'adaptive'[39m,
    presentationMode: [32m'normal'[39m,
    scriptId: [32m'circuit-climb'[39m
  }
}
[Telemetry][VT:0] GENERATOR_START { startNumber: [33m18[39m, mode: [32m'standard'[39m }
[Telemetry][VT:0] GENERATOR_STEP_CREATED { stepIndex: [33m0[39m, startNumber: [33m18[39m, answer: [33m20[39m }
[STEP TRACE] [
  {
    i: [33m0[39m,
    startNumber: [33m18[39m,
    value: [33m2[39m,
    operation: [32m'+'[39m,
    correctAnswer: [33m20[39m,
    distractors: [ [33m17[39m, [33m23[39m, [33m20[39m ],
    distractorCount: [33m3[39m,
    source: [32m'engine'[39m,
    fallbackUsed: [90mundefined[39m
  }
]
[GEN CONFIG TRACE] {
  mode: [32m'standard'[39m,
  operation: [90mundefined[39m,
  difficulty: [33m5[39m,
  totalSteps: [33m1[39m,
  answerChoices: [33m3[39m,
  table: [90mundefined[39m,
  skipSize: [90mundefined[39m,
  fullConfig: {
    learningMode: [32m'standard'[39m,
    totalSteps: [33m1[39m,
    targetNumber: [33m20[39m,
    targetFlex: [33m0[39m,
    rangeMin: [33m1[39m,
    rangeMax: [33m20[39m,
    answerChoices: [33m3[39m,
    difficultyLevel: [33m5[39m,
    phaseSequence: [ [36m[Object][39m ],
    opsEnabled: { [32m'+'[39m: [33mtrue[39m, [32m'-'[39m: [33mfalse[39m, [32m'×'[39m: [33mfalse[39m, [32m'÷'[39m: [33mfalse[39m },
    activeMode: [32m'normal'[39m,
    isMuted: [33mfalse[39m,
    timerOn: [33mfalse[39m,
    quickMindInterval: [33m10[39m,
    darkModeInterval: [33m10[39m,
    modifiersPerStep: [33m1[39m,
    enableVariables: [33mfalse[39m,
    stopwatchSkin: [32m'default'[39m,
    progressionMode: [32m'adaptive'[39m,
    presentationMode: [32m'normal'[39m,
    scriptId: [32m'circuit-climb'[39m
  }
}
[Telemetry][VT:0] GENERATOR_START { startNumber: [33m19[39m, mode: [32m'standard'[39m }
[Telemetry][VT:0] GENERATOR_STEP_CREATED { stepIndex: [33m0[39m, startNumber: [33m19[39m, answer: [33m20[39m }
[STEP TRACE] [
  {
    i: [33m0[39m,
    startNumber: [33m19[39m,
    value: [33m1[39m,
    operation: [32m'+'[39m,
    correctAnswer: [33m20[39m,
    distractors: [ [33m22[39m, [33m20[39m, [33m19[39m ],
    distractorCount: [33m3[39m,
    source: [32m'engine'[39m,
    fallbackUsed: [90mundefined[39m
  }
]
[GEN CONFIG TRACE] {
  mode: [32m'standard'[39m,
  operation: [90mundefined[39m,
  difficulty: [33m5[39m,
  totalSteps: [33m1[39m,
  answerChoices: [33m3[39m,
  table: [90mundefined[39m,
  skipSize: [90mundefined[39m,
  fullConfig: {
    learningMode: [32m'standard'[39m,
    totalSteps: [33m1[39m,
    targetNumber: [33m20[39m,
    targetFlex: [33m0[39m,
    rangeMin: [33m1[39m,
    rangeMax: [33m20[39m,
    answerChoices: [33m3[39m,
    difficultyLevel: [33m5[39m,
    phaseSequence: [ [36m[Object][39m ],
    opsEnabled: { [32m'+'[39m: [33mtrue[39m, [32m'-'[39m: [33mfalse[39m, [32m'×'[39m: [33mfalse[39m, [32m'÷'[39m: [33mfalse[39m },
    activeMode: [32m'normal'[39m,
    isMuted: [33mfalse[39m,
    timerOn: [33mfalse[39m,
    quickMindInterval: [33m10[39m,
    darkModeInterval: [33m10[39m,
    modifiersPerStep: [33m1[39m,
    enableVariables: [33mfalse[39m,
    stopwatchSkin: [32m'default'[39m,
    progressionMode: [32m'adaptive'[39m,
    presentationMode: [32m'normal'[39m,
    scriptId: [32m'circuit-climb'[39m
  }
}
[Telemetry][VT:0] GENERATOR_START { startNumber: [33m1[39m, mode: [32m'standard'[39m }
[Telemetry][VT:0] GENERATOR_STEP_CREATED { stepIndex: [33m0[39m, startNumber: [33m1[39m, answer: [33m4[39m }
[STEP TRACE] [
  {
    i: [33m0[39m,
    startNumber: [33m1[39m,
    value: [33m3[39m,
    operation: [32m'+'[39m,
    correctAnswer: [33m4[39m,
    distractors: [ [33m4[39m, [33m3[39m, [33m5[39m ],
    distractorCount: [33m3[39m,
    source: [32m'engine'[39m,
    fallbackUsed: [90mundefined[39m
  }
]
[GEN CONFIG TRACE] {
  mode: [32m'standard'[39m,
  operation: [90mundefined[39m,
  difficulty: [33m5[39m,
  totalSteps: [33m1[39m,
  answerChoices: [33m3[39m,
  table: [90mundefined[39m,
  skipSize: [90mundefined[39m,
  fullConfig: {
    learningMode: [32m'standard'[39m,
    totalSteps: [33m1[39m,
    targetNumber: [33m20[39m,
    targetFlex: [33m0[39m,
    rangeMin: [33m1[39m,
    rangeMax: [33m20[39m,
    answerChoices: [33m3[39m,
    difficultyLevel: [33m5[39m,
    phaseSequence: [ [36m[Object][39m ],
    opsEnabled: { [32m'+'[39m: [33mtrue[39m, [32m'-'[39m: [33mfalse[39m, [32m'×'[39m: [33mfalse[39m, [32m'÷'[39m: [33mfalse[39m },
    activeMode: [32m'normal'[39m,
    isMuted: [33mfalse[39m,
    timerOn: [33mfalse[39m,
    quickMindInterval: [33m10[39m,
    darkModeInterval: [33m10[39m,
    modifiersPerStep: [33m1[39m,
    enableVariables: [33mfalse[39m,
    stopwatchSkin: [32m'default'[39m,
    progressionMode: [32m'adaptive'[39m,
    presentationMode: [32m'normal'[39m,
    scriptId: [32m'circuit-climb'[39m
  }
}
[Telemetry][VT:0] GENERATOR_START { startNumber: [33m2[39m, mode: [32m'standard'[39m }
[Telemetry][VT:0] GENERATOR_STEP_CREATED { stepIndex: [33m0[39m, startNumber: [33m2[39m, answer: [33m9[39m }
[STEP TRACE] [
  {
    i: [33m0[39m,
    startNumber: [33m2[39m,
    value: [33m7[39m,
    operation: [32m'+'[39m,
    correctAnswer: [33m9[39m,
    distractors: [ [33m9[39m, [33m8[39m, [33m7[39m ],
    distractorCount: [33m3[39m,
    source: [32m'engine'[39m,
    fallbackUsed: [90mundefined[39m
  }
]
[GEN CONFIG TRACE] {
  mode: [32m'standard'[39m,
  operation: [90mundefined[39m,
  difficulty: [33m5[39m,
  totalSteps: [33m1[39m,
  answerChoices: [33m3[39m,
  table: [90mundefined[39m,
  skipSize: [90mundefined[39m,
  fullConfig: {
    learningMode: [32m'standard'[39m,
    totalSteps: [33m1[39m,
    targetNumber: [33m20[39m,
    targetFlex: [33m0[39m,
    rangeMin: [33m1[39m,
    rangeMax: [33m20[39m,
    answerChoices: [33m3[39m,
    difficultyLevel: [33m5[39m,
    phaseSequence: [ [36m[Object][39m ],
    opsEnabled: { [32m'+'[39m: [33mtrue[39m, [32m'-'[39m: [33mfalse[39m, [32m'×'[39m: [33mfalse[39m, [32m'÷'[39m: [33mfalse[39m },
    activeMode: [32m'normal'[39m,
    isMuted: [33mfalse[39m,
    timerOn: [33mfalse[39m,
    quickMindInterval: [33m10[39m,
    darkModeInterval: [33m10[39m,
    modifiersPerStep: [33m1[39m,
    enableVariables: [33mfalse[39m,
    stopwatchSkin: [32m'default'[39m,
    progressionMode: [32m'adaptive'[39m,
    presentationMode: [32m'normal'[39m,
    scriptId: [32m'circuit-climb'[39m
  }
}
[Telemetry][VT:0] GENERATOR_START { startNumber: [33m3[39m, mode: [32m'standard'[39m }
[Telemetry][VT:0] GENERATOR_STEP_CREATED { stepIndex: [33m0[39m, startNumber: [33m3[39m, answer: [33m6[39m }
[STEP TRACE] [
  {
    i: [33m0[39m,
    startNumber: [33m3[39m,
    value: [33m3[39m,
    operation: [32m'+'[39m,
    correctAnswer: [33m6[39m,
    distractors: [ [33m6[39m, [33m4[39m, [33m3[39m ],
    distractorCount: [33m3[39m,
    source: [32m'engine'[39m,
    fallbackUsed: [90mundefined[39m
  }
]
[GEN CONFIG TRACE] {
  mode: [32m'standard'[39m,
  operation: [90mundefined[39m,
  difficulty: [33m5[39m,
  totalSteps: [33m1[39m,
  answerChoices: [33m3[39m,
  table: [90mundefined[39m,
  skipSize: [90mundefined[39m,
  fullConfig: {
    learningMode: [32m'standard'[39m,
    totalSteps: [33m1[39m,
    targetNumber: [33m20[39m,
    targetFlex: [33m0[39m,
    rangeMin: [33m1[39m,
    rangeMax: [33m20[39m,
    answerChoices: [33m3[39m,
    difficultyLevel: [33m5[39m,
    phaseSequence: [ [36m[Object][39m ],
    opsEnabled: { [32m'+'[39m: [33mtrue[39m, [32m'-'[39m: [33mfalse[39m, [32m'×'[39m: [33mfalse[39m, [32m'÷'[39m: [33mfalse[39m },
    activeMode: [32m'normal'[39m,
    isMuted: [33mfalse[39m,
    timerOn: [33mfalse[39m,
    quickMindInterval: [33m10[39m,
    darkModeInterval: [33m10[39m,
    modifiersPerStep: [33m1[39m,
    enableVariables: [33mfalse[39m,
    stopwatchSkin: [32m'default'[39m,
    progressionMode: [32m'adaptive'[39m,
    presentationMode: [32m'normal'[39m,
    scriptId: [32m'circuit-climb'[39m
  }
}
[Telemetry][VT:0] GENERATOR_START { startNumber: [33m4[39m, mode: [32m'standard'[39m }
[Telemetry][VT:0] GENERATOR_STEP_CREATED { stepIndex: [33m0[39m, startNumber: [33m4[39m, answer: [33m19[39m }
[STEP TRACE] [
  {
    i: [33m0[39m,
    startNumber: [33m4[39m,
    value: [33m15[39m,
    operation: [32m'+'[39m,
    correctAnswer: [33m19[39m,
    distractors: [ [33m19[39m, [33m22[39m, [33m16[39m ],
    distractorCount: [33m3[39m,
    source: [32m'engine'[39m,
    fallbackUsed: [90mundefined[39m
  }
]
[GEN CONFIG TRACE] {
  mode: [32m'standard'[39m,
  operation: [90mundefined[39m,
  difficulty: [33m5[39m,
  totalSteps: [33m1[39m,
  answerChoices: [33m3[39m,
  table: [90mundefined[39m,
  skipSize: [90mundefined[39m,
  fullConfig: {
    learningMode: [32m'standard'[39m,
    totalSteps: [33m1[39m,
    targetNumber: [33m20[39m,
    targetFlex: [33m0[39m,
    rangeMin: [33m1[39m,
    rangeMax: [33m20[39m,
    answerChoices: [33m3[39m,
    difficultyLevel: [33m5[39m,
    phaseSequence: [ [36m[Object][39m ],
    opsEnabled: { [32m'+'[39m: [33mtrue[39m, [32m'-'[39m: [33mfalse[39m, [32m'×'[39m: [33mfalse[39m, [32m'÷'[39m: [33mfalse[39m },
    activeMode: [32m'normal'[39m,
    isMuted: [33mfalse[39m,
    timerOn: [33mfalse[39m,
    quickMindInterval: [33m10[39m,
    darkModeInterval: [33m10[39m,
    modifiersPerStep: [33m1[39m,
    enableVariables: [33mfalse[39m,
    stopwatchSkin: [32m'default'[39m,
    progressionMode: [32m'adaptive'[39m,
    presentationMode: [32m'normal'[39m,
    scriptId: [32m'circuit-climb'[39m
  }
}
[Telemetry][VT:0] GENERATOR_START { startNumber: [33m5[39m, mode: [32m'standard'[39m }
[Telemetry][VT:0] GENERATOR_STEP_CREATED { stepIndex: [33m0[39m, startNumber: [33m5[39m, answer: [33m8[39m }
[STEP TRACE] [
  {
    i: [33m0[39m,
    startNumber: [33m5[39m,
    value: [33m3[39m,
    operation: [32m'+'[39m,
    correctAnswer: [33m8[39m,
    distractors: [ [33m10[39m, [33m8[39m, [33m11[39m ],
    distractorCount: [33m3[39m,
    source: [32m'engine'[39m,
    fallbackUsed: [90mundefined[39m
  }
]
[GEN CONFIG TRACE] {
  mode: [32m'standard'[39m,
  operation: [90mundefined[39m,
  difficulty: [33m5[39m,
  totalSteps: [33m1[39m,
  answerChoices: [33m3[39m,
  table: [90mundefined[39m,
  skipSize: [90mundefined[39m,
  fullConfig: {
    learningMode: [32m'standard'[39m,
    totalSteps: [33m1[39m,
    targetNumber: [33m20[39m,
    targetFlex: [33m0[39m,
    rangeMin: [33m1[39m,
    rangeMax: [33m20[39m,
    answerChoices: [33m3[39m,
    difficultyLevel: [33m5[39m,
    phaseSequence: [ [36m[Object][39m ],
    opsEnabled: { [32m'+'[39m: [33mtrue[39m, [32m'-'[39m: [33mfalse[39m, [32m'×'[39m: [33mfalse[39m, [32m'÷'[39m: [33mfalse[39m },
    activeMode: [32m'normal'[39m,
    isMuted: [33mfalse[39m,
    timerOn: [33mfalse[39m,
    quickMindInterval: [33m10[39m,
    darkModeInterval: [33m10[39m,
    modifiersPerStep: [33m1[39m,
    enableVariables: [33mfalse[39m,
    stopwatchSkin: [32m'default'[39m,
    progressionMode: [32m'adaptive'[39m,
    presentationMode: [32m'normal'[39m,
    scriptId: [32m'circuit-climb'[39m
  }
}
[Telemetry][VT:0] GENERATOR_START { startNumber: [33m6[39m, mode: [32m'standard'[39m }
[Telemetry][VT:0] GENERATOR_STEP_CREATED { stepIndex: [33m0[39m, startNumber: [33m6[39m, answer: [33m11[39m }
[STEP TRACE] [
  {
    i: [33m0[39m,
    startNumber: [33m6[39m,
    value: [33m5[39m,
    operation: [32m'+'[39m,
    correctAnswer: [33m11[39m,
    distractors: [ [33m13[39m, [33m11[39m, [33m12[39m ],
    distractorCount: [33m3[39m,
    source: [32m'engine'[39m,
    fallbackUsed: [90mundefined[39m
  }
]
[GEN CONFIG TRACE] {
  mode: [32m'standard'[39m,
  operation: [90mundefined[39m,
  difficulty: [33m5[39m,
  totalSteps: [33m1[39m,
  answerChoices: [33m3[39m,
  table: [90mundefined[39m,
  skipSize: [90mundefined[39m,
  fullConfig: {
    learningMode: [32m'standard'[39m,
    totalSteps: [33m1[39m,
    targetNumber: [33m20[39m,
    targetFlex: [33m0[39m,
    rangeMin: [33m1[39m,
    rangeMax: [33m20[39m,
    answerChoices: [33m3[39m,
    difficultyLevel: [33m5[39m,
    phaseSequence: [ [36m[Object][39m ],
    opsEnabled: { [32m'+'[39m: [33mtrue[39m, [32m'-'[39m: [33mfalse[39m, [32m'×'[39m: [33mfalse[39m, [32m'÷'[39m: [33mfalse[39m },
    activeMode: [32m'normal'[39m,
    isMuted: [33mfalse[39m,
    timerOn: [33mfalse[39m,
    quickMindInterval: [33m10[39m,
    darkModeInterval: [33m10[39m,
    modifiersPerStep: [33m1[39m,
    enableVariables: [33mfalse[39m,
    stopwatchSkin: [32m'default'[39m,
    progressionMode: [32m'adaptive'[39m,
    presentationMode: [32m'normal'[39m,
    scriptId: [32m'circuit-climb'[39m
  }
}
[Telemetry][VT:0] GENERATOR_START { startNumber: [33m7[39m, mode: [32m'standard'[39m }
[Telemetry][VT:0] GENERATOR_STEP_CREATED { stepIndex: [33m0[39m, startNumber: [33m7[39m, answer: [33m8[39m }
[STEP TRACE] [
  {
    i: [33m0[39m,
    startNumber: [33m7[39m,
    value: [33m1[39m,
    operation: [32m'+'[39m,
    correctAnswer: [33m8[39m,
    distractors: [ [33m6[39m, [33m10[39m, [33m8[39m ],
    distractorCount: [33m3[39m,
    source: [32m'engine'[39m,
    fallbackUsed: [90mundefined[39m
  }
]
[GEN CONFIG TRACE] {
  mode: [32m'standard'[39m,
  operation: [90mundefined[39m,
  difficulty: [33m5[39m,
  totalSteps: [33m1[39m,
  answerChoices: [33m3[39m,
  table: [90mundefined[39m,
  skipSize: [90mundefined[39m,
  fullConfig: {
    learningMode: [32m'standard'[39m,
    totalSteps: [33m1[39m,
    targetNumber: [33m20[39m,
    targetFlex: [33m0[39m,
    rangeMin: [33m1[39m,
    rangeMax: [33m20[39m,
    answerChoices: [33m3[39m,
    difficultyLevel: [33m5[39m,
    phaseSequence: [ [36m[Object][39m ],
    opsEnabled: { [32m'+'[39m: [33mtrue[39m, [32m'-'[39m: [33mfalse[39m, [32m'×'[39m: [33mfalse[39m, [32m'÷'[39m: [33mfalse[39m },
    activeMode: [32m'normal'[39m,
    isMuted: [33mfalse[39m,
    timerOn: [33mfalse[39m,
    quickMindInterval: [33m10[39m,
    darkModeInterval: [33m10[39m,
    modifiersPerStep: [33m1[39m,
    enableVariables: [33mfalse[39m,
    stopwatchSkin: [32m'default'[39m,
    progressionMode: [32m'adaptive'[39m,
    presentationMode: [32m'normal'[39m,
    scriptId: [32m'circuit-climb'[39m
  }
}
[Telemetry][VT:0] GENERATOR_START { startNumber: [33m8[39m, mode: [32m'standard'[39m }
[Telemetry][VT:0] GENERATOR_STEP_CREATED { stepIndex: [33m0[39m, startNumber: [33m8[39m, answer: [33m13[39m }
[STEP TRACE] [
  {
    i: [33m0[39m,
    startNumber: [33m8[39m,
    value: [33m5[39m,
    operation: [32m'+'[39m,
    correctAnswer: [33m13[39m,
    distractors: [ [33m11[39m, [33m13[39m, [33m12[39m ],
    distractorCount: [33m3[39m,
    source: [32m'engine'[39m,
    fallbackUsed: [90mundefined[39m
  }
]
[GEN CONFIG TRACE] {
  mode: [32m'standard'[39m,
  operation: [90mundefined[39m,
  difficulty: [33m5[39m,
  totalSteps: [33m1[39m,
  answerChoices: [33m3[39m,
  table: [90mundefined[39m,
  skipSize: [90mundefined[39m,
  fullConfig: {
    learningMode: [32m'standard'[39m,
    totalSteps: [33m1[39m,
    targetNumber: [33m20[39m,
    targetFlex: [33m0[39m,
    rangeMin: [33m1[39m,
    rangeMax: [33m20[39m,
    answerChoices: [33m3[39m,
    difficultyLevel: [33m5[39m,
    phaseSequence: [ [36m[Object][39m ],
    opsEnabled: { [32m'+'[39m: [33mtrue[39m, [32m'-'[39m: [33mfalse[39m, [32m'×'[39m: [33mfalse[39m, [32m'÷'[39m: [33mfalse[39m },
    activeMode: [32m'normal'[39m,
    isMuted: [33mfalse[39m,
    timerOn: [33mfalse[39m,
    quickMindInterval: [33m10[39m,
    darkModeInterval: [33m10[39m,
    modifiersPerStep: [33m1[39m,
    enableVariables: [33mfalse[39m,
    stopwatchSkin: [32m'default'[39m,
    progressionMode: [32m'adaptive'[39m,
    presentationMode: [32m'normal'[39m,
    scriptId: [32m'circuit-climb'[39m
  }
}
[Telemetry][VT:0] GENERATOR_START { startNumber: [33m9[39m, mode: [32m'standard'[39m }
[Telemetry][VT:0] GENERATOR_STEP_CREATED { stepIndex: [33m0[39m, startNumber: [33m9[39m, answer: [33m18[39m }
[STEP TRACE] [
  {
    i: [33m0[39m,
    startNumber: [33m9[39m,
    value: [33m9[39m,
    operation: [32m'+'[39m,
    correctAnswer: [33m18[39m,
    distractors: [ [33m18[39m, [33m16[39m, [33m17[39m ],
    distractorCount: [33m3[39m,
    source: [32m'engine'[39m,
    fallbackUsed: [90mundefined[39m
  }
]
[GEN CONFIG TRACE] {
  mode: [32m'standard'[39m,
  operation: [90mundefined[39m,
  difficulty: [33m5[39m,
  totalSteps: [33m1[39m,
  answerChoices: [33m3[39m,
  table: [90mundefined[39m,
  skipSize: [90mundefined[39m,
  fullConfig: {
    learningMode: [32m'standard'[39m,
    totalSteps: [33m1[39m,
    targetNumber: [33m20[39m,
    targetFlex: [33m0[39m,
    rangeMin: [33m1[39m,
    rangeMax: [33m20[39m,
    answerChoices: [33m3[39m,
    difficultyLevel: [33m5[39m,
    phaseSequence: [ [36m[Object][39m ],
    opsEnabled: { [32m'+'[39m: [33mtrue[39m, [32m'-'[39m: [33mfalse[39m, [32m'×'[39m: [33mfalse[39m, [32m'÷'[39m: [33mfalse[39m },
    activeMode: [32m'normal'[39m,
    isMuted: [33mfalse[39m,
    timerOn: [33mfalse[39m,
    quickMindInterval: [33m10[39m,
    darkModeInterval: [33m10[39m,
    modifiersPerStep: [33m1[39m,
    enableVariables: [33mfalse[39m,
    stopwatchSkin: [32m'default'[39m,
    progressionMode: [32m'adaptive'[39m,
    presentationMode: [32m'normal'[39m,
    scriptId: [32m'circuit-climb'[39m
  }
}
[Telemetry][VT:0] GENERATOR_START { startNumber: [33m10[39m, mode: [32m'standard'[39m }
[Telemetry][VT:0] GENERATOR_STEP_CREATED { stepIndex: [33m0[39m, startNumber: [33m10[39m, answer: [33m18[39m }
[STEP TRACE] [
  {
    i: [33m0[39m,
    startNumber: [33m10[39m,
    value: [33m8[39m,
    operation: [32m'+'[39m,
    correctAnswer: [33m18[39m,
    distractors: [ [33m21[39m, [33m17[39m, [33m18[39m ],
    distractorCount: [33m3[39m,
    source: [32m'engine'[39m,
    fallbackUsed: [90mundefined[39m
  }
]
[GEN CONFIG TRACE] {
  mode: [32m'standard'[39m,
  operation: [90mundefined[39m,
  difficulty: [33m5[39m,
  totalSteps: [33m1[39m,
  answerChoices: [33m3[39m,
  table: [90mundefined[39m,
  skipSize: [90mundefined[39m,
  fullConfig: {
    learningMode: [32m'standard'[39m,
    totalSteps: [33m1[39m,
    targetNumber: [33m20[39m,
    targetFlex: [33m0[39m,
    rangeMin: [33m1[39m,
    rangeMax: [33m20[39m,
    answerChoices: [33m3[39m,
    difficultyLevel: [33m5[39m,
    phaseSequence: [ [36m[Object][39m ],
    opsEnabled: { [32m'+'[39m: [33mtrue[39m, [32m'-'[39m: [33mfalse[39m, [32m'×'[39m: [33mfalse[39m, [32m'÷'[39m: [33mfalse[39m },
    activeMode: [32m'normal'[39m,
    isMuted: [33mfalse[39m,
    timerOn: [33mfalse[39m,
    quickMindInterval: [33m10[39m,
    darkModeInterval: [33m10[39m,
    modifiersPerStep: [33m1[39m,
    enableVariables: [33mfalse[39m,
    stopwatchSkin: [32m'default'[39m,
    progressionMode: [32m'adaptive'[39m,
    presentationMode: [32m'normal'[39m,
    scriptId: [32m'circuit-climb'[39m
  }
}
[Telemetry][VT:0] GENERATOR_START { startNumber: [33m11[39m, mode: [32m'standard'[39m }
[Telemetry][VT:0] GENERATOR_STEP_CREATED { stepIndex: [33m0[39m, startNumber: [33m11[39m, answer: [33m13[39m }
[STEP TRACE] [
  {
    i: [33m0[39m,
    startNumber: [33m11[39m,
    value: [33m2[39m,
    operation: [32m'+'[39m,
    correctAnswer: [33m13[39m,
    distractors: [ [33m10[39m, [33m13[39m, [33m14[39m ],
    distractorCount: [33m3[39m,
    source: [32m'engine'[39m,
    fallbackUsed: [90mundefined[39m
  }
]
[GEN CONFIG TRACE] {
  mode: [32m'standard'[39m,
  operation: [90mundefined[39m,
  difficulty: [33m5[39m,
  totalSteps: [33m1[39m,
  answerChoices: [33m3[39m,
  table: [90mundefined[39m,
  skipSize: [90mundefined[39m,
  fullConfig: {
    learningMode: [32m'standard'[39m,
    totalSteps: [33m1[39m,
    targetNumber: [33m20[39m,
    targetFlex: [33m0[39m,
    rangeMin: [33m1[39m,
    rangeMax: [33m20[39m,
    answerChoices: [33m3[39m,
    difficultyLevel: [33m5[39m,
    phaseSequence: [ [36m[Object][39m ],
    opsEnabled: { [32m'+'[39m: [33mtrue[39m, [32m'-'[39m: [33mfalse[39m, [32m'×'[39m: [33mfalse[39m, [32m'÷'[39m: [33mfalse[39m },
    activeMode: [32m'normal'[39m,
    isMuted: [33mfalse[39m,
    timerOn: [33mfalse[39m,
    quickMindInterval: [33m10[39m,
    darkModeInterval: [33m10[39m,
    modifiersPerStep: [33m1[39m,
    enableVariables: [33mfalse[39m,
    stopwatchSkin: [32m'default'[39m,
    progressionMode: [32m'adaptive'[39m,
    presentationMode: [32m'normal'[39m,
    scriptId: [32m'circuit-climb'[39m
  }
}
[Telemetry][VT:0] GENERATOR_START { startNumber: [33m12[39m, mode: [32m'standard'[39m }
[Telemetry][VT:0] GENERATOR_STEP_CREATED { stepIndex: [33m0[39m, startNumber: [33m12[39m, answer: [33m18[39m }
[STEP TRACE] [
  {
    i: [33m0[39m,
    startNumber: [33m12[39m,
    value: [33m6[39m,
    operation: [32m'+'[39m,
    correctAnswer: [33m18[39m,
    distractors: [ [33m15[39m, [33m17[39m, [33m18[39m ],
    distractorCount: [33m3[39m,
    source: [32m'engine'[39m,
    fallbackUsed: [90mundefined[39m
  }
]
[GEN CONFIG TRACE] {
  mode: [32m'standard'[39m,
  operation: [90mundefined[39m,
  difficulty: [33m5[39m,
  totalSteps: [33m1[39m,
  answerChoices: [33m3[39m,
  table: [90mundefined[39m,
  skipSize: [90mundefined[39m,
  fullConfig: {
    learningMode: [32m'standard'[39m,
    totalSteps: [33m1[39m,
    targetNumber: [33m20[39m,
    targetFlex: [33m0[39m,
    rangeMin: [33m1[39m,
    rangeMax: [33m20[39m,
    answerChoices: [33m3[39m,
    difficultyLevel: [33m5[39m,
    phaseSequence: [ [36m[Object][39m ],
    opsEnabled: { [32m'+'[39m: [33mtrue[39m, [32m'-'[39m: [33mfalse[39m, [32m'×'[39m: [33mfalse[39m, [32m'÷'[39m: [33mfalse[39m },
    activeMode: [32m'normal'[39m,
    isMuted: [33mfalse[39m,
    timerOn: [33mfalse[39m,
    quickMindInterval: [33m10[39m,
    darkModeInterval: [33m10[39m,
    modifiersPerStep: [33m1[39m,
    enableVariables: [33mfalse[39m,
    stopwatchSkin: [32m'default'[39m,
    progressionMode: [32m'adaptive'[39m,
    presentationMode: [32m'normal'[39m,
    scriptId: [32m'circuit-climb'[39m
  }
}
[Telemetry][VT:0] GENERATOR_START { startNumber: [33m13[39m, mode: [32m'standard'[39m }
[Telemetry][VT:0] GENERATOR_STEP_CREATED { stepIndex: [33m0[39m, startNumber: [33m13[39m, answer: [33m15[39m }
[STEP TRACE] [
  {
    i: [33m0[39m,
    startNumber: [33m13[39m,
    value: [33m2[39m,
    operation: [32m'+'[39m,
    correctAnswer: [33m15[39m,
    distractors: [ [33m15[39m, [33m18[39m, [33m14[39m ],
    distractorCount: [33m3[39m,
    source: [32m'engine'[39m,
    fallbackUsed: [90mundefined[39m
  }
]
[GEN CONFIG TRACE] {
  mode: [32m'standard'[39m,
  operation: [90mundefined[39m,
  difficulty: [33m5[39m,
  totalSteps: [33m1[39m,
  answerChoices: [33m3[39m,
  table: [90mundefined[39m,
  skipSize: [90mundefined[39m,
  fullConfig: {
    learningMode: [32m'standard'[39m,
    totalSteps: [33m1[39m,
    targetNumber: [33m20[39m,
    targetFlex: [33m0[39m,
    rangeMin: [33m1[39m,
    rangeMax: [33m20[39m,
    answerChoices: [33m3[39m,
    difficultyLevel: [33m5[39m,
    phaseSequence: [ [36m[Object][39m ],
    opsEnabled: { [32m'+'[39m: [33mtrue[39m, [32m'-'[39m: [33mfalse[39m, [32m'×'[39m: [33mfalse[39m, [32m'÷'[39m: [33mfalse[39m },
    activeMode: [32m'normal'[39m,
    isMuted: [33mfalse[39m,
    timerOn: [33mfalse[39m,
    quickMindInterval: [33m10[39m,
    darkModeInterval: [33m10[39m,
    modifiersPerStep: [33m1[39m,
    enableVariables: [33mfalse[39m,
    stopwatchSkin: [32m'default'[39m,
    progressionMode: [32m'adaptive'[39m,
    presentationMode: [32m'normal'[39m,
    scriptId: [32m'circuit-climb'[39m
  }
}
[Telemetry][VT:0] GENERATOR_START { startNumber: [33m14[39m, mode: [32m'standard'[39m }
[Telemetry][VT:0] GENERATOR_STEP_CREATED { stepIndex: [33m0[39m, startNumber: [33m14[39m, answer: [33m19[39m }
[STEP TRACE] [
  {
    i: [33m0[39m,
    startNumber: [33m14[39m,
    value: [33m5[39m,
    operation: [32m'+'[39m,
    correctAnswer: [33m19[39m,
    distractors: [ [33m21[39m, [33m19[39m, [33m20[39m ],
    distractorCount: [33m3[39m,
    source: [32m'engine'[39m,
    fallbackUsed: [90mundefined[39m
  }
]
[GEN CONFIG TRACE] {
  mode: [32m'standard'[39m,
  operation: [90mundefined[39m,
  difficulty: [33m5[39m,
  totalSteps: [33m1[39m,
  answerChoices: [33m3[39m,
  table: [90mundefined[39m,
  skipSize: [90mundefined[39m,
  fullConfig: {
    learningMode: [32m'standard'[39m,
    totalSteps: [33m1[39m,
    targetNumber: [33m20[39m,
    targetFlex: [33m0[39m,
    rangeMin: [33m1[39m,
    rangeMax: [33m20[39m,
    answerChoices: [33m3[39m,
    difficultyLevel: [33m5[39m,
    phaseSequence: [ [36m[Objecx����n�F�������.���:���[X'���a�D;\K�JQi�E�ce`_l)����3b�Z�8��6QH}<�9�W���z�hܻy�W�7�����v��{��M{��}���x����,����7�����d4�������ء�u���A�}I�'����'��'��?[������Y�d����i�)wl�u�γ|�!/��K2���5v&���)l�g<fwYZ�~J��2�6����w�����9�Ѭ�LK���ˇ,o^�0�K��|��br_��Y6�ͷ'&��[&wMgi^&�ھ���٠Ȧ�a�� +��n0�Ʒ���������*��,��������M�ǳ�g'W�.~��:���ΡY�����6-������O��-�������oy쳟~9�8;�:�����C>L�P$���ߞ~���G�]]�������W����\D�_n�ΐyZo�3~?����38�W�j�`R�<�<��,�feQ]��:u���?]N�K/�f���N�yYa�|Y�y1x�T��>��iT����d�����b;z;�Wo�]����Ըyu]}Z��O��c�~.�K�G�xx��<{����u�������?���LF��n��[}ڧ�'���{z���Jtq��M/��w���F���.�?�O�Q�y�ߟo|����Y��<���>���h��_n,��>=�r��6%��s��d��O���gA�-�9�����4_�E�3�p|�����i5P����НPs����������@�@�:j���P�ZR�>5�	�y�5rT�j�j�F'5���;��9���(5�	�9j�����9�����I���i-��/7ojL�Q#�l�4;�?퉟��j�jtR�;il��Q�`Ƽ�=3m�i9�K^�*����e�4n�<1͑��Ac��eb(���E���)�ڴ�� � �Jh�oƗ��9r���KR@cJ�Ū3y���� � �6h����9��&�: ���:ܞ��U b1��% 1����UkZ�5�e�)�lȈ[1�F11����UiZ�4�θJ4��i+���!�1����UgvY����8SȲ���4@4@����f�K3�̗�*3͛*������y	gvW�i�ˬG�θ�2=�2���1�Ys������t��qu�ͦ.�fĩ`R㹘��jF�"���A�@��f�- �= ��ƾԸ� xRc^�VjD{+<P5P5��]+���@�nͮf ~g�\���j�j�F'5�k�x�NZh���7��o��?�Bj�j�R��v }k?�PԸ:��jZ�Y[�,��5/j�j�F5х8�������Ɣ��i�eL�A�@�Rjbq5�qu�[�>�f��D����u��tY��;��,�g���QJ!�aC�E�5�j�j�F5�8�, j�j�FU��~g��5����se+b= �h b F'1��8�Yv�*��[
ж�Lt3f��@�@�Nbb�o�����yg��㙼�okJ4@4@�����;sUk�B���L6��54@4@4:��,Ĺit�Q��_�C��jJg�9�����D���)��PS� ]4�� ���Mly�a4�2M�B�b@#���gpgpF�3��9�иj4��w1���`��������fə�@�s<�eƦt�^ 8�38�ә���̜9���4����j�j�R]�s�A�3�ټZ��Hj�\�@�@�Rj��sSI�s�����fӨ�	4���QJMlqΡ��\�<��rM�,�d��@�(�&�8��O���=�1WOo��Q�@�(�&�8�@�g��Դ�m� 5P5Z�!�9l���WC�@�@�1#D�s�QM�mQ�.7�s������6�YN�	j��P5P5:�!�9���ȴF5P5P����Ic�&А���_�͆�#������D�����U���[�^N#���h�����D���q��3m�hDM�+ b b F%1��9���*���4�2�ZSޤ������Lli�a�2�RM��J�a̘����ė�f�Y7u���9#G0r֌�����t�0��id�&������LlY�a�qhzgZ���3�p���8�38�әز�ìpUgzl�����c�3030�����h�4��f�Ҡj�j�Q]��~j\� <��{���0y5P5Z�!�9l���F�j�@�����D�(���s�Yk�-挥gP5P���袜Q������[��,����QGMtQ΁�6��xRӚD���h�j�F+5D9w�l�N����QGQ�ޫ��mB�@Ԩ��(�h"�fO.v����QJQ�N���@����QJ�A����碀-�j���@4@������ƙ��YSc����t[�3� � �6h"�s>⌫tӯK���ͦ�͈11:��-�9�B Wͦ�Xƫ����@4@����-pUlzBӾ@v9� � �(�&�H�0U4�z;g��*�@ޝ��&� ��&�L�03g�bM?f�����EC�����iLl��af�\e��c��I3,o�����Q�Lly�aJg\%��\�K�����Ψt&�@�0k���ΞԴ�j^+˴U�@�@Ԩ�&�@�0Ըx�l�K����q��KcT5P5J��.�9LG g�s�ֺ�A�@�@�~��΁�qu��r�e��bg����u�D��^��9���-���Q��P5P5:��-�9TH��=@����̣٣w3�@�(�&�@�P)��]������j�F)5:��FL��-����QJ��a�8���kwnH�����   ����AnG�+��ı��l"��i�<*�E�o)�a`OUE��ԠF�s�BgIΨAjPӼйh�9af/)`5��͂1�����$�Y�s̈́s����K�R�f�1�6�� f&1�J��]����|�����3]�3l�O����f0��i�t+r��pN��7 ��w�"h@�̆�Y�sͫL����=�z�	Sf��L�b����t�p>J��647�4ϟ���2a ^f0���d�Y�sѕY��y^�y��,2sׁ��p�3ӜQ�\X�73c���`3#��V�\3̜�e��9O�5�b�� �8��pf�3�J�k�g���Y����!��7Ԡ5��IM��7���y��lk�٩5�A�Pjڕ8՝=���Z�G�jP���Դ+q.:�d� �#/�jb��fMԠ5C�iW�\��������f���/5�6Q����[�s�Z��9��@���	44�Aj�RӮĹ��,��<լ�����f젱T�Ԡf(5�J���β��=j�uga��R~&�5�A�Pj��8WQ�LR��͚o5�Aj�R�Ĺ��8p9�X�DjP3������߹�9�k��gg�AbfӬĹf [���=[M���8r�c�ƌ4�Y�s�hs���7�l�p$� 1��IL��b�=ͽ����	A4?�� f$1ͺ�����g�b�Ck�O�7E�ʛ�ƌ6�[y�%�d�������ѭ2�&6�g83әn��5%4�Z�fZ�&?���f03��n��5Ǚl%so�y}��A3�"@�g8Ù��tko~/q&���<��o���,�����g83ә~��o%Ҥ�͛�3翾ܘ�<А�4�!�Pi��7W��d�����yf��, |��P�Ԡf5�ʛ�5���B�e�f�&�j��5�JM��梚�g� �5gq >���DjP3��v��E�<
��&\�]���5�A�Ljڕ75jf� �h���9&.�8ՠ5�J��fԠ5�A���ߪ�96j�!h�Aj�Rӭ���T�%�5j.O5���e#`5�A�Pj�7���fh�Aj�R�u��As�d���^�汬����Rc�4��Lh�U8ׄlf˛{cΫ�ͰO�h\�!1��IL��b��ͽ+�17���M� 1��FL���lYs��UM��	ވ�Ab3��f�E�gٖ�f�k�g1���?f0����t+q�f�64�����0stƊ&h@дkq.e��37��e~ӯ	Ѐf&4�z�kZϲ���x�U��m��g�p�3�����\3g��f����pf5hv�%�c֌3���Lg��8U������e��]u3jP����[�sU@�t�WԠ5�Q�G��T+����_�AjP3��vE��P�el��E?Q��Q�Ԡf*5튜��ɲ6O5Kj�&��5�AjfRӭȹ� ��XW�ݕ�}�$�5�A�Pj�9WQ���]���7㕙vMԠ5�y�W�\H�9�U�i�9戽4�hP���F�3jP�ԠF���T�|�2��.�P��L��뤹��&�&[�ܛ>{�_3���Db3��f�E�g����B�L>��j���h�BӬȹ&  [��c楖�0~f�1�A�Lb�9�ˤM�{5��w���l�4�hN���zh�\��v5���5��3#;�h@3�ΕC͗1滐MЀ4��M�B皦���y��UO@x����Z���4�[�sͨY����:��4��eq�̤g8Ù��t�r~+q&��ܼ3;O����l
�3���Lg�u9�H�v9o.�,���3�Hc 5�A�Pj�u9��&�9���.�#<و7CjP3��v]�E�d� ��Kj�3c@ jP�Ԍ�F�sm�f<�����AjP3�]�v9_�\��5�JM�.�*j�|�ͱ�%5��n�5�Aj�Qӭ˹��4!��Rsw��Ԡ5����\�z���]��C��z�P�Ԡf85ݺ���ɢ�.�^�׼��DjP��q��r.��2����5�J��Is�{�3	3{'��=��2���Hc�1�A�Lb�u9%�d{��#�'fΟ���r�1h�2��gf:Ӭ���9�dK���	hV��K�Y�u~�
�?   �����n#E�����y��&��! ���S�q���]i�A�W������$d�8鲧��TS����������]�+����`�}���9��km��"��f3������`��}�i'5m����B�g�`�`Lm���<�g�1����� c0c0�Nc�p�4�٘n�mc�[2��M������h3�}j�`�h{�3�jF��ȓ�6� M��D�|��v,�8�,m)�uF6��4�����L�����t23��q�,��,���t3C�@M��0��w�f�,MVϠj��rj�qv���ɝ���g�cX@����J�a�����:j�j��rj�<&5"��!�P5PS+5�8�$�C����^\@c�j�j*�&�g'j�� �p�,5����5P5�S��1'k��4-y4P5PS)5ц8;E�C�ǎ
��3��a�&�@��JC�}�8K\�5P5P���e����M�ۙ���M�{&ġ�b b�$&�g��3��fkl�&����� �T	M�)�>MgڡM[-�k9g2�c0c0�Nc�p>s1F;�iۖI?Ňs
11S%1�8�$h�4m�e�< �V&z�97�1�1ul��S�v>��%�xjf��T�f�<\���~x����oW7���x3m���ӟ���觫�����r�����f��/�����+.7����߷���<�;����j����x�iV����.���Wt�.�6���s�j�?�w��.q����㋙�U���ҽ[������{O}��}��6�'�=�[�y���S֛�_7��뀧�5�r����=����>�yxP��݃vq������WҞ5��_�����q���c�,��?�y~��o��/����#�Fi�Qҫ���(�~�[j����	���������i�>�2b b f��>��Zg����b b �<b�5%�4�kM����\�{O�����@�@��FL��2��wm��V����EÈ�b�l�A�@ĔG=���9h/F���P11u�%ѧ�gb��O��z����ػ�NLzM������nXD﬈���mT�-!B|�!#��夈����L��L7(�wN�Ϙ�q�Dd�Dl����K_�`�`Le�L7!�w@�6Έ�6���wz��)��4�9;���qf"g�+��r���p�ۛƐF���娑�����J/h�h�hh&�D�;��iwF��Mn{����b�-���@�@�,fޝ�8�0c[:���̩� 1�s�w�����1EC��`br�2⼌���211��bZ�o��I;^�Z�K�;1;���8�38�3U:���Y-S�w��ɭ�	d�1C&�A�@ĔGL��L�t-#ӶZ�K�����f�g�1c0cf��#��d�6�s;2B�fƎ�@��IL��Lb��L�JY�=��*� b��n��^b �(b��d����c�M��V�D+Yπ�r�I���i�I�1��`U�S_�V�C2�}eb�_�/��f`f`f��3Z)c���3#���d�!̤�0303e0,��'�YK��m���,�)��?ȀȀ�,���˴�c-�.�	�<d����̔������2�_����)ș����Τ���)ʙx���.Ҩ��Ɗ&}���2�׬rd��j�jʣ&ZI��V���tF�48�38�3u:�������L�� iX<C�A��	7��i��8fZ�a�u�Q�@�@Ԥ_�Pӛ��8s�L��Μ~_AM��6`d�ܧ�z6��yqj&�&]߅��D�t�O��QZ��f��Yv����C�̹�y��������Ԥ{5�աjQCP�`fr)�=�2Ejs���@�@�,�����i����ܚ�؏������hU�1Zc[,�#���JY�f11�j���,�������*�!��3�Y&Έ4�O5�����EH�3ZJ���9ǌl[��eJ9S3����̤ׄ�)��`1�>� ��fۂYn�X#��1�1S�1��|J-��xJ&W����d�ePe�V�83�831eF�S�(���4A�^h�&4���|f��ifFhr���ƙɭ�A�A�ꤙ�>g�B3elg2s��b�_S��L�����~b����M��90�eeښ�sf���(jJߘ���ӽ��Ĥׄ�)��`�2>!��ddf#2SUD�Y�Q�11��b�u!F�bl3�8٣2U��A�@�̢��p!F�blĤ�o�-�r���2�����2���c"-��������`�Ng1��L[�O/���2ˌ�e����ә`)�>�2ZH�-��\�\VzvYUƜ��n7&�&�`LQ�D���9�Ed��s��wR1E�Y�3e-`ff�{��b&X)��\��2�]����D)s>���;b b �b�U2>�eZ!c;�[-�^>�����)Ϙ`I�N;�ZԿ��ο\-�������͙hi�>����c�Y����cn则!f�����Ly����w������32s	�/5 �C�e�f&�\��n�&�&�@MYԄK��9��&�{�r�3[q s��9�������pUͼ���ʔ�iC�f�j�j
���Ʒ��h����3�j�jj����   ����QZ�8���&H���o�7�#�XUr�`[�.��Lx+[���4���E3�����[5�<2���'�@�@͚��j��зPce5�\jTZ�w53S�`j:Q#�%5P35��f`��Y��Aj�t �ˮon��6�|W���Z�����85�F�|;�@�@�� ' �b&6S�� c0c0f
cr��,cb� ޡ�*dT�Y�3�����)���1��X�Wƴ�f^�������`y�IAgV`s���:S�0��)��f`f`���3�2Ke6c�`Ɛ�|f�n(ә�շ5/��~xwF�gp��3�e6�d�X��Ag�ș�e�"�4af`f7;���_U� � �,*�p�f{�4V�YP����6�Gg�� �;�t�F�i�f$i�A�r&gۙ�L, �]v&YYjjb b �ML���fvfΚ3+93V�xK��`��k�>311�&�_hf333'��J̌��x)f��Y=^f)b~�ǉ���)E�`�29�f�x�X�m�Q�3!b b f�*�#�����d���ix11�1T1?P�p11k3XHfR粕�)�S~�q�f`f`fIf��̹�R2c��w寊�F�?�@�@�j���scEdƈ��cZ���vcJ�~x7F�c0��1�Ed��0[	�1c���}GFX2}���d@f d+d�r��J&6��a>s^&?=������V�$�cZ�L�7�a�?Q���0����Y���3�Q)2/,b������zΌ����i��w1������	���P5P5���'QsO�O�:<{��L�U�$�|�ǩ����EM�8�����	dV����e�H�M� 4�Ӡj�j��f��&g�Ƭj�a ��:@��]M�\3�����Y���4��	�\����3g�j�j�j�� 5�b��?�-U�=I�nU��y��1P5P5�R�/�yk�5o9���=�͛�����������;��N��/{������ۼ�s�s57+�9x��ej>u��V��ށ���Z�����85�F�|;�@�@԰��43^Ac�9��13W311s��	<�J��͵�3}�V��f`f`�47�QŋJ;���b b �������tf������Y��Ѣ�s�����w�7ht81����5�-�9�+�9���9���4:�W,��~xgF�f`�3�gZ�$%��Ī/�L�1�R���f�����Y���e,f�Ō�a�<4ke�,��i�i�f�b�=�C�X/��]k!�����L�.���1���o����~���̜��{�3��LU�(b��dB�@Ĵ�闚��̙��"3c�xS���Q�3շhB�@�L,�sPf�Ĉ����"s2K���<N�|'�@L)b��I��rebӘ^�]�T��������IZ�l�1rt��̭}�W�������s�R&��yre�\���)2s��2cW2������a�����9"2s�0���`ؿ;��K=�I3��ά���e��r�a�3��qf�;afJ13ZD��dF~�f�Ed
-`�3�w����h�LN��U�O��6����:5� gpgp��3��39�2V9t��y:(��T�,�38�38c�d~A�!&���g�K!1��;9k��,2��4H�4HC��4n�Y�Z��j�j��_0�����$��[��� �j�X��3�r�=M%j>����wB�Ԣ�_@������D4�����3/�����\}u&�@�@�,UMNS�Y��q�Z�\	9��������P��Y�hj8@����E��ܼ����PcE7�257ps��Q��{�� ������~��[3�9�-��ov��m��ѡ�'����y�5�������~	�[3�9���B���xUͮ��u�sf�ffj�P�vx�F��ר�o�������\�X�g1f�kU�(c�T33�A�@�L��&)��*e��4�"�uZ�������)6��l=���*o��T3�gh b b�o�z�S�&������x��9�X����������\n3��L3Q3iH�P&v/���+dT#���!f?<�#�	1S��~�3�̙�6f+q&���kbV�0��A�@ČV�$�������L3��
�����Y����*F��85�K��s��N��7@�DL���fbf�]�=y��]��^^�.b b �Q���WޜI������GL���fBf�A����b��2u6������,E̯��81�1��,M�3�+L&v�/n܃�O����J����Y͘�ʘ��K���]�_��T-f��/af`f�(e��l���	2#�v��]�l(�2(�2K*3X.fR1cc�c^-S{e�,��������h٘{
3V6f0�_~7���ZI�8�38�3�9��  �� D�x����n�F���Bnt�����8���-l�����0
Z��%J%��#�s��싕��t�5�<�r��(
�2%K�~9sf���fp2�go2E���7���M���(LGo^/���������$��?no~�>=���x��������/W�?�r~yqv}�}�k/ˣ��d��<�`r�zu��i�q>��������0�~��0�osq�������m��U�����׋�y�?Ӟ{y�K8�G��ϧ�(�x���?ސ��i�F��L��Vw�Y���|�f��~����p���o�O�I�~ z�l:O���$J�$�O�>����㿳h�����d^�����F˻������M�V��?}����嫹x%�������9�����>���;�=��������u�Z��矧�0�vޓ<�G�G���U�������|�����e�i'��c�}Ƌg�>D��
�v��0~z�/�a�}��yW���U�|�u�����/�Xq��>�Yt�:���U��@�&7���S\շ�Z�β�d����W�YX�8O���b.��bƏ����;�Os�޷�+0��/}�i:	��m���|u��Y�/�$J?%������c�ƌ�'y����s�~���q���O�A���(�~���%�x����s�Ƌ�g�g����oa>�|�o���k<,�f�W���CeY��/O8
g����5ʢ$_~��)�a������8�����8�ܽ�~��,8��^"���|�8�yh�[hإ@�yk'�u�4��׷�SC� 5n��� 5��AԔ��FE#Q��,��V��3���8g���4����F[�P+�F�KWF�@�5�FCM����k=��3��Ў���Å���5�Ԁ�nRS���5�Csj�d��_ق��/�
Լc�+P�4Pj@��Ԕ�Ԕͩ9���~�(5��5T�
�OjPմ������5��/j�ނjʇ���PCM�j藁�^�+�AUj@��5��j��P��j,�y�5|��[Pj@��&5�jd�V��zU�5���Ԕs�PS>t-�Щb��jL�<���U�jЫ5��xHMٸv@M�еPC'���1V5l"���V���5�h5��IԔ�Ԕ]5��"8m?j�V��6�m_�Ps�sܞ�k/���Ԁ�Q�U��Ԝ�8���؅�Ѩ�2|B�"r��r��c�Ƹ�f��́2�ZƲC�.AU-S��Ԥ��͠��2PF�L٫���)�e�Ж`sƤo����g��0f�L;b�e���8[6f�Ō*M��3`���8L�T1#�@�Q�n�̔?��2l&���3 Ā�&�]��2Ps B�.NӮ��sECUa�e����1������s��1�2g��32��g�Z2���*,mĀb�ILê��2]cG�i���7��@�1 ���4����ͬ'6Ә��Z��3�{3f��a�#c�`�i�1[�)3R�[�i׌1���9e�)1 Ā51�2�I�2K�u9�ve�i��b�%_�c`��1]3�]F�:"Sfu�.!�2�ߴ:��ujqL��9�9n�='��2^)Ӱ@�JF�'c���+�L��10�t͘�U22M]!cא15��Ơ�1 �t����1��b�O_3`̀�vc�E��cZ�d��BbY��1���3p�ɘ��3�dL� fz�(�Ჰ��w�3`̀M2f逃h���F(��hL���o_�? 5�Ps�sܞzNPj���a
�2�9�Y�ɪAjL+3�T���xOԸ���Ԁ�&QӸ�Ff�L[�X�,c?�Ұ��O�4��@��5B�g��.�����UB���5�ԀO�qμyhN͑5�|f��3�ePa���e�fU�5��sԸi�<t-U�.��r��X��yΨj@�5��L�r@�2�YjV@=q��Y|�3��V%�Դ�������s�P�5�2�eh���fM�.�ٲWC��[�:�wn|�5�Ԁ��T5B�]Uc��ӪW��ΠԀ��RӸ�F&]S[�XRc�T����ԀPj�I���@�#�5�$9���U�*: ԀPj:G��8�@��,ԫ�:[Rc��<K��U�v��8����P�$j�I��F�S�s���ѩ��T�*дy���E� 4;����2h���i4��(���s�g��i�3c�5l|�wb@�1�؝Ff4��4�3L���6p^��= �@(eڱ7��2��i,;3ƭ6y6 �3`̀��5fdv���e��1m�Ɍa�eU"@�1 �?b�Ej*5e�3��4�:���̬%�f���1 �t�wQ��$M���.GӮ#c���e���# :EL�=1�� �xEL�&��L`�'i�4}�êb@��&1�bd��U1v��{ê��b�ILê����*�no3�jF[�����s1���g 1 �Aĸ��T&e�T1��L�e{U1lF�	�1 �t�w�ʄ�bt��vet�͞�/�[h d�Lאq���ƔAF��i��7!×_����G���7������iX���1�$��2�1
UP��c�mL��rϕ�
����oe%÷c��˾�&g���3��e���T��uez�Tp��e|_%g���3���8�ƴ���O��^��-߷,�3p��M2f	��h���F(�L�7�c>�`V8�ԀP�9j�0��ǔiҰa.��3c�FUǠK�!5G;���5��/jܥ1o���3V~�,c@�԰E���1@�j�=@�i5��jdr��U�e�Ɣ���WÂ3+�	���ԀP�	5�j��iU�ӀPj@��ԸKi�<t-UM=�͘�ޝ��l�	j@�5R�.�9P�5KQ�l��j�@����/ �5��h�q��(c���栞������:���S������Ԁ��q'�
��FÌݔ SA�Xa����b@���4�����L[�X��1mu�<Mޱ�}�3Pj@��P�n/�@�M�Ȱ�F������0�wl��h0 ԀP�!5u��PU��r���Xհ�>�ج�/�5��xH�;iT���)��'0q*�恳m��8"��A�i1�Vl�l�$�i�kZ��1&�=���J�Y�k��'��������ˠ�g4��Aи[D�\C#3�Y��ƎӬf�����1 Ā�vlIs b�nK˶��[��R��}���3p�m�%�f�\g�R�M,c�h|_�	b@�1�h��ە�-3�d�*���}b@�Q�.@S��)S���3�Vf�Րa�3U� 1 Ā��iX��D�]��n��vy���.�Se��i�1������s��1�2f�32��u3v#e�E�L�`Āb�@�_   ����Qv�8��-EI����ؼ�l^��
%��Qkg�8��(_��c�1������c���e11��b�F��2&vT�.k��U/d_;�R�}�A�)3.$�����(cEd�i?;=e$��{[f`f`f6f�d��1s�+3��3����է�`f`f�̬���>3�;Qʹi���x�����km3%���yg�}M���R̜-U&�.��*<4s25�Y����������ʙ�g�r&�~���hz�f8�383�3g�g.���;(�%$f`f`��\���>:�?#�Di���T�:4@4@c@30���ǜtr&"� �Gg��T�TOe����1��|�#�dN4�w@�2zo�z:�T�|m�ǩi_j��5���o��$��9&�y�"�=?�=͟ũiĀ�1Դj��LԜ���̡ƪj�Դ�k;�^�����j�j�Ps��&���	��H�^��3 5P5PS��q��K7�9� �
nR���tss�X �@�@MAjƥ7/���$j���ਲ਼K�V5
O�	4������q���Ir�`&��)#�H�f����E��m�ǉi_b �1��� 9�άQ�1޶3�kc�1c0c�4f��f鯢�af�v�O�\h�ꌎ�1 5P5�R3n��_Gsˡ��G���a��"��S=�j�j��͙�l ���%/@z�R��	o������z�М�M�wf&�Kg�Y�*�/�"���b �DČ��ٽ��sZf�ό㝕�Q٭�C�3��	�y�<����#�}u���3�jf�ffN�u/3֏� D���g���U�@�@�%z1�)�X��1-=b4���C�E�11�����Ŵz1mu��s5FJ�����و9Y/&�올L�L��b b fNbN֋ə(�z1���&ʤ1S}��@�@L��q��t̜��c�1��2�(�v�\̩�y�<�Ӿ&�@L)b�����d�c�4�����~v\d�v4/0303S2s�J&�̪db���ˤS��%�@�@�5*��c�J&6V�A7�YK��Ye��f1Ӿ��̉������a��Č��]f4S�A�A��S�u���Y����L����ז��2��T�ʠʠ���Y��2�;�29�����w����/[2�wf�b���y���5afJ1s?��)�>Rh���ǉ�/��I�`^��3C�@�\���H�ƪh���wz��a��cV���38�38CI�A�[����j�j�fRj&2w#���i��]�y���AgNϠj�fRj�%3���j�p�X�O��1;���A�@��F͸���[r�f�4�y� Mgޡ�5_��qj�ׄ��E�8iz�$9c0r���
F�)NL#Č!��1g"�j��&��P�~�P5P5E��w���JM�r31!�o��SWF�Ѫ��@�@�ԌKm^���K���4������4P5P5�R3N�#���	�q�QZ����E4@4@Ӈf܄sw�9�k�9vi�SF���b��\����y���5!bJ3n�;
�C�5�7�����f�����z�,��,�54�ekM�3��0��Ɋ�E�y�������q���9�1�˼t`&cg4�!b fNbN֓�N!���Ĉi�#wՙ��i�C�@̜Ĝ�'�C�Փ���=bD����+�=��B� bڏ6�@̉�w/�-3ge�u+�U―ͽ-ͯ��]�����	�y�<�3���c�}u��������X��Vx��ddԬ� �����1�c��용��c0c0�����c�2��L�\48b b fJbNvR�7��,V��u���E昫ϕa�`������̹�i�c���{w0cse11��Y��}b�w>��i[�y�xe�܎���+2�2�}�<nL���1��'�M��1�ʒ��y�t�^Y\�1�1S��4ct�Ln�Ў����9�9Y��*T��ȴ?	�;��&��q��k��A̴� 30s"f�>��3���̴��8��-����8�38�3��Y�}g�wVg�R�iO�3��#�:�	�D�A��M�����#��䣐��]��dz�Ҕ����y\��5�ijI3p�Lw���#��O&6j��7�{t�-������9�9]Q�1c5�.�2�Z���d�y�e5P5PCU��^<���@3�������G#r5�l欪�JgR�V5z�F�3�j�j�fRj�%4���j�	i���#3s�������q���Ir�`&���. -n �1_��qb�ׄ�)E��V��s̡�G��1ڪ)NL#Č!��1'"�޶P�t�,9����!�7�mg~:0�[5�;�iV@�@��f�ڙ��w&�k�L�7�R���zn�5P5P3'5��A�4�l0�h��fAFF����!b b�s���w
1Vo&���&A�� R��Y��1�1SϘq���Y��d�Q�`k�E��Lo�6j��4���84�kД�f�@w���5˜i���yϤ�`�`L=cN֓I����̼ο���ٞ2�af����G=���x=��*���������   ����Mv�:@�u`%i�co�YH(R�樑���g�X�$s$��p�S��Um��e���Y��Ɋ11E�V1�G�U�W��"&�D�׿7�"F��!b&"f�I��A̘z��ov�U�W�T��y���{jb��~b���yw������,�I�RVȜ7������E1&���U��1VK�:毌9�@�@��#f�0�BL+��=b��}4�2 2 �$2�c#s*W���`�`̚Ɣ���Ɣ'w0Ff��FbZƨХR�����Y��r,�zbʓ;#J�5.[Ĩ������u?1�1��)��)O�1!�Hw����9wYd�`f`f�df�H���v
e|�˛|��u�Ζ�&�����=�gZ�����ꌞ请cY�|gg^?;�rF�gpf"gJn�zgʓ{�3��80mf�3jpY��f`f`f5f�s;f��K=�R��dD��hD4P5P�(5��T��DQ��(��7���GP��`)j>v����{B��f�45h�c�i0�h��ܘ2��������5��.��Y,ӌf|C 6k��_�L�1 j�j�f9j�-��~tjZ{2�5������$Πj�fQj��g�~tj��˴�Q� ��@�@�,G�8ij�ܹF�XQ��3���Y��qy�j�,��V����� �>�����]�#�	1��������l%�|�fN�P�4��R@�b䟀����mܮ���lf�ٚ����8k2���M/�9_���+�j�j�P3N�4A�4��E3�2���'��@�@��#f��LL{Y�Ff��L��T�&��L�����[�db��VM�w,�T��fGj2D11���R4����dE�3�o�%���g{b�^i� �<�|������I�̸����9�U��)cnά/g�![�2(�2���� �;�VAƗ-�D�ƨ��G���@�@L>b&+���*��j�1� 111�dbj��������Δq8b b�$f�rL�Q�V5Ɨ(�����E�1%'�E:�"F~�������ݹ����me2ވ#�j+�������32�w��<v����o�2�� 2!3Y��O2�T��?2jv��8��=e11� ��՘ug�C�@�ܢŴ�1>b�(�]�I4c0c0�嘠��z��o:���`�3030Sg�|侞����e2��o5���E�5d b fMbʙ��)O��H��ef$�[�6�	�D̼�������I�L��x=3��=���Ɓ{��%�4:G:�af`f�13Y4sL����q�9r�c0c0&�1��2[2�Pƙ1���j(����Y����g��A��;��L���G���~���-�R�F~�Yi�g͠j�jԔ_��)��B���Ϙ��p)_e?�	5P5PӠf�45hb���񝛱�Wf�/�Ѽ1��~b�=!bR3�ڲ�3��e>b�3��2��s!b bV#fg�VE����;�i1���_Մ�N���f��j�j�f5jƭ��~tjZ[2��5�f�j�fQj�IS�&ș3����2*W�Fϐ8����5���6�BL+i�d��� �� b b f5b��˪鲘�+Y�b~�a�7��!�sw�O��'�@L*b&[b���Zb�bN51�DY�#�B
�C��13Y-&f��#7�O�ק1���������[cbe��12�_���cV������Ռ���S֧u��)S��|��L��119����*kUc|���T�J��5�c0c0�nL��\oLyrcdJ,���,�(VT����2☛��7F�c0&�1%�s�1����L=F~,T�2�9�"�d�tds$����5���X5=>F~q��b b &1��d��Gd���uH��ez�� � ͚�P�9̌U�Q�e�J�}��`�`�=
3[2�
�N��|P�Α�+|D�A��ePf"eJ��zeʓ{�`�e�@e�̵��g��ٙ�kg��~g���yw�������43�U���-;�S�	e�0�����(ӹ(�FɨlY��211���<C�i�d|�<btE�1�1�1�UdbVA���|�п2&{o�`�`Lݘ�ҹޘ�d]�� #9�+��`E}��f�A�A��2���ʔ'�PF&��BSK��fR0��gF�f`&3�--{Q��������ձ�� �������G�l�L�)�V$�+�ۧd,�f�}�2����L#�)�eʥҨ�B`iƤF�ɪ��R��١f5�P53Q30mV͛EQ�ʜ9�3&5���y��?�@�@MBj�IS����,Sy�w�����%�)��'�<Y��L��⦘�+�ڛ2��ǘ���7F�c0&�1,0;l���L�eT�,{��@�@L#S6Θ�����և��tF7��n ����Y��q�Ԡ	*�wa�*�W�0���
b b f1b&+��lcne|�f�]̪�Ly�	11�$1�dc��T��2 b b &1�  ���ݎ۸���
��U� ���|�E�"�vѠ�n/z���X�%�<��UߡW�t�$=�19�F���)��|L$Q:������ڹ̎Ӷs�b��m粆=f�/s�s�1j�@�b۹�ζ2m;��豿���Y���_����1
*���0F=�cb�cb��HY�c��H����S�#� �b�@�cb��E�mb��s�"L-n���`ƀ1�1�15���mj�c�Sc��rƀ1`� �;~L�c*��c4��\2pc� ��1r�}|��;������T�����X�ߕ�ن2z"�}ʀ3����qsΨe�3��W��C��sF޹�-�U�Xܸ�-���e��_f�`��*��H�0kY�2�Ff,Y� ��h!�ȍ�z�f�x�+8�֝nF[9���e�0� 3��g�,�lSg̢f]2_
��� � 2�AڌEmF�^��/e�aJP�D�Q#Š(�ed�x|��;딱�bFm��4�^�
�t��ѧ����>�f��m�h&;��A�^�:Ш�4 �C�ql��Wf���x/� 2� �@��[��2�� � 2��8!a��E3�g�O&3P�e@�(�0c�2mY��N�h�e��g�(ʀ2c�����2��}PF�m�۾��2M�� d� 3�̸1�3��=l��~c{��A�d�j�Q!f�s�1j�@�b���ވy�f@� 1�D�SH�n�<��˦V(�U���zy��W$fj����5'��5��l��-hf(����) �gjN����q	5�#Mh���0c6��+p�����7� 1@3m�RZ�6qF�}�GZfݕ����>��g�p��3r�}|��;��ʨ-�^Ĭ˕���z����/s�s�1j�@�bKc��NfF����0�L�1@Č1�	2C^,�QE[9A�b��q"�1A��
b��3Ĩ�7;S�h��'�?� 1@��qL�����6-�1j��μ2�K�{�L �b��Ah1vӦŘ�\�B���hr?� �bƉ9�>>b�{@����[�߅�*	��/s�s�1j�@�b۳��☶M�T���8��w�����i0��� 3a�1=f�kc4�h���Y�>3� 1@��qL��3��M�1�u�*�&�,�1@����1{#�K����1�'�c�0�� sk�1mz�ٴ25�YctF[�ƀ1`3J�����#��Gv��(���_K]��>2���M�Q�g��8#��猼s�Q���e�ݜфmUf ��f��qb�1YƎ��&˘M.;H�oX�	O�b���!�1UFj�=�2���V���?�A�f�`f��qL��#���2f̺�-@�	f`ƀ1e�����l�-8s"Ψ��g���3��:gέpFu;,rFo靜��dJ˼�̶a��3����Q/{g���p�!�8����
f����aFo6RF�_���Y2�0�c����˼1�}U& � 2�� �;�i�e̦1���,�c�0��1��2v�1��2f�9p�D�	�(ʀ2㤌��2��=d�W���fe��Vgb� f���*��#��C*f������ݗ��e���c�;����	ƀ1^1ƱM��0�m�2��e�O�	� 1@3J�'�5��,-�ڢe��L�z̦���,�i@���4�Mg�$�l��Y��$����l�9d�l��9b�� �!�8���AL�&c/�B�&�k�+ �b��Q"�1I��b�6I�̋9l���W�ﳗ�0�c�PƎ�ߖP�l���e��Ɍ
1;����	� 1^!;�퍘��-l��� 1@31f�d�51Z�z?� 1�D�cb̐�Ǵ��D��b��q"Z�5ĴO)b� �'b�b�]n�b̼����ZLM���20�c����1��=�1�2oO��rc���ˀ/s�s�1j�@�bۢ�Rf��=��Be���_X�}NL���i0��� 3a�1A�N��M�1�Vv�&e:q�ڥL�% @�d���c��%_�M�1�L�/��2���3�0�B���L�M�Q�q��d�)˚*���2 �b��2��2�'�e�f�`�'f�B}|��;�	�`Fu:,bF�;��ӎ2�����9n��L`��
3�/<>f��ثL��-b�k����	P���8Ό�3�	3C^.Ӟs��b� �?ĸ&�؉��	3f��;#f���=D̀`��3�	3�V0�&̨�yfԉЍ3m�Y�Sg�l�pg�p��3�)3vܙ6e�l.s��&�<fC���SfN��Yf��0�Y�3O��c
�V,��s���8���(���G<@��>އIT|Ԫ��2*ʧ���IvTw%��g������?�	�:�&��٬:��󙸀}�Գ��d�
�\�|�,[��	˳���ٲzPL��UIQ]T��Z�Lg���ǳ���mq�~�~�%��Q��Ȕ~�����q�+Ɵ���2)L�ޑ��z�ls�$���<�M~�Ѽ2���9K¢dY�o��"��Q�-z��p���C}_gy)^˹�/����叚��v�w����<�X��.?�Q�㭭�?���\�lM�+}��c���I�4qФ+2����d�o��o��t�%4c�U�H��#Y�9UݣW0���y5ib���5����Я�3���ZdB���/&�j�p���Z���C�+u���4��y��9i�/��R����e!��my���9ug)U�E��_��Y`B�޽����G���}[Ր%�o�W��u�\Ѐ��=lkX�R�p��J���G�hhXU����b�\�Wr������ W�=�n��#�D=�0���"�F5[r'���SU��So�a��+K��jK76#Z�[#Ȩ8C/n2�,��>^Ý��:C���>�;j��#qw>�Y���YHØ�:�^F�DR�`��O:�n��~%'��y��6���C\ȶWj�o�,�٩8=�n,.bj�և�X2���3�SQw�;`��?����_*�-�,�H{��@��9Ufc��|���T-��|�l��yM.63���b�b�(�:k�1��[_�W��� -������`BL�V�Ĭ+�fc��9&	?T5R3_�E��<�J/bq��P�����@�m0�y��ǉ�h�w���mhp�f�e|��9�����HI���PJ��]����Dj���St�C1�W���W��jx5�n6��U[T��p�딏��2��j��j��@Ր�������X�F�m�8�nc�i�[֋�:A!���
�[������Jn��9+|�?R��.m��g�	��W��E�G1X���\|\�uҖ�����(�I���;�s14W���*]oo��\iW�w�U�L���l���E_��>�K�N�H!��S>|������?���(,���w����\f����H52�c�X6�S�Z��^]���hM�<�#~�10j���P�Bc��,\s翰�E�y�)�=�?�u�����݇�md�~|�]������s�YF��=�|�U[���dͫ[�y��E�@��cN=�O�@B��Q�i���YJ=�x�e��-�5��Jy씆7,�����>|�>�ŗp�e����	�>�݅��|TO���q5&��l�V��r
?�ݑ�T���[���'=�R7dˌe��][~\\B(����<,����yS��54����Z�߃��䚭C������n'	{{�NP]_��ٹ���������j��u	���?L.�������Apvq+���* Q���'ABCr�6k6���m����S�������1yW�`7g�7Ż��7o�  �� ���